JAWA/Ind001_F_Jaw/Ind001_F_Jaw_C_news_0001
JAWA/Ind001_F_Jaw/Ind001_F_Jaw_C_news_0002
JAWA/Ind001_F_Jaw/Ind001_F_Jaw_C_news_0003
JAWA/Ind001_F_Jaw/Ind001_F_Jaw_C_news_0004
JAWA/Ind001_F_Jaw/Ind001_F_Jaw_C_news_0005
JAWA/Ind001_F_Jaw/Ind001_F_Jaw_C_news_0006
JAWA/Ind001_F_Jaw/Ind001_F_Jaw_C_news_0007
JAWA/Ind001_F_Jaw/Ind001_F_Jaw_C_news_0008
JAWA/Ind001_F_Jaw/Ind001_F_Jaw_C_news_0009
JAWA/Ind001_F_Jaw/Ind001_F_Jaw_C_news_0010
JAWA/Ind001_F_Jaw/Ind001_F_Jaw_C_news_0011
JAWA/Ind001_F_Jaw/Ind001_F_Jaw_C_news_0012
JAWA/Ind001_F_Jaw/Ind001_F_Jaw_C_news_0013
JAWA/Ind001_F_Jaw/Ind001_F_Jaw_C_news_0014
JAWA/Ind001_F_Jaw/Ind001_F_Jaw_C_news_0015
JAWA/Ind001_F_Jaw/Ind001_F_Jaw_C_news_0016
JAWA/Ind001_F_Jaw/Ind001_F_Jaw_C_news_0017
JAWA/Ind001_F_Jaw/Ind001_F_Jaw_C_news_0018
JAWA/Ind001_F_Jaw/Ind001_F_Jaw_C_news_0019
JAWA/Ind001_F_Jaw/Ind001_F_Jaw_C_news_0020
JAWA/Ind001_F_Jaw/Ind001_F_Jaw_C_news_0021
JAWA/Ind001_F_Jaw/Ind001_F_Jaw_C_news_0022
JAWA/Ind001_F_Jaw/Ind001_F_Jaw_C_news_0023
JAWA/Ind001_F_Jaw/Ind001_F_Jaw_C_news_0024
JAWA/Ind001_F_Jaw/Ind001_F_Jaw_C_news_0025
JAWA/Ind001_F_Jaw/Ind001_F_Jaw_C_news_0026
JAWA/Ind001_F_Jaw/Ind001_F_Jaw_C_news_0027
JAWA/Ind001_F_Jaw/Ind001_F_Jaw_C_news_0028
JAWA/Ind001_F_Jaw/Ind001_F_Jaw_C_news_0029
JAWA/Ind001_F_Jaw/Ind001_F_Jaw_C_news_0030
JAWA/Ind001_F_Jaw/Ind001_F_Jaw_C_news_0031
JAWA/Ind001_F_Jaw/Ind001_F_Jaw_C_news_0032
JAWA/Ind001_F_Jaw/Ind001_F_Jaw_C_news_0033
JAWA/Ind001_F_Jaw/Ind001_F_Jaw_C_news_0034
JAWA/Ind001_F_Jaw/Ind001_F_Jaw_C_news_0035
JAWA/Ind001_F_Jaw/Ind001_F_Jaw_C_news_0036
JAWA/Ind001_F_Jaw/Ind001_F_Jaw_C_news_0037
JAWA/Ind001_F_Jaw/Ind001_F_Jaw_C_news_0038
JAWA/Ind001_F_Jaw/Ind001_F_Jaw_C_news_0039
JAWA/Ind001_F_Jaw/Ind001_F_Jaw_C_news_0040
JAWA/Ind001_F_Jaw/Ind001_F_Jaw_C_news_0041
JAWA/Ind001_F_Jaw/Ind001_F_Jaw_C_news_0042
JAWA/Ind001_F_Jaw/Ind001_F_Jaw_C_news_0043
JAWA/Ind001_F_Jaw/Ind001_F_Jaw_C_news_0044
JAWA/Ind001_F_Jaw/Ind001_F_Jaw_C_news_0045
JAWA/Ind001_F_Jaw/Ind001_F_Jaw_C_news_0046
JAWA/Ind001_F_Jaw/Ind001_F_Jaw_C_news_0047
JAWA/Ind001_F_Jaw/Ind001_F_Jaw_C_news_0048
JAWA/Ind001_F_Jaw/Ind001_F_Jaw_C_news_0049
JAWA/Ind001_F_Jaw/Ind001_F_Jaw_C_news_0050
JAWA/Ind001_F_Jaw/Ind001_F_Jaw_C_news_0051
JAWA/Ind001_F_Jaw/Ind001_F_Jaw_C_news_0052
JAWA/Ind001_F_Jaw/Ind001_F_Jaw_C_news_0053
JAWA/Ind001_F_Jaw/Ind001_F_Jaw_C_news_0054
JAWA/Ind001_F_Jaw/Ind001_F_Jaw_C_news_0055
JAWA/Ind001_F_Jaw/Ind001_F_Jaw_C_news_0056
JAWA/Ind001_F_Jaw/Ind001_F_Jaw_C_news_0057
JAWA/Ind001_F_Jaw/Ind001_F_Jaw_C_news_0058
JAWA/Ind001_F_Jaw/Ind001_F_Jaw_C_news_0059
JAWA/Ind001_F_Jaw/Ind001_F_Jaw_C_news_0060
JAWA/Ind001_F_Jaw/Ind001_F_Jaw_C_news_0061
JAWA/Ind001_F_Jaw/Ind001_F_Jaw_C_news_0062
JAWA/Ind001_F_Jaw/Ind001_F_Jaw_C_news_0063
JAWA/Ind001_F_Jaw/Ind001_F_Jaw_C_news_0064
JAWA/Ind001_F_Jaw/Ind001_F_Jaw_C_news_0065
JAWA/Ind001_F_Jaw/Ind001_F_Jaw_C_news_0066
JAWA/Ind001_F_Jaw/Ind001_F_Jaw_C_news_0067
JAWA/Ind001_F_Jaw/Ind001_F_Jaw_C_news_0068
JAWA/Ind001_F_Jaw/Ind001_F_Jaw_C_news_0069
JAWA/Ind001_F_Jaw/Ind001_F_Jaw_C_news_0070
JAWA/Ind001_F_Jaw/Ind001_F_Jaw_C_news_0071
JAWA/Ind001_F_Jaw/Ind001_F_Jaw_C_news_0072
JAWA/Ind001_F_Jaw/Ind001_F_Jaw_C_news_0073
JAWA/Ind001_F_Jaw/Ind001_F_Jaw_C_news_0074
JAWA/Ind001_F_Jaw/Ind001_F_Jaw_C_news_0075
JAWA/Ind001_F_Jaw/Ind001_F_Jaw_C_news_0076
JAWA/Ind001_F_Jaw/Ind001_F_Jaw_C_news_0077
JAWA/Ind001_F_Jaw/Ind001_F_Jaw_C_news_0078
JAWA/Ind001_F_Jaw/Ind001_F_Jaw_C_news_0079
JAWA/Ind001_F_Jaw/Ind001_F_Jaw_C_news_0080
JAWA/Ind001_F_Jaw/Ind001_F_Jaw_C_news_0081
JAWA/Ind001_F_Jaw/Ind001_F_Jaw_C_news_0082
JAWA/Ind001_F_Jaw/Ind001_F_Jaw_C_news_0083
JAWA/Ind001_F_Jaw/Ind001_F_Jaw_C_news_0084
JAWA/Ind001_F_Jaw/Ind001_F_Jaw_C_news_0085
JAWA/Ind001_F_Jaw/Ind001_F_Jaw_C_news_0086
JAWA/Ind001_F_Jaw/Ind001_F_Jaw_C_news_0087
JAWA/Ind001_F_Jaw/Ind001_F_Jaw_C_news_0088
JAWA/Ind001_F_Jaw/Ind001_F_Jaw_C_news_0089
JAWA/Ind001_F_Jaw/Ind001_F_Jaw_C_news_0090
JAWA/Ind001_F_Jaw/Ind001_F_Jaw_C_news_0091
JAWA/Ind001_F_Jaw/Ind001_F_Jaw_C_news_0092
JAWA/Ind001_F_Jaw/Ind001_F_Jaw_C_news_0093
JAWA/Ind001_F_Jaw/Ind001_F_Jaw_C_news_0094
JAWA/Ind001_F_Jaw/Ind001_F_Jaw_C_news_0095
JAWA/Ind001_F_Jaw/Ind001_F_Jaw_C_news_0096
JAWA/Ind001_F_Jaw/Ind001_F_Jaw_C_news_0097
JAWA/Ind001_F_Jaw/Ind001_F_Jaw_C_news_0098
JAWA/Ind001_F_Jaw/Ind001_F_Jaw_C_news_0099
JAWA/Ind001_F_Jaw/Ind001_F_Jaw_C_news_0100
JAWA/Ind001_F_Jaw/Ind001_F_Jaw_C_news_0101
JAWA/Ind001_F_Jaw/Ind001_F_Jaw_C_news_0102
JAWA/Ind001_F_Jaw/Ind001_F_Jaw_C_news_0103
JAWA/Ind001_F_Jaw/Ind001_F_Jaw_C_news_0104
JAWA/Ind001_F_Jaw/Ind001_F_Jaw_C_news_0105
JAWA/Ind001_F_Jaw/Ind001_F_Jaw_C_news_0106
JAWA/Ind001_F_Jaw/Ind001_F_Jaw_C_news_0107
JAWA/Ind001_F_Jaw/Ind001_F_Jaw_C_news_0108
JAWA/Ind001_F_Jaw/Ind001_F_Jaw_C_news_0109
JAWA/Ind001_F_Jaw/Ind001_F_Jaw_C_news_0110
JAWA/Ind001_F_Jaw/Ind001_F_Jaw_C_news_0111
JAWA/Ind001_F_Jaw/Ind001_F_Jaw_C_news_0112
JAWA/Ind001_F_Jaw/Ind001_F_Jaw_C_news_0113
JAWA/Ind001_F_Jaw/Ind001_F_Jaw_C_news_0114
JAWA/Ind001_F_Jaw/Ind001_F_Jaw_C_news_0115
JAWA/Ind001_F_Jaw/Ind001_F_Jaw_C_news_0116
JAWA/Ind001_F_Jaw/Ind001_F_Jaw_C_news_0117
JAWA/Ind001_F_Jaw/Ind001_F_Jaw_C_news_0118
JAWA/Ind001_F_Jaw/Ind001_F_Jaw_C_news_0119
JAWA/Ind001_F_Jaw/Ind001_F_Jaw_C_news_0120
JAWA/Ind001_F_Jaw/Ind001_F_Jaw_C_news_0121
JAWA/Ind001_F_Jaw/Ind001_F_Jaw_C_news_0122
JAWA/Ind001_F_Jaw/Ind001_F_Jaw_C_news_0123
JAWA/Ind001_F_Jaw/Ind001_F_Jaw_C_news_0124
JAWA/Ind001_F_Jaw/Ind001_F_Jaw_C_news_0125
JAWA/Ind001_F_Jaw/Ind001_F_Jaw_C_news_0126
JAWA/Ind001_F_Jaw/Ind001_F_Jaw_C_news_0127
JAWA/Ind001_F_Jaw/Ind001_F_Jaw_C_news_0128
JAWA/Ind001_F_Jaw/Ind001_F_Jaw_C_news_0129
JAWA/Ind001_F_Jaw/Ind001_F_Jaw_C_news_0130
JAWA/Ind001_F_Jaw/Ind001_F_Jaw_C_news_0131
JAWA/Ind001_F_Jaw/Ind001_F_Jaw_C_news_0132
JAWA/Ind001_F_Jaw/Ind001_F_Jaw_C_news_0133
JAWA/Ind001_F_Jaw/Ind001_F_Jaw_C_news_0134
JAWA/Ind001_F_Jaw/Ind001_F_Jaw_C_news_0135
JAWA/Ind001_F_Jaw/Ind001_F_Jaw_C_news_0136
JAWA/Ind001_F_Jaw/Ind001_F_Jaw_C_news_0137
JAWA/Ind001_F_Jaw/Ind001_F_Jaw_C_news_0138
JAWA/Ind001_F_Jaw/Ind001_F_Jaw_C_news_0139
JAWA/Ind001_F_Jaw/Ind001_F_Jaw_C_news_0140
JAWA/Ind001_F_Jaw/Ind001_F_Jaw_C_news_0141
JAWA/Ind001_F_Jaw/Ind001_F_Jaw_C_news_0142
JAWA/Ind001_F_Jaw/Ind001_F_Jaw_C_news_0143
JAWA/Ind001_F_Jaw/Ind001_F_Jaw_C_news_0144
JAWA/Ind001_F_Jaw/Ind001_F_Jaw_C_news_0145
JAWA/Ind001_F_Jaw/Ind001_F_Jaw_C_news_0146
JAWA/Ind001_F_Jaw/Ind001_F_Jaw_C_news_0147
JAWA/Ind001_F_Jaw/Ind001_F_Jaw_C_news_0148
JAWA/Ind001_F_Jaw/Ind001_F_Jaw_C_news_0149
JAWA/Ind001_F_Jaw/Ind001_F_Jaw_C_news_0150
JAWA/Ind001_F_Jaw/Ind001_F_Jaw_C_news_0151
JAWA/Ind001_F_Jaw/Ind001_F_Jaw_C_news_0152
JAWA/Ind001_F_Jaw/Ind001_F_Jaw_C_news_0153
JAWA/Ind001_F_Jaw/Ind001_F_Jaw_C_news_0154
JAWA/Ind001_F_Jaw/Ind001_F_Jaw_C_news_0155
JAWA/Ind001_F_Jaw/Ind001_F_Jaw_C_news_0156
JAWA/Ind001_F_Jaw/Ind001_F_Jaw_C_news_0157
JAWA/Ind001_F_Jaw/Ind001_F_Jaw_C_news_0158
JAWA/Ind001_F_Jaw/Ind001_F_Jaw_C_news_0159
JAWA/Ind001_F_Jaw/Ind001_F_Jaw_C_news_0160
JAWA/Ind001_F_Jaw/Ind001_F_Jaw_C_news_0161
JAWA/Ind001_F_Jaw/Ind001_F_Jaw_C_news_0162
JAWA/Ind001_F_Jaw/Ind001_F_Jaw_C_news_0163
JAWA/Ind001_F_Jaw/Ind001_F_Jaw_C_news_0164
JAWA/Ind001_F_Jaw/Ind001_F_Jaw_C_news_0165
JAWA/Ind001_F_Jaw/Ind001_F_Jaw_C_news_0166
JAWA/Ind001_F_Jaw/Ind001_F_Jaw_C_news_0167
JAWA/Ind001_F_Jaw/Ind001_F_Jaw_C_news_0168
JAWA/Ind001_F_Jaw/Ind001_F_Jaw_C_news_0169
JAWA/Ind001_F_Jaw/Ind001_F_Jaw_C_news_0170
JAWA/Ind001_F_Jaw/Ind001_F_Jaw_C_news_0171
JAWA/Ind001_F_Jaw/Ind001_F_Jaw_C_news_0172
JAWA/Ind001_F_Jaw/Ind001_F_Jaw_C_news_0173
JAWA/Ind001_F_Jaw/Ind001_F_Jaw_C_news_0174
JAWA/Ind001_F_Jaw/Ind001_F_Jaw_C_news_0175
JAWA/Ind001_F_Jaw/Ind001_F_Jaw_C_news_0176
JAWA/Ind001_F_Jaw/Ind001_F_Jaw_C_news_0177
JAWA/Ind001_F_Jaw/Ind001_F_Jaw_C_news_0178
JAWA/Ind001_F_Jaw/Ind001_F_Jaw_C_news_0179
JAWA/Ind001_F_Jaw/Ind001_F_Jaw_C_news_0180
JAWA/Ind001_F_Jaw/Ind001_F_Jaw_C_news_0181
JAWA/Ind001_F_Jaw/Ind001_F_Jaw_C_news_0182
JAWA/Ind001_F_Jaw/Ind001_F_Jaw_C_news_0183
JAWA/Ind001_F_Jaw/Ind001_F_Jaw_C_news_0184
JAWA/Ind001_F_Jaw/Ind001_F_Jaw_C_news_0185
JAWA/Ind001_F_Jaw/Ind001_F_Jaw_C_news_0186
JAWA/Ind001_F_Jaw/Ind001_F_Jaw_C_news_0187
JAWA/Ind001_F_Jaw/Ind001_F_Jaw_C_news_0188
JAWA/Ind001_F_Jaw/Ind001_F_Jaw_C_news_0189
JAWA/Ind001_F_Jaw/Ind001_F_Jaw_C_news_0190
JAWA/Ind001_F_Jaw/Ind001_F_Jaw_C_news_0191
JAWA/Ind001_F_Jaw/Ind001_F_Jaw_C_news_0192
JAWA/Ind001_F_Jaw/Ind001_F_Jaw_C_news_0193
JAWA/Ind001_F_Jaw/Ind001_F_Jaw_C_news_0194
JAWA/Ind001_F_Jaw/Ind001_F_Jaw_C_news_0195
JAWA/Ind001_F_Jaw/Ind001_F_Jaw_C_news_0196
JAWA/Ind001_F_Jaw/Ind001_F_Jaw_C_news_0197
JAWA/Ind001_F_Jaw/Ind001_F_Jaw_C_news_0198
JAWA/Ind001_F_Jaw/Ind001_F_Jaw_C_news_0199
JAWA/Ind001_F_Jaw/Ind001_F_Jaw_C_news_0200
JAWA/Ind002_M_Jaw/Ind002_M_Jaw_C_news_0001
JAWA/Ind002_M_Jaw/Ind002_M_Jaw_C_news_0002
JAWA/Ind002_M_Jaw/Ind002_M_Jaw_C_news_0003
JAWA/Ind002_M_Jaw/Ind002_M_Jaw_C_news_0004
JAWA/Ind002_M_Jaw/Ind002_M_Jaw_C_news_0005
JAWA/Ind002_M_Jaw/Ind002_M_Jaw_C_news_0006
JAWA/Ind002_M_Jaw/Ind002_M_Jaw_C_news_0007
JAWA/Ind002_M_Jaw/Ind002_M_Jaw_C_news_0008
JAWA/Ind002_M_Jaw/Ind002_M_Jaw_C_news_0009
JAWA/Ind002_M_Jaw/Ind002_M_Jaw_C_news_0010
JAWA/Ind002_M_Jaw/Ind002_M_Jaw_C_news_0011
JAWA/Ind002_M_Jaw/Ind002_M_Jaw_C_news_0012
JAWA/Ind002_M_Jaw/Ind002_M_Jaw_C_news_0013
JAWA/Ind002_M_Jaw/Ind002_M_Jaw_C_news_0014
JAWA/Ind002_M_Jaw/Ind002_M_Jaw_C_news_0015
JAWA/Ind002_M_Jaw/Ind002_M_Jaw_C_news_0016
JAWA/Ind002_M_Jaw/Ind002_M_Jaw_C_news_0017
JAWA/Ind002_M_Jaw/Ind002_M_Jaw_C_news_0018
JAWA/Ind002_M_Jaw/Ind002_M_Jaw_C_news_0019
JAWA/Ind002_M_Jaw/Ind002_M_Jaw_C_news_0020
JAWA/Ind002_M_Jaw/Ind002_M_Jaw_C_news_0021
JAWA/Ind002_M_Jaw/Ind002_M_Jaw_C_news_0022
JAWA/Ind002_M_Jaw/Ind002_M_Jaw_C_news_0023
JAWA/Ind002_M_Jaw/Ind002_M_Jaw_C_news_0024
JAWA/Ind002_M_Jaw/Ind002_M_Jaw_C_news_0025
JAWA/Ind002_M_Jaw/Ind002_M_Jaw_C_news_0026
JAWA/Ind002_M_Jaw/Ind002_M_Jaw_C_news_0027
JAWA/Ind002_M_Jaw/Ind002_M_Jaw_C_news_0028
JAWA/Ind002_M_Jaw/Ind002_M_Jaw_C_news_0029
JAWA/Ind002_M_Jaw/Ind002_M_Jaw_C_news_0030
JAWA/Ind002_M_Jaw/Ind002_M_Jaw_C_news_0031
JAWA/Ind002_M_Jaw/Ind002_M_Jaw_C_news_0032
JAWA/Ind002_M_Jaw/Ind002_M_Jaw_C_news_0033
JAWA/Ind002_M_Jaw/Ind002_M_Jaw_C_news_0034
JAWA/Ind002_M_Jaw/Ind002_M_Jaw_C_news_0035
JAWA/Ind002_M_Jaw/Ind002_M_Jaw_C_news_0036
JAWA/Ind002_M_Jaw/Ind002_M_Jaw_C_news_0037
JAWA/Ind002_M_Jaw/Ind002_M_Jaw_C_news_0038
JAWA/Ind002_M_Jaw/Ind002_M_Jaw_C_news_0039
JAWA/Ind002_M_Jaw/Ind002_M_Jaw_C_news_0040
JAWA/Ind002_M_Jaw/Ind002_M_Jaw_C_news_0041
JAWA/Ind002_M_Jaw/Ind002_M_Jaw_C_news_0042
JAWA/Ind002_M_Jaw/Ind002_M_Jaw_C_news_0043
JAWA/Ind002_M_Jaw/Ind002_M_Jaw_C_news_0044
JAWA/Ind002_M_Jaw/Ind002_M_Jaw_C_news_0045
JAWA/Ind002_M_Jaw/Ind002_M_Jaw_C_news_0046
JAWA/Ind002_M_Jaw/Ind002_M_Jaw_C_news_0047
JAWA/Ind002_M_Jaw/Ind002_M_Jaw_C_news_0048
JAWA/Ind002_M_Jaw/Ind002_M_Jaw_C_news_0049
JAWA/Ind002_M_Jaw/Ind002_M_Jaw_C_news_0050
JAWA/Ind002_M_Jaw/Ind002_M_Jaw_C_news_0051
JAWA/Ind002_M_Jaw/Ind002_M_Jaw_C_news_0052
JAWA/Ind002_M_Jaw/Ind002_M_Jaw_C_news_0053
JAWA/Ind002_M_Jaw/Ind002_M_Jaw_C_news_0054
JAWA/Ind002_M_Jaw/Ind002_M_Jaw_C_news_0055
JAWA/Ind002_M_Jaw/Ind002_M_Jaw_C_news_0056
JAWA/Ind002_M_Jaw/Ind002_M_Jaw_C_news_0057
JAWA/Ind002_M_Jaw/Ind002_M_Jaw_C_news_0058
JAWA/Ind002_M_Jaw/Ind002_M_Jaw_C_news_0059
JAWA/Ind002_M_Jaw/Ind002_M_Jaw_C_news_0060
JAWA/Ind002_M_Jaw/Ind002_M_Jaw_C_news_0061
JAWA/Ind002_M_Jaw/Ind002_M_Jaw_C_news_0062
JAWA/Ind002_M_Jaw/Ind002_M_Jaw_C_news_0063
JAWA/Ind002_M_Jaw/Ind002_M_Jaw_C_news_0064
JAWA/Ind002_M_Jaw/Ind002_M_Jaw_C_news_0065
JAWA/Ind002_M_Jaw/Ind002_M_Jaw_C_news_0066
JAWA/Ind002_M_Jaw/Ind002_M_Jaw_C_news_0067
JAWA/Ind002_M_Jaw/Ind002_M_Jaw_C_news_0068
JAWA/Ind002_M_Jaw/Ind002_M_Jaw_C_news_0069
JAWA/Ind002_M_Jaw/Ind002_M_Jaw_C_news_0070
JAWA/Ind002_M_Jaw/Ind002_M_Jaw_C_news_0071
JAWA/Ind002_M_Jaw/Ind002_M_Jaw_C_news_0072
JAWA/Ind002_M_Jaw/Ind002_M_Jaw_C_news_0073
JAWA/Ind002_M_Jaw/Ind002_M_Jaw_C_news_0074
JAWA/Ind002_M_Jaw/Ind002_M_Jaw_C_news_0075
JAWA/Ind002_M_Jaw/Ind002_M_Jaw_C_news_0076
JAWA/Ind002_M_Jaw/Ind002_M_Jaw_C_news_0077
JAWA/Ind002_M_Jaw/Ind002_M_Jaw_C_news_0078
JAWA/Ind002_M_Jaw/Ind002_M_Jaw_C_news_0079
JAWA/Ind002_M_Jaw/Ind002_M_Jaw_C_news_0080
JAWA/Ind002_M_Jaw/Ind002_M_Jaw_C_news_0081
JAWA/Ind002_M_Jaw/Ind002_M_Jaw_C_news_0082
JAWA/Ind002_M_Jaw/Ind002_M_Jaw_C_news_0083
JAWA/Ind002_M_Jaw/Ind002_M_Jaw_C_news_0084
JAWA/Ind002_M_Jaw/Ind002_M_Jaw_C_news_0085
JAWA/Ind002_M_Jaw/Ind002_M_Jaw_C_news_0086
JAWA/Ind002_M_Jaw/Ind002_M_Jaw_C_news_0087
JAWA/Ind002_M_Jaw/Ind002_M_Jaw_C_news_0088
JAWA/Ind002_M_Jaw/Ind002_M_Jaw_C_news_0089
JAWA/Ind002_M_Jaw/Ind002_M_Jaw_C_news_0090
JAWA/Ind002_M_Jaw/Ind002_M_Jaw_C_news_0091
JAWA/Ind002_M_Jaw/Ind002_M_Jaw_C_news_0092
JAWA/Ind002_M_Jaw/Ind002_M_Jaw_C_news_0093
JAWA/Ind002_M_Jaw/Ind002_M_Jaw_C_news_0094
JAWA/Ind002_M_Jaw/Ind002_M_Jaw_C_news_0095
JAWA/Ind002_M_Jaw/Ind002_M_Jaw_C_news_0096
JAWA/Ind002_M_Jaw/Ind002_M_Jaw_C_news_0097
JAWA/Ind002_M_Jaw/Ind002_M_Jaw_C_news_0098
JAWA/Ind002_M_Jaw/Ind002_M_Jaw_C_news_0099
JAWA/Ind002_M_Jaw/Ind002_M_Jaw_C_news_0100
JAWA/Ind002_M_Jaw/Ind002_M_Jaw_C_news_0101
JAWA/Ind002_M_Jaw/Ind002_M_Jaw_C_news_0102
JAWA/Ind002_M_Jaw/Ind002_M_Jaw_C_news_0103
JAWA/Ind002_M_Jaw/Ind002_M_Jaw_C_news_0104
JAWA/Ind002_M_Jaw/Ind002_M_Jaw_C_news_0105
JAWA/Ind002_M_Jaw/Ind002_M_Jaw_C_news_0106
JAWA/Ind002_M_Jaw/Ind002_M_Jaw_C_news_0107
JAWA/Ind002_M_Jaw/Ind002_M_Jaw_C_news_0108
JAWA/Ind002_M_Jaw/Ind002_M_Jaw_C_news_0109
JAWA/Ind002_M_Jaw/Ind002_M_Jaw_C_news_0110
JAWA/Ind002_M_Jaw/Ind002_M_Jaw_C_news_0111
JAWA/Ind002_M_Jaw/Ind002_M_Jaw_C_news_0112
JAWA/Ind002_M_Jaw/Ind002_M_Jaw_C_news_0113
JAWA/Ind002_M_Jaw/Ind002_M_Jaw_C_news_0114
JAWA/Ind002_M_Jaw/Ind002_M_Jaw_C_news_0115
JAWA/Ind002_M_Jaw/Ind002_M_Jaw_C_news_0116
JAWA/Ind002_M_Jaw/Ind002_M_Jaw_C_news_0117
JAWA/Ind002_M_Jaw/Ind002_M_Jaw_C_news_0118
JAWA/Ind002_M_Jaw/Ind002_M_Jaw_C_news_0119
JAWA/Ind002_M_Jaw/Ind002_M_Jaw_C_news_0120
JAWA/Ind002_M_Jaw/Ind002_M_Jaw_C_news_0121
JAWA/Ind002_M_Jaw/Ind002_M_Jaw_C_news_0122
JAWA/Ind002_M_Jaw/Ind002_M_Jaw_C_news_0123
JAWA/Ind002_M_Jaw/Ind002_M_Jaw_C_news_0124
JAWA/Ind002_M_Jaw/Ind002_M_Jaw_C_news_0125
JAWA/Ind002_M_Jaw/Ind002_M_Jaw_C_news_0126
JAWA/Ind002_M_Jaw/Ind002_M_Jaw_C_news_0127
JAWA/Ind002_M_Jaw/Ind002_M_Jaw_C_news_0128
JAWA/Ind002_M_Jaw/Ind002_M_Jaw_C_news_0129
JAWA/Ind002_M_Jaw/Ind002_M_Jaw_C_news_0130
JAWA/Ind002_M_Jaw/Ind002_M_Jaw_C_news_0131
JAWA/Ind002_M_Jaw/Ind002_M_Jaw_C_news_0132
JAWA/Ind002_M_Jaw/Ind002_M_Jaw_C_news_0133
JAWA/Ind002_M_Jaw/Ind002_M_Jaw_C_news_0134
JAWA/Ind002_M_Jaw/Ind002_M_Jaw_C_news_0135
JAWA/Ind002_M_Jaw/Ind002_M_Jaw_C_news_0136
JAWA/Ind002_M_Jaw/Ind002_M_Jaw_C_news_0137
JAWA/Ind002_M_Jaw/Ind002_M_Jaw_C_news_0138
JAWA/Ind002_M_Jaw/Ind002_M_Jaw_C_news_0139
JAWA/Ind002_M_Jaw/Ind002_M_Jaw_C_news_0140
JAWA/Ind002_M_Jaw/Ind002_M_Jaw_C_news_0141
JAWA/Ind002_M_Jaw/Ind002_M_Jaw_C_news_0142
JAWA/Ind002_M_Jaw/Ind002_M_Jaw_C_news_0143
JAWA/Ind002_M_Jaw/Ind002_M_Jaw_C_news_0144
JAWA/Ind002_M_Jaw/Ind002_M_Jaw_C_news_0145
JAWA/Ind002_M_Jaw/Ind002_M_Jaw_C_news_0146
JAWA/Ind002_M_Jaw/Ind002_M_Jaw_C_news_0147
JAWA/Ind002_M_Jaw/Ind002_M_Jaw_C_news_0148
JAWA/Ind002_M_Jaw/Ind002_M_Jaw_C_news_0149
JAWA/Ind002_M_Jaw/Ind002_M_Jaw_C_news_0150
JAWA/Ind002_M_Jaw/Ind002_M_Jaw_C_news_0151
JAWA/Ind002_M_Jaw/Ind002_M_Jaw_C_news_0152
JAWA/Ind002_M_Jaw/Ind002_M_Jaw_C_news_0153
JAWA/Ind002_M_Jaw/Ind002_M_Jaw_C_news_0154
JAWA/Ind002_M_Jaw/Ind002_M_Jaw_C_news_0155
JAWA/Ind002_M_Jaw/Ind002_M_Jaw_C_news_0156
JAWA/Ind002_M_Jaw/Ind002_M_Jaw_C_news_0157
JAWA/Ind002_M_Jaw/Ind002_M_Jaw_C_news_0158
JAWA/Ind002_M_Jaw/Ind002_M_Jaw_C_news_0159
JAWA/Ind002_M_Jaw/Ind002_M_Jaw_C_news_0160
JAWA/Ind002_M_Jaw/Ind002_M_Jaw_C_news_0161
JAWA/Ind002_M_Jaw/Ind002_M_Jaw_C_news_0162
JAWA/Ind002_M_Jaw/Ind002_M_Jaw_C_news_0163
JAWA/Ind002_M_Jaw/Ind002_M_Jaw_C_news_0164
JAWA/Ind002_M_Jaw/Ind002_M_Jaw_C_news_0165
JAWA/Ind002_M_Jaw/Ind002_M_Jaw_C_news_0166
JAWA/Ind002_M_Jaw/Ind002_M_Jaw_C_news_0167
JAWA/Ind002_M_Jaw/Ind002_M_Jaw_C_news_0168
JAWA/Ind002_M_Jaw/Ind002_M_Jaw_C_news_0169
JAWA/Ind002_M_Jaw/Ind002_M_Jaw_C_news_0170
JAWA/Ind002_M_Jaw/Ind002_M_Jaw_C_news_0171
JAWA/Ind002_M_Jaw/Ind002_M_Jaw_C_news_0172
JAWA/Ind002_M_Jaw/Ind002_M_Jaw_C_news_0173
JAWA/Ind002_M_Jaw/Ind002_M_Jaw_C_news_0174
JAWA/Ind002_M_Jaw/Ind002_M_Jaw_C_news_0175
JAWA/Ind002_M_Jaw/Ind002_M_Jaw_C_news_0176
JAWA/Ind002_M_Jaw/Ind002_M_Jaw_C_news_0177
JAWA/Ind002_M_Jaw/Ind002_M_Jaw_C_news_0178
JAWA/Ind002_M_Jaw/Ind002_M_Jaw_C_news_0179
JAWA/Ind002_M_Jaw/Ind002_M_Jaw_C_news_0180
JAWA/Ind002_M_Jaw/Ind002_M_Jaw_C_news_0181
JAWA/Ind002_M_Jaw/Ind002_M_Jaw_C_news_0182
JAWA/Ind002_M_Jaw/Ind002_M_Jaw_C_news_0183
JAWA/Ind002_M_Jaw/Ind002_M_Jaw_C_news_0184
JAWA/Ind002_M_Jaw/Ind002_M_Jaw_C_news_0185
JAWA/Ind002_M_Jaw/Ind002_M_Jaw_C_news_0186
JAWA/Ind002_M_Jaw/Ind002_M_Jaw_C_news_0187
JAWA/Ind002_M_Jaw/Ind002_M_Jaw_C_news_0188
JAWA/Ind002_M_Jaw/Ind002_M_Jaw_C_news_0189
JAWA/Ind002_M_Jaw/Ind002_M_Jaw_C_news_0190
JAWA/Ind002_M_Jaw/Ind002_M_Jaw_C_news_0191
JAWA/Ind002_M_Jaw/Ind002_M_Jaw_C_news_0192
JAWA/Ind002_M_Jaw/Ind002_M_Jaw_C_news_0193
JAWA/Ind002_M_Jaw/Ind002_M_Jaw_C_news_0194
JAWA/Ind002_M_Jaw/Ind002_M_Jaw_C_news_0195
JAWA/Ind002_M_Jaw/Ind002_M_Jaw_C_news_0196
JAWA/Ind002_M_Jaw/Ind002_M_Jaw_C_news_0197
JAWA/Ind002_M_Jaw/Ind002_M_Jaw_C_news_0198
JAWA/Ind002_M_Jaw/Ind002_M_Jaw_C_news_0199
JAWA/Ind002_M_Jaw/Ind002_M_Jaw_C_news_0200
JAWA/Ind003_F_Jaw/Ind003_F_Jaw_C_news_0001
JAWA/Ind003_F_Jaw/Ind003_F_Jaw_C_news_0002
JAWA/Ind003_F_Jaw/Ind003_F_Jaw_C_news_0003
JAWA/Ind003_F_Jaw/Ind003_F_Jaw_C_news_0004
JAWA/Ind003_F_Jaw/Ind003_F_Jaw_C_news_0005
JAWA/Ind003_F_Jaw/Ind003_F_Jaw_C_news_0006
JAWA/Ind003_F_Jaw/Ind003_F_Jaw_C_news_0007
JAWA/Ind003_F_Jaw/Ind003_F_Jaw_C_news_0008
JAWA/Ind003_F_Jaw/Ind003_F_Jaw_C_news_0009
JAWA/Ind003_F_Jaw/Ind003_F_Jaw_C_news_0010
JAWA/Ind003_F_Jaw/Ind003_F_Jaw_C_news_0011
JAWA/Ind003_F_Jaw/Ind003_F_Jaw_C_news_0012
JAWA/Ind003_F_Jaw/Ind003_F_Jaw_C_news_0013
JAWA/Ind003_F_Jaw/Ind003_F_Jaw_C_news_0014
JAWA/Ind003_F_Jaw/Ind003_F_Jaw_C_news_0015
JAWA/Ind003_F_Jaw/Ind003_F_Jaw_C_news_0016
JAWA/Ind003_F_Jaw/Ind003_F_Jaw_C_news_0017
JAWA/Ind003_F_Jaw/Ind003_F_Jaw_C_news_0018
JAWA/Ind003_F_Jaw/Ind003_F_Jaw_C_news_0019
JAWA/Ind003_F_Jaw/Ind003_F_Jaw_C_news_0020
JAWA/Ind003_F_Jaw/Ind003_F_Jaw_C_news_0021
JAWA/Ind003_F_Jaw/Ind003_F_Jaw_C_news_0022
JAWA/Ind003_F_Jaw/Ind003_F_Jaw_C_news_0023
JAWA/Ind003_F_Jaw/Ind003_F_Jaw_C_news_0024
JAWA/Ind003_F_Jaw/Ind003_F_Jaw_C_news_0025
JAWA/Ind003_F_Jaw/Ind003_F_Jaw_C_news_0026
JAWA/Ind003_F_Jaw/Ind003_F_Jaw_C_news_0027
JAWA/Ind003_F_Jaw/Ind003_F_Jaw_C_news_0028
JAWA/Ind003_F_Jaw/Ind003_F_Jaw_C_news_0029
JAWA/Ind003_F_Jaw/Ind003_F_Jaw_C_news_0030
JAWA/Ind003_F_Jaw/Ind003_F_Jaw_C_news_0031
JAWA/Ind003_F_Jaw/Ind003_F_Jaw_C_news_0032
JAWA/Ind003_F_Jaw/Ind003_F_Jaw_C_news_0033
JAWA/Ind003_F_Jaw/Ind003_F_Jaw_C_news_0034
JAWA/Ind003_F_Jaw/Ind003_F_Jaw_C_news_0035
JAWA/Ind003_F_Jaw/Ind003_F_Jaw_C_news_0036
JAWA/Ind003_F_Jaw/Ind003_F_Jaw_C_news_0037
JAWA/Ind003_F_Jaw/Ind003_F_Jaw_C_news_0038
JAWA/Ind003_F_Jaw/Ind003_F_Jaw_C_news_0039
JAWA/Ind003_F_Jaw/Ind003_F_Jaw_C_news_0040
JAWA/Ind003_F_Jaw/Ind003_F_Jaw_C_news_0041
JAWA/Ind003_F_Jaw/Ind003_F_Jaw_C_news_0042
JAWA/Ind003_F_Jaw/Ind003_F_Jaw_C_news_0043
JAWA/Ind003_F_Jaw/Ind003_F_Jaw_C_news_0044
JAWA/Ind003_F_Jaw/Ind003_F_Jaw_C_news_0045
JAWA/Ind003_F_Jaw/Ind003_F_Jaw_C_news_0046
JAWA/Ind003_F_Jaw/Ind003_F_Jaw_C_news_0047
JAWA/Ind003_F_Jaw/Ind003_F_Jaw_C_news_0048
JAWA/Ind003_F_Jaw/Ind003_F_Jaw_C_news_0049
JAWA/Ind003_F_Jaw/Ind003_F_Jaw_C_news_0050
JAWA/Ind003_F_Jaw/Ind003_F_Jaw_C_news_0051
JAWA/Ind003_F_Jaw/Ind003_F_Jaw_C_news_0052
JAWA/Ind003_F_Jaw/Ind003_F_Jaw_C_news_0053
JAWA/Ind003_F_Jaw/Ind003_F_Jaw_C_news_0054
JAWA/Ind003_F_Jaw/Ind003_F_Jaw_C_news_0055
JAWA/Ind003_F_Jaw/Ind003_F_Jaw_C_news_0056
JAWA/Ind003_F_Jaw/Ind003_F_Jaw_C_news_0057
JAWA/Ind003_F_Jaw/Ind003_F_Jaw_C_news_0058
JAWA/Ind003_F_Jaw/Ind003_F_Jaw_C_news_0059
JAWA/Ind003_F_Jaw/Ind003_F_Jaw_C_news_0060
JAWA/Ind003_F_Jaw/Ind003_F_Jaw_C_news_0061
JAWA/Ind003_F_Jaw/Ind003_F_Jaw_C_news_0062
JAWA/Ind003_F_Jaw/Ind003_F_Jaw_C_news_0063
JAWA/Ind003_F_Jaw/Ind003_F_Jaw_C_news_0064
JAWA/Ind003_F_Jaw/Ind003_F_Jaw_C_news_0065
JAWA/Ind003_F_Jaw/Ind003_F_Jaw_C_news_0066
JAWA/Ind003_F_Jaw/Ind003_F_Jaw_C_news_0067
JAWA/Ind003_F_Jaw/Ind003_F_Jaw_C_news_0068
JAWA/Ind003_F_Jaw/Ind003_F_Jaw_C_news_0069
JAWA/Ind003_F_Jaw/Ind003_F_Jaw_C_news_0070
JAWA/Ind003_F_Jaw/Ind003_F_Jaw_C_news_0071
JAWA/Ind003_F_Jaw/Ind003_F_Jaw_C_news_0072
JAWA/Ind003_F_Jaw/Ind003_F_Jaw_C_news_0073
JAWA/Ind003_F_Jaw/Ind003_F_Jaw_C_news_0074
JAWA/Ind003_F_Jaw/Ind003_F_Jaw_C_news_0075
JAWA/Ind003_F_Jaw/Ind003_F_Jaw_C_news_0076
JAWA/Ind003_F_Jaw/Ind003_F_Jaw_C_news_0077
JAWA/Ind003_F_Jaw/Ind003_F_Jaw_C_news_0078
JAWA/Ind003_F_Jaw/Ind003_F_Jaw_C_news_0079
JAWA/Ind003_F_Jaw/Ind003_F_Jaw_C_news_0080
JAWA/Ind003_F_Jaw/Ind003_F_Jaw_C_news_0081
JAWA/Ind003_F_Jaw/Ind003_F_Jaw_C_news_0082
JAWA/Ind003_F_Jaw/Ind003_F_Jaw_C_news_0083
JAWA/Ind003_F_Jaw/Ind003_F_Jaw_C_news_0084
JAWA/Ind003_F_Jaw/Ind003_F_Jaw_C_news_0085
JAWA/Ind003_F_Jaw/Ind003_F_Jaw_C_news_0086
JAWA/Ind003_F_Jaw/Ind003_F_Jaw_C_news_0087
JAWA/Ind003_F_Jaw/Ind003_F_Jaw_C_news_0088
JAWA/Ind003_F_Jaw/Ind003_F_Jaw_C_news_0089
JAWA/Ind003_F_Jaw/Ind003_F_Jaw_C_news_0090
JAWA/Ind003_F_Jaw/Ind003_F_Jaw_C_news_0091
JAWA/Ind003_F_Jaw/Ind003_F_Jaw_C_news_0092
JAWA/Ind003_F_Jaw/Ind003_F_Jaw_C_news_0093
JAWA/Ind003_F_Jaw/Ind003_F_Jaw_C_news_0094
JAWA/Ind003_F_Jaw/Ind003_F_Jaw_C_news_0095
JAWA/Ind003_F_Jaw/Ind003_F_Jaw_C_news_0096
JAWA/Ind003_F_Jaw/Ind003_F_Jaw_C_news_0097
JAWA/Ind003_F_Jaw/Ind003_F_Jaw_C_news_0098
JAWA/Ind003_F_Jaw/Ind003_F_Jaw_C_news_0099
JAWA/Ind003_F_Jaw/Ind003_F_Jaw_C_news_0100
JAWA/Ind003_F_Jaw/Ind003_F_Jaw_C_news_0101
JAWA/Ind003_F_Jaw/Ind003_F_Jaw_C_news_0102
JAWA/Ind003_F_Jaw/Ind003_F_Jaw_C_news_0103
JAWA/Ind003_F_Jaw/Ind003_F_Jaw_C_news_0104
JAWA/Ind003_F_Jaw/Ind003_F_Jaw_C_news_0105
JAWA/Ind003_F_Jaw/Ind003_F_Jaw_C_news_0106
JAWA/Ind003_F_Jaw/Ind003_F_Jaw_C_news_0107
JAWA/Ind003_F_Jaw/Ind003_F_Jaw_C_news_0108
JAWA/Ind003_F_Jaw/Ind003_F_Jaw_C_news_0109
JAWA/Ind003_F_Jaw/Ind003_F_Jaw_C_news_0110
JAWA/Ind003_F_Jaw/Ind003_F_Jaw_C_news_0111
JAWA/Ind003_F_Jaw/Ind003_F_Jaw_C_news_0112
JAWA/Ind003_F_Jaw/Ind003_F_Jaw_C_news_0113
JAWA/Ind003_F_Jaw/Ind003_F_Jaw_C_news_0114
JAWA/Ind003_F_Jaw/Ind003_F_Jaw_C_news_0115
JAWA/Ind003_F_Jaw/Ind003_F_Jaw_C_news_0116
JAWA/Ind003_F_Jaw/Ind003_F_Jaw_C_news_0117
JAWA/Ind003_F_Jaw/Ind003_F_Jaw_C_news_0118
JAWA/Ind003_F_Jaw/Ind003_F_Jaw_C_news_0119
JAWA/Ind003_F_Jaw/Ind003_F_Jaw_C_news_0120
JAWA/Ind003_F_Jaw/Ind003_F_Jaw_C_news_0121
JAWA/Ind003_F_Jaw/Ind003_F_Jaw_C_news_0122
JAWA/Ind003_F_Jaw/Ind003_F_Jaw_C_news_0123
JAWA/Ind003_F_Jaw/Ind003_F_Jaw_C_news_0124
JAWA/Ind003_F_Jaw/Ind003_F_Jaw_C_news_0125
JAWA/Ind003_F_Jaw/Ind003_F_Jaw_C_news_0126
JAWA/Ind003_F_Jaw/Ind003_F_Jaw_C_news_0127
JAWA/Ind003_F_Jaw/Ind003_F_Jaw_C_news_0128
JAWA/Ind003_F_Jaw/Ind003_F_Jaw_C_news_0129
JAWA/Ind003_F_Jaw/Ind003_F_Jaw_C_news_0130
JAWA/Ind003_F_Jaw/Ind003_F_Jaw_C_news_0131
JAWA/Ind003_F_Jaw/Ind003_F_Jaw_C_news_0132
JAWA/Ind003_F_Jaw/Ind003_F_Jaw_C_news_0133
JAWA/Ind003_F_Jaw/Ind003_F_Jaw_C_news_0134
JAWA/Ind003_F_Jaw/Ind003_F_Jaw_C_news_0135
JAWA/Ind003_F_Jaw/Ind003_F_Jaw_C_news_0136
JAWA/Ind003_F_Jaw/Ind003_F_Jaw_C_news_0137
JAWA/Ind003_F_Jaw/Ind003_F_Jaw_C_news_0138
JAWA/Ind003_F_Jaw/Ind003_F_Jaw_C_news_0139
JAWA/Ind003_F_Jaw/Ind003_F_Jaw_C_news_0140
JAWA/Ind003_F_Jaw/Ind003_F_Jaw_C_news_0141
JAWA/Ind003_F_Jaw/Ind003_F_Jaw_C_news_0142
JAWA/Ind003_F_Jaw/Ind003_F_Jaw_C_news_0143
JAWA/Ind003_F_Jaw/Ind003_F_Jaw_C_news_0144
JAWA/Ind003_F_Jaw/Ind003_F_Jaw_C_news_0145
JAWA/Ind003_F_Jaw/Ind003_F_Jaw_C_news_0146
JAWA/Ind003_F_Jaw/Ind003_F_Jaw_C_news_0147
JAWA/Ind003_F_Jaw/Ind003_F_Jaw_C_news_0148
JAWA/Ind003_F_Jaw/Ind003_F_Jaw_C_news_0149
JAWA/Ind003_F_Jaw/Ind003_F_Jaw_C_news_0150
JAWA/Ind003_F_Jaw/Ind003_F_Jaw_C_news_0151
JAWA/Ind003_F_Jaw/Ind003_F_Jaw_C_news_0152
JAWA/Ind003_F_Jaw/Ind003_F_Jaw_C_news_0153
JAWA/Ind003_F_Jaw/Ind003_F_Jaw_C_news_0154
JAWA/Ind003_F_Jaw/Ind003_F_Jaw_C_news_0155
JAWA/Ind003_F_Jaw/Ind003_F_Jaw_C_news_0156
JAWA/Ind003_F_Jaw/Ind003_F_Jaw_C_news_0157
JAWA/Ind003_F_Jaw/Ind003_F_Jaw_C_news_0158
JAWA/Ind003_F_Jaw/Ind003_F_Jaw_C_news_0159
JAWA/Ind003_F_Jaw/Ind003_F_Jaw_C_news_0160
JAWA/Ind003_F_Jaw/Ind003_F_Jaw_C_news_0161
JAWA/Ind003_F_Jaw/Ind003_F_Jaw_C_news_0162
JAWA/Ind003_F_Jaw/Ind003_F_Jaw_C_news_0163
JAWA/Ind003_F_Jaw/Ind003_F_Jaw_C_news_0164
JAWA/Ind003_F_Jaw/Ind003_F_Jaw_C_news_0165
JAWA/Ind003_F_Jaw/Ind003_F_Jaw_C_news_0166
JAWA/Ind003_F_Jaw/Ind003_F_Jaw_C_news_0167
JAWA/Ind003_F_Jaw/Ind003_F_Jaw_C_news_0168
JAWA/Ind003_F_Jaw/Ind003_F_Jaw_C_news_0169
JAWA/Ind003_F_Jaw/Ind003_F_Jaw_C_news_0170
JAWA/Ind003_F_Jaw/Ind003_F_Jaw_C_news_0171
JAWA/Ind003_F_Jaw/Ind003_F_Jaw_C_news_0172
JAWA/Ind003_F_Jaw/Ind003_F_Jaw_C_news_0173
JAWA/Ind003_F_Jaw/Ind003_F_Jaw_C_news_0174
JAWA/Ind003_F_Jaw/Ind003_F_Jaw_C_news_0175
JAWA/Ind003_F_Jaw/Ind003_F_Jaw_C_news_0176
JAWA/Ind003_F_Jaw/Ind003_F_Jaw_C_news_0177
JAWA/Ind003_F_Jaw/Ind003_F_Jaw_C_news_0178
JAWA/Ind003_F_Jaw/Ind003_F_Jaw_C_news_0179
JAWA/Ind003_F_Jaw/Ind003_F_Jaw_C_news_0180
JAWA/Ind003_F_Jaw/Ind003_F_Jaw_C_news_0181
JAWA/Ind003_F_Jaw/Ind003_F_Jaw_C_news_0182
JAWA/Ind003_F_Jaw/Ind003_F_Jaw_C_news_0183
JAWA/Ind003_F_Jaw/Ind003_F_Jaw_C_news_0184
JAWA/Ind003_F_Jaw/Ind003_F_Jaw_C_news_0185
JAWA/Ind003_F_Jaw/Ind003_F_Jaw_C_news_0186
JAWA/Ind003_F_Jaw/Ind003_F_Jaw_C_news_0187
JAWA/Ind003_F_Jaw/Ind003_F_Jaw_C_news_0188
JAWA/Ind003_F_Jaw/Ind003_F_Jaw_C_news_0189
JAWA/Ind003_F_Jaw/Ind003_F_Jaw_C_news_0190
JAWA/Ind003_F_Jaw/Ind003_F_Jaw_C_news_0191
JAWA/Ind003_F_Jaw/Ind003_F_Jaw_C_news_0192
JAWA/Ind003_F_Jaw/Ind003_F_Jaw_C_news_0193
JAWA/Ind003_F_Jaw/Ind003_F_Jaw_C_news_0194
JAWA/Ind003_F_Jaw/Ind003_F_Jaw_C_news_0195
JAWA/Ind003_F_Jaw/Ind003_F_Jaw_C_news_0196
JAWA/Ind003_F_Jaw/Ind003_F_Jaw_C_news_0197
JAWA/Ind003_F_Jaw/Ind003_F_Jaw_C_news_0198
JAWA/Ind003_F_Jaw/Ind003_F_Jaw_C_news_0199
JAWA/Ind003_F_Jaw/Ind003_F_Jaw_C_news_0200
JAWA/Ind004_M_Jaw/Ind004_M_Jaw_C_news_0001
JAWA/Ind004_M_Jaw/Ind004_M_Jaw_C_news_0002
JAWA/Ind004_M_Jaw/Ind004_M_Jaw_C_news_0003
JAWA/Ind004_M_Jaw/Ind004_M_Jaw_C_news_0004
JAWA/Ind004_M_Jaw/Ind004_M_Jaw_C_news_0005
JAWA/Ind004_M_Jaw/Ind004_M_Jaw_C_news_0006
JAWA/Ind004_M_Jaw/Ind004_M_Jaw_C_news_0007
JAWA/Ind004_M_Jaw/Ind004_M_Jaw_C_news_0008
JAWA/Ind004_M_Jaw/Ind004_M_Jaw_C_news_0009
JAWA/Ind004_M_Jaw/Ind004_M_Jaw_C_news_0010
JAWA/Ind004_M_Jaw/Ind004_M_Jaw_C_news_0011
JAWA/Ind004_M_Jaw/Ind004_M_Jaw_C_news_0012
JAWA/Ind004_M_Jaw/Ind004_M_Jaw_C_news_0013
JAWA/Ind004_M_Jaw/Ind004_M_Jaw_C_news_0014
JAWA/Ind004_M_Jaw/Ind004_M_Jaw_C_news_0015
JAWA/Ind004_M_Jaw/Ind004_M_Jaw_C_news_0016
JAWA/Ind004_M_Jaw/Ind004_M_Jaw_C_news_0017
JAWA/Ind004_M_Jaw/Ind004_M_Jaw_C_news_0018
JAWA/Ind004_M_Jaw/Ind004_M_Jaw_C_news_0019
JAWA/Ind004_M_Jaw/Ind004_M_Jaw_C_news_0020
JAWA/Ind004_M_Jaw/Ind004_M_Jaw_C_news_0021
JAWA/Ind004_M_Jaw/Ind004_M_Jaw_C_news_0022
JAWA/Ind004_M_Jaw/Ind004_M_Jaw_C_news_0023
JAWA/Ind004_M_Jaw/Ind004_M_Jaw_C_news_0024
JAWA/Ind004_M_Jaw/Ind004_M_Jaw_C_news_0025
JAWA/Ind004_M_Jaw/Ind004_M_Jaw_C_news_0026
JAWA/Ind004_M_Jaw/Ind004_M_Jaw_C_news_0027
JAWA/Ind004_M_Jaw/Ind004_M_Jaw_C_news_0028
JAWA/Ind004_M_Jaw/Ind004_M_Jaw_C_news_0029
JAWA/Ind004_M_Jaw/Ind004_M_Jaw_C_news_0030
JAWA/Ind004_M_Jaw/Ind004_M_Jaw_C_news_0031
JAWA/Ind004_M_Jaw/Ind004_M_Jaw_C_news_0032
JAWA/Ind004_M_Jaw/Ind004_M_Jaw_C_news_0033
JAWA/Ind004_M_Jaw/Ind004_M_Jaw_C_news_0034
JAWA/Ind004_M_Jaw/Ind004_M_Jaw_C_news_0035
JAWA/Ind004_M_Jaw/Ind004_M_Jaw_C_news_0036
JAWA/Ind004_M_Jaw/Ind004_M_Jaw_C_news_0037
JAWA/Ind004_M_Jaw/Ind004_M_Jaw_C_news_0038
JAWA/Ind004_M_Jaw/Ind004_M_Jaw_C_news_0039
JAWA/Ind004_M_Jaw/Ind004_M_Jaw_C_news_0040
JAWA/Ind004_M_Jaw/Ind004_M_Jaw_C_news_0041
JAWA/Ind004_M_Jaw/Ind004_M_Jaw_C_news_0042
JAWA/Ind004_M_Jaw/Ind004_M_Jaw_C_news_0043
JAWA/Ind004_M_Jaw/Ind004_M_Jaw_C_news_0044
JAWA/Ind004_M_Jaw/Ind004_M_Jaw_C_news_0045
JAWA/Ind004_M_Jaw/Ind004_M_Jaw_C_news_0046
JAWA/Ind004_M_Jaw/Ind004_M_Jaw_C_news_0047
JAWA/Ind004_M_Jaw/Ind004_M_Jaw_C_news_0048
JAWA/Ind004_M_Jaw/Ind004_M_Jaw_C_news_0049
JAWA/Ind004_M_Jaw/Ind004_M_Jaw_C_news_0050
JAWA/Ind004_M_Jaw/Ind004_M_Jaw_C_news_0051
JAWA/Ind004_M_Jaw/Ind004_M_Jaw_C_news_0052
JAWA/Ind004_M_Jaw/Ind004_M_Jaw_C_news_0053
JAWA/Ind004_M_Jaw/Ind004_M_Jaw_C_news_0054
JAWA/Ind004_M_Jaw/Ind004_M_Jaw_C_news_0055
JAWA/Ind004_M_Jaw/Ind004_M_Jaw_C_news_0056
JAWA/Ind004_M_Jaw/Ind004_M_Jaw_C_news_0057
JAWA/Ind004_M_Jaw/Ind004_M_Jaw_C_news_0058
JAWA/Ind004_M_Jaw/Ind004_M_Jaw_C_news_0059
JAWA/Ind004_M_Jaw/Ind004_M_Jaw_C_news_0060
JAWA/Ind004_M_Jaw/Ind004_M_Jaw_C_news_0061
JAWA/Ind004_M_Jaw/Ind004_M_Jaw_C_news_0062
JAWA/Ind004_M_Jaw/Ind004_M_Jaw_C_news_0063
JAWA/Ind004_M_Jaw/Ind004_M_Jaw_C_news_0064
JAWA/Ind004_M_Jaw/Ind004_M_Jaw_C_news_0065
JAWA/Ind004_M_Jaw/Ind004_M_Jaw_C_news_0066
JAWA/Ind004_M_Jaw/Ind004_M_Jaw_C_news_0067
JAWA/Ind004_M_Jaw/Ind004_M_Jaw_C_news_0068
JAWA/Ind004_M_Jaw/Ind004_M_Jaw_C_news_0069
JAWA/Ind004_M_Jaw/Ind004_M_Jaw_C_news_0070
JAWA/Ind004_M_Jaw/Ind004_M_Jaw_C_news_0071
JAWA/Ind004_M_Jaw/Ind004_M_Jaw_C_news_0072
JAWA/Ind004_M_Jaw/Ind004_M_Jaw_C_news_0073
JAWA/Ind004_M_Jaw/Ind004_M_Jaw_C_news_0074
JAWA/Ind004_M_Jaw/Ind004_M_Jaw_C_news_0075
JAWA/Ind004_M_Jaw/Ind004_M_Jaw_C_news_0076
JAWA/Ind004_M_Jaw/Ind004_M_Jaw_C_news_0077
JAWA/Ind004_M_Jaw/Ind004_M_Jaw_C_news_0078
JAWA/Ind004_M_Jaw/Ind004_M_Jaw_C_news_0079
JAWA/Ind004_M_Jaw/Ind004_M_Jaw_C_news_0080
JAWA/Ind004_M_Jaw/Ind004_M_Jaw_C_news_0081
JAWA/Ind004_M_Jaw/Ind004_M_Jaw_C_news_0082
JAWA/Ind004_M_Jaw/Ind004_M_Jaw_C_news_0083
JAWA/Ind004_M_Jaw/Ind004_M_Jaw_C_news_0084
JAWA/Ind004_M_Jaw/Ind004_M_Jaw_C_news_0085
JAWA/Ind004_M_Jaw/Ind004_M_Jaw_C_news_0086
JAWA/Ind004_M_Jaw/Ind004_M_Jaw_C_news_0087
JAWA/Ind004_M_Jaw/Ind004_M_Jaw_C_news_0088
JAWA/Ind004_M_Jaw/Ind004_M_Jaw_C_news_0089
JAWA/Ind004_M_Jaw/Ind004_M_Jaw_C_news_0090
JAWA/Ind004_M_Jaw/Ind004_M_Jaw_C_news_0091
JAWA/Ind004_M_Jaw/Ind004_M_Jaw_C_news_0092
JAWA/Ind004_M_Jaw/Ind004_M_Jaw_C_news_0093
JAWA/Ind004_M_Jaw/Ind004_M_Jaw_C_news_0094
JAWA/Ind004_M_Jaw/Ind004_M_Jaw_C_news_0095
JAWA/Ind004_M_Jaw/Ind004_M_Jaw_C_news_0096
JAWA/Ind004_M_Jaw/Ind004_M_Jaw_C_news_0097
JAWA/Ind004_M_Jaw/Ind004_M_Jaw_C_news_0098
JAWA/Ind004_M_Jaw/Ind004_M_Jaw_C_news_0099
JAWA/Ind004_M_Jaw/Ind004_M_Jaw_C_news_0100
JAWA/Ind004_M_Jaw/Ind004_M_Jaw_C_news_0101
JAWA/Ind004_M_Jaw/Ind004_M_Jaw_C_news_0102
JAWA/Ind004_M_Jaw/Ind004_M_Jaw_C_news_0103
JAWA/Ind004_M_Jaw/Ind004_M_Jaw_C_news_0104
JAWA/Ind004_M_Jaw/Ind004_M_Jaw_C_news_0105
JAWA/Ind004_M_Jaw/Ind004_M_Jaw_C_news_0106
JAWA/Ind004_M_Jaw/Ind004_M_Jaw_C_news_0107
JAWA/Ind004_M_Jaw/Ind004_M_Jaw_C_news_0108
JAWA/Ind004_M_Jaw/Ind004_M_Jaw_C_news_0109
JAWA/Ind004_M_Jaw/Ind004_M_Jaw_C_news_0110
JAWA/Ind004_M_Jaw/Ind004_M_Jaw_C_news_0111
JAWA/Ind004_M_Jaw/Ind004_M_Jaw_C_news_0112
JAWA/Ind004_M_Jaw/Ind004_M_Jaw_C_news_0113
JAWA/Ind004_M_Jaw/Ind004_M_Jaw_C_news_0114
JAWA/Ind004_M_Jaw/Ind004_M_Jaw_C_news_0115
JAWA/Ind004_M_Jaw/Ind004_M_Jaw_C_news_0116
JAWA/Ind004_M_Jaw/Ind004_M_Jaw_C_news_0117
JAWA/Ind004_M_Jaw/Ind004_M_Jaw_C_news_0118
JAWA/Ind004_M_Jaw/Ind004_M_Jaw_C_news_0119
JAWA/Ind004_M_Jaw/Ind004_M_Jaw_C_news_0120
JAWA/Ind004_M_Jaw/Ind004_M_Jaw_C_news_0121
JAWA/Ind004_M_Jaw/Ind004_M_Jaw_C_news_0122
JAWA/Ind004_M_Jaw/Ind004_M_Jaw_C_news_0123
JAWA/Ind004_M_Jaw/Ind004_M_Jaw_C_news_0124
JAWA/Ind004_M_Jaw/Ind004_M_Jaw_C_news_0125
JAWA/Ind004_M_Jaw/Ind004_M_Jaw_C_news_0126
JAWA/Ind004_M_Jaw/Ind004_M_Jaw_C_news_0127
JAWA/Ind004_M_Jaw/Ind004_M_Jaw_C_news_0128
JAWA/Ind004_M_Jaw/Ind004_M_Jaw_C_news_0129
JAWA/Ind004_M_Jaw/Ind004_M_Jaw_C_news_0130
JAWA/Ind004_M_Jaw/Ind004_M_Jaw_C_news_0131
JAWA/Ind004_M_Jaw/Ind004_M_Jaw_C_news_0132
JAWA/Ind004_M_Jaw/Ind004_M_Jaw_C_news_0133
JAWA/Ind004_M_Jaw/Ind004_M_Jaw_C_news_0134
JAWA/Ind004_M_Jaw/Ind004_M_Jaw_C_news_0135
JAWA/Ind004_M_Jaw/Ind004_M_Jaw_C_news_0136
JAWA/Ind004_M_Jaw/Ind004_M_Jaw_C_news_0137
JAWA/Ind004_M_Jaw/Ind004_M_Jaw_C_news_0138
JAWA/Ind004_M_Jaw/Ind004_M_Jaw_C_news_0139
JAWA/Ind004_M_Jaw/Ind004_M_Jaw_C_news_0140
JAWA/Ind004_M_Jaw/Ind004_M_Jaw_C_news_0141
JAWA/Ind004_M_Jaw/Ind004_M_Jaw_C_news_0142
JAWA/Ind004_M_Jaw/Ind004_M_Jaw_C_news_0143
JAWA/Ind004_M_Jaw/Ind004_M_Jaw_C_news_0144
JAWA/Ind004_M_Jaw/Ind004_M_Jaw_C_news_0145
JAWA/Ind004_M_Jaw/Ind004_M_Jaw_C_news_0146
JAWA/Ind004_M_Jaw/Ind004_M_Jaw_C_news_0147
JAWA/Ind004_M_Jaw/Ind004_M_Jaw_C_news_0148
JAWA/Ind004_M_Jaw/Ind004_M_Jaw_C_news_0149
JAWA/Ind004_M_Jaw/Ind004_M_Jaw_C_news_0150
JAWA/Ind004_M_Jaw/Ind004_M_Jaw_C_news_0151
JAWA/Ind004_M_Jaw/Ind004_M_Jaw_C_news_0152
JAWA/Ind004_M_Jaw/Ind004_M_Jaw_C_news_0153
JAWA/Ind004_M_Jaw/Ind004_M_Jaw_C_news_0154
JAWA/Ind004_M_Jaw/Ind004_M_Jaw_C_news_0155
JAWA/Ind004_M_Jaw/Ind004_M_Jaw_C_news_0156
JAWA/Ind004_M_Jaw/Ind004_M_Jaw_C_news_0157
JAWA/Ind004_M_Jaw/Ind004_M_Jaw_C_news_0158
JAWA/Ind004_M_Jaw/Ind004_M_Jaw_C_news_0159
JAWA/Ind004_M_Jaw/Ind004_M_Jaw_C_news_0160
JAWA/Ind004_M_Jaw/Ind004_M_Jaw_C_news_0161
JAWA/Ind004_M_Jaw/Ind004_M_Jaw_C_news_0162
JAWA/Ind004_M_Jaw/Ind004_M_Jaw_C_news_0163
JAWA/Ind004_M_Jaw/Ind004_M_Jaw_C_news_0164
JAWA/Ind004_M_Jaw/Ind004_M_Jaw_C_news_0165
JAWA/Ind004_M_Jaw/Ind004_M_Jaw_C_news_0166
JAWA/Ind004_M_Jaw/Ind004_M_Jaw_C_news_0167
JAWA/Ind004_M_Jaw/Ind004_M_Jaw_C_news_0168
JAWA/Ind004_M_Jaw/Ind004_M_Jaw_C_news_0169
JAWA/Ind004_M_Jaw/Ind004_M_Jaw_C_news_0170
JAWA/Ind004_M_Jaw/Ind004_M_Jaw_C_news_0171
JAWA/Ind004_M_Jaw/Ind004_M_Jaw_C_news_0172
JAWA/Ind004_M_Jaw/Ind004_M_Jaw_C_news_0173
JAWA/Ind004_M_Jaw/Ind004_M_Jaw_C_news_0174
JAWA/Ind004_M_Jaw/Ind004_M_Jaw_C_news_0175
JAWA/Ind004_M_Jaw/Ind004_M_Jaw_C_news_0176
JAWA/Ind004_M_Jaw/Ind004_M_Jaw_C_news_0177
JAWA/Ind004_M_Jaw/Ind004_M_Jaw_C_news_0178
JAWA/Ind004_M_Jaw/Ind004_M_Jaw_C_news_0179
JAWA/Ind004_M_Jaw/Ind004_M_Jaw_C_news_0180
JAWA/Ind004_M_Jaw/Ind004_M_Jaw_C_news_0181
JAWA/Ind004_M_Jaw/Ind004_M_Jaw_C_news_0182
JAWA/Ind004_M_Jaw/Ind004_M_Jaw_C_news_0183
JAWA/Ind004_M_Jaw/Ind004_M_Jaw_C_news_0184
JAWA/Ind004_M_Jaw/Ind004_M_Jaw_C_news_0185
JAWA/Ind004_M_Jaw/Ind004_M_Jaw_C_news_0186
JAWA/Ind004_M_Jaw/Ind004_M_Jaw_C_news_0187
JAWA/Ind004_M_Jaw/Ind004_M_Jaw_C_news_0188
JAWA/Ind004_M_Jaw/Ind004_M_Jaw_C_news_0189
JAWA/Ind004_M_Jaw/Ind004_M_Jaw_C_news_0190
JAWA/Ind004_M_Jaw/Ind004_M_Jaw_C_news_0191
JAWA/Ind004_M_Jaw/Ind004_M_Jaw_C_news_0192
JAWA/Ind004_M_Jaw/Ind004_M_Jaw_C_news_0193
JAWA/Ind004_M_Jaw/Ind004_M_Jaw_C_news_0194
JAWA/Ind004_M_Jaw/Ind004_M_Jaw_C_news_0195
JAWA/Ind004_M_Jaw/Ind004_M_Jaw_C_news_0196
JAWA/Ind004_M_Jaw/Ind004_M_Jaw_C_news_0197
JAWA/Ind004_M_Jaw/Ind004_M_Jaw_C_news_0198
JAWA/Ind004_M_Jaw/Ind004_M_Jaw_C_news_0199
JAWA/Ind004_M_Jaw/Ind004_M_Jaw_C_news_0200
JAWA/Ind005_F_Jaw/Ind005_F_Jaw_C_news_0001
JAWA/Ind005_F_Jaw/Ind005_F_Jaw_C_news_0002
JAWA/Ind005_F_Jaw/Ind005_F_Jaw_C_news_0003
JAWA/Ind005_F_Jaw/Ind005_F_Jaw_C_news_0004
JAWA/Ind005_F_Jaw/Ind005_F_Jaw_C_news_0005
JAWA/Ind005_F_Jaw/Ind005_F_Jaw_C_news_0006
JAWA/Ind005_F_Jaw/Ind005_F_Jaw_C_news_0007
JAWA/Ind005_F_Jaw/Ind005_F_Jaw_C_news_0008
JAWA/Ind005_F_Jaw/Ind005_F_Jaw_C_news_0009
JAWA/Ind005_F_Jaw/Ind005_F_Jaw_C_news_0010
JAWA/Ind005_F_Jaw/Ind005_F_Jaw_C_news_0011
JAWA/Ind005_F_Jaw/Ind005_F_Jaw_C_news_0012
JAWA/Ind005_F_Jaw/Ind005_F_Jaw_C_news_0013
JAWA/Ind005_F_Jaw/Ind005_F_Jaw_C_news_0014
JAWA/Ind005_F_Jaw/Ind005_F_Jaw_C_news_0015
JAWA/Ind005_F_Jaw/Ind005_F_Jaw_C_news_0016
JAWA/Ind005_F_Jaw/Ind005_F_Jaw_C_news_0017
JAWA/Ind005_F_Jaw/Ind005_F_Jaw_C_news_0018
JAWA/Ind005_F_Jaw/Ind005_F_Jaw_C_news_0019
JAWA/Ind005_F_Jaw/Ind005_F_Jaw_C_news_0020
JAWA/Ind005_F_Jaw/Ind005_F_Jaw_C_news_0021
JAWA/Ind005_F_Jaw/Ind005_F_Jaw_C_news_0022
JAWA/Ind005_F_Jaw/Ind005_F_Jaw_C_news_0023
JAWA/Ind005_F_Jaw/Ind005_F_Jaw_C_news_0024
JAWA/Ind005_F_Jaw/Ind005_F_Jaw_C_news_0025
JAWA/Ind005_F_Jaw/Ind005_F_Jaw_C_news_0026
JAWA/Ind005_F_Jaw/Ind005_F_Jaw_C_news_0027
JAWA/Ind005_F_Jaw/Ind005_F_Jaw_C_news_0028
JAWA/Ind005_F_Jaw/Ind005_F_Jaw_C_news_0029
JAWA/Ind005_F_Jaw/Ind005_F_Jaw_C_news_0030
JAWA/Ind005_F_Jaw/Ind005_F_Jaw_C_news_0031
JAWA/Ind005_F_Jaw/Ind005_F_Jaw_C_news_0032
JAWA/Ind005_F_Jaw/Ind005_F_Jaw_C_news_0033
JAWA/Ind005_F_Jaw/Ind005_F_Jaw_C_news_0034
JAWA/Ind005_F_Jaw/Ind005_F_Jaw_C_news_0035
JAWA/Ind005_F_Jaw/Ind005_F_Jaw_C_news_0036
JAWA/Ind005_F_Jaw/Ind005_F_Jaw_C_news_0037
JAWA/Ind005_F_Jaw/Ind005_F_Jaw_C_news_0038
JAWA/Ind005_F_Jaw/Ind005_F_Jaw_C_news_0039
JAWA/Ind005_F_Jaw/Ind005_F_Jaw_C_news_0040
JAWA/Ind005_F_Jaw/Ind005_F_Jaw_C_news_0041
JAWA/Ind005_F_Jaw/Ind005_F_Jaw_C_news_0042
JAWA/Ind005_F_Jaw/Ind005_F_Jaw_C_news_0043
JAWA/Ind005_F_Jaw/Ind005_F_Jaw_C_news_0044
JAWA/Ind005_F_Jaw/Ind005_F_Jaw_C_news_0045
JAWA/Ind005_F_Jaw/Ind005_F_Jaw_C_news_0046
JAWA/Ind005_F_Jaw/Ind005_F_Jaw_C_news_0047
JAWA/Ind005_F_Jaw/Ind005_F_Jaw_C_news_0048
JAWA/Ind005_F_Jaw/Ind005_F_Jaw_C_news_0049
JAWA/Ind005_F_Jaw/Ind005_F_Jaw_C_news_0050
JAWA/Ind005_F_Jaw/Ind005_F_Jaw_C_news_0051
JAWA/Ind005_F_Jaw/Ind005_F_Jaw_C_news_0052
JAWA/Ind005_F_Jaw/Ind005_F_Jaw_C_news_0053
JAWA/Ind005_F_Jaw/Ind005_F_Jaw_C_news_0054
JAWA/Ind005_F_Jaw/Ind005_F_Jaw_C_news_0055
JAWA/Ind005_F_Jaw/Ind005_F_Jaw_C_news_0056
JAWA/Ind005_F_Jaw/Ind005_F_Jaw_C_news_0057
JAWA/Ind005_F_Jaw/Ind005_F_Jaw_C_news_0058
JAWA/Ind005_F_Jaw/Ind005_F_Jaw_C_news_0059
JAWA/Ind005_F_Jaw/Ind005_F_Jaw_C_news_0060
JAWA/Ind005_F_Jaw/Ind005_F_Jaw_C_news_0061
JAWA/Ind005_F_Jaw/Ind005_F_Jaw_C_news_0062
JAWA/Ind005_F_Jaw/Ind005_F_Jaw_C_news_0063
JAWA/Ind005_F_Jaw/Ind005_F_Jaw_C_news_0064
JAWA/Ind005_F_Jaw/Ind005_F_Jaw_C_news_0065
JAWA/Ind005_F_Jaw/Ind005_F_Jaw_C_news_0066
JAWA/Ind005_F_Jaw/Ind005_F_Jaw_C_news_0067
JAWA/Ind005_F_Jaw/Ind005_F_Jaw_C_news_0068
JAWA/Ind005_F_Jaw/Ind005_F_Jaw_C_news_0069
JAWA/Ind005_F_Jaw/Ind005_F_Jaw_C_news_0070
JAWA/Ind005_F_Jaw/Ind005_F_Jaw_C_news_0071
JAWA/Ind005_F_Jaw/Ind005_F_Jaw_C_news_0072
JAWA/Ind005_F_Jaw/Ind005_F_Jaw_C_news_0073
JAWA/Ind005_F_Jaw/Ind005_F_Jaw_C_news_0074
JAWA/Ind005_F_Jaw/Ind005_F_Jaw_C_news_0075
JAWA/Ind005_F_Jaw/Ind005_F_Jaw_C_news_0076
JAWA/Ind005_F_Jaw/Ind005_F_Jaw_C_news_0077
JAWA/Ind005_F_Jaw/Ind005_F_Jaw_C_news_0078
JAWA/Ind005_F_Jaw/Ind005_F_Jaw_C_news_0079
JAWA/Ind005_F_Jaw/Ind005_F_Jaw_C_news_0080
JAWA/Ind005_F_Jaw/Ind005_F_Jaw_C_news_0081
JAWA/Ind005_F_Jaw/Ind005_F_Jaw_C_news_0082
JAWA/Ind005_F_Jaw/Ind005_F_Jaw_C_news_0083
JAWA/Ind005_F_Jaw/Ind005_F_Jaw_C_news_0084
JAWA/Ind005_F_Jaw/Ind005_F_Jaw_C_news_0085
JAWA/Ind005_F_Jaw/Ind005_F_Jaw_C_news_0086
JAWA/Ind005_F_Jaw/Ind005_F_Jaw_C_news_0087
JAWA/Ind005_F_Jaw/Ind005_F_Jaw_C_news_0088
JAWA/Ind005_F_Jaw/Ind005_F_Jaw_C_news_0089
JAWA/Ind005_F_Jaw/Ind005_F_Jaw_C_news_0090
JAWA/Ind005_F_Jaw/Ind005_F_Jaw_C_news_0091
JAWA/Ind005_F_Jaw/Ind005_F_Jaw_C_news_0092
JAWA/Ind005_F_Jaw/Ind005_F_Jaw_C_news_0093
JAWA/Ind005_F_Jaw/Ind005_F_Jaw_C_news_0094
JAWA/Ind005_F_Jaw/Ind005_F_Jaw_C_news_0095
JAWA/Ind005_F_Jaw/Ind005_F_Jaw_C_news_0096
JAWA/Ind005_F_Jaw/Ind005_F_Jaw_C_news_0097
JAWA/Ind005_F_Jaw/Ind005_F_Jaw_C_news_0098
JAWA/Ind005_F_Jaw/Ind005_F_Jaw_C_news_0099
JAWA/Ind005_F_Jaw/Ind005_F_Jaw_C_news_0100
JAWA/Ind005_F_Jaw/Ind005_F_Jaw_C_news_0101
JAWA/Ind005_F_Jaw/Ind005_F_Jaw_C_news_0102
JAWA/Ind005_F_Jaw/Ind005_F_Jaw_C_news_0103
JAWA/Ind005_F_Jaw/Ind005_F_Jaw_C_news_0104
JAWA/Ind005_F_Jaw/Ind005_F_Jaw_C_news_0105
JAWA/Ind005_F_Jaw/Ind005_F_Jaw_C_news_0106
JAWA/Ind005_F_Jaw/Ind005_F_Jaw_C_news_0107
JAWA/Ind005_F_Jaw/Ind005_F_Jaw_C_news_0108
JAWA/Ind005_F_Jaw/Ind005_F_Jaw_C_news_0109
JAWA/Ind005_F_Jaw/Ind005_F_Jaw_C_news_0110
JAWA/Ind005_F_Jaw/Ind005_F_Jaw_C_news_0111
JAWA/Ind005_F_Jaw/Ind005_F_Jaw_C_news_0112
JAWA/Ind005_F_Jaw/Ind005_F_Jaw_C_news_0113
JAWA/Ind005_F_Jaw/Ind005_F_Jaw_C_news_0114
JAWA/Ind005_F_Jaw/Ind005_F_Jaw_C_news_0115
JAWA/Ind005_F_Jaw/Ind005_F_Jaw_C_news_0116
JAWA/Ind005_F_Jaw/Ind005_F_Jaw_C_news_0117
JAWA/Ind005_F_Jaw/Ind005_F_Jaw_C_news_0118
JAWA/Ind005_F_Jaw/Ind005_F_Jaw_C_news_0119
JAWA/Ind005_F_Jaw/Ind005_F_Jaw_C_news_0120
JAWA/Ind005_F_Jaw/Ind005_F_Jaw_C_news_0121
JAWA/Ind005_F_Jaw/Ind005_F_Jaw_C_news_0122
JAWA/Ind005_F_Jaw/Ind005_F_Jaw_C_news_0123
JAWA/Ind005_F_Jaw/Ind005_F_Jaw_C_news_0124
JAWA/Ind005_F_Jaw/Ind005_F_Jaw_C_news_0125
JAWA/Ind005_F_Jaw/Ind005_F_Jaw_C_news_0126
JAWA/Ind005_F_Jaw/Ind005_F_Jaw_C_news_0127
JAWA/Ind005_F_Jaw/Ind005_F_Jaw_C_news_0128
JAWA/Ind005_F_Jaw/Ind005_F_Jaw_C_news_0129
JAWA/Ind005_F_Jaw/Ind005_F_Jaw_C_news_0130
JAWA/Ind005_F_Jaw/Ind005_F_Jaw_C_news_0131
JAWA/Ind005_F_Jaw/Ind005_F_Jaw_C_news_0132
JAWA/Ind005_F_Jaw/Ind005_F_Jaw_C_news_0133
JAWA/Ind005_F_Jaw/Ind005_F_Jaw_C_news_0134
JAWA/Ind005_F_Jaw/Ind005_F_Jaw_C_news_0135
JAWA/Ind005_F_Jaw/Ind005_F_Jaw_C_news_0136
JAWA/Ind005_F_Jaw/Ind005_F_Jaw_C_news_0137
JAWA/Ind005_F_Jaw/Ind005_F_Jaw_C_news_0138
JAWA/Ind005_F_Jaw/Ind005_F_Jaw_C_news_0139
JAWA/Ind005_F_Jaw/Ind005_F_Jaw_C_news_0140
JAWA/Ind005_F_Jaw/Ind005_F_Jaw_C_news_0141
JAWA/Ind005_F_Jaw/Ind005_F_Jaw_C_news_0142
JAWA/Ind005_F_Jaw/Ind005_F_Jaw_C_news_0143
JAWA/Ind005_F_Jaw/Ind005_F_Jaw_C_news_0144
JAWA/Ind005_F_Jaw/Ind005_F_Jaw_C_news_0145
JAWA/Ind005_F_Jaw/Ind005_F_Jaw_C_news_0146
JAWA/Ind005_F_Jaw/Ind005_F_Jaw_C_news_0147
JAWA/Ind005_F_Jaw/Ind005_F_Jaw_C_news_0148
JAWA/Ind005_F_Jaw/Ind005_F_Jaw_C_news_0149
JAWA/Ind005_F_Jaw/Ind005_F_Jaw_C_news_0150
JAWA/Ind005_F_Jaw/Ind005_F_Jaw_C_news_0151
JAWA/Ind005_F_Jaw/Ind005_F_Jaw_C_news_0152
JAWA/Ind005_F_Jaw/Ind005_F_Jaw_C_news_0153
JAWA/Ind005_F_Jaw/Ind005_F_Jaw_C_news_0154
JAWA/Ind005_F_Jaw/Ind005_F_Jaw_C_news_0155
JAWA/Ind005_F_Jaw/Ind005_F_Jaw_C_news_0156
JAWA/Ind005_F_Jaw/Ind005_F_Jaw_C_news_0157
JAWA/Ind005_F_Jaw/Ind005_F_Jaw_C_news_0158
JAWA/Ind005_F_Jaw/Ind005_F_Jaw_C_news_0159
JAWA/Ind005_F_Jaw/Ind005_F_Jaw_C_news_0160
JAWA/Ind005_F_Jaw/Ind005_F_Jaw_C_news_0161
JAWA/Ind005_F_Jaw/Ind005_F_Jaw_C_news_0162
JAWA/Ind005_F_Jaw/Ind005_F_Jaw_C_news_0163
JAWA/Ind005_F_Jaw/Ind005_F_Jaw_C_news_0164
JAWA/Ind005_F_Jaw/Ind005_F_Jaw_C_news_0165
JAWA/Ind005_F_Jaw/Ind005_F_Jaw_C_news_0166
JAWA/Ind005_F_Jaw/Ind005_F_Jaw_C_news_0167
JAWA/Ind005_F_Jaw/Ind005_F_Jaw_C_news_0168
JAWA/Ind005_F_Jaw/Ind005_F_Jaw_C_news_0169
JAWA/Ind005_F_Jaw/Ind005_F_Jaw_C_news_0170
JAWA/Ind005_F_Jaw/Ind005_F_Jaw_C_news_0171
JAWA/Ind005_F_Jaw/Ind005_F_Jaw_C_news_0172
JAWA/Ind005_F_Jaw/Ind005_F_Jaw_C_news_0173
JAWA/Ind005_F_Jaw/Ind005_F_Jaw_C_news_0174
JAWA/Ind005_F_Jaw/Ind005_F_Jaw_C_news_0175
JAWA/Ind005_F_Jaw/Ind005_F_Jaw_C_news_0176
JAWA/Ind005_F_Jaw/Ind005_F_Jaw_C_news_0177
JAWA/Ind005_F_Jaw/Ind005_F_Jaw_C_news_0178
JAWA/Ind005_F_Jaw/Ind005_F_Jaw_C_news_0179
JAWA/Ind005_F_Jaw/Ind005_F_Jaw_C_news_0180
JAWA/Ind005_F_Jaw/Ind005_F_Jaw_C_news_0181
JAWA/Ind005_F_Jaw/Ind005_F_Jaw_C_news_0182
JAWA/Ind005_F_Jaw/Ind005_F_Jaw_C_news_0183
JAWA/Ind005_F_Jaw/Ind005_F_Jaw_C_news_0184
JAWA/Ind005_F_Jaw/Ind005_F_Jaw_C_news_0185
JAWA/Ind005_F_Jaw/Ind005_F_Jaw_C_news_0186
JAWA/Ind005_F_Jaw/Ind005_F_Jaw_C_news_0187
JAWA/Ind005_F_Jaw/Ind005_F_Jaw_C_news_0188
JAWA/Ind005_F_Jaw/Ind005_F_Jaw_C_news_0189
JAWA/Ind005_F_Jaw/Ind005_F_Jaw_C_news_0190
JAWA/Ind005_F_Jaw/Ind005_F_Jaw_C_news_0191
JAWA/Ind005_F_Jaw/Ind005_F_Jaw_C_news_0192
JAWA/Ind005_F_Jaw/Ind005_F_Jaw_C_news_0193
JAWA/Ind005_F_Jaw/Ind005_F_Jaw_C_news_0194
JAWA/Ind005_F_Jaw/Ind005_F_Jaw_C_news_0195
JAWA/Ind005_F_Jaw/Ind005_F_Jaw_C_news_0196
JAWA/Ind005_F_Jaw/Ind005_F_Jaw_C_news_0197
JAWA/Ind005_F_Jaw/Ind005_F_Jaw_C_news_0198
JAWA/Ind005_F_Jaw/Ind005_F_Jaw_C_news_0199
JAWA/Ind005_F_Jaw/Ind005_F_Jaw_C_news_0200
JAWA/Ind006_M_Jaw/Ind006_M_Jaw_C_news_0001
JAWA/Ind006_M_Jaw/Ind006_M_Jaw_C_news_0002
JAWA/Ind006_M_Jaw/Ind006_M_Jaw_C_news_0003
JAWA/Ind006_M_Jaw/Ind006_M_Jaw_C_news_0004
JAWA/Ind006_M_Jaw/Ind006_M_Jaw_C_news_0005
JAWA/Ind006_M_Jaw/Ind006_M_Jaw_C_news_0006
JAWA/Ind006_M_Jaw/Ind006_M_Jaw_C_news_0007
JAWA/Ind006_M_Jaw/Ind006_M_Jaw_C_news_0008
JAWA/Ind006_M_Jaw/Ind006_M_Jaw_C_news_0009
JAWA/Ind006_M_Jaw/Ind006_M_Jaw_C_news_0010
JAWA/Ind006_M_Jaw/Ind006_M_Jaw_C_news_0011
JAWA/Ind006_M_Jaw/Ind006_M_Jaw_C_news_0012
JAWA/Ind006_M_Jaw/Ind006_M_Jaw_C_news_0013
JAWA/Ind006_M_Jaw/Ind006_M_Jaw_C_news_0014
JAWA/Ind006_M_Jaw/Ind006_M_Jaw_C_news_0015
JAWA/Ind006_M_Jaw/Ind006_M_Jaw_C_news_0016
JAWA/Ind006_M_Jaw/Ind006_M_Jaw_C_news_0017
JAWA/Ind006_M_Jaw/Ind006_M_Jaw_C_news_0018
JAWA/Ind006_M_Jaw/Ind006_M_Jaw_C_news_0019
JAWA/Ind006_M_Jaw/Ind006_M_Jaw_C_news_0020
JAWA/Ind006_M_Jaw/Ind006_M_Jaw_C_news_0021
JAWA/Ind006_M_Jaw/Ind006_M_Jaw_C_news_0022
JAWA/Ind006_M_Jaw/Ind006_M_Jaw_C_news_0023
JAWA/Ind006_M_Jaw/Ind006_M_Jaw_C_news_0024
JAWA/Ind006_M_Jaw/Ind006_M_Jaw_C_news_0025
JAWA/Ind006_M_Jaw/Ind006_M_Jaw_C_news_0026
JAWA/Ind006_M_Jaw/Ind006_M_Jaw_C_news_0027
JAWA/Ind006_M_Jaw/Ind006_M_Jaw_C_news_0028
JAWA/Ind006_M_Jaw/Ind006_M_Jaw_C_news_0029
JAWA/Ind006_M_Jaw/Ind006_M_Jaw_C_news_0030
JAWA/Ind006_M_Jaw/Ind006_M_Jaw_C_news_0031
JAWA/Ind006_M_Jaw/Ind006_M_Jaw_C_news_0032
JAWA/Ind006_M_Jaw/Ind006_M_Jaw_C_news_0033
JAWA/Ind006_M_Jaw/Ind006_M_Jaw_C_news_0034
JAWA/Ind006_M_Jaw/Ind006_M_Jaw_C_news_0035
JAWA/Ind006_M_Jaw/Ind006_M_Jaw_C_news_0036
JAWA/Ind006_M_Jaw/Ind006_M_Jaw_C_news_0037
JAWA/Ind006_M_Jaw/Ind006_M_Jaw_C_news_0038
JAWA/Ind006_M_Jaw/Ind006_M_Jaw_C_news_0039
JAWA/Ind006_M_Jaw/Ind006_M_Jaw_C_news_0040
JAWA/Ind006_M_Jaw/Ind006_M_Jaw_C_news_0041
JAWA/Ind006_M_Jaw/Ind006_M_Jaw_C_news_0042
JAWA/Ind006_M_Jaw/Ind006_M_Jaw_C_news_0043
JAWA/Ind006_M_Jaw/Ind006_M_Jaw_C_news_0044
JAWA/Ind006_M_Jaw/Ind006_M_Jaw_C_news_0045
JAWA/Ind006_M_Jaw/Ind006_M_Jaw_C_news_0046
JAWA/Ind006_M_Jaw/Ind006_M_Jaw_C_news_0047
JAWA/Ind006_M_Jaw/Ind006_M_Jaw_C_news_0048
JAWA/Ind006_M_Jaw/Ind006_M_Jaw_C_news_0049
JAWA/Ind006_M_Jaw/Ind006_M_Jaw_C_news_0050
JAWA/Ind006_M_Jaw/Ind006_M_Jaw_C_news_0051
JAWA/Ind006_M_Jaw/Ind006_M_Jaw_C_news_0052
JAWA/Ind006_M_Jaw/Ind006_M_Jaw_C_news_0053
JAWA/Ind006_M_Jaw/Ind006_M_Jaw_C_news_0054
JAWA/Ind006_M_Jaw/Ind006_M_Jaw_C_news_0055
JAWA/Ind006_M_Jaw/Ind006_M_Jaw_C_news_0056
JAWA/Ind006_M_Jaw/Ind006_M_Jaw_C_news_0057
JAWA/Ind006_M_Jaw/Ind006_M_Jaw_C_news_0058
JAWA/Ind006_M_Jaw/Ind006_M_Jaw_C_news_0059
JAWA/Ind006_M_Jaw/Ind006_M_Jaw_C_news_0060
JAWA/Ind006_M_Jaw/Ind006_M_Jaw_C_news_0061
JAWA/Ind006_M_Jaw/Ind006_M_Jaw_C_news_0062
JAWA/Ind006_M_Jaw/Ind006_M_Jaw_C_news_0063
JAWA/Ind006_M_Jaw/Ind006_M_Jaw_C_news_0064
JAWA/Ind006_M_Jaw/Ind006_M_Jaw_C_news_0065
JAWA/Ind006_M_Jaw/Ind006_M_Jaw_C_news_0066
JAWA/Ind006_M_Jaw/Ind006_M_Jaw_C_news_0067
JAWA/Ind006_M_Jaw/Ind006_M_Jaw_C_news_0068
JAWA/Ind006_M_Jaw/Ind006_M_Jaw_C_news_0069
JAWA/Ind006_M_Jaw/Ind006_M_Jaw_C_news_0070
JAWA/Ind006_M_Jaw/Ind006_M_Jaw_C_news_0071
JAWA/Ind006_M_Jaw/Ind006_M_Jaw_C_news_0072
JAWA/Ind006_M_Jaw/Ind006_M_Jaw_C_news_0073
JAWA/Ind006_M_Jaw/Ind006_M_Jaw_C_news_0074
JAWA/Ind006_M_Jaw/Ind006_M_Jaw_C_news_0075
JAWA/Ind006_M_Jaw/Ind006_M_Jaw_C_news_0076
JAWA/Ind006_M_Jaw/Ind006_M_Jaw_C_news_0077
JAWA/Ind006_M_Jaw/Ind006_M_Jaw_C_news_0078
JAWA/Ind006_M_Jaw/Ind006_M_Jaw_C_news_0079
JAWA/Ind006_M_Jaw/Ind006_M_Jaw_C_news_0080
JAWA/Ind006_M_Jaw/Ind006_M_Jaw_C_news_0081
JAWA/Ind006_M_Jaw/Ind006_M_Jaw_C_news_0082
JAWA/Ind006_M_Jaw/Ind006_M_Jaw_C_news_0083
JAWA/Ind006_M_Jaw/Ind006_M_Jaw_C_news_0084
JAWA/Ind006_M_Jaw/Ind006_M_Jaw_C_news_0085
JAWA/Ind006_M_Jaw/Ind006_M_Jaw_C_news_0086
JAWA/Ind006_M_Jaw/Ind006_M_Jaw_C_news_0087
JAWA/Ind006_M_Jaw/Ind006_M_Jaw_C_news_0088
JAWA/Ind006_M_Jaw/Ind006_M_Jaw_C_news_0089
JAWA/Ind006_M_Jaw/Ind006_M_Jaw_C_news_0090
JAWA/Ind006_M_Jaw/Ind006_M_Jaw_C_news_0091
JAWA/Ind006_M_Jaw/Ind006_M_Jaw_C_news_0092
JAWA/Ind006_M_Jaw/Ind006_M_Jaw_C_news_0093
JAWA/Ind006_M_Jaw/Ind006_M_Jaw_C_news_0094
JAWA/Ind006_M_Jaw/Ind006_M_Jaw_C_news_0095
JAWA/Ind006_M_Jaw/Ind006_M_Jaw_C_news_0096
JAWA/Ind006_M_Jaw/Ind006_M_Jaw_C_news_0097
JAWA/Ind006_M_Jaw/Ind006_M_Jaw_C_news_0098
JAWA/Ind006_M_Jaw/Ind006_M_Jaw_C_news_0099
JAWA/Ind006_M_Jaw/Ind006_M_Jaw_C_news_0100
JAWA/Ind006_M_Jaw/Ind006_M_Jaw_C_news_0101
JAWA/Ind006_M_Jaw/Ind006_M_Jaw_C_news_0102
JAWA/Ind006_M_Jaw/Ind006_M_Jaw_C_news_0103
JAWA/Ind006_M_Jaw/Ind006_M_Jaw_C_news_0104
JAWA/Ind006_M_Jaw/Ind006_M_Jaw_C_news_0105
JAWA/Ind006_M_Jaw/Ind006_M_Jaw_C_news_0106
JAWA/Ind006_M_Jaw/Ind006_M_Jaw_C_news_0107
JAWA/Ind006_M_Jaw/Ind006_M_Jaw_C_news_0108
JAWA/Ind006_M_Jaw/Ind006_M_Jaw_C_news_0109
JAWA/Ind006_M_Jaw/Ind006_M_Jaw_C_news_0110
JAWA/Ind006_M_Jaw/Ind006_M_Jaw_C_news_0111
JAWA/Ind006_M_Jaw/Ind006_M_Jaw_C_news_0112
JAWA/Ind006_M_Jaw/Ind006_M_Jaw_C_news_0113
JAWA/Ind006_M_Jaw/Ind006_M_Jaw_C_news_0114
JAWA/Ind006_M_Jaw/Ind006_M_Jaw_C_news_0115
JAWA/Ind006_M_Jaw/Ind006_M_Jaw_C_news_0116
JAWA/Ind006_M_Jaw/Ind006_M_Jaw_C_news_0117
JAWA/Ind006_M_Jaw/Ind006_M_Jaw_C_news_0118
JAWA/Ind006_M_Jaw/Ind006_M_Jaw_C_news_0119
JAWA/Ind006_M_Jaw/Ind006_M_Jaw_C_news_0120
JAWA/Ind006_M_Jaw/Ind006_M_Jaw_C_news_0121
JAWA/Ind006_M_Jaw/Ind006_M_Jaw_C_news_0122
JAWA/Ind006_M_Jaw/Ind006_M_Jaw_C_news_0123
JAWA/Ind006_M_Jaw/Ind006_M_Jaw_C_news_0124
JAWA/Ind006_M_Jaw/Ind006_M_Jaw_C_news_0125
JAWA/Ind006_M_Jaw/Ind006_M_Jaw_C_news_0126
JAWA/Ind006_M_Jaw/Ind006_M_Jaw_C_news_0127
JAWA/Ind006_M_Jaw/Ind006_M_Jaw_C_news_0128
JAWA/Ind006_M_Jaw/Ind006_M_Jaw_C_news_0129
JAWA/Ind006_M_Jaw/Ind006_M_Jaw_C_news_0130
JAWA/Ind006_M_Jaw/Ind006_M_Jaw_C_news_0131
JAWA/Ind006_M_Jaw/Ind006_M_Jaw_C_news_0132
JAWA/Ind006_M_Jaw/Ind006_M_Jaw_C_news_0133
JAWA/Ind006_M_Jaw/Ind006_M_Jaw_C_news_0134
JAWA/Ind006_M_Jaw/Ind006_M_Jaw_C_news_0135
JAWA/Ind006_M_Jaw/Ind006_M_Jaw_C_news_0136
JAWA/Ind006_M_Jaw/Ind006_M_Jaw_C_news_0137
JAWA/Ind006_M_Jaw/Ind006_M_Jaw_C_news_0138
JAWA/Ind006_M_Jaw/Ind006_M_Jaw_C_news_0139
JAWA/Ind006_M_Jaw/Ind006_M_Jaw_C_news_0140
JAWA/Ind006_M_Jaw/Ind006_M_Jaw_C_news_0141
JAWA/Ind006_M_Jaw/Ind006_M_Jaw_C_news_0142
JAWA/Ind006_M_Jaw/Ind006_M_Jaw_C_news_0143
JAWA/Ind006_M_Jaw/Ind006_M_Jaw_C_news_0144
JAWA/Ind006_M_Jaw/Ind006_M_Jaw_C_news_0145
JAWA/Ind006_M_Jaw/Ind006_M_Jaw_C_news_0146
JAWA/Ind006_M_Jaw/Ind006_M_Jaw_C_news_0147
JAWA/Ind006_M_Jaw/Ind006_M_Jaw_C_news_0148
JAWA/Ind006_M_Jaw/Ind006_M_Jaw_C_news_0149
JAWA/Ind006_M_Jaw/Ind006_M_Jaw_C_news_0150
JAWA/Ind006_M_Jaw/Ind006_M_Jaw_C_news_0151
JAWA/Ind006_M_Jaw/Ind006_M_Jaw_C_news_0152
JAWA/Ind006_M_Jaw/Ind006_M_Jaw_C_news_0153
JAWA/Ind006_M_Jaw/Ind006_M_Jaw_C_news_0154
JAWA/Ind006_M_Jaw/Ind006_M_Jaw_C_news_0155
JAWA/Ind006_M_Jaw/Ind006_M_Jaw_C_news_0156
JAWA/Ind006_M_Jaw/Ind006_M_Jaw_C_news_0157
JAWA/Ind006_M_Jaw/Ind006_M_Jaw_C_news_0158
JAWA/Ind006_M_Jaw/Ind006_M_Jaw_C_news_0159
JAWA/Ind006_M_Jaw/Ind006_M_Jaw_C_news_0160
JAWA/Ind006_M_Jaw/Ind006_M_Jaw_C_news_0161
JAWA/Ind006_M_Jaw/Ind006_M_Jaw_C_news_0162
JAWA/Ind006_M_Jaw/Ind006_M_Jaw_C_news_0163
JAWA/Ind006_M_Jaw/Ind006_M_Jaw_C_news_0164
JAWA/Ind006_M_Jaw/Ind006_M_Jaw_C_news_0165
JAWA/Ind006_M_Jaw/Ind006_M_Jaw_C_news_0166
JAWA/Ind006_M_Jaw/Ind006_M_Jaw_C_news_0167
JAWA/Ind006_M_Jaw/Ind006_M_Jaw_C_news_0168
JAWA/Ind006_M_Jaw/Ind006_M_Jaw_C_news_0169
JAWA/Ind006_M_Jaw/Ind006_M_Jaw_C_news_0170
JAWA/Ind006_M_Jaw/Ind006_M_Jaw_C_news_0171
JAWA/Ind006_M_Jaw/Ind006_M_Jaw_C_news_0172
JAWA/Ind006_M_Jaw/Ind006_M_Jaw_C_news_0173
JAWA/Ind006_M_Jaw/Ind006_M_Jaw_C_news_0174
JAWA/Ind006_M_Jaw/Ind006_M_Jaw_C_news_0175
JAWA/Ind006_M_Jaw/Ind006_M_Jaw_C_news_0176
JAWA/Ind006_M_Jaw/Ind006_M_Jaw_C_news_0177
JAWA/Ind006_M_Jaw/Ind006_M_Jaw_C_news_0178
JAWA/Ind006_M_Jaw/Ind006_M_Jaw_C_news_0179
JAWA/Ind006_M_Jaw/Ind006_M_Jaw_C_news_0180
JAWA/Ind006_M_Jaw/Ind006_M_Jaw_C_news_0181
JAWA/Ind006_M_Jaw/Ind006_M_Jaw_C_news_0182
JAWA/Ind006_M_Jaw/Ind006_M_Jaw_C_news_0183
JAWA/Ind006_M_Jaw/Ind006_M_Jaw_C_news_0184
JAWA/Ind006_M_Jaw/Ind006_M_Jaw_C_news_0185
JAWA/Ind006_M_Jaw/Ind006_M_Jaw_C_news_0186
JAWA/Ind006_M_Jaw/Ind006_M_Jaw_C_news_0187
JAWA/Ind006_M_Jaw/Ind006_M_Jaw_C_news_0188
JAWA/Ind006_M_Jaw/Ind006_M_Jaw_C_news_0189
JAWA/Ind006_M_Jaw/Ind006_M_Jaw_C_news_0190
JAWA/Ind006_M_Jaw/Ind006_M_Jaw_C_news_0191
JAWA/Ind006_M_Jaw/Ind006_M_Jaw_C_news_0192
JAWA/Ind006_M_Jaw/Ind006_M_Jaw_C_news_0193
JAWA/Ind006_M_Jaw/Ind006_M_Jaw_C_news_0194
JAWA/Ind006_M_Jaw/Ind006_M_Jaw_C_news_0195
JAWA/Ind006_M_Jaw/Ind006_M_Jaw_C_news_0196
JAWA/Ind006_M_Jaw/Ind006_M_Jaw_C_news_0197
JAWA/Ind006_M_Jaw/Ind006_M_Jaw_C_news_0198
JAWA/Ind006_M_Jaw/Ind006_M_Jaw_C_news_0199
JAWA/Ind006_M_Jaw/Ind006_M_Jaw_C_news_0200
JAWA/Ind007_F_Jaw/Ind007_F_Jaw_C_news_0001
JAWA/Ind007_F_Jaw/Ind007_F_Jaw_C_news_0002
JAWA/Ind007_F_Jaw/Ind007_F_Jaw_C_news_0003
JAWA/Ind007_F_Jaw/Ind007_F_Jaw_C_news_0004
JAWA/Ind007_F_Jaw/Ind007_F_Jaw_C_news_0005
JAWA/Ind007_F_Jaw/Ind007_F_Jaw_C_news_0006
JAWA/Ind007_F_Jaw/Ind007_F_Jaw_C_news_0007
JAWA/Ind007_F_Jaw/Ind007_F_Jaw_C_news_0008
JAWA/Ind007_F_Jaw/Ind007_F_Jaw_C_news_0009
JAWA/Ind007_F_Jaw/Ind007_F_Jaw_C_news_0010
JAWA/Ind007_F_Jaw/Ind007_F_Jaw_C_news_0011
JAWA/Ind007_F_Jaw/Ind007_F_Jaw_C_news_0012
JAWA/Ind007_F_Jaw/Ind007_F_Jaw_C_news_0013
JAWA/Ind007_F_Jaw/Ind007_F_Jaw_C_news_0014
JAWA/Ind007_F_Jaw/Ind007_F_Jaw_C_news_0015
JAWA/Ind007_F_Jaw/Ind007_F_Jaw_C_news_0016
JAWA/Ind007_F_Jaw/Ind007_F_Jaw_C_news_0017
JAWA/Ind007_F_Jaw/Ind007_F_Jaw_C_news_0018
JAWA/Ind007_F_Jaw/Ind007_F_Jaw_C_news_0019
JAWA/Ind007_F_Jaw/Ind007_F_Jaw_C_news_0020
JAWA/Ind007_F_Jaw/Ind007_F_Jaw_C_news_0021
JAWA/Ind007_F_Jaw/Ind007_F_Jaw_C_news_0022
JAWA/Ind007_F_Jaw/Ind007_F_Jaw_C_news_0023
JAWA/Ind007_F_Jaw/Ind007_F_Jaw_C_news_0024
JAWA/Ind007_F_Jaw/Ind007_F_Jaw_C_news_0025
JAWA/Ind007_F_Jaw/Ind007_F_Jaw_C_news_0026
JAWA/Ind007_F_Jaw/Ind007_F_Jaw_C_news_0027
JAWA/Ind007_F_Jaw/Ind007_F_Jaw_C_news_0028
JAWA/Ind007_F_Jaw/Ind007_F_Jaw_C_news_0029
JAWA/Ind007_F_Jaw/Ind007_F_Jaw_C_news_0030
JAWA/Ind007_F_Jaw/Ind007_F_Jaw_C_news_0031
JAWA/Ind007_F_Jaw/Ind007_F_Jaw_C_news_0032
JAWA/Ind007_F_Jaw/Ind007_F_Jaw_C_news_0033
JAWA/Ind007_F_Jaw/Ind007_F_Jaw_C_news_0034
JAWA/Ind007_F_Jaw/Ind007_F_Jaw_C_news_0035
JAWA/Ind007_F_Jaw/Ind007_F_Jaw_C_news_0036
JAWA/Ind007_F_Jaw/Ind007_F_Jaw_C_news_0037
JAWA/Ind007_F_Jaw/Ind007_F_Jaw_C_news_0038
JAWA/Ind007_F_Jaw/Ind007_F_Jaw_C_news_0039
JAWA/Ind007_F_Jaw/Ind007_F_Jaw_C_news_0040
JAWA/Ind007_F_Jaw/Ind007_F_Jaw_C_news_0041
JAWA/Ind007_F_Jaw/Ind007_F_Jaw_C_news_0042
JAWA/Ind007_F_Jaw/Ind007_F_Jaw_C_news_0043
JAWA/Ind007_F_Jaw/Ind007_F_Jaw_C_news_0044
JAWA/Ind007_F_Jaw/Ind007_F_Jaw_C_news_0045
JAWA/Ind007_F_Jaw/Ind007_F_Jaw_C_news_0046
JAWA/Ind007_F_Jaw/Ind007_F_Jaw_C_news_0047
JAWA/Ind007_F_Jaw/Ind007_F_Jaw_C_news_0048
JAWA/Ind007_F_Jaw/Ind007_F_Jaw_C_news_0049
JAWA/Ind007_F_Jaw/Ind007_F_Jaw_C_news_0050
JAWA/Ind007_F_Jaw/Ind007_F_Jaw_C_news_0051
JAWA/Ind007_F_Jaw/Ind007_F_Jaw_C_news_0052
JAWA/Ind007_F_Jaw/Ind007_F_Jaw_C_news_0053
JAWA/Ind007_F_Jaw/Ind007_F_Jaw_C_news_0054
JAWA/Ind007_F_Jaw/Ind007_F_Jaw_C_news_0055
JAWA/Ind007_F_Jaw/Ind007_F_Jaw_C_news_0056
JAWA/Ind007_F_Jaw/Ind007_F_Jaw_C_news_0057
JAWA/Ind007_F_Jaw/Ind007_F_Jaw_C_news_0058
JAWA/Ind007_F_Jaw/Ind007_F_Jaw_C_news_0059
JAWA/Ind007_F_Jaw/Ind007_F_Jaw_C_news_0060
JAWA/Ind007_F_Jaw/Ind007_F_Jaw_C_news_0061
JAWA/Ind007_F_Jaw/Ind007_F_Jaw_C_news_0062
JAWA/Ind007_F_Jaw/Ind007_F_Jaw_C_news_0063
JAWA/Ind007_F_Jaw/Ind007_F_Jaw_C_news_0064
JAWA/Ind007_F_Jaw/Ind007_F_Jaw_C_news_0065
JAWA/Ind007_F_Jaw/Ind007_F_Jaw_C_news_0066
JAWA/Ind007_F_Jaw/Ind007_F_Jaw_C_news_0067
JAWA/Ind007_F_Jaw/Ind007_F_Jaw_C_news_0068
JAWA/Ind007_F_Jaw/Ind007_F_Jaw_C_news_0069
JAWA/Ind007_F_Jaw/Ind007_F_Jaw_C_news_0070
JAWA/Ind007_F_Jaw/Ind007_F_Jaw_C_news_0071
JAWA/Ind007_F_Jaw/Ind007_F_Jaw_C_news_0072
JAWA/Ind007_F_Jaw/Ind007_F_Jaw_C_news_0073
JAWA/Ind007_F_Jaw/Ind007_F_Jaw_C_news_0074
JAWA/Ind007_F_Jaw/Ind007_F_Jaw_C_news_0075
JAWA/Ind007_F_Jaw/Ind007_F_Jaw_C_news_0076
JAWA/Ind007_F_Jaw/Ind007_F_Jaw_C_news_0077
JAWA/Ind007_F_Jaw/Ind007_F_Jaw_C_news_0078
JAWA/Ind007_F_Jaw/Ind007_F_Jaw_C_news_0079
JAWA/Ind007_F_Jaw/Ind007_F_Jaw_C_news_0080
JAWA/Ind007_F_Jaw/Ind007_F_Jaw_C_news_0081
JAWA/Ind007_F_Jaw/Ind007_F_Jaw_C_news_0082
JAWA/Ind007_F_Jaw/Ind007_F_Jaw_C_news_0083
JAWA/Ind007_F_Jaw/Ind007_F_Jaw_C_news_0084
JAWA/Ind007_F_Jaw/Ind007_F_Jaw_C_news_0085
JAWA/Ind007_F_Jaw/Ind007_F_Jaw_C_news_0086
JAWA/Ind007_F_Jaw/Ind007_F_Jaw_C_news_0087
JAWA/Ind007_F_Jaw/Ind007_F_Jaw_C_news_0088
JAWA/Ind007_F_Jaw/Ind007_F_Jaw_C_news_0089
JAWA/Ind007_F_Jaw/Ind007_F_Jaw_C_news_0090
JAWA/Ind007_F_Jaw/Ind007_F_Jaw_C_news_0091
JAWA/Ind007_F_Jaw/Ind007_F_Jaw_C_news_0092
JAWA/Ind007_F_Jaw/Ind007_F_Jaw_C_news_0093
JAWA/Ind007_F_Jaw/Ind007_F_Jaw_C_news_0094
JAWA/Ind007_F_Jaw/Ind007_F_Jaw_C_news_0095
JAWA/Ind007_F_Jaw/Ind007_F_Jaw_C_news_0096
JAWA/Ind007_F_Jaw/Ind007_F_Jaw_C_news_0097
JAWA/Ind007_F_Jaw/Ind007_F_Jaw_C_news_0098
JAWA/Ind007_F_Jaw/Ind007_F_Jaw_C_news_0099
JAWA/Ind007_F_Jaw/Ind007_F_Jaw_C_news_0100
JAWA/Ind007_F_Jaw/Ind007_F_Jaw_C_news_0101
JAWA/Ind007_F_Jaw/Ind007_F_Jaw_C_news_0102
JAWA/Ind007_F_Jaw/Ind007_F_Jaw_C_news_0103
JAWA/Ind007_F_Jaw/Ind007_F_Jaw_C_news_0104
JAWA/Ind007_F_Jaw/Ind007_F_Jaw_C_news_0105
JAWA/Ind007_F_Jaw/Ind007_F_Jaw_C_news_0106
JAWA/Ind007_F_Jaw/Ind007_F_Jaw_C_news_0107
JAWA/Ind007_F_Jaw/Ind007_F_Jaw_C_news_0108
JAWA/Ind007_F_Jaw/Ind007_F_Jaw_C_news_0109
JAWA/Ind007_F_Jaw/Ind007_F_Jaw_C_news_0110
JAWA/Ind007_F_Jaw/Ind007_F_Jaw_C_news_0111
JAWA/Ind007_F_Jaw/Ind007_F_Jaw_C_news_0112
JAWA/Ind007_F_Jaw/Ind007_F_Jaw_C_news_0113
JAWA/Ind007_F_Jaw/Ind007_F_Jaw_C_news_0114
JAWA/Ind007_F_Jaw/Ind007_F_Jaw_C_news_0115
JAWA/Ind007_F_Jaw/Ind007_F_Jaw_C_news_0116
JAWA/Ind007_F_Jaw/Ind007_F_Jaw_C_news_0117
JAWA/Ind007_F_Jaw/Ind007_F_Jaw_C_news_0118
JAWA/Ind007_F_Jaw/Ind007_F_Jaw_C_news_0119
JAWA/Ind007_F_Jaw/Ind007_F_Jaw_C_news_0120
JAWA/Ind007_F_Jaw/Ind007_F_Jaw_C_news_0121
JAWA/Ind007_F_Jaw/Ind007_F_Jaw_C_news_0122
JAWA/Ind007_F_Jaw/Ind007_F_Jaw_C_news_0123
JAWA/Ind007_F_Jaw/Ind007_F_Jaw_C_news_0124
JAWA/Ind007_F_Jaw/Ind007_F_Jaw_C_news_0125
JAWA/Ind007_F_Jaw/Ind007_F_Jaw_C_news_0126
JAWA/Ind007_F_Jaw/Ind007_F_Jaw_C_news_0127
JAWA/Ind007_F_Jaw/Ind007_F_Jaw_C_news_0128
JAWA/Ind007_F_Jaw/Ind007_F_Jaw_C_news_0129
JAWA/Ind007_F_Jaw/Ind007_F_Jaw_C_news_0130
JAWA/Ind007_F_Jaw/Ind007_F_Jaw_C_news_0131
JAWA/Ind007_F_Jaw/Ind007_F_Jaw_C_news_0132
JAWA/Ind007_F_Jaw/Ind007_F_Jaw_C_news_0133
JAWA/Ind007_F_Jaw/Ind007_F_Jaw_C_news_0134
JAWA/Ind007_F_Jaw/Ind007_F_Jaw_C_news_0135
JAWA/Ind007_F_Jaw/Ind007_F_Jaw_C_news_0136
JAWA/Ind007_F_Jaw/Ind007_F_Jaw_C_news_0137
JAWA/Ind007_F_Jaw/Ind007_F_Jaw_C_news_0138
JAWA/Ind007_F_Jaw/Ind007_F_Jaw_C_news_0139
JAWA/Ind007_F_Jaw/Ind007_F_Jaw_C_news_0140
JAWA/Ind007_F_Jaw/Ind007_F_Jaw_C_news_0141
JAWA/Ind007_F_Jaw/Ind007_F_Jaw_C_news_0142
JAWA/Ind007_F_Jaw/Ind007_F_Jaw_C_news_0143
JAWA/Ind007_F_Jaw/Ind007_F_Jaw_C_news_0144
JAWA/Ind007_F_Jaw/Ind007_F_Jaw_C_news_0145
JAWA/Ind007_F_Jaw/Ind007_F_Jaw_C_news_0146
JAWA/Ind007_F_Jaw/Ind007_F_Jaw_C_news_0147
JAWA/Ind007_F_Jaw/Ind007_F_Jaw_C_news_0148
JAWA/Ind007_F_Jaw/Ind007_F_Jaw_C_news_0149
JAWA/Ind007_F_Jaw/Ind007_F_Jaw_C_news_0150
JAWA/Ind007_F_Jaw/Ind007_F_Jaw_C_news_0151
JAWA/Ind007_F_Jaw/Ind007_F_Jaw_C_news_0152
JAWA/Ind007_F_Jaw/Ind007_F_Jaw_C_news_0153
JAWA/Ind007_F_Jaw/Ind007_F_Jaw_C_news_0154
JAWA/Ind007_F_Jaw/Ind007_F_Jaw_C_news_0155
JAWA/Ind007_F_Jaw/Ind007_F_Jaw_C_news_0156
JAWA/Ind007_F_Jaw/Ind007_F_Jaw_C_news_0157
JAWA/Ind007_F_Jaw/Ind007_F_Jaw_C_news_0158
JAWA/Ind007_F_Jaw/Ind007_F_Jaw_C_news_0159
JAWA/Ind007_F_Jaw/Ind007_F_Jaw_C_news_0160
JAWA/Ind007_F_Jaw/Ind007_F_Jaw_C_news_0161
JAWA/Ind007_F_Jaw/Ind007_F_Jaw_C_news_0162
JAWA/Ind007_F_Jaw/Ind007_F_Jaw_C_news_0163
JAWA/Ind007_F_Jaw/Ind007_F_Jaw_C_news_0164
JAWA/Ind007_F_Jaw/Ind007_F_Jaw_C_news_0165
JAWA/Ind007_F_Jaw/Ind007_F_Jaw_C_news_0166
JAWA/Ind007_F_Jaw/Ind007_F_Jaw_C_news_0167
JAWA/Ind007_F_Jaw/Ind007_F_Jaw_C_news_0168
JAWA/Ind007_F_Jaw/Ind007_F_Jaw_C_news_0169
JAWA/Ind007_F_Jaw/Ind007_F_Jaw_C_news_0170
JAWA/Ind007_F_Jaw/Ind007_F_Jaw_C_news_0171
JAWA/Ind007_F_Jaw/Ind007_F_Jaw_C_news_0172
JAWA/Ind007_F_Jaw/Ind007_F_Jaw_C_news_0173
JAWA/Ind007_F_Jaw/Ind007_F_Jaw_C_news_0174
JAWA/Ind007_F_Jaw/Ind007_F_Jaw_C_news_0175
JAWA/Ind007_F_Jaw/Ind007_F_Jaw_C_news_0176
JAWA/Ind007_F_Jaw/Ind007_F_Jaw_C_news_0177
JAWA/Ind007_F_Jaw/Ind007_F_Jaw_C_news_0178
JAWA/Ind007_F_Jaw/Ind007_F_Jaw_C_news_0179
JAWA/Ind007_F_Jaw/Ind007_F_Jaw_C_news_0180
JAWA/Ind007_F_Jaw/Ind007_F_Jaw_C_news_0181
JAWA/Ind007_F_Jaw/Ind007_F_Jaw_C_news_0182
JAWA/Ind007_F_Jaw/Ind007_F_Jaw_C_news_0183
JAWA/Ind007_F_Jaw/Ind007_F_Jaw_C_news_0184
JAWA/Ind007_F_Jaw/Ind007_F_Jaw_C_news_0185
JAWA/Ind007_F_Jaw/Ind007_F_Jaw_C_news_0186
JAWA/Ind007_F_Jaw/Ind007_F_Jaw_C_news_0187
JAWA/Ind007_F_Jaw/Ind007_F_Jaw_C_news_0188
JAWA/Ind007_F_Jaw/Ind007_F_Jaw_C_news_0189
JAWA/Ind007_F_Jaw/Ind007_F_Jaw_C_news_0190
JAWA/Ind007_F_Jaw/Ind007_F_Jaw_C_news_0191
JAWA/Ind007_F_Jaw/Ind007_F_Jaw_C_news_0192
JAWA/Ind007_F_Jaw/Ind007_F_Jaw_C_news_0193
JAWA/Ind007_F_Jaw/Ind007_F_Jaw_C_news_0194
JAWA/Ind007_F_Jaw/Ind007_F_Jaw_C_news_0195
JAWA/Ind007_F_Jaw/Ind007_F_Jaw_C_news_0196
JAWA/Ind007_F_Jaw/Ind007_F_Jaw_C_news_0197
JAWA/Ind007_F_Jaw/Ind007_F_Jaw_C_news_0198
JAWA/Ind007_F_Jaw/Ind007_F_Jaw_C_news_0199
JAWA/Ind007_F_Jaw/Ind007_F_Jaw_C_news_0200
JAWA/Ind008_M_Jaw/Ind008_M_Jaw_C_news_0001
JAWA/Ind008_M_Jaw/Ind008_M_Jaw_C_news_0002
JAWA/Ind008_M_Jaw/Ind008_M_Jaw_C_news_0003
JAWA/Ind008_M_Jaw/Ind008_M_Jaw_C_news_0004
JAWA/Ind008_M_Jaw/Ind008_M_Jaw_C_news_0005
JAWA/Ind008_M_Jaw/Ind008_M_Jaw_C_news_0006
JAWA/Ind008_M_Jaw/Ind008_M_Jaw_C_news_0007
JAWA/Ind008_M_Jaw/Ind008_M_Jaw_C_news_0008
JAWA/Ind008_M_Jaw/Ind008_M_Jaw_C_news_0009
JAWA/Ind008_M_Jaw/Ind008_M_Jaw_C_news_0010
JAWA/Ind008_M_Jaw/Ind008_M_Jaw_C_news_0011
JAWA/Ind008_M_Jaw/Ind008_M_Jaw_C_news_0012
JAWA/Ind008_M_Jaw/Ind008_M_Jaw_C_news_0013
JAWA/Ind008_M_Jaw/Ind008_M_Jaw_C_news_0014
JAWA/Ind008_M_Jaw/Ind008_M_Jaw_C_news_0015
JAWA/Ind008_M_Jaw/Ind008_M_Jaw_C_news_0016
JAWA/Ind008_M_Jaw/Ind008_M_Jaw_C_news_0017
JAWA/Ind008_M_Jaw/Ind008_M_Jaw_C_news_0018
JAWA/Ind008_M_Jaw/Ind008_M_Jaw_C_news_0019
JAWA/Ind008_M_Jaw/Ind008_M_Jaw_C_news_0020
JAWA/Ind008_M_Jaw/Ind008_M_Jaw_C_news_0021
JAWA/Ind008_M_Jaw/Ind008_M_Jaw_C_news_0022
JAWA/Ind008_M_Jaw/Ind008_M_Jaw_C_news_0023
JAWA/Ind008_M_Jaw/Ind008_M_Jaw_C_news_0024
JAWA/Ind008_M_Jaw/Ind008_M_Jaw_C_news_0025
JAWA/Ind008_M_Jaw/Ind008_M_Jaw_C_news_0026
JAWA/Ind008_M_Jaw/Ind008_M_Jaw_C_news_0027
JAWA/Ind008_M_Jaw/Ind008_M_Jaw_C_news_0028
JAWA/Ind008_M_Jaw/Ind008_M_Jaw_C_news_0029
JAWA/Ind008_M_Jaw/Ind008_M_Jaw_C_news_0030
JAWA/Ind008_M_Jaw/Ind008_M_Jaw_C_news_0031
JAWA/Ind008_M_Jaw/Ind008_M_Jaw_C_news_0032
JAWA/Ind008_M_Jaw/Ind008_M_Jaw_C_news_0033
JAWA/Ind008_M_Jaw/Ind008_M_Jaw_C_news_0034
JAWA/Ind008_M_Jaw/Ind008_M_Jaw_C_news_0035
JAWA/Ind008_M_Jaw/Ind008_M_Jaw_C_news_0036
JAWA/Ind008_M_Jaw/Ind008_M_Jaw_C_news_0037
JAWA/Ind008_M_Jaw/Ind008_M_Jaw_C_news_0038
JAWA/Ind008_M_Jaw/Ind008_M_Jaw_C_news_0039
JAWA/Ind008_M_Jaw/Ind008_M_Jaw_C_news_0040
JAWA/Ind008_M_Jaw/Ind008_M_Jaw_C_news_0041
JAWA/Ind008_M_Jaw/Ind008_M_Jaw_C_news_0042
JAWA/Ind008_M_Jaw/Ind008_M_Jaw_C_news_0043
JAWA/Ind008_M_Jaw/Ind008_M_Jaw_C_news_0044
JAWA/Ind008_M_Jaw/Ind008_M_Jaw_C_news_0045
JAWA/Ind008_M_Jaw/Ind008_M_Jaw_C_news_0046
JAWA/Ind008_M_Jaw/Ind008_M_Jaw_C_news_0047
JAWA/Ind008_M_Jaw/Ind008_M_Jaw_C_news_0048
JAWA/Ind008_M_Jaw/Ind008_M_Jaw_C_news_0049
JAWA/Ind008_M_Jaw/Ind008_M_Jaw_C_news_0050
JAWA/Ind008_M_Jaw/Ind008_M_Jaw_C_news_0051
JAWA/Ind008_M_Jaw/Ind008_M_Jaw_C_news_0052
JAWA/Ind008_M_Jaw/Ind008_M_Jaw_C_news_0053
JAWA/Ind008_M_Jaw/Ind008_M_Jaw_C_news_0054
JAWA/Ind008_M_Jaw/Ind008_M_Jaw_C_news_0055
JAWA/Ind008_M_Jaw/Ind008_M_Jaw_C_news_0056
JAWA/Ind008_M_Jaw/Ind008_M_Jaw_C_news_0057
JAWA/Ind008_M_Jaw/Ind008_M_Jaw_C_news_0058
JAWA/Ind008_M_Jaw/Ind008_M_Jaw_C_news_0059
JAWA/Ind008_M_Jaw/Ind008_M_Jaw_C_news_0060
JAWA/Ind008_M_Jaw/Ind008_M_Jaw_C_news_0061
JAWA/Ind008_M_Jaw/Ind008_M_Jaw_C_news_0062
JAWA/Ind008_M_Jaw/Ind008_M_Jaw_C_news_0063
JAWA/Ind008_M_Jaw/Ind008_M_Jaw_C_news_0064
JAWA/Ind008_M_Jaw/Ind008_M_Jaw_C_news_0065
JAWA/Ind008_M_Jaw/Ind008_M_Jaw_C_news_0066
JAWA/Ind008_M_Jaw/Ind008_M_Jaw_C_news_0067
JAWA/Ind008_M_Jaw/Ind008_M_Jaw_C_news_0068
JAWA/Ind008_M_Jaw/Ind008_M_Jaw_C_news_0069
JAWA/Ind008_M_Jaw/Ind008_M_Jaw_C_news_0070
JAWA/Ind008_M_Jaw/Ind008_M_Jaw_C_news_0071
JAWA/Ind008_M_Jaw/Ind008_M_Jaw_C_news_0072
JAWA/Ind008_M_Jaw/Ind008_M_Jaw_C_news_0073
JAWA/Ind008_M_Jaw/Ind008_M_Jaw_C_news_0074
JAWA/Ind008_M_Jaw/Ind008_M_Jaw_C_news_0075
JAWA/Ind008_M_Jaw/Ind008_M_Jaw_C_news_0076
JAWA/Ind008_M_Jaw/Ind008_M_Jaw_C_news_0077
JAWA/Ind008_M_Jaw/Ind008_M_Jaw_C_news_0078
JAWA/Ind008_M_Jaw/Ind008_M_Jaw_C_news_0079
JAWA/Ind008_M_Jaw/Ind008_M_Jaw_C_news_0080
JAWA/Ind008_M_Jaw/Ind008_M_Jaw_C_news_0081
JAWA/Ind008_M_Jaw/Ind008_M_Jaw_C_news_0082
JAWA/Ind008_M_Jaw/Ind008_M_Jaw_C_news_0083
JAWA/Ind008_M_Jaw/Ind008_M_Jaw_C_news_0084
JAWA/Ind008_M_Jaw/Ind008_M_Jaw_C_news_0085
JAWA/Ind008_M_Jaw/Ind008_M_Jaw_C_news_0086
JAWA/Ind008_M_Jaw/Ind008_M_Jaw_C_news_0087
JAWA/Ind008_M_Jaw/Ind008_M_Jaw_C_news_0088
JAWA/Ind008_M_Jaw/Ind008_M_Jaw_C_news_0089
JAWA/Ind008_M_Jaw/Ind008_M_Jaw_C_news_0090
JAWA/Ind008_M_Jaw/Ind008_M_Jaw_C_news_0091
JAWA/Ind008_M_Jaw/Ind008_M_Jaw_C_news_0092
JAWA/Ind008_M_Jaw/Ind008_M_Jaw_C_news_0093
JAWA/Ind008_M_Jaw/Ind008_M_Jaw_C_news_0094
JAWA/Ind008_M_Jaw/Ind008_M_Jaw_C_news_0095
JAWA/Ind008_M_Jaw/Ind008_M_Jaw_C_news_0096
JAWA/Ind008_M_Jaw/Ind008_M_Jaw_C_news_0097
JAWA/Ind008_M_Jaw/Ind008_M_Jaw_C_news_0098
JAWA/Ind008_M_Jaw/Ind008_M_Jaw_C_news_0099
JAWA/Ind008_M_Jaw/Ind008_M_Jaw_C_news_0100
JAWA/Ind008_M_Jaw/Ind008_M_Jaw_C_news_0101
JAWA/Ind008_M_Jaw/Ind008_M_Jaw_C_news_0102
JAWA/Ind008_M_Jaw/Ind008_M_Jaw_C_news_0103
JAWA/Ind008_M_Jaw/Ind008_M_Jaw_C_news_0104
JAWA/Ind008_M_Jaw/Ind008_M_Jaw_C_news_0105
JAWA/Ind008_M_Jaw/Ind008_M_Jaw_C_news_0106
JAWA/Ind008_M_Jaw/Ind008_M_Jaw_C_news_0107
JAWA/Ind008_M_Jaw/Ind008_M_Jaw_C_news_0108
JAWA/Ind008_M_Jaw/Ind008_M_Jaw_C_news_0109
JAWA/Ind008_M_Jaw/Ind008_M_Jaw_C_news_0110
JAWA/Ind008_M_Jaw/Ind008_M_Jaw_C_news_0111
JAWA/Ind008_M_Jaw/Ind008_M_Jaw_C_news_0112
JAWA/Ind008_M_Jaw/Ind008_M_Jaw_C_news_0113
JAWA/Ind008_M_Jaw/Ind008_M_Jaw_C_news_0114
JAWA/Ind008_M_Jaw/Ind008_M_Jaw_C_news_0115
JAWA/Ind008_M_Jaw/Ind008_M_Jaw_C_news_0116
JAWA/Ind008_M_Jaw/Ind008_M_Jaw_C_news_0117
JAWA/Ind008_M_Jaw/Ind008_M_Jaw_C_news_0118
JAWA/Ind008_M_Jaw/Ind008_M_Jaw_C_news_0119
JAWA/Ind008_M_Jaw/Ind008_M_Jaw_C_news_0120
JAWA/Ind008_M_Jaw/Ind008_M_Jaw_C_news_0121
JAWA/Ind008_M_Jaw/Ind008_M_Jaw_C_news_0122
JAWA/Ind008_M_Jaw/Ind008_M_Jaw_C_news_0123
JAWA/Ind008_M_Jaw/Ind008_M_Jaw_C_news_0124
JAWA/Ind008_M_Jaw/Ind008_M_Jaw_C_news_0125
JAWA/Ind008_M_Jaw/Ind008_M_Jaw_C_news_0126
JAWA/Ind008_M_Jaw/Ind008_M_Jaw_C_news_0127
JAWA/Ind008_M_Jaw/Ind008_M_Jaw_C_news_0128
JAWA/Ind008_M_Jaw/Ind008_M_Jaw_C_news_0129
JAWA/Ind008_M_Jaw/Ind008_M_Jaw_C_news_0130
JAWA/Ind008_M_Jaw/Ind008_M_Jaw_C_news_0131
JAWA/Ind008_M_Jaw/Ind008_M_Jaw_C_news_0132
JAWA/Ind008_M_Jaw/Ind008_M_Jaw_C_news_0133
JAWA/Ind008_M_Jaw/Ind008_M_Jaw_C_news_0134
JAWA/Ind008_M_Jaw/Ind008_M_Jaw_C_news_0135
JAWA/Ind008_M_Jaw/Ind008_M_Jaw_C_news_0136
JAWA/Ind008_M_Jaw/Ind008_M_Jaw_C_news_0137
JAWA/Ind008_M_Jaw/Ind008_M_Jaw_C_news_0138
JAWA/Ind008_M_Jaw/Ind008_M_Jaw_C_news_0139
JAWA/Ind008_M_Jaw/Ind008_M_Jaw_C_news_0140
JAWA/Ind008_M_Jaw/Ind008_M_Jaw_C_news_0141
JAWA/Ind008_M_Jaw/Ind008_M_Jaw_C_news_0142
JAWA/Ind008_M_Jaw/Ind008_M_Jaw_C_news_0143
JAWA/Ind008_M_Jaw/Ind008_M_Jaw_C_news_0144
JAWA/Ind008_M_Jaw/Ind008_M_Jaw_C_news_0145
JAWA/Ind008_M_Jaw/Ind008_M_Jaw_C_news_0146
JAWA/Ind008_M_Jaw/Ind008_M_Jaw_C_news_0147
JAWA/Ind008_M_Jaw/Ind008_M_Jaw_C_news_0148
JAWA/Ind008_M_Jaw/Ind008_M_Jaw_C_news_0149
JAWA/Ind008_M_Jaw/Ind008_M_Jaw_C_news_0150
JAWA/Ind008_M_Jaw/Ind008_M_Jaw_C_news_0151
JAWA/Ind008_M_Jaw/Ind008_M_Jaw_C_news_0152
JAWA/Ind008_M_Jaw/Ind008_M_Jaw_C_news_0153
JAWA/Ind008_M_Jaw/Ind008_M_Jaw_C_news_0154
JAWA/Ind008_M_Jaw/Ind008_M_Jaw_C_news_0155
JAWA/Ind008_M_Jaw/Ind008_M_Jaw_C_news_0156
JAWA/Ind008_M_Jaw/Ind008_M_Jaw_C_news_0157
JAWA/Ind008_M_Jaw/Ind008_M_Jaw_C_news_0158
JAWA/Ind008_M_Jaw/Ind008_M_Jaw_C_news_0159
JAWA/Ind008_M_Jaw/Ind008_M_Jaw_C_news_0160
JAWA/Ind008_M_Jaw/Ind008_M_Jaw_C_news_0161
JAWA/Ind008_M_Jaw/Ind008_M_Jaw_C_news_0162
JAWA/Ind008_M_Jaw/Ind008_M_Jaw_C_news_0163
JAWA/Ind008_M_Jaw/Ind008_M_Jaw_C_news_0164
JAWA/Ind008_M_Jaw/Ind008_M_Jaw_C_news_0165
JAWA/Ind008_M_Jaw/Ind008_M_Jaw_C_news_0166
JAWA/Ind008_M_Jaw/Ind008_M_Jaw_C_news_0167
JAWA/Ind008_M_Jaw/Ind008_M_Jaw_C_news_0168
JAWA/Ind008_M_Jaw/Ind008_M_Jaw_C_news_0169
JAWA/Ind008_M_Jaw/Ind008_M_Jaw_C_news_0170
JAWA/Ind008_M_Jaw/Ind008_M_Jaw_C_news_0171
JAWA/Ind008_M_Jaw/Ind008_M_Jaw_C_news_0172
JAWA/Ind008_M_Jaw/Ind008_M_Jaw_C_news_0173
JAWA/Ind008_M_Jaw/Ind008_M_Jaw_C_news_0174
JAWA/Ind008_M_Jaw/Ind008_M_Jaw_C_news_0175
JAWA/Ind008_M_Jaw/Ind008_M_Jaw_C_news_0176
JAWA/Ind008_M_Jaw/Ind008_M_Jaw_C_news_0177
JAWA/Ind008_M_Jaw/Ind008_M_Jaw_C_news_0178
JAWA/Ind008_M_Jaw/Ind008_M_Jaw_C_news_0179
JAWA/Ind008_M_Jaw/Ind008_M_Jaw_C_news_0180
JAWA/Ind008_M_Jaw/Ind008_M_Jaw_C_news_0181
JAWA/Ind008_M_Jaw/Ind008_M_Jaw_C_news_0182
JAWA/Ind008_M_Jaw/Ind008_M_Jaw_C_news_0183
JAWA/Ind008_M_Jaw/Ind008_M_Jaw_C_news_0184
JAWA/Ind008_M_Jaw/Ind008_M_Jaw_C_news_0185
JAWA/Ind008_M_Jaw/Ind008_M_Jaw_C_news_0186
JAWA/Ind008_M_Jaw/Ind008_M_Jaw_C_news_0187
JAWA/Ind008_M_Jaw/Ind008_M_Jaw_C_news_0188
JAWA/Ind008_M_Jaw/Ind008_M_Jaw_C_news_0189
JAWA/Ind008_M_Jaw/Ind008_M_Jaw_C_news_0190
JAWA/Ind008_M_Jaw/Ind008_M_Jaw_C_news_0191
JAWA/Ind008_M_Jaw/Ind008_M_Jaw_C_news_0192
JAWA/Ind008_M_Jaw/Ind008_M_Jaw_C_news_0193
JAWA/Ind008_M_Jaw/Ind008_M_Jaw_C_news_0194
JAWA/Ind008_M_Jaw/Ind008_M_Jaw_C_news_0195
JAWA/Ind008_M_Jaw/Ind008_M_Jaw_C_news_0196
JAWA/Ind008_M_Jaw/Ind008_M_Jaw_C_news_0197
JAWA/Ind008_M_Jaw/Ind008_M_Jaw_C_news_0198
JAWA/Ind008_M_Jaw/Ind008_M_Jaw_C_news_0199
JAWA/Ind008_M_Jaw/Ind008_M_Jaw_C_news_0200
