SUNDA/Ind001_F_Snd/Ind001_F_Snd_C_traInd_0001
SUNDA/Ind001_F_Snd/Ind001_F_Snd_C_traInd_0002
SUNDA/Ind001_F_Snd/Ind001_F_Snd_C_traInd_0003
SUNDA/Ind001_F_Snd/Ind001_F_Snd_C_traInd_0004
SUNDA/Ind001_F_Snd/Ind001_F_Snd_C_traInd_0005
SUNDA/Ind001_F_Snd/Ind001_F_Snd_C_traInd_0006
SUNDA/Ind001_F_Snd/Ind001_F_Snd_C_traInd_0007
SUNDA/Ind001_F_Snd/Ind001_F_Snd_C_traInd_0008
SUNDA/Ind001_F_Snd/Ind001_F_Snd_C_traInd_0009
SUNDA/Ind001_F_Snd/Ind001_F_Snd_C_traInd_0010
SUNDA/Ind001_F_Snd/Ind001_F_Snd_C_traInd_0011
SUNDA/Ind001_F_Snd/Ind001_F_Snd_C_traInd_0012
SUNDA/Ind001_F_Snd/Ind001_F_Snd_C_traInd_0013
SUNDA/Ind001_F_Snd/Ind001_F_Snd_C_traInd_0014
SUNDA/Ind001_F_Snd/Ind001_F_Snd_C_traInd_0015
SUNDA/Ind001_F_Snd/Ind001_F_Snd_C_traInd_0016
SUNDA/Ind001_F_Snd/Ind001_F_Snd_C_traInd_0017
SUNDA/Ind001_F_Snd/Ind001_F_Snd_C_traInd_0018
SUNDA/Ind001_F_Snd/Ind001_F_Snd_C_traInd_0019
SUNDA/Ind001_F_Snd/Ind001_F_Snd_C_traInd_0020
SUNDA/Ind001_F_Snd/Ind001_F_Snd_C_traInd_0021
SUNDA/Ind001_F_Snd/Ind001_F_Snd_C_traInd_0022
SUNDA/Ind001_F_Snd/Ind001_F_Snd_C_traInd_0023
SUNDA/Ind001_F_Snd/Ind001_F_Snd_C_traInd_0024
SUNDA/Ind001_F_Snd/Ind001_F_Snd_C_traInd_0025
SUNDA/Ind001_F_Snd/Ind001_F_Snd_C_traInd_0026
SUNDA/Ind001_F_Snd/Ind001_F_Snd_C_traInd_0027
SUNDA/Ind001_F_Snd/Ind001_F_Snd_C_traInd_0028
SUNDA/Ind001_F_Snd/Ind001_F_Snd_C_traInd_0029
SUNDA/Ind001_F_Snd/Ind001_F_Snd_C_traInd_0030
SUNDA/Ind001_F_Snd/Ind001_F_Snd_C_traInd_0031
SUNDA/Ind001_F_Snd/Ind001_F_Snd_C_traInd_0032
SUNDA/Ind001_F_Snd/Ind001_F_Snd_C_traInd_0033
SUNDA/Ind001_F_Snd/Ind001_F_Snd_C_traInd_0034
SUNDA/Ind001_F_Snd/Ind001_F_Snd_C_traInd_0035
SUNDA/Ind001_F_Snd/Ind001_F_Snd_C_traInd_0036
SUNDA/Ind001_F_Snd/Ind001_F_Snd_C_traInd_0037
SUNDA/Ind001_F_Snd/Ind001_F_Snd_C_traInd_0038
SUNDA/Ind001_F_Snd/Ind001_F_Snd_C_traInd_0039
SUNDA/Ind001_F_Snd/Ind001_F_Snd_C_traInd_0040
SUNDA/Ind001_F_Snd/Ind001_F_Snd_C_traInd_0041
SUNDA/Ind001_F_Snd/Ind001_F_Snd_C_traInd_0042
SUNDA/Ind001_F_Snd/Ind001_F_Snd_C_traInd_0043
SUNDA/Ind001_F_Snd/Ind001_F_Snd_C_traInd_0044
SUNDA/Ind001_F_Snd/Ind001_F_Snd_C_traInd_0045
SUNDA/Ind001_F_Snd/Ind001_F_Snd_C_traInd_0046
SUNDA/Ind001_F_Snd/Ind001_F_Snd_C_traInd_0047
SUNDA/Ind001_F_Snd/Ind001_F_Snd_C_traInd_0048
SUNDA/Ind001_F_Snd/Ind001_F_Snd_C_traInd_0049
SUNDA/Ind001_F_Snd/Ind001_F_Snd_C_traInd_0050
SUNDA/Ind002_M_Snd/Ind002_M_Snd_C_traInd_0001
SUNDA/Ind002_M_Snd/Ind002_M_Snd_C_traInd_0002
SUNDA/Ind002_M_Snd/Ind002_M_Snd_C_traInd_0003
SUNDA/Ind002_M_Snd/Ind002_M_Snd_C_traInd_0004
SUNDA/Ind002_M_Snd/Ind002_M_Snd_C_traInd_0005
SUNDA/Ind002_M_Snd/Ind002_M_Snd_C_traInd_0006
SUNDA/Ind002_M_Snd/Ind002_M_Snd_C_traInd_0007
SUNDA/Ind002_M_Snd/Ind002_M_Snd_C_traInd_0008
SUNDA/Ind002_M_Snd/Ind002_M_Snd_C_traInd_0009
SUNDA/Ind002_M_Snd/Ind002_M_Snd_C_traInd_0010
SUNDA/Ind002_M_Snd/Ind002_M_Snd_C_traInd_0011
SUNDA/Ind002_M_Snd/Ind002_M_Snd_C_traInd_0012
SUNDA/Ind002_M_Snd/Ind002_M_Snd_C_traInd_0013
SUNDA/Ind002_M_Snd/Ind002_M_Snd_C_traInd_0014
SUNDA/Ind002_M_Snd/Ind002_M_Snd_C_traInd_0015
SUNDA/Ind002_M_Snd/Ind002_M_Snd_C_traInd_0016
SUNDA/Ind002_M_Snd/Ind002_M_Snd_C_traInd_0017
SUNDA/Ind002_M_Snd/Ind002_M_Snd_C_traInd_0018
SUNDA/Ind002_M_Snd/Ind002_M_Snd_C_traInd_0019
SUNDA/Ind002_M_Snd/Ind002_M_Snd_C_traInd_0020
SUNDA/Ind002_M_Snd/Ind002_M_Snd_C_traInd_0021
SUNDA/Ind002_M_Snd/Ind002_M_Snd_C_traInd_0022
SUNDA/Ind002_M_Snd/Ind002_M_Snd_C_traInd_0023
SUNDA/Ind002_M_Snd/Ind002_M_Snd_C_traInd_0024
SUNDA/Ind002_M_Snd/Ind002_M_Snd_C_traInd_0025
SUNDA/Ind002_M_Snd/Ind002_M_Snd_C_traInd_0026
SUNDA/Ind002_M_Snd/Ind002_M_Snd_C_traInd_0027
SUNDA/Ind002_M_Snd/Ind002_M_Snd_C_traInd_0028
SUNDA/Ind002_M_Snd/Ind002_M_Snd_C_traInd_0029
SUNDA/Ind002_M_Snd/Ind002_M_Snd_C_traInd_0030
SUNDA/Ind002_M_Snd/Ind002_M_Snd_C_traInd_0031
SUNDA/Ind002_M_Snd/Ind002_M_Snd_C_traInd_0032
SUNDA/Ind002_M_Snd/Ind002_M_Snd_C_traInd_0033
SUNDA/Ind002_M_Snd/Ind002_M_Snd_C_traInd_0034
SUNDA/Ind002_M_Snd/Ind002_M_Snd_C_traInd_0035
SUNDA/Ind002_M_Snd/Ind002_M_Snd_C_traInd_0036
SUNDA/Ind002_M_Snd/Ind002_M_Snd_C_traInd_0037
SUNDA/Ind002_M_Snd/Ind002_M_Snd_C_traInd_0038
SUNDA/Ind002_M_Snd/Ind002_M_Snd_C_traInd_0039
SUNDA/Ind002_M_Snd/Ind002_M_Snd_C_traInd_0040
SUNDA/Ind002_M_Snd/Ind002_M_Snd_C_traInd_0041
SUNDA/Ind002_M_Snd/Ind002_M_Snd_C_traInd_0042
SUNDA/Ind002_M_Snd/Ind002_M_Snd_C_traInd_0043
SUNDA/Ind002_M_Snd/Ind002_M_Snd_C_traInd_0044
SUNDA/Ind002_M_Snd/Ind002_M_Snd_C_traInd_0045
SUNDA/Ind002_M_Snd/Ind002_M_Snd_C_traInd_0046
SUNDA/Ind002_M_Snd/Ind002_M_Snd_C_traInd_0047
SUNDA/Ind002_M_Snd/Ind002_M_Snd_C_traInd_0048
SUNDA/Ind002_M_Snd/Ind002_M_Snd_C_traInd_0049
SUNDA/Ind002_M_Snd/Ind002_M_Snd_C_traInd_0050
SUNDA/Ind003_F_Snd/Ind003_F_Snd_C_traInd_0001
SUNDA/Ind003_F_Snd/Ind003_F_Snd_C_traInd_0002
SUNDA/Ind003_F_Snd/Ind003_F_Snd_C_traInd_0003
SUNDA/Ind003_F_Snd/Ind003_F_Snd_C_traInd_0004
SUNDA/Ind003_F_Snd/Ind003_F_Snd_C_traInd_0005
SUNDA/Ind003_F_Snd/Ind003_F_Snd_C_traInd_0006
SUNDA/Ind003_F_Snd/Ind003_F_Snd_C_traInd_0007
SUNDA/Ind003_F_Snd/Ind003_F_Snd_C_traInd_0008
SUNDA/Ind003_F_Snd/Ind003_F_Snd_C_traInd_0009
SUNDA/Ind003_F_Snd/Ind003_F_Snd_C_traInd_0010
SUNDA/Ind003_F_Snd/Ind003_F_Snd_C_traInd_0011
SUNDA/Ind003_F_Snd/Ind003_F_Snd_C_traInd_0012
SUNDA/Ind003_F_Snd/Ind003_F_Snd_C_traInd_0013
SUNDA/Ind003_F_Snd/Ind003_F_Snd_C_traInd_0014
SUNDA/Ind003_F_Snd/Ind003_F_Snd_C_traInd_0015
SUNDA/Ind003_F_Snd/Ind003_F_Snd_C_traInd_0016
SUNDA/Ind003_F_Snd/Ind003_F_Snd_C_traInd_0017
SUNDA/Ind003_F_Snd/Ind003_F_Snd_C_traInd_0018
SUNDA/Ind003_F_Snd/Ind003_F_Snd_C_traInd_0019
SUNDA/Ind003_F_Snd/Ind003_F_Snd_C_traInd_0020
SUNDA/Ind003_F_Snd/Ind003_F_Snd_C_traInd_0021
SUNDA/Ind003_F_Snd/Ind003_F_Snd_C_traInd_0022
SUNDA/Ind003_F_Snd/Ind003_F_Snd_C_traInd_0023
SUNDA/Ind003_F_Snd/Ind003_F_Snd_C_traInd_0024
SUNDA/Ind003_F_Snd/Ind003_F_Snd_C_traInd_0025
SUNDA/Ind003_F_Snd/Ind003_F_Snd_C_traInd_0026
SUNDA/Ind003_F_Snd/Ind003_F_Snd_C_traInd_0027
SUNDA/Ind003_F_Snd/Ind003_F_Snd_C_traInd_0028
SUNDA/Ind003_F_Snd/Ind003_F_Snd_C_traInd_0029
SUNDA/Ind003_F_Snd/Ind003_F_Snd_C_traInd_0030
SUNDA/Ind003_F_Snd/Ind003_F_Snd_C_traInd_0031
SUNDA/Ind003_F_Snd/Ind003_F_Snd_C_traInd_0032
SUNDA/Ind003_F_Snd/Ind003_F_Snd_C_traInd_0033
SUNDA/Ind003_F_Snd/Ind003_F_Snd_C_traInd_0034
SUNDA/Ind003_F_Snd/Ind003_F_Snd_C_traInd_0035
SUNDA/Ind003_F_Snd/Ind003_F_Snd_C_traInd_0036
SUNDA/Ind003_F_Snd/Ind003_F_Snd_C_traInd_0037
SUNDA/Ind003_F_Snd/Ind003_F_Snd_C_traInd_0038
SUNDA/Ind003_F_Snd/Ind003_F_Snd_C_traInd_0039
SUNDA/Ind003_F_Snd/Ind003_F_Snd_C_traInd_0040
SUNDA/Ind003_F_Snd/Ind003_F_Snd_C_traInd_0041
SUNDA/Ind003_F_Snd/Ind003_F_Snd_C_traInd_0042
SUNDA/Ind003_F_Snd/Ind003_F_Snd_C_traInd_0043
SUNDA/Ind003_F_Snd/Ind003_F_Snd_C_traInd_0044
SUNDA/Ind003_F_Snd/Ind003_F_Snd_C_traInd_0045
SUNDA/Ind003_F_Snd/Ind003_F_Snd_C_traInd_0046
SUNDA/Ind003_F_Snd/Ind003_F_Snd_C_traInd_0047
SUNDA/Ind003_F_Snd/Ind003_F_Snd_C_traInd_0048
SUNDA/Ind003_F_Snd/Ind003_F_Snd_C_traInd_0049
SUNDA/Ind003_F_Snd/Ind003_F_Snd_C_traInd_0050
SUNDA/Ind004_M_Snd/Ind004_M_Snd_C_traInd_0001
SUNDA/Ind004_M_Snd/Ind004_M_Snd_C_traInd_0002
SUNDA/Ind004_M_Snd/Ind004_M_Snd_C_traInd_0003
SUNDA/Ind004_M_Snd/Ind004_M_Snd_C_traInd_0004
SUNDA/Ind004_M_Snd/Ind004_M_Snd_C_traInd_0005
SUNDA/Ind004_M_Snd/Ind004_M_Snd_C_traInd_0006
SUNDA/Ind004_M_Snd/Ind004_M_Snd_C_traInd_0007
SUNDA/Ind004_M_Snd/Ind004_M_Snd_C_traInd_0008
SUNDA/Ind004_M_Snd/Ind004_M_Snd_C_traInd_0009
SUNDA/Ind004_M_Snd/Ind004_M_Snd_C_traInd_0010
SUNDA/Ind004_M_Snd/Ind004_M_Snd_C_traInd_0011
SUNDA/Ind004_M_Snd/Ind004_M_Snd_C_traInd_0012
SUNDA/Ind004_M_Snd/Ind004_M_Snd_C_traInd_0013
SUNDA/Ind004_M_Snd/Ind004_M_Snd_C_traInd_0014
SUNDA/Ind004_M_Snd/Ind004_M_Snd_C_traInd_0015
SUNDA/Ind004_M_Snd/Ind004_M_Snd_C_traInd_0016
SUNDA/Ind004_M_Snd/Ind004_M_Snd_C_traInd_0017
SUNDA/Ind004_M_Snd/Ind004_M_Snd_C_traInd_0018
SUNDA/Ind004_M_Snd/Ind004_M_Snd_C_traInd_0019
SUNDA/Ind004_M_Snd/Ind004_M_Snd_C_traInd_0020
SUNDA/Ind004_M_Snd/Ind004_M_Snd_C_traInd_0021
SUNDA/Ind004_M_Snd/Ind004_M_Snd_C_traInd_0022
SUNDA/Ind004_M_Snd/Ind004_M_Snd_C_traInd_0023
SUNDA/Ind004_M_Snd/Ind004_M_Snd_C_traInd_0024
SUNDA/Ind004_M_Snd/Ind004_M_Snd_C_traInd_0025
SUNDA/Ind004_M_Snd/Ind004_M_Snd_C_traInd_0026
SUNDA/Ind004_M_Snd/Ind004_M_Snd_C_traInd_0027
SUNDA/Ind004_M_Snd/Ind004_M_Snd_C_traInd_0028
SUNDA/Ind004_M_Snd/Ind004_M_Snd_C_traInd_0029
SUNDA/Ind004_M_Snd/Ind004_M_Snd_C_traInd_0030
SUNDA/Ind004_M_Snd/Ind004_M_Snd_C_traInd_0031
SUNDA/Ind004_M_Snd/Ind004_M_Snd_C_traInd_0032
SUNDA/Ind004_M_Snd/Ind004_M_Snd_C_traInd_0033
SUNDA/Ind004_M_Snd/Ind004_M_Snd_C_traInd_0034
SUNDA/Ind004_M_Snd/Ind004_M_Snd_C_traInd_0035
SUNDA/Ind004_M_Snd/Ind004_M_Snd_C_traInd_0036
SUNDA/Ind004_M_Snd/Ind004_M_Snd_C_traInd_0037
SUNDA/Ind004_M_Snd/Ind004_M_Snd_C_traInd_0038
SUNDA/Ind004_M_Snd/Ind004_M_Snd_C_traInd_0039
SUNDA/Ind004_M_Snd/Ind004_M_Snd_C_traInd_0040
SUNDA/Ind004_M_Snd/Ind004_M_Snd_C_traInd_0041
SUNDA/Ind004_M_Snd/Ind004_M_Snd_C_traInd_0042
SUNDA/Ind004_M_Snd/Ind004_M_Snd_C_traInd_0043
SUNDA/Ind004_M_Snd/Ind004_M_Snd_C_traInd_0044
SUNDA/Ind004_M_Snd/Ind004_M_Snd_C_traInd_0045
SUNDA/Ind004_M_Snd/Ind004_M_Snd_C_traInd_0046
SUNDA/Ind004_M_Snd/Ind004_M_Snd_C_traInd_0047
SUNDA/Ind004_M_Snd/Ind004_M_Snd_C_traInd_0048
SUNDA/Ind004_M_Snd/Ind004_M_Snd_C_traInd_0049
SUNDA/Ind004_M_Snd/Ind004_M_Snd_C_traInd_0050
SUNDA/Ind005_F_Snd/Ind005_F_Snd_C_traInd_0001
SUNDA/Ind005_F_Snd/Ind005_F_Snd_C_traInd_0002
SUNDA/Ind005_F_Snd/Ind005_F_Snd_C_traInd_0003
SUNDA/Ind005_F_Snd/Ind005_F_Snd_C_traInd_0004
SUNDA/Ind005_F_Snd/Ind005_F_Snd_C_traInd_0005
SUNDA/Ind005_F_Snd/Ind005_F_Snd_C_traInd_0006
SUNDA/Ind005_F_Snd/Ind005_F_Snd_C_traInd_0007
SUNDA/Ind005_F_Snd/Ind005_F_Snd_C_traInd_0008
SUNDA/Ind005_F_Snd/Ind005_F_Snd_C_traInd_0009
SUNDA/Ind005_F_Snd/Ind005_F_Snd_C_traInd_0010
SUNDA/Ind005_F_Snd/Ind005_F_Snd_C_traInd_0011
SUNDA/Ind005_F_Snd/Ind005_F_Snd_C_traInd_0012
SUNDA/Ind005_F_Snd/Ind005_F_Snd_C_traInd_0013
SUNDA/Ind005_F_Snd/Ind005_F_Snd_C_traInd_0014
SUNDA/Ind005_F_Snd/Ind005_F_Snd_C_traInd_0015
SUNDA/Ind005_F_Snd/Ind005_F_Snd_C_traInd_0016
SUNDA/Ind005_F_Snd/Ind005_F_Snd_C_traInd_0017
SUNDA/Ind005_F_Snd/Ind005_F_Snd_C_traInd_0018
SUNDA/Ind005_F_Snd/Ind005_F_Snd_C_traInd_0019
SUNDA/Ind005_F_Snd/Ind005_F_Snd_C_traInd_0020
SUNDA/Ind005_F_Snd/Ind005_F_Snd_C_traInd_0021
SUNDA/Ind005_F_Snd/Ind005_F_Snd_C_traInd_0022
SUNDA/Ind005_F_Snd/Ind005_F_Snd_C_traInd_0023
SUNDA/Ind005_F_Snd/Ind005_F_Snd_C_traInd_0024
SUNDA/Ind005_F_Snd/Ind005_F_Snd_C_traInd_0025
SUNDA/Ind005_F_Snd/Ind005_F_Snd_C_traInd_0026
SUNDA/Ind005_F_Snd/Ind005_F_Snd_C_traInd_0027
SUNDA/Ind005_F_Snd/Ind005_F_Snd_C_traInd_0028
SUNDA/Ind005_F_Snd/Ind005_F_Snd_C_traInd_0029
SUNDA/Ind005_F_Snd/Ind005_F_Snd_C_traInd_0030
SUNDA/Ind005_F_Snd/Ind005_F_Snd_C_traInd_0031
SUNDA/Ind005_F_Snd/Ind005_F_Snd_C_traInd_0032
SUNDA/Ind005_F_Snd/Ind005_F_Snd_C_traInd_0033
SUNDA/Ind005_F_Snd/Ind005_F_Snd_C_traInd_0034
SUNDA/Ind005_F_Snd/Ind005_F_Snd_C_traInd_0035
SUNDA/Ind005_F_Snd/Ind005_F_Snd_C_traInd_0036
SUNDA/Ind005_F_Snd/Ind005_F_Snd_C_traInd_0037
SUNDA/Ind005_F_Snd/Ind005_F_Snd_C_traInd_0038
SUNDA/Ind005_F_Snd/Ind005_F_Snd_C_traInd_0039
SUNDA/Ind005_F_Snd/Ind005_F_Snd_C_traInd_0040
SUNDA/Ind005_F_Snd/Ind005_F_Snd_C_traInd_0041
SUNDA/Ind005_F_Snd/Ind005_F_Snd_C_traInd_0042
SUNDA/Ind005_F_Snd/Ind005_F_Snd_C_traInd_0043
SUNDA/Ind005_F_Snd/Ind005_F_Snd_C_traInd_0044
SUNDA/Ind005_F_Snd/Ind005_F_Snd_C_traInd_0045
SUNDA/Ind005_F_Snd/Ind005_F_Snd_C_traInd_0046
SUNDA/Ind005_F_Snd/Ind005_F_Snd_C_traInd_0047
SUNDA/Ind005_F_Snd/Ind005_F_Snd_C_traInd_0048
SUNDA/Ind005_F_Snd/Ind005_F_Snd_C_traInd_0049
SUNDA/Ind005_F_Snd/Ind005_F_Snd_C_traInd_0050
SUNDA/Ind006_M_Snd/Ind006_M_Snd_C_traInd_0001
SUNDA/Ind006_M_Snd/Ind006_M_Snd_C_traInd_0002
SUNDA/Ind006_M_Snd/Ind006_M_Snd_C_traInd_0003
SUNDA/Ind006_M_Snd/Ind006_M_Snd_C_traInd_0004
SUNDA/Ind006_M_Snd/Ind006_M_Snd_C_traInd_0005
SUNDA/Ind006_M_Snd/Ind006_M_Snd_C_traInd_0006
SUNDA/Ind006_M_Snd/Ind006_M_Snd_C_traInd_0007
SUNDA/Ind006_M_Snd/Ind006_M_Snd_C_traInd_0008
SUNDA/Ind006_M_Snd/Ind006_M_Snd_C_traInd_0009
SUNDA/Ind006_M_Snd/Ind006_M_Snd_C_traInd_0010
SUNDA/Ind006_M_Snd/Ind006_M_Snd_C_traInd_0011
SUNDA/Ind006_M_Snd/Ind006_M_Snd_C_traInd_0012
SUNDA/Ind006_M_Snd/Ind006_M_Snd_C_traInd_0013
SUNDA/Ind006_M_Snd/Ind006_M_Snd_C_traInd_0014
SUNDA/Ind006_M_Snd/Ind006_M_Snd_C_traInd_0015
SUNDA/Ind006_M_Snd/Ind006_M_Snd_C_traInd_0016
SUNDA/Ind006_M_Snd/Ind006_M_Snd_C_traInd_0017
SUNDA/Ind006_M_Snd/Ind006_M_Snd_C_traInd_0018
SUNDA/Ind006_M_Snd/Ind006_M_Snd_C_traInd_0019
SUNDA/Ind006_M_Snd/Ind006_M_Snd_C_traInd_0020
SUNDA/Ind006_M_Snd/Ind006_M_Snd_C_traInd_0021
SUNDA/Ind006_M_Snd/Ind006_M_Snd_C_traInd_0022
SUNDA/Ind006_M_Snd/Ind006_M_Snd_C_traInd_0023
SUNDA/Ind006_M_Snd/Ind006_M_Snd_C_traInd_0024
SUNDA/Ind006_M_Snd/Ind006_M_Snd_C_traInd_0025
SUNDA/Ind006_M_Snd/Ind006_M_Snd_C_traInd_0026
SUNDA/Ind006_M_Snd/Ind006_M_Snd_C_traInd_0027
SUNDA/Ind006_M_Snd/Ind006_M_Snd_C_traInd_0028
SUNDA/Ind006_M_Snd/Ind006_M_Snd_C_traInd_0029
SUNDA/Ind006_M_Snd/Ind006_M_Snd_C_traInd_0030
SUNDA/Ind006_M_Snd/Ind006_M_Snd_C_traInd_0031
SUNDA/Ind006_M_Snd/Ind006_M_Snd_C_traInd_0032
SUNDA/Ind006_M_Snd/Ind006_M_Snd_C_traInd_0033
SUNDA/Ind006_M_Snd/Ind006_M_Snd_C_traInd_0034
SUNDA/Ind006_M_Snd/Ind006_M_Snd_C_traInd_0035
SUNDA/Ind006_M_Snd/Ind006_M_Snd_C_traInd_0036
SUNDA/Ind006_M_Snd/Ind006_M_Snd_C_traInd_0037
SUNDA/Ind006_M_Snd/Ind006_M_Snd_C_traInd_0038
SUNDA/Ind006_M_Snd/Ind006_M_Snd_C_traInd_0039
SUNDA/Ind006_M_Snd/Ind006_M_Snd_C_traInd_0040
SUNDA/Ind006_M_Snd/Ind006_M_Snd_C_traInd_0041
SUNDA/Ind006_M_Snd/Ind006_M_Snd_C_traInd_0042
SUNDA/Ind006_M_Snd/Ind006_M_Snd_C_traInd_0043
SUNDA/Ind006_M_Snd/Ind006_M_Snd_C_traInd_0044
SUNDA/Ind006_M_Snd/Ind006_M_Snd_C_traInd_0045
SUNDA/Ind006_M_Snd/Ind006_M_Snd_C_traInd_0046
SUNDA/Ind006_M_Snd/Ind006_M_Snd_C_traInd_0047
SUNDA/Ind006_M_Snd/Ind006_M_Snd_C_traInd_0048
SUNDA/Ind006_M_Snd/Ind006_M_Snd_C_traInd_0049
SUNDA/Ind006_M_Snd/Ind006_M_Snd_C_traInd_0050
SUNDA/Ind007_F_Snd/Ind007_F_Snd_C_traInd_0001
SUNDA/Ind007_F_Snd/Ind007_F_Snd_C_traInd_0002
SUNDA/Ind007_F_Snd/Ind007_F_Snd_C_traInd_0003
SUNDA/Ind007_F_Snd/Ind007_F_Snd_C_traInd_0004
SUNDA/Ind007_F_Snd/Ind007_F_Snd_C_traInd_0005
SUNDA/Ind007_F_Snd/Ind007_F_Snd_C_traInd_0006
SUNDA/Ind007_F_Snd/Ind007_F_Snd_C_traInd_0007
SUNDA/Ind007_F_Snd/Ind007_F_Snd_C_traInd_0008
SUNDA/Ind007_F_Snd/Ind007_F_Snd_C_traInd_0009
SUNDA/Ind007_F_Snd/Ind007_F_Snd_C_traInd_0010
SUNDA/Ind007_F_Snd/Ind007_F_Snd_C_traInd_0011
SUNDA/Ind007_F_Snd/Ind007_F_Snd_C_traInd_0012
SUNDA/Ind007_F_Snd/Ind007_F_Snd_C_traInd_0013
SUNDA/Ind007_F_Snd/Ind007_F_Snd_C_traInd_0014
SUNDA/Ind007_F_Snd/Ind007_F_Snd_C_traInd_0015
SUNDA/Ind007_F_Snd/Ind007_F_Snd_C_traInd_0016
SUNDA/Ind007_F_Snd/Ind007_F_Snd_C_traInd_0017
SUNDA/Ind007_F_Snd/Ind007_F_Snd_C_traInd_0018
SUNDA/Ind007_F_Snd/Ind007_F_Snd_C_traInd_0019
SUNDA/Ind007_F_Snd/Ind007_F_Snd_C_traInd_0020
SUNDA/Ind007_F_Snd/Ind007_F_Snd_C_traInd_0021
SUNDA/Ind007_F_Snd/Ind007_F_Snd_C_traInd_0022
SUNDA/Ind007_F_Snd/Ind007_F_Snd_C_traInd_0023
SUNDA/Ind007_F_Snd/Ind007_F_Snd_C_traInd_0024
SUNDA/Ind007_F_Snd/Ind007_F_Snd_C_traInd_0025
SUNDA/Ind007_F_Snd/Ind007_F_Snd_C_traInd_0026
SUNDA/Ind007_F_Snd/Ind007_F_Snd_C_traInd_0027
SUNDA/Ind007_F_Snd/Ind007_F_Snd_C_traInd_0028
SUNDA/Ind007_F_Snd/Ind007_F_Snd_C_traInd_0029
SUNDA/Ind007_F_Snd/Ind007_F_Snd_C_traInd_0030
SUNDA/Ind007_F_Snd/Ind007_F_Snd_C_traInd_0031
SUNDA/Ind007_F_Snd/Ind007_F_Snd_C_traInd_0032
SUNDA/Ind007_F_Snd/Ind007_F_Snd_C_traInd_0033
SUNDA/Ind007_F_Snd/Ind007_F_Snd_C_traInd_0034
SUNDA/Ind007_F_Snd/Ind007_F_Snd_C_traInd_0035
SUNDA/Ind007_F_Snd/Ind007_F_Snd_C_traInd_0036
SUNDA/Ind007_F_Snd/Ind007_F_Snd_C_traInd_0037
SUNDA/Ind007_F_Snd/Ind007_F_Snd_C_traInd_0038
SUNDA/Ind007_F_Snd/Ind007_F_Snd_C_traInd_0039
SUNDA/Ind007_F_Snd/Ind007_F_Snd_C_traInd_0040
SUNDA/Ind007_F_Snd/Ind007_F_Snd_C_traInd_0041
SUNDA/Ind007_F_Snd/Ind007_F_Snd_C_traInd_0042
SUNDA/Ind007_F_Snd/Ind007_F_Snd_C_traInd_0043
SUNDA/Ind007_F_Snd/Ind007_F_Snd_C_traInd_0044
SUNDA/Ind007_F_Snd/Ind007_F_Snd_C_traInd_0045
SUNDA/Ind007_F_Snd/Ind007_F_Snd_C_traInd_0046
SUNDA/Ind007_F_Snd/Ind007_F_Snd_C_traInd_0047
SUNDA/Ind007_F_Snd/Ind007_F_Snd_C_traInd_0048
SUNDA/Ind007_F_Snd/Ind007_F_Snd_C_traInd_0049
SUNDA/Ind007_F_Snd/Ind007_F_Snd_C_traInd_0050
SUNDA/Ind008_M_Snd/Ind008_M_Snd_C_traInd_0001
SUNDA/Ind008_M_Snd/Ind008_M_Snd_C_traInd_0002
SUNDA/Ind008_M_Snd/Ind008_M_Snd_C_traInd_0003
SUNDA/Ind008_M_Snd/Ind008_M_Snd_C_traInd_0004
SUNDA/Ind008_M_Snd/Ind008_M_Snd_C_traInd_0005
SUNDA/Ind008_M_Snd/Ind008_M_Snd_C_traInd_0006
SUNDA/Ind008_M_Snd/Ind008_M_Snd_C_traInd_0007
SUNDA/Ind008_M_Snd/Ind008_M_Snd_C_traInd_0008
SUNDA/Ind008_M_Snd/Ind008_M_Snd_C_traInd_0009
SUNDA/Ind008_M_Snd/Ind008_M_Snd_C_traInd_0010
SUNDA/Ind008_M_Snd/Ind008_M_Snd_C_traInd_0011
SUNDA/Ind008_M_Snd/Ind008_M_Snd_C_traInd_0012
SUNDA/Ind008_M_Snd/Ind008_M_Snd_C_traInd_0013
SUNDA/Ind008_M_Snd/Ind008_M_Snd_C_traInd_0014
SUNDA/Ind008_M_Snd/Ind008_M_Snd_C_traInd_0015
SUNDA/Ind008_M_Snd/Ind008_M_Snd_C_traInd_0016
SUNDA/Ind008_M_Snd/Ind008_M_Snd_C_traInd_0017
SUNDA/Ind008_M_Snd/Ind008_M_Snd_C_traInd_0018
SUNDA/Ind008_M_Snd/Ind008_M_Snd_C_traInd_0019
SUNDA/Ind008_M_Snd/Ind008_M_Snd_C_traInd_0020
SUNDA/Ind008_M_Snd/Ind008_M_Snd_C_traInd_0021
SUNDA/Ind008_M_Snd/Ind008_M_Snd_C_traInd_0022
SUNDA/Ind008_M_Snd/Ind008_M_Snd_C_traInd_0023
SUNDA/Ind008_M_Snd/Ind008_M_Snd_C_traInd_0024
SUNDA/Ind008_M_Snd/Ind008_M_Snd_C_traInd_0025
SUNDA/Ind008_M_Snd/Ind008_M_Snd_C_traInd_0026
SUNDA/Ind008_M_Snd/Ind008_M_Snd_C_traInd_0027
SUNDA/Ind008_M_Snd/Ind008_M_Snd_C_traInd_0028
SUNDA/Ind008_M_Snd/Ind008_M_Snd_C_traInd_0029
SUNDA/Ind008_M_Snd/Ind008_M_Snd_C_traInd_0030
SUNDA/Ind008_M_Snd/Ind008_M_Snd_C_traInd_0031
SUNDA/Ind008_M_Snd/Ind008_M_Snd_C_traInd_0032
SUNDA/Ind008_M_Snd/Ind008_M_Snd_C_traInd_0033
SUNDA/Ind008_M_Snd/Ind008_M_Snd_C_traInd_0034
SUNDA/Ind008_M_Snd/Ind008_M_Snd_C_traInd_0035
SUNDA/Ind008_M_Snd/Ind008_M_Snd_C_traInd_0036
SUNDA/Ind008_M_Snd/Ind008_M_Snd_C_traInd_0037
SUNDA/Ind008_M_Snd/Ind008_M_Snd_C_traInd_0038
SUNDA/Ind008_M_Snd/Ind008_M_Snd_C_traInd_0039
SUNDA/Ind008_M_Snd/Ind008_M_Snd_C_traInd_0040
SUNDA/Ind008_M_Snd/Ind008_M_Snd_C_traInd_0041
SUNDA/Ind008_M_Snd/Ind008_M_Snd_C_traInd_0042
SUNDA/Ind008_M_Snd/Ind008_M_Snd_C_traInd_0043
SUNDA/Ind008_M_Snd/Ind008_M_Snd_C_traInd_0044
SUNDA/Ind008_M_Snd/Ind008_M_Snd_C_traInd_0045
SUNDA/Ind008_M_Snd/Ind008_M_Snd_C_traInd_0046
SUNDA/Ind008_M_Snd/Ind008_M_Snd_C_traInd_0047
SUNDA/Ind008_M_Snd/Ind008_M_Snd_C_traInd_0048
SUNDA/Ind008_M_Snd/Ind008_M_Snd_C_traInd_0049
SUNDA/Ind008_M_Snd/Ind008_M_Snd_C_traInd_0050
SUNDA/Ind009_F_Snd/Ind009_F_Snd_C_traInd_0001
SUNDA/Ind009_F_Snd/Ind009_F_Snd_C_traInd_0002
SUNDA/Ind009_F_Snd/Ind009_F_Snd_C_traInd_0003
SUNDA/Ind009_F_Snd/Ind009_F_Snd_C_traInd_0004
SUNDA/Ind009_F_Snd/Ind009_F_Snd_C_traInd_0005
SUNDA/Ind009_F_Snd/Ind009_F_Snd_C_traInd_0006
SUNDA/Ind009_F_Snd/Ind009_F_Snd_C_traInd_0007
SUNDA/Ind009_F_Snd/Ind009_F_Snd_C_traInd_0008
SUNDA/Ind009_F_Snd/Ind009_F_Snd_C_traInd_0009
SUNDA/Ind009_F_Snd/Ind009_F_Snd_C_traInd_0010
SUNDA/Ind009_F_Snd/Ind009_F_Snd_C_traInd_0011
SUNDA/Ind009_F_Snd/Ind009_F_Snd_C_traInd_0012
SUNDA/Ind009_F_Snd/Ind009_F_Snd_C_traInd_0013
SUNDA/Ind009_F_Snd/Ind009_F_Snd_C_traInd_0014
SUNDA/Ind009_F_Snd/Ind009_F_Snd_C_traInd_0015
SUNDA/Ind009_F_Snd/Ind009_F_Snd_C_traInd_0016
SUNDA/Ind009_F_Snd/Ind009_F_Snd_C_traInd_0017
SUNDA/Ind009_F_Snd/Ind009_F_Snd_C_traInd_0018
SUNDA/Ind009_F_Snd/Ind009_F_Snd_C_traInd_0019
SUNDA/Ind009_F_Snd/Ind009_F_Snd_C_traInd_0020
SUNDA/Ind009_F_Snd/Ind009_F_Snd_C_traInd_0021
SUNDA/Ind009_F_Snd/Ind009_F_Snd_C_traInd_0022
SUNDA/Ind009_F_Snd/Ind009_F_Snd_C_traInd_0023
SUNDA/Ind009_F_Snd/Ind009_F_Snd_C_traInd_0024
SUNDA/Ind009_F_Snd/Ind009_F_Snd_C_traInd_0025
SUNDA/Ind009_F_Snd/Ind009_F_Snd_C_traInd_0026
SUNDA/Ind009_F_Snd/Ind009_F_Snd_C_traInd_0027
SUNDA/Ind009_F_Snd/Ind009_F_Snd_C_traInd_0028
SUNDA/Ind009_F_Snd/Ind009_F_Snd_C_traInd_0029
SUNDA/Ind009_F_Snd/Ind009_F_Snd_C_traInd_0030
SUNDA/Ind009_F_Snd/Ind009_F_Snd_C_traInd_0031
SUNDA/Ind009_F_Snd/Ind009_F_Snd_C_traInd_0032
SUNDA/Ind009_F_Snd/Ind009_F_Snd_C_traInd_0033
SUNDA/Ind009_F_Snd/Ind009_F_Snd_C_traInd_0034
SUNDA/Ind009_F_Snd/Ind009_F_Snd_C_traInd_0035
SUNDA/Ind009_F_Snd/Ind009_F_Snd_C_traInd_0036
SUNDA/Ind009_F_Snd/Ind009_F_Snd_C_traInd_0037
SUNDA/Ind009_F_Snd/Ind009_F_Snd_C_traInd_0038
SUNDA/Ind009_F_Snd/Ind009_F_Snd_C_traInd_0039
SUNDA/Ind009_F_Snd/Ind009_F_Snd_C_traInd_0040
SUNDA/Ind009_F_Snd/Ind009_F_Snd_C_traInd_0041
SUNDA/Ind009_F_Snd/Ind009_F_Snd_C_traInd_0042
SUNDA/Ind009_F_Snd/Ind009_F_Snd_C_traInd_0043
SUNDA/Ind009_F_Snd/Ind009_F_Snd_C_traInd_0044
SUNDA/Ind009_F_Snd/Ind009_F_Snd_C_traInd_0045
SUNDA/Ind009_F_Snd/Ind009_F_Snd_C_traInd_0046
SUNDA/Ind009_F_Snd/Ind009_F_Snd_C_traInd_0047
SUNDA/Ind009_F_Snd/Ind009_F_Snd_C_traInd_0048
SUNDA/Ind009_F_Snd/Ind009_F_Snd_C_traInd_0049
SUNDA/Ind009_F_Snd/Ind009_F_Snd_C_traInd_0050
SUNDA/Ind010_M_Snd/Ind010_M_Snd_C_traInd_0001
SUNDA/Ind010_M_Snd/Ind010_M_Snd_C_traInd_0002
SUNDA/Ind010_M_Snd/Ind010_M_Snd_C_traInd_0003
SUNDA/Ind010_M_Snd/Ind010_M_Snd_C_traInd_0004
SUNDA/Ind010_M_Snd/Ind010_M_Snd_C_traInd_0005
SUNDA/Ind010_M_Snd/Ind010_M_Snd_C_traInd_0006
SUNDA/Ind010_M_Snd/Ind010_M_Snd_C_traInd_0007
SUNDA/Ind010_M_Snd/Ind010_M_Snd_C_traInd_0008
SUNDA/Ind010_M_Snd/Ind010_M_Snd_C_traInd_0009
SUNDA/Ind010_M_Snd/Ind010_M_Snd_C_traInd_0010
SUNDA/Ind010_M_Snd/Ind010_M_Snd_C_traInd_0011
SUNDA/Ind010_M_Snd/Ind010_M_Snd_C_traInd_0012
SUNDA/Ind010_M_Snd/Ind010_M_Snd_C_traInd_0013
SUNDA/Ind010_M_Snd/Ind010_M_Snd_C_traInd_0014
SUNDA/Ind010_M_Snd/Ind010_M_Snd_C_traInd_0015
SUNDA/Ind010_M_Snd/Ind010_M_Snd_C_traInd_0016
SUNDA/Ind010_M_Snd/Ind010_M_Snd_C_traInd_0017
SUNDA/Ind010_M_Snd/Ind010_M_Snd_C_traInd_0018
SUNDA/Ind010_M_Snd/Ind010_M_Snd_C_traInd_0019
SUNDA/Ind010_M_Snd/Ind010_M_Snd_C_traInd_0020
SUNDA/Ind010_M_Snd/Ind010_M_Snd_C_traInd_0021
SUNDA/Ind010_M_Snd/Ind010_M_Snd_C_traInd_0022
SUNDA/Ind010_M_Snd/Ind010_M_Snd_C_traInd_0023
SUNDA/Ind010_M_Snd/Ind010_M_Snd_C_traInd_0024
SUNDA/Ind010_M_Snd/Ind010_M_Snd_C_traInd_0025
SUNDA/Ind010_M_Snd/Ind010_M_Snd_C_traInd_0026
SUNDA/Ind010_M_Snd/Ind010_M_Snd_C_traInd_0027
SUNDA/Ind010_M_Snd/Ind010_M_Snd_C_traInd_0028
SUNDA/Ind010_M_Snd/Ind010_M_Snd_C_traInd_0029
SUNDA/Ind010_M_Snd/Ind010_M_Snd_C_traInd_0030
SUNDA/Ind010_M_Snd/Ind010_M_Snd_C_traInd_0031
SUNDA/Ind010_M_Snd/Ind010_M_Snd_C_traInd_0032
SUNDA/Ind010_M_Snd/Ind010_M_Snd_C_traInd_0033
SUNDA/Ind010_M_Snd/Ind010_M_Snd_C_traInd_0034
SUNDA/Ind010_M_Snd/Ind010_M_Snd_C_traInd_0035
SUNDA/Ind010_M_Snd/Ind010_M_Snd_C_traInd_0036
SUNDA/Ind010_M_Snd/Ind010_M_Snd_C_traInd_0037
SUNDA/Ind010_M_Snd/Ind010_M_Snd_C_traInd_0038
SUNDA/Ind010_M_Snd/Ind010_M_Snd_C_traInd_0039
SUNDA/Ind010_M_Snd/Ind010_M_Snd_C_traInd_0040
SUNDA/Ind010_M_Snd/Ind010_M_Snd_C_traInd_0041
SUNDA/Ind010_M_Snd/Ind010_M_Snd_C_traInd_0042
SUNDA/Ind010_M_Snd/Ind010_M_Snd_C_traInd_0043
SUNDA/Ind010_M_Snd/Ind010_M_Snd_C_traInd_0044
SUNDA/Ind010_M_Snd/Ind010_M_Snd_C_traInd_0045
SUNDA/Ind010_M_Snd/Ind010_M_Snd_C_traInd_0046
SUNDA/Ind010_M_Snd/Ind010_M_Snd_C_traInd_0047
SUNDA/Ind010_M_Snd/Ind010_M_Snd_C_traInd_0048
SUNDA/Ind010_M_Snd/Ind010_M_Snd_C_traInd_0049
SUNDA/Ind010_M_Snd/Ind010_M_Snd_C_traInd_0050
