BALI/Ind009_F_Bli/Ind009_F_Bli_C_news_0201
BALI/Ind009_F_Bli/Ind009_F_Bli_C_news_0202
BALI/Ind009_F_Bli/Ind009_F_Bli_C_news_0203
BALI/Ind009_F_Bli/Ind009_F_Bli_C_news_0204
BALI/Ind009_F_Bli/Ind009_F_Bli_C_news_0205
BALI/Ind009_F_Bli/Ind009_F_Bli_C_news_0206
BALI/Ind009_F_Bli/Ind009_F_Bli_C_news_0207
BALI/Ind009_F_Bli/Ind009_F_Bli_C_news_0208
BALI/Ind009_F_Bli/Ind009_F_Bli_C_news_0209
BALI/Ind009_F_Bli/Ind009_F_Bli_C_news_0210
BALI/Ind009_F_Bli/Ind009_F_Bli_C_news_0211
BALI/Ind009_F_Bli/Ind009_F_Bli_C_news_0212
BALI/Ind009_F_Bli/Ind009_F_Bli_C_news_0213
BALI/Ind009_F_Bli/Ind009_F_Bli_C_news_0214
BALI/Ind009_F_Bli/Ind009_F_Bli_C_news_0215
BALI/Ind009_F_Bli/Ind009_F_Bli_C_news_0216
BALI/Ind009_F_Bli/Ind009_F_Bli_C_news_0217
BALI/Ind009_F_Bli/Ind009_F_Bli_C_news_0218
BALI/Ind009_F_Bli/Ind009_F_Bli_C_news_0219
BALI/Ind009_F_Bli/Ind009_F_Bli_C_news_0220
BALI/Ind009_F_Bli/Ind009_F_Bli_C_news_0221
BALI/Ind009_F_Bli/Ind009_F_Bli_C_news_0222
BALI/Ind009_F_Bli/Ind009_F_Bli_C_news_0223
BALI/Ind009_F_Bli/Ind009_F_Bli_C_news_0224
BALI/Ind009_F_Bli/Ind009_F_Bli_C_news_0225
BALI/Ind010_M_Bli/Ind010_M_Bli_C_news_0201
BALI/Ind010_M_Bli/Ind010_M_Bli_C_news_0202
BALI/Ind010_M_Bli/Ind010_M_Bli_C_news_0203
BALI/Ind010_M_Bli/Ind010_M_Bli_C_news_0204
BALI/Ind010_M_Bli/Ind010_M_Bli_C_news_0205
BALI/Ind010_M_Bli/Ind010_M_Bli_C_news_0206
BALI/Ind010_M_Bli/Ind010_M_Bli_C_news_0207
BALI/Ind010_M_Bli/Ind010_M_Bli_C_news_0208
BALI/Ind010_M_Bli/Ind010_M_Bli_C_news_0209
BALI/Ind010_M_Bli/Ind010_M_Bli_C_news_0210
BALI/Ind010_M_Bli/Ind010_M_Bli_C_news_0211
BALI/Ind010_M_Bli/Ind010_M_Bli_C_news_0212
BALI/Ind010_M_Bli/Ind010_M_Bli_C_news_0213
BALI/Ind010_M_Bli/Ind010_M_Bli_C_news_0214
BALI/Ind010_M_Bli/Ind010_M_Bli_C_news_0215
BALI/Ind010_M_Bli/Ind010_M_Bli_C_news_0216
BALI/Ind010_M_Bli/Ind010_M_Bli_C_news_0217
BALI/Ind010_M_Bli/Ind010_M_Bli_C_news_0218
BALI/Ind010_M_Bli/Ind010_M_Bli_C_news_0219
BALI/Ind010_M_Bli/Ind010_M_Bli_C_news_0220
BALI/Ind010_M_Bli/Ind010_M_Bli_C_news_0221
BALI/Ind010_M_Bli/Ind010_M_Bli_C_news_0222
BALI/Ind010_M_Bli/Ind010_M_Bli_C_news_0223
BALI/Ind010_M_Bli/Ind010_M_Bli_C_news_0224
BALI/Ind010_M_Bli/Ind010_M_Bli_C_news_0225
