JAWA/Ind001_F_Jaw/Ind001_F_Jaw_C_traInd_0001
JAWA/Ind001_F_Jaw/Ind001_F_Jaw_C_traInd_0002
JAWA/Ind001_F_Jaw/Ind001_F_Jaw_C_traInd_0003
JAWA/Ind001_F_Jaw/Ind001_F_Jaw_C_traInd_0004
JAWA/Ind001_F_Jaw/Ind001_F_Jaw_C_traInd_0005
JAWA/Ind001_F_Jaw/Ind001_F_Jaw_C_traInd_0006
JAWA/Ind001_F_Jaw/Ind001_F_Jaw_C_traInd_0007
JAWA/Ind001_F_Jaw/Ind001_F_Jaw_C_traInd_0008
JAWA/Ind001_F_Jaw/Ind001_F_Jaw_C_traInd_0009
JAWA/Ind001_F_Jaw/Ind001_F_Jaw_C_traInd_0010
JAWA/Ind001_F_Jaw/Ind001_F_Jaw_C_traInd_0011
JAWA/Ind001_F_Jaw/Ind001_F_Jaw_C_traInd_0012
JAWA/Ind001_F_Jaw/Ind001_F_Jaw_C_traInd_0013
JAWA/Ind001_F_Jaw/Ind001_F_Jaw_C_traInd_0014
JAWA/Ind001_F_Jaw/Ind001_F_Jaw_C_traInd_0015
JAWA/Ind001_F_Jaw/Ind001_F_Jaw_C_traInd_0016
JAWA/Ind001_F_Jaw/Ind001_F_Jaw_C_traInd_0017
JAWA/Ind001_F_Jaw/Ind001_F_Jaw_C_traInd_0018
JAWA/Ind001_F_Jaw/Ind001_F_Jaw_C_traInd_0019
JAWA/Ind001_F_Jaw/Ind001_F_Jaw_C_traInd_0020
JAWA/Ind001_F_Jaw/Ind001_F_Jaw_C_traInd_0021
JAWA/Ind001_F_Jaw/Ind001_F_Jaw_C_traInd_0022
JAWA/Ind001_F_Jaw/Ind001_F_Jaw_C_traInd_0023
JAWA/Ind001_F_Jaw/Ind001_F_Jaw_C_traInd_0024
JAWA/Ind001_F_Jaw/Ind001_F_Jaw_C_traInd_0025
JAWA/Ind001_F_Jaw/Ind001_F_Jaw_C_traInd_0026
JAWA/Ind001_F_Jaw/Ind001_F_Jaw_C_traInd_0027
JAWA/Ind001_F_Jaw/Ind001_F_Jaw_C_traInd_0028
JAWA/Ind001_F_Jaw/Ind001_F_Jaw_C_traInd_0029
JAWA/Ind001_F_Jaw/Ind001_F_Jaw_C_traInd_0030
JAWA/Ind001_F_Jaw/Ind001_F_Jaw_C_traInd_0031
JAWA/Ind001_F_Jaw/Ind001_F_Jaw_C_traInd_0032
JAWA/Ind001_F_Jaw/Ind001_F_Jaw_C_traInd_0033
JAWA/Ind001_F_Jaw/Ind001_F_Jaw_C_traInd_0034
JAWA/Ind001_F_Jaw/Ind001_F_Jaw_C_traInd_0035
JAWA/Ind001_F_Jaw/Ind001_F_Jaw_C_traInd_0036
JAWA/Ind001_F_Jaw/Ind001_F_Jaw_C_traInd_0037
JAWA/Ind001_F_Jaw/Ind001_F_Jaw_C_traInd_0038
JAWA/Ind001_F_Jaw/Ind001_F_Jaw_C_traInd_0039
JAWA/Ind001_F_Jaw/Ind001_F_Jaw_C_traInd_0040
JAWA/Ind001_F_Jaw/Ind001_F_Jaw_C_traInd_0041
JAWA/Ind001_F_Jaw/Ind001_F_Jaw_C_traInd_0042
JAWA/Ind001_F_Jaw/Ind001_F_Jaw_C_traInd_0043
JAWA/Ind001_F_Jaw/Ind001_F_Jaw_C_traInd_0044
JAWA/Ind001_F_Jaw/Ind001_F_Jaw_C_traInd_0045
JAWA/Ind001_F_Jaw/Ind001_F_Jaw_C_traInd_0046
JAWA/Ind001_F_Jaw/Ind001_F_Jaw_C_traInd_0047
JAWA/Ind001_F_Jaw/Ind001_F_Jaw_C_traInd_0048
JAWA/Ind001_F_Jaw/Ind001_F_Jaw_C_traInd_0049
JAWA/Ind001_F_Jaw/Ind001_F_Jaw_C_traInd_0050
JAWA/Ind002_M_Jaw/Ind002_M_Jaw_C_traInd_0001
JAWA/Ind002_M_Jaw/Ind002_M_Jaw_C_traInd_0002
JAWA/Ind002_M_Jaw/Ind002_M_Jaw_C_traInd_0003
JAWA/Ind002_M_Jaw/Ind002_M_Jaw_C_traInd_0004
JAWA/Ind002_M_Jaw/Ind002_M_Jaw_C_traInd_0005
JAWA/Ind002_M_Jaw/Ind002_M_Jaw_C_traInd_0006
JAWA/Ind002_M_Jaw/Ind002_M_Jaw_C_traInd_0007
JAWA/Ind002_M_Jaw/Ind002_M_Jaw_C_traInd_0008
JAWA/Ind002_M_Jaw/Ind002_M_Jaw_C_traInd_0009
JAWA/Ind002_M_Jaw/Ind002_M_Jaw_C_traInd_0010
JAWA/Ind002_M_Jaw/Ind002_M_Jaw_C_traInd_0011
JAWA/Ind002_M_Jaw/Ind002_M_Jaw_C_traInd_0012
JAWA/Ind002_M_Jaw/Ind002_M_Jaw_C_traInd_0013
JAWA/Ind002_M_Jaw/Ind002_M_Jaw_C_traInd_0014
JAWA/Ind002_M_Jaw/Ind002_M_Jaw_C_traInd_0015
JAWA/Ind002_M_Jaw/Ind002_M_Jaw_C_traInd_0016
JAWA/Ind002_M_Jaw/Ind002_M_Jaw_C_traInd_0017
JAWA/Ind002_M_Jaw/Ind002_M_Jaw_C_traInd_0018
JAWA/Ind002_M_Jaw/Ind002_M_Jaw_C_traInd_0019
JAWA/Ind002_M_Jaw/Ind002_M_Jaw_C_traInd_0020
JAWA/Ind002_M_Jaw/Ind002_M_Jaw_C_traInd_0021
JAWA/Ind002_M_Jaw/Ind002_M_Jaw_C_traInd_0022
JAWA/Ind002_M_Jaw/Ind002_M_Jaw_C_traInd_0023
JAWA/Ind002_M_Jaw/Ind002_M_Jaw_C_traInd_0024
JAWA/Ind002_M_Jaw/Ind002_M_Jaw_C_traInd_0025
JAWA/Ind002_M_Jaw/Ind002_M_Jaw_C_traInd_0026
JAWA/Ind002_M_Jaw/Ind002_M_Jaw_C_traInd_0027
JAWA/Ind002_M_Jaw/Ind002_M_Jaw_C_traInd_0028
JAWA/Ind002_M_Jaw/Ind002_M_Jaw_C_traInd_0029
JAWA/Ind002_M_Jaw/Ind002_M_Jaw_C_traInd_0030
JAWA/Ind002_M_Jaw/Ind002_M_Jaw_C_traInd_0031
JAWA/Ind002_M_Jaw/Ind002_M_Jaw_C_traInd_0032
JAWA/Ind002_M_Jaw/Ind002_M_Jaw_C_traInd_0033
JAWA/Ind002_M_Jaw/Ind002_M_Jaw_C_traInd_0034
JAWA/Ind002_M_Jaw/Ind002_M_Jaw_C_traInd_0035
JAWA/Ind002_M_Jaw/Ind002_M_Jaw_C_traInd_0036
JAWA/Ind002_M_Jaw/Ind002_M_Jaw_C_traInd_0037
JAWA/Ind002_M_Jaw/Ind002_M_Jaw_C_traInd_0038
JAWA/Ind002_M_Jaw/Ind002_M_Jaw_C_traInd_0039
JAWA/Ind002_M_Jaw/Ind002_M_Jaw_C_traInd_0040
JAWA/Ind002_M_Jaw/Ind002_M_Jaw_C_traInd_0041
JAWA/Ind002_M_Jaw/Ind002_M_Jaw_C_traInd_0042
JAWA/Ind002_M_Jaw/Ind002_M_Jaw_C_traInd_0043
JAWA/Ind002_M_Jaw/Ind002_M_Jaw_C_traInd_0044
JAWA/Ind002_M_Jaw/Ind002_M_Jaw_C_traInd_0045
JAWA/Ind002_M_Jaw/Ind002_M_Jaw_C_traInd_0046
JAWA/Ind002_M_Jaw/Ind002_M_Jaw_C_traInd_0047
JAWA/Ind002_M_Jaw/Ind002_M_Jaw_C_traInd_0048
JAWA/Ind002_M_Jaw/Ind002_M_Jaw_C_traInd_0049
JAWA/Ind002_M_Jaw/Ind002_M_Jaw_C_traInd_0050
JAWA/Ind003_F_Jaw/Ind003_F_Jaw_C_traInd_0001
JAWA/Ind003_F_Jaw/Ind003_F_Jaw_C_traInd_0002
JAWA/Ind003_F_Jaw/Ind003_F_Jaw_C_traInd_0003
JAWA/Ind003_F_Jaw/Ind003_F_Jaw_C_traInd_0004
JAWA/Ind003_F_Jaw/Ind003_F_Jaw_C_traInd_0005
JAWA/Ind003_F_Jaw/Ind003_F_Jaw_C_traInd_0006
JAWA/Ind003_F_Jaw/Ind003_F_Jaw_C_traInd_0007
JAWA/Ind003_F_Jaw/Ind003_F_Jaw_C_traInd_0008
JAWA/Ind003_F_Jaw/Ind003_F_Jaw_C_traInd_0009
JAWA/Ind003_F_Jaw/Ind003_F_Jaw_C_traInd_0010
JAWA/Ind003_F_Jaw/Ind003_F_Jaw_C_traInd_0011
JAWA/Ind003_F_Jaw/Ind003_F_Jaw_C_traInd_0012
JAWA/Ind003_F_Jaw/Ind003_F_Jaw_C_traInd_0013
JAWA/Ind003_F_Jaw/Ind003_F_Jaw_C_traInd_0014
JAWA/Ind003_F_Jaw/Ind003_F_Jaw_C_traInd_0015
JAWA/Ind003_F_Jaw/Ind003_F_Jaw_C_traInd_0016
JAWA/Ind003_F_Jaw/Ind003_F_Jaw_C_traInd_0017
JAWA/Ind003_F_Jaw/Ind003_F_Jaw_C_traInd_0018
JAWA/Ind003_F_Jaw/Ind003_F_Jaw_C_traInd_0019
JAWA/Ind003_F_Jaw/Ind003_F_Jaw_C_traInd_0020
JAWA/Ind003_F_Jaw/Ind003_F_Jaw_C_traInd_0021
JAWA/Ind003_F_Jaw/Ind003_F_Jaw_C_traInd_0022
JAWA/Ind003_F_Jaw/Ind003_F_Jaw_C_traInd_0023
JAWA/Ind003_F_Jaw/Ind003_F_Jaw_C_traInd_0024
JAWA/Ind003_F_Jaw/Ind003_F_Jaw_C_traInd_0025
JAWA/Ind003_F_Jaw/Ind003_F_Jaw_C_traInd_0026
JAWA/Ind003_F_Jaw/Ind003_F_Jaw_C_traInd_0027
JAWA/Ind003_F_Jaw/Ind003_F_Jaw_C_traInd_0028
JAWA/Ind003_F_Jaw/Ind003_F_Jaw_C_traInd_0029
JAWA/Ind003_F_Jaw/Ind003_F_Jaw_C_traInd_0030
JAWA/Ind003_F_Jaw/Ind003_F_Jaw_C_traInd_0031
JAWA/Ind003_F_Jaw/Ind003_F_Jaw_C_traInd_0032
JAWA/Ind003_F_Jaw/Ind003_F_Jaw_C_traInd_0033
JAWA/Ind003_F_Jaw/Ind003_F_Jaw_C_traInd_0034
JAWA/Ind003_F_Jaw/Ind003_F_Jaw_C_traInd_0035
JAWA/Ind003_F_Jaw/Ind003_F_Jaw_C_traInd_0036
JAWA/Ind003_F_Jaw/Ind003_F_Jaw_C_traInd_0037
JAWA/Ind003_F_Jaw/Ind003_F_Jaw_C_traInd_0038
JAWA/Ind003_F_Jaw/Ind003_F_Jaw_C_traInd_0039
JAWA/Ind003_F_Jaw/Ind003_F_Jaw_C_traInd_0040
JAWA/Ind003_F_Jaw/Ind003_F_Jaw_C_traInd_0041
JAWA/Ind003_F_Jaw/Ind003_F_Jaw_C_traInd_0042
JAWA/Ind003_F_Jaw/Ind003_F_Jaw_C_traInd_0043
JAWA/Ind003_F_Jaw/Ind003_F_Jaw_C_traInd_0044
JAWA/Ind003_F_Jaw/Ind003_F_Jaw_C_traInd_0045
JAWA/Ind003_F_Jaw/Ind003_F_Jaw_C_traInd_0046
JAWA/Ind003_F_Jaw/Ind003_F_Jaw_C_traInd_0047
JAWA/Ind003_F_Jaw/Ind003_F_Jaw_C_traInd_0048
JAWA/Ind003_F_Jaw/Ind003_F_Jaw_C_traInd_0049
JAWA/Ind003_F_Jaw/Ind003_F_Jaw_C_traInd_0050
JAWA/Ind004_M_Jaw/Ind004_M_Jaw_C_traInd_0001
JAWA/Ind004_M_Jaw/Ind004_M_Jaw_C_traInd_0002
JAWA/Ind004_M_Jaw/Ind004_M_Jaw_C_traInd_0003
JAWA/Ind004_M_Jaw/Ind004_M_Jaw_C_traInd_0004
JAWA/Ind004_M_Jaw/Ind004_M_Jaw_C_traInd_0005
JAWA/Ind004_M_Jaw/Ind004_M_Jaw_C_traInd_0006
JAWA/Ind004_M_Jaw/Ind004_M_Jaw_C_traInd_0007
JAWA/Ind004_M_Jaw/Ind004_M_Jaw_C_traInd_0008
JAWA/Ind004_M_Jaw/Ind004_M_Jaw_C_traInd_0009
JAWA/Ind004_M_Jaw/Ind004_M_Jaw_C_traInd_0010
JAWA/Ind004_M_Jaw/Ind004_M_Jaw_C_traInd_0011
JAWA/Ind004_M_Jaw/Ind004_M_Jaw_C_traInd_0012
JAWA/Ind004_M_Jaw/Ind004_M_Jaw_C_traInd_0013
JAWA/Ind004_M_Jaw/Ind004_M_Jaw_C_traInd_0014
JAWA/Ind004_M_Jaw/Ind004_M_Jaw_C_traInd_0015
JAWA/Ind004_M_Jaw/Ind004_M_Jaw_C_traInd_0016
JAWA/Ind004_M_Jaw/Ind004_M_Jaw_C_traInd_0017
JAWA/Ind004_M_Jaw/Ind004_M_Jaw_C_traInd_0018
JAWA/Ind004_M_Jaw/Ind004_M_Jaw_C_traInd_0019
JAWA/Ind004_M_Jaw/Ind004_M_Jaw_C_traInd_0020
JAWA/Ind004_M_Jaw/Ind004_M_Jaw_C_traInd_0021
JAWA/Ind004_M_Jaw/Ind004_M_Jaw_C_traInd_0022
JAWA/Ind004_M_Jaw/Ind004_M_Jaw_C_traInd_0023
JAWA/Ind004_M_Jaw/Ind004_M_Jaw_C_traInd_0024
JAWA/Ind004_M_Jaw/Ind004_M_Jaw_C_traInd_0025
JAWA/Ind004_M_Jaw/Ind004_M_Jaw_C_traInd_0026
JAWA/Ind004_M_Jaw/Ind004_M_Jaw_C_traInd_0027
JAWA/Ind004_M_Jaw/Ind004_M_Jaw_C_traInd_0028
JAWA/Ind004_M_Jaw/Ind004_M_Jaw_C_traInd_0029
JAWA/Ind004_M_Jaw/Ind004_M_Jaw_C_traInd_0030
JAWA/Ind004_M_Jaw/Ind004_M_Jaw_C_traInd_0031
JAWA/Ind004_M_Jaw/Ind004_M_Jaw_C_traInd_0032
JAWA/Ind004_M_Jaw/Ind004_M_Jaw_C_traInd_0033
JAWA/Ind004_M_Jaw/Ind004_M_Jaw_C_traInd_0034
JAWA/Ind004_M_Jaw/Ind004_M_Jaw_C_traInd_0035
JAWA/Ind004_M_Jaw/Ind004_M_Jaw_C_traInd_0036
JAWA/Ind004_M_Jaw/Ind004_M_Jaw_C_traInd_0037
JAWA/Ind004_M_Jaw/Ind004_M_Jaw_C_traInd_0038
JAWA/Ind004_M_Jaw/Ind004_M_Jaw_C_traInd_0039
JAWA/Ind004_M_Jaw/Ind004_M_Jaw_C_traInd_0040
JAWA/Ind004_M_Jaw/Ind004_M_Jaw_C_traInd_0041
JAWA/Ind004_M_Jaw/Ind004_M_Jaw_C_traInd_0042
JAWA/Ind004_M_Jaw/Ind004_M_Jaw_C_traInd_0043
JAWA/Ind004_M_Jaw/Ind004_M_Jaw_C_traInd_0044
JAWA/Ind004_M_Jaw/Ind004_M_Jaw_C_traInd_0045
JAWA/Ind004_M_Jaw/Ind004_M_Jaw_C_traInd_0046
JAWA/Ind004_M_Jaw/Ind004_M_Jaw_C_traInd_0047
JAWA/Ind004_M_Jaw/Ind004_M_Jaw_C_traInd_0048
JAWA/Ind004_M_Jaw/Ind004_M_Jaw_C_traInd_0049
JAWA/Ind004_M_Jaw/Ind004_M_Jaw_C_traInd_0050
JAWA/Ind005_F_Jaw/Ind005_F_Jaw_C_traInd_0001
JAWA/Ind005_F_Jaw/Ind005_F_Jaw_C_traInd_0002
JAWA/Ind005_F_Jaw/Ind005_F_Jaw_C_traInd_0003
JAWA/Ind005_F_Jaw/Ind005_F_Jaw_C_traInd_0004
JAWA/Ind005_F_Jaw/Ind005_F_Jaw_C_traInd_0005
JAWA/Ind005_F_Jaw/Ind005_F_Jaw_C_traInd_0006
JAWA/Ind005_F_Jaw/Ind005_F_Jaw_C_traInd_0007
JAWA/Ind005_F_Jaw/Ind005_F_Jaw_C_traInd_0008
JAWA/Ind005_F_Jaw/Ind005_F_Jaw_C_traInd_0009
JAWA/Ind005_F_Jaw/Ind005_F_Jaw_C_traInd_0010
JAWA/Ind005_F_Jaw/Ind005_F_Jaw_C_traInd_0011
JAWA/Ind005_F_Jaw/Ind005_F_Jaw_C_traInd_0012
JAWA/Ind005_F_Jaw/Ind005_F_Jaw_C_traInd_0013
JAWA/Ind005_F_Jaw/Ind005_F_Jaw_C_traInd_0014
JAWA/Ind005_F_Jaw/Ind005_F_Jaw_C_traInd_0015
JAWA/Ind005_F_Jaw/Ind005_F_Jaw_C_traInd_0016
JAWA/Ind005_F_Jaw/Ind005_F_Jaw_C_traInd_0017
JAWA/Ind005_F_Jaw/Ind005_F_Jaw_C_traInd_0018
JAWA/Ind005_F_Jaw/Ind005_F_Jaw_C_traInd_0019
JAWA/Ind005_F_Jaw/Ind005_F_Jaw_C_traInd_0020
JAWA/Ind005_F_Jaw/Ind005_F_Jaw_C_traInd_0021
JAWA/Ind005_F_Jaw/Ind005_F_Jaw_C_traInd_0022
JAWA/Ind005_F_Jaw/Ind005_F_Jaw_C_traInd_0023
JAWA/Ind005_F_Jaw/Ind005_F_Jaw_C_traInd_0024
JAWA/Ind005_F_Jaw/Ind005_F_Jaw_C_traInd_0025
JAWA/Ind005_F_Jaw/Ind005_F_Jaw_C_traInd_0026
JAWA/Ind005_F_Jaw/Ind005_F_Jaw_C_traInd_0027
JAWA/Ind005_F_Jaw/Ind005_F_Jaw_C_traInd_0028
JAWA/Ind005_F_Jaw/Ind005_F_Jaw_C_traInd_0029
JAWA/Ind005_F_Jaw/Ind005_F_Jaw_C_traInd_0030
JAWA/Ind005_F_Jaw/Ind005_F_Jaw_C_traInd_0031
JAWA/Ind005_F_Jaw/Ind005_F_Jaw_C_traInd_0032
JAWA/Ind005_F_Jaw/Ind005_F_Jaw_C_traInd_0033
JAWA/Ind005_F_Jaw/Ind005_F_Jaw_C_traInd_0034
JAWA/Ind005_F_Jaw/Ind005_F_Jaw_C_traInd_0035
JAWA/Ind005_F_Jaw/Ind005_F_Jaw_C_traInd_0036
JAWA/Ind005_F_Jaw/Ind005_F_Jaw_C_traInd_0037
JAWA/Ind005_F_Jaw/Ind005_F_Jaw_C_traInd_0038
JAWA/Ind005_F_Jaw/Ind005_F_Jaw_C_traInd_0039
JAWA/Ind005_F_Jaw/Ind005_F_Jaw_C_traInd_0040
JAWA/Ind005_F_Jaw/Ind005_F_Jaw_C_traInd_0041
JAWA/Ind005_F_Jaw/Ind005_F_Jaw_C_traInd_0042
JAWA/Ind005_F_Jaw/Ind005_F_Jaw_C_traInd_0043
JAWA/Ind005_F_Jaw/Ind005_F_Jaw_C_traInd_0044
JAWA/Ind005_F_Jaw/Ind005_F_Jaw_C_traInd_0045
JAWA/Ind005_F_Jaw/Ind005_F_Jaw_C_traInd_0046
JAWA/Ind005_F_Jaw/Ind005_F_Jaw_C_traInd_0047
JAWA/Ind005_F_Jaw/Ind005_F_Jaw_C_traInd_0048
JAWA/Ind005_F_Jaw/Ind005_F_Jaw_C_traInd_0049
JAWA/Ind005_F_Jaw/Ind005_F_Jaw_C_traInd_0050
JAWA/Ind006_M_Jaw/Ind006_M_Jaw_C_traInd_0001
JAWA/Ind006_M_Jaw/Ind006_M_Jaw_C_traInd_0002
JAWA/Ind006_M_Jaw/Ind006_M_Jaw_C_traInd_0003
JAWA/Ind006_M_Jaw/Ind006_M_Jaw_C_traInd_0004
JAWA/Ind006_M_Jaw/Ind006_M_Jaw_C_traInd_0005
JAWA/Ind006_M_Jaw/Ind006_M_Jaw_C_traInd_0006
JAWA/Ind006_M_Jaw/Ind006_M_Jaw_C_traInd_0007
JAWA/Ind006_M_Jaw/Ind006_M_Jaw_C_traInd_0008
JAWA/Ind006_M_Jaw/Ind006_M_Jaw_C_traInd_0009
JAWA/Ind006_M_Jaw/Ind006_M_Jaw_C_traInd_0010
JAWA/Ind006_M_Jaw/Ind006_M_Jaw_C_traInd_0011
JAWA/Ind006_M_Jaw/Ind006_M_Jaw_C_traInd_0012
JAWA/Ind006_M_Jaw/Ind006_M_Jaw_C_traInd_0013
JAWA/Ind006_M_Jaw/Ind006_M_Jaw_C_traInd_0014
JAWA/Ind006_M_Jaw/Ind006_M_Jaw_C_traInd_0015
JAWA/Ind006_M_Jaw/Ind006_M_Jaw_C_traInd_0016
JAWA/Ind006_M_Jaw/Ind006_M_Jaw_C_traInd_0017
JAWA/Ind006_M_Jaw/Ind006_M_Jaw_C_traInd_0018
JAWA/Ind006_M_Jaw/Ind006_M_Jaw_C_traInd_0019
JAWA/Ind006_M_Jaw/Ind006_M_Jaw_C_traInd_0020
JAWA/Ind006_M_Jaw/Ind006_M_Jaw_C_traInd_0021
JAWA/Ind006_M_Jaw/Ind006_M_Jaw_C_traInd_0022
JAWA/Ind006_M_Jaw/Ind006_M_Jaw_C_traInd_0023
JAWA/Ind006_M_Jaw/Ind006_M_Jaw_C_traInd_0024
JAWA/Ind006_M_Jaw/Ind006_M_Jaw_C_traInd_0025
JAWA/Ind006_M_Jaw/Ind006_M_Jaw_C_traInd_0026
JAWA/Ind006_M_Jaw/Ind006_M_Jaw_C_traInd_0027
JAWA/Ind006_M_Jaw/Ind006_M_Jaw_C_traInd_0028
JAWA/Ind006_M_Jaw/Ind006_M_Jaw_C_traInd_0029
JAWA/Ind006_M_Jaw/Ind006_M_Jaw_C_traInd_0030
JAWA/Ind006_M_Jaw/Ind006_M_Jaw_C_traInd_0031
JAWA/Ind006_M_Jaw/Ind006_M_Jaw_C_traInd_0032
JAWA/Ind006_M_Jaw/Ind006_M_Jaw_C_traInd_0033
JAWA/Ind006_M_Jaw/Ind006_M_Jaw_C_traInd_0034
JAWA/Ind006_M_Jaw/Ind006_M_Jaw_C_traInd_0035
JAWA/Ind006_M_Jaw/Ind006_M_Jaw_C_traInd_0036
JAWA/Ind006_M_Jaw/Ind006_M_Jaw_C_traInd_0037
JAWA/Ind006_M_Jaw/Ind006_M_Jaw_C_traInd_0038
JAWA/Ind006_M_Jaw/Ind006_M_Jaw_C_traInd_0039
JAWA/Ind006_M_Jaw/Ind006_M_Jaw_C_traInd_0040
JAWA/Ind006_M_Jaw/Ind006_M_Jaw_C_traInd_0041
JAWA/Ind006_M_Jaw/Ind006_M_Jaw_C_traInd_0042
JAWA/Ind006_M_Jaw/Ind006_M_Jaw_C_traInd_0043
JAWA/Ind006_M_Jaw/Ind006_M_Jaw_C_traInd_0044
JAWA/Ind006_M_Jaw/Ind006_M_Jaw_C_traInd_0045
JAWA/Ind006_M_Jaw/Ind006_M_Jaw_C_traInd_0046
JAWA/Ind006_M_Jaw/Ind006_M_Jaw_C_traInd_0047
JAWA/Ind006_M_Jaw/Ind006_M_Jaw_C_traInd_0048
JAWA/Ind006_M_Jaw/Ind006_M_Jaw_C_traInd_0049
JAWA/Ind006_M_Jaw/Ind006_M_Jaw_C_traInd_0050
JAWA/Ind007_F_Jaw/Ind007_F_Jaw_C_traInd_0001
JAWA/Ind007_F_Jaw/Ind007_F_Jaw_C_traInd_0002
JAWA/Ind007_F_Jaw/Ind007_F_Jaw_C_traInd_0003
JAWA/Ind007_F_Jaw/Ind007_F_Jaw_C_traInd_0004
JAWA/Ind007_F_Jaw/Ind007_F_Jaw_C_traInd_0005
JAWA/Ind007_F_Jaw/Ind007_F_Jaw_C_traInd_0006
JAWA/Ind007_F_Jaw/Ind007_F_Jaw_C_traInd_0007
JAWA/Ind007_F_Jaw/Ind007_F_Jaw_C_traInd_0008
JAWA/Ind007_F_Jaw/Ind007_F_Jaw_C_traInd_0009
JAWA/Ind007_F_Jaw/Ind007_F_Jaw_C_traInd_0010
JAWA/Ind007_F_Jaw/Ind007_F_Jaw_C_traInd_0011
JAWA/Ind007_F_Jaw/Ind007_F_Jaw_C_traInd_0012
JAWA/Ind007_F_Jaw/Ind007_F_Jaw_C_traInd_0013
JAWA/Ind007_F_Jaw/Ind007_F_Jaw_C_traInd_0014
JAWA/Ind007_F_Jaw/Ind007_F_Jaw_C_traInd_0015
JAWA/Ind007_F_Jaw/Ind007_F_Jaw_C_traInd_0016
JAWA/Ind007_F_Jaw/Ind007_F_Jaw_C_traInd_0017
JAWA/Ind007_F_Jaw/Ind007_F_Jaw_C_traInd_0018
JAWA/Ind007_F_Jaw/Ind007_F_Jaw_C_traInd_0019
JAWA/Ind007_F_Jaw/Ind007_F_Jaw_C_traInd_0020
JAWA/Ind007_F_Jaw/Ind007_F_Jaw_C_traInd_0021
JAWA/Ind007_F_Jaw/Ind007_F_Jaw_C_traInd_0022
JAWA/Ind007_F_Jaw/Ind007_F_Jaw_C_traInd_0023
JAWA/Ind007_F_Jaw/Ind007_F_Jaw_C_traInd_0024
JAWA/Ind007_F_Jaw/Ind007_F_Jaw_C_traInd_0025
JAWA/Ind007_F_Jaw/Ind007_F_Jaw_C_traInd_0026
JAWA/Ind007_F_Jaw/Ind007_F_Jaw_C_traInd_0027
JAWA/Ind007_F_Jaw/Ind007_F_Jaw_C_traInd_0028
JAWA/Ind007_F_Jaw/Ind007_F_Jaw_C_traInd_0029
JAWA/Ind007_F_Jaw/Ind007_F_Jaw_C_traInd_0030
JAWA/Ind007_F_Jaw/Ind007_F_Jaw_C_traInd_0031
JAWA/Ind007_F_Jaw/Ind007_F_Jaw_C_traInd_0032
JAWA/Ind007_F_Jaw/Ind007_F_Jaw_C_traInd_0033
JAWA/Ind007_F_Jaw/Ind007_F_Jaw_C_traInd_0034
JAWA/Ind007_F_Jaw/Ind007_F_Jaw_C_traInd_0035
JAWA/Ind007_F_Jaw/Ind007_F_Jaw_C_traInd_0036
JAWA/Ind007_F_Jaw/Ind007_F_Jaw_C_traInd_0037
JAWA/Ind007_F_Jaw/Ind007_F_Jaw_C_traInd_0038
JAWA/Ind007_F_Jaw/Ind007_F_Jaw_C_traInd_0039
JAWA/Ind007_F_Jaw/Ind007_F_Jaw_C_traInd_0040
JAWA/Ind007_F_Jaw/Ind007_F_Jaw_C_traInd_0041
JAWA/Ind007_F_Jaw/Ind007_F_Jaw_C_traInd_0042
JAWA/Ind007_F_Jaw/Ind007_F_Jaw_C_traInd_0043
JAWA/Ind007_F_Jaw/Ind007_F_Jaw_C_traInd_0044
JAWA/Ind007_F_Jaw/Ind007_F_Jaw_C_traInd_0045
JAWA/Ind007_F_Jaw/Ind007_F_Jaw_C_traInd_0046
JAWA/Ind007_F_Jaw/Ind007_F_Jaw_C_traInd_0047
JAWA/Ind007_F_Jaw/Ind007_F_Jaw_C_traInd_0048
JAWA/Ind007_F_Jaw/Ind007_F_Jaw_C_traInd_0049
JAWA/Ind007_F_Jaw/Ind007_F_Jaw_C_traInd_0050
JAWA/Ind008_M_Jaw/Ind008_M_Jaw_C_traInd_0001
JAWA/Ind008_M_Jaw/Ind008_M_Jaw_C_traInd_0002
JAWA/Ind008_M_Jaw/Ind008_M_Jaw_C_traInd_0003
JAWA/Ind008_M_Jaw/Ind008_M_Jaw_C_traInd_0004
JAWA/Ind008_M_Jaw/Ind008_M_Jaw_C_traInd_0005
JAWA/Ind008_M_Jaw/Ind008_M_Jaw_C_traInd_0006
JAWA/Ind008_M_Jaw/Ind008_M_Jaw_C_traInd_0007
JAWA/Ind008_M_Jaw/Ind008_M_Jaw_C_traInd_0008
JAWA/Ind008_M_Jaw/Ind008_M_Jaw_C_traInd_0009
JAWA/Ind008_M_Jaw/Ind008_M_Jaw_C_traInd_0010
JAWA/Ind008_M_Jaw/Ind008_M_Jaw_C_traInd_0011
JAWA/Ind008_M_Jaw/Ind008_M_Jaw_C_traInd_0012
JAWA/Ind008_M_Jaw/Ind008_M_Jaw_C_traInd_0013
JAWA/Ind008_M_Jaw/Ind008_M_Jaw_C_traInd_0014
JAWA/Ind008_M_Jaw/Ind008_M_Jaw_C_traInd_0015
JAWA/Ind008_M_Jaw/Ind008_M_Jaw_C_traInd_0016
JAWA/Ind008_M_Jaw/Ind008_M_Jaw_C_traInd_0017
JAWA/Ind008_M_Jaw/Ind008_M_Jaw_C_traInd_0018
JAWA/Ind008_M_Jaw/Ind008_M_Jaw_C_traInd_0019
JAWA/Ind008_M_Jaw/Ind008_M_Jaw_C_traInd_0020
JAWA/Ind008_M_Jaw/Ind008_M_Jaw_C_traInd_0021
JAWA/Ind008_M_Jaw/Ind008_M_Jaw_C_traInd_0022
JAWA/Ind008_M_Jaw/Ind008_M_Jaw_C_traInd_0023
JAWA/Ind008_M_Jaw/Ind008_M_Jaw_C_traInd_0024
JAWA/Ind008_M_Jaw/Ind008_M_Jaw_C_traInd_0025
JAWA/Ind008_M_Jaw/Ind008_M_Jaw_C_traInd_0026
JAWA/Ind008_M_Jaw/Ind008_M_Jaw_C_traInd_0027
JAWA/Ind008_M_Jaw/Ind008_M_Jaw_C_traInd_0028
JAWA/Ind008_M_Jaw/Ind008_M_Jaw_C_traInd_0029
JAWA/Ind008_M_Jaw/Ind008_M_Jaw_C_traInd_0030
JAWA/Ind008_M_Jaw/Ind008_M_Jaw_C_traInd_0031
JAWA/Ind008_M_Jaw/Ind008_M_Jaw_C_traInd_0032
JAWA/Ind008_M_Jaw/Ind008_M_Jaw_C_traInd_0033
JAWA/Ind008_M_Jaw/Ind008_M_Jaw_C_traInd_0034
JAWA/Ind008_M_Jaw/Ind008_M_Jaw_C_traInd_0035
JAWA/Ind008_M_Jaw/Ind008_M_Jaw_C_traInd_0036
JAWA/Ind008_M_Jaw/Ind008_M_Jaw_C_traInd_0037
JAWA/Ind008_M_Jaw/Ind008_M_Jaw_C_traInd_0038
JAWA/Ind008_M_Jaw/Ind008_M_Jaw_C_traInd_0039
JAWA/Ind008_M_Jaw/Ind008_M_Jaw_C_traInd_0040
JAWA/Ind008_M_Jaw/Ind008_M_Jaw_C_traInd_0041
JAWA/Ind008_M_Jaw/Ind008_M_Jaw_C_traInd_0042
JAWA/Ind008_M_Jaw/Ind008_M_Jaw_C_traInd_0043
JAWA/Ind008_M_Jaw/Ind008_M_Jaw_C_traInd_0044
JAWA/Ind008_M_Jaw/Ind008_M_Jaw_C_traInd_0045
JAWA/Ind008_M_Jaw/Ind008_M_Jaw_C_traInd_0046
JAWA/Ind008_M_Jaw/Ind008_M_Jaw_C_traInd_0047
JAWA/Ind008_M_Jaw/Ind008_M_Jaw_C_traInd_0048
JAWA/Ind008_M_Jaw/Ind008_M_Jaw_C_traInd_0049
JAWA/Ind008_M_Jaw/Ind008_M_Jaw_C_traInd_0050
JAWA/Ind009_F_Jaw/Ind009_F_Jaw_C_traInd_0001
JAWA/Ind009_F_Jaw/Ind009_F_Jaw_C_traInd_0002
JAWA/Ind009_F_Jaw/Ind009_F_Jaw_C_traInd_0003
JAWA/Ind009_F_Jaw/Ind009_F_Jaw_C_traInd_0004
JAWA/Ind009_F_Jaw/Ind009_F_Jaw_C_traInd_0005
JAWA/Ind009_F_Jaw/Ind009_F_Jaw_C_traInd_0006
JAWA/Ind009_F_Jaw/Ind009_F_Jaw_C_traInd_0007
JAWA/Ind009_F_Jaw/Ind009_F_Jaw_C_traInd_0008
JAWA/Ind009_F_Jaw/Ind009_F_Jaw_C_traInd_0009
JAWA/Ind009_F_Jaw/Ind009_F_Jaw_C_traInd_0010
JAWA/Ind009_F_Jaw/Ind009_F_Jaw_C_traInd_0011
JAWA/Ind009_F_Jaw/Ind009_F_Jaw_C_traInd_0012
JAWA/Ind009_F_Jaw/Ind009_F_Jaw_C_traInd_0013
JAWA/Ind009_F_Jaw/Ind009_F_Jaw_C_traInd_0014
JAWA/Ind009_F_Jaw/Ind009_F_Jaw_C_traInd_0015
JAWA/Ind009_F_Jaw/Ind009_F_Jaw_C_traInd_0016
JAWA/Ind009_F_Jaw/Ind009_F_Jaw_C_traInd_0017
JAWA/Ind009_F_Jaw/Ind009_F_Jaw_C_traInd_0018
JAWA/Ind009_F_Jaw/Ind009_F_Jaw_C_traInd_0019
JAWA/Ind009_F_Jaw/Ind009_F_Jaw_C_traInd_0020
JAWA/Ind009_F_Jaw/Ind009_F_Jaw_C_traInd_0021
JAWA/Ind009_F_Jaw/Ind009_F_Jaw_C_traInd_0022
JAWA/Ind009_F_Jaw/Ind009_F_Jaw_C_traInd_0023
JAWA/Ind009_F_Jaw/Ind009_F_Jaw_C_traInd_0024
JAWA/Ind009_F_Jaw/Ind009_F_Jaw_C_traInd_0025
JAWA/Ind009_F_Jaw/Ind009_F_Jaw_C_traInd_0026
JAWA/Ind009_F_Jaw/Ind009_F_Jaw_C_traInd_0027
JAWA/Ind009_F_Jaw/Ind009_F_Jaw_C_traInd_0028
JAWA/Ind009_F_Jaw/Ind009_F_Jaw_C_traInd_0029
JAWA/Ind009_F_Jaw/Ind009_F_Jaw_C_traInd_0030
JAWA/Ind009_F_Jaw/Ind009_F_Jaw_C_traInd_0031
JAWA/Ind009_F_Jaw/Ind009_F_Jaw_C_traInd_0032
JAWA/Ind009_F_Jaw/Ind009_F_Jaw_C_traInd_0033
JAWA/Ind009_F_Jaw/Ind009_F_Jaw_C_traInd_0034
JAWA/Ind009_F_Jaw/Ind009_F_Jaw_C_traInd_0035
JAWA/Ind009_F_Jaw/Ind009_F_Jaw_C_traInd_0036
JAWA/Ind009_F_Jaw/Ind009_F_Jaw_C_traInd_0037
JAWA/Ind009_F_Jaw/Ind009_F_Jaw_C_traInd_0038
JAWA/Ind009_F_Jaw/Ind009_F_Jaw_C_traInd_0039
JAWA/Ind009_F_Jaw/Ind009_F_Jaw_C_traInd_0040
JAWA/Ind009_F_Jaw/Ind009_F_Jaw_C_traInd_0041
JAWA/Ind009_F_Jaw/Ind009_F_Jaw_C_traInd_0042
JAWA/Ind009_F_Jaw/Ind009_F_Jaw_C_traInd_0043
JAWA/Ind009_F_Jaw/Ind009_F_Jaw_C_traInd_0044
JAWA/Ind009_F_Jaw/Ind009_F_Jaw_C_traInd_0045
JAWA/Ind009_F_Jaw/Ind009_F_Jaw_C_traInd_0046
JAWA/Ind009_F_Jaw/Ind009_F_Jaw_C_traInd_0047
JAWA/Ind009_F_Jaw/Ind009_F_Jaw_C_traInd_0048
JAWA/Ind009_F_Jaw/Ind009_F_Jaw_C_traInd_0049
JAWA/Ind009_F_Jaw/Ind009_F_Jaw_C_traInd_0050
JAWA/Ind010_M_Jaw/Ind010_M_Jaw_C_traInd_0001
JAWA/Ind010_M_Jaw/Ind010_M_Jaw_C_traInd_0002
JAWA/Ind010_M_Jaw/Ind010_M_Jaw_C_traInd_0003
JAWA/Ind010_M_Jaw/Ind010_M_Jaw_C_traInd_0004
JAWA/Ind010_M_Jaw/Ind010_M_Jaw_C_traInd_0005
JAWA/Ind010_M_Jaw/Ind010_M_Jaw_C_traInd_0006
JAWA/Ind010_M_Jaw/Ind010_M_Jaw_C_traInd_0007
JAWA/Ind010_M_Jaw/Ind010_M_Jaw_C_traInd_0008
JAWA/Ind010_M_Jaw/Ind010_M_Jaw_C_traInd_0009
JAWA/Ind010_M_Jaw/Ind010_M_Jaw_C_traInd_0010
JAWA/Ind010_M_Jaw/Ind010_M_Jaw_C_traInd_0011
JAWA/Ind010_M_Jaw/Ind010_M_Jaw_C_traInd_0012
JAWA/Ind010_M_Jaw/Ind010_M_Jaw_C_traInd_0013
JAWA/Ind010_M_Jaw/Ind010_M_Jaw_C_traInd_0014
JAWA/Ind010_M_Jaw/Ind010_M_Jaw_C_traInd_0015
JAWA/Ind010_M_Jaw/Ind010_M_Jaw_C_traInd_0016
JAWA/Ind010_M_Jaw/Ind010_M_Jaw_C_traInd_0017
JAWA/Ind010_M_Jaw/Ind010_M_Jaw_C_traInd_0018
JAWA/Ind010_M_Jaw/Ind010_M_Jaw_C_traInd_0019
JAWA/Ind010_M_Jaw/Ind010_M_Jaw_C_traInd_0020
JAWA/Ind010_M_Jaw/Ind010_M_Jaw_C_traInd_0021
JAWA/Ind010_M_Jaw/Ind010_M_Jaw_C_traInd_0022
JAWA/Ind010_M_Jaw/Ind010_M_Jaw_C_traInd_0023
JAWA/Ind010_M_Jaw/Ind010_M_Jaw_C_traInd_0024
JAWA/Ind010_M_Jaw/Ind010_M_Jaw_C_traInd_0025
JAWA/Ind010_M_Jaw/Ind010_M_Jaw_C_traInd_0026
JAWA/Ind010_M_Jaw/Ind010_M_Jaw_C_traInd_0027
JAWA/Ind010_M_Jaw/Ind010_M_Jaw_C_traInd_0028
JAWA/Ind010_M_Jaw/Ind010_M_Jaw_C_traInd_0029
JAWA/Ind010_M_Jaw/Ind010_M_Jaw_C_traInd_0030
JAWA/Ind010_M_Jaw/Ind010_M_Jaw_C_traInd_0031
JAWA/Ind010_M_Jaw/Ind010_M_Jaw_C_traInd_0032
JAWA/Ind010_M_Jaw/Ind010_M_Jaw_C_traInd_0033
JAWA/Ind010_M_Jaw/Ind010_M_Jaw_C_traInd_0034
JAWA/Ind010_M_Jaw/Ind010_M_Jaw_C_traInd_0035
JAWA/Ind010_M_Jaw/Ind010_M_Jaw_C_traInd_0036
JAWA/Ind010_M_Jaw/Ind010_M_Jaw_C_traInd_0037
JAWA/Ind010_M_Jaw/Ind010_M_Jaw_C_traInd_0038
JAWA/Ind010_M_Jaw/Ind010_M_Jaw_C_traInd_0039
JAWA/Ind010_M_Jaw/Ind010_M_Jaw_C_traInd_0040
JAWA/Ind010_M_Jaw/Ind010_M_Jaw_C_traInd_0041
JAWA/Ind010_M_Jaw/Ind010_M_Jaw_C_traInd_0042
JAWA/Ind010_M_Jaw/Ind010_M_Jaw_C_traInd_0043
JAWA/Ind010_M_Jaw/Ind010_M_Jaw_C_traInd_0044
JAWA/Ind010_M_Jaw/Ind010_M_Jaw_C_traInd_0045
JAWA/Ind010_M_Jaw/Ind010_M_Jaw_C_traInd_0046
JAWA/Ind010_M_Jaw/Ind010_M_Jaw_C_traInd_0047
JAWA/Ind010_M_Jaw/Ind010_M_Jaw_C_traInd_0048
JAWA/Ind010_M_Jaw/Ind010_M_Jaw_C_traInd_0049
JAWA/Ind010_M_Jaw/Ind010_M_Jaw_C_traInd_0050
