BATAK/Ind001_F_Btk/Ind001_F_Btk_C_news_0001
BATAK/Ind001_F_Btk/Ind001_F_Btk_C_news_0002
BATAK/Ind001_F_Btk/Ind001_F_Btk_C_news_0003
BATAK/Ind001_F_Btk/Ind001_F_Btk_C_news_0004
BATAK/Ind001_F_Btk/Ind001_F_Btk_C_news_0005
BATAK/Ind001_F_Btk/Ind001_F_Btk_C_news_0006
BATAK/Ind001_F_Btk/Ind001_F_Btk_C_news_0007
BATAK/Ind001_F_Btk/Ind001_F_Btk_C_news_0008
BATAK/Ind001_F_Btk/Ind001_F_Btk_C_news_0009
BATAK/Ind001_F_Btk/Ind001_F_Btk_C_news_0010
BATAK/Ind001_F_Btk/Ind001_F_Btk_C_news_0011
BATAK/Ind001_F_Btk/Ind001_F_Btk_C_news_0012
BATAK/Ind001_F_Btk/Ind001_F_Btk_C_news_0013
BATAK/Ind001_F_Btk/Ind001_F_Btk_C_news_0014
BATAK/Ind001_F_Btk/Ind001_F_Btk_C_news_0015
BATAK/Ind001_F_Btk/Ind001_F_Btk_C_news_0016
BATAK/Ind001_F_Btk/Ind001_F_Btk_C_news_0017
BATAK/Ind001_F_Btk/Ind001_F_Btk_C_news_0018
BATAK/Ind001_F_Btk/Ind001_F_Btk_C_news_0019
BATAK/Ind001_F_Btk/Ind001_F_Btk_C_news_0020
BATAK/Ind001_F_Btk/Ind001_F_Btk_C_news_0021
BATAK/Ind001_F_Btk/Ind001_F_Btk_C_news_0022
BATAK/Ind001_F_Btk/Ind001_F_Btk_C_news_0023
BATAK/Ind001_F_Btk/Ind001_F_Btk_C_news_0024
BATAK/Ind001_F_Btk/Ind001_F_Btk_C_news_0025
BATAK/Ind001_F_Btk/Ind001_F_Btk_C_news_0026
BATAK/Ind001_F_Btk/Ind001_F_Btk_C_news_0027
BATAK/Ind001_F_Btk/Ind001_F_Btk_C_news_0028
BATAK/Ind001_F_Btk/Ind001_F_Btk_C_news_0029
BATAK/Ind001_F_Btk/Ind001_F_Btk_C_news_0030
BATAK/Ind001_F_Btk/Ind001_F_Btk_C_news_0031
BATAK/Ind001_F_Btk/Ind001_F_Btk_C_news_0032
BATAK/Ind001_F_Btk/Ind001_F_Btk_C_news_0033
BATAK/Ind001_F_Btk/Ind001_F_Btk_C_news_0034
BATAK/Ind001_F_Btk/Ind001_F_Btk_C_news_0035
BATAK/Ind001_F_Btk/Ind001_F_Btk_C_news_0036
BATAK/Ind001_F_Btk/Ind001_F_Btk_C_news_0037
BATAK/Ind001_F_Btk/Ind001_F_Btk_C_news_0038
BATAK/Ind001_F_Btk/Ind001_F_Btk_C_news_0039
BATAK/Ind001_F_Btk/Ind001_F_Btk_C_news_0040
BATAK/Ind001_F_Btk/Ind001_F_Btk_C_news_0041
BATAK/Ind001_F_Btk/Ind001_F_Btk_C_news_0042
BATAK/Ind001_F_Btk/Ind001_F_Btk_C_news_0043
BATAK/Ind001_F_Btk/Ind001_F_Btk_C_news_0044
BATAK/Ind001_F_Btk/Ind001_F_Btk_C_news_0045
BATAK/Ind001_F_Btk/Ind001_F_Btk_C_news_0046
BATAK/Ind001_F_Btk/Ind001_F_Btk_C_news_0047
BATAK/Ind001_F_Btk/Ind001_F_Btk_C_news_0048
BATAK/Ind001_F_Btk/Ind001_F_Btk_C_news_0049
BATAK/Ind001_F_Btk/Ind001_F_Btk_C_news_0050
BATAK/Ind001_F_Btk/Ind001_F_Btk_C_news_0051
BATAK/Ind001_F_Btk/Ind001_F_Btk_C_news_0052
BATAK/Ind001_F_Btk/Ind001_F_Btk_C_news_0053
BATAK/Ind001_F_Btk/Ind001_F_Btk_C_news_0054
BATAK/Ind001_F_Btk/Ind001_F_Btk_C_news_0055
BATAK/Ind001_F_Btk/Ind001_F_Btk_C_news_0056
BATAK/Ind001_F_Btk/Ind001_F_Btk_C_news_0057
BATAK/Ind001_F_Btk/Ind001_F_Btk_C_news_0058
BATAK/Ind001_F_Btk/Ind001_F_Btk_C_news_0059
BATAK/Ind001_F_Btk/Ind001_F_Btk_C_news_0060
BATAK/Ind001_F_Btk/Ind001_F_Btk_C_news_0061
BATAK/Ind001_F_Btk/Ind001_F_Btk_C_news_0062
BATAK/Ind001_F_Btk/Ind001_F_Btk_C_news_0063
BATAK/Ind001_F_Btk/Ind001_F_Btk_C_news_0064
BATAK/Ind001_F_Btk/Ind001_F_Btk_C_news_0065
BATAK/Ind001_F_Btk/Ind001_F_Btk_C_news_0066
BATAK/Ind001_F_Btk/Ind001_F_Btk_C_news_0067
BATAK/Ind001_F_Btk/Ind001_F_Btk_C_news_0068
BATAK/Ind001_F_Btk/Ind001_F_Btk_C_news_0069
BATAK/Ind001_F_Btk/Ind001_F_Btk_C_news_0070
BATAK/Ind001_F_Btk/Ind001_F_Btk_C_news_0071
BATAK/Ind001_F_Btk/Ind001_F_Btk_C_news_0072
BATAK/Ind001_F_Btk/Ind001_F_Btk_C_news_0073
BATAK/Ind001_F_Btk/Ind001_F_Btk_C_news_0074
BATAK/Ind001_F_Btk/Ind001_F_Btk_C_news_0075
BATAK/Ind001_F_Btk/Ind001_F_Btk_C_news_0076
BATAK/Ind001_F_Btk/Ind001_F_Btk_C_news_0077
BATAK/Ind001_F_Btk/Ind001_F_Btk_C_news_0078
BATAK/Ind001_F_Btk/Ind001_F_Btk_C_news_0079
BATAK/Ind001_F_Btk/Ind001_F_Btk_C_news_0080
BATAK/Ind001_F_Btk/Ind001_F_Btk_C_news_0081
BATAK/Ind001_F_Btk/Ind001_F_Btk_C_news_0082
BATAK/Ind001_F_Btk/Ind001_F_Btk_C_news_0083
BATAK/Ind001_F_Btk/Ind001_F_Btk_C_news_0084
BATAK/Ind001_F_Btk/Ind001_F_Btk_C_news_0085
BATAK/Ind001_F_Btk/Ind001_F_Btk_C_news_0086
BATAK/Ind001_F_Btk/Ind001_F_Btk_C_news_0087
BATAK/Ind001_F_Btk/Ind001_F_Btk_C_news_0088
BATAK/Ind001_F_Btk/Ind001_F_Btk_C_news_0089
BATAK/Ind001_F_Btk/Ind001_F_Btk_C_news_0090
BATAK/Ind001_F_Btk/Ind001_F_Btk_C_news_0091
BATAK/Ind001_F_Btk/Ind001_F_Btk_C_news_0092
BATAK/Ind001_F_Btk/Ind001_F_Btk_C_news_0093
BATAK/Ind001_F_Btk/Ind001_F_Btk_C_news_0094
BATAK/Ind001_F_Btk/Ind001_F_Btk_C_news_0095
BATAK/Ind001_F_Btk/Ind001_F_Btk_C_news_0096
BATAK/Ind001_F_Btk/Ind001_F_Btk_C_news_0097
BATAK/Ind001_F_Btk/Ind001_F_Btk_C_news_0098
BATAK/Ind001_F_Btk/Ind001_F_Btk_C_news_0099
BATAK/Ind001_F_Btk/Ind001_F_Btk_C_news_0100
BATAK/Ind001_F_Btk/Ind001_F_Btk_C_news_0101
BATAK/Ind001_F_Btk/Ind001_F_Btk_C_news_0102
BATAK/Ind001_F_Btk/Ind001_F_Btk_C_news_0103
BATAK/Ind001_F_Btk/Ind001_F_Btk_C_news_0104
BATAK/Ind001_F_Btk/Ind001_F_Btk_C_news_0105
BATAK/Ind001_F_Btk/Ind001_F_Btk_C_news_0106
BATAK/Ind001_F_Btk/Ind001_F_Btk_C_news_0107
BATAK/Ind001_F_Btk/Ind001_F_Btk_C_news_0108
BATAK/Ind001_F_Btk/Ind001_F_Btk_C_news_0109
BATAK/Ind001_F_Btk/Ind001_F_Btk_C_news_0110
BATAK/Ind001_F_Btk/Ind001_F_Btk_C_news_0111
BATAK/Ind001_F_Btk/Ind001_F_Btk_C_news_0112
BATAK/Ind001_F_Btk/Ind001_F_Btk_C_news_0113
BATAK/Ind001_F_Btk/Ind001_F_Btk_C_news_0114
BATAK/Ind001_F_Btk/Ind001_F_Btk_C_news_0115
BATAK/Ind001_F_Btk/Ind001_F_Btk_C_news_0116
BATAK/Ind001_F_Btk/Ind001_F_Btk_C_news_0117
BATAK/Ind001_F_Btk/Ind001_F_Btk_C_news_0118
BATAK/Ind001_F_Btk/Ind001_F_Btk_C_news_0119
BATAK/Ind001_F_Btk/Ind001_F_Btk_C_news_0120
BATAK/Ind001_F_Btk/Ind001_F_Btk_C_news_0121
BATAK/Ind001_F_Btk/Ind001_F_Btk_C_news_0122
BATAK/Ind001_F_Btk/Ind001_F_Btk_C_news_0123
BATAK/Ind001_F_Btk/Ind001_F_Btk_C_news_0124
BATAK/Ind001_F_Btk/Ind001_F_Btk_C_news_0125
BATAK/Ind001_F_Btk/Ind001_F_Btk_C_news_0126
BATAK/Ind001_F_Btk/Ind001_F_Btk_C_news_0127
BATAK/Ind001_F_Btk/Ind001_F_Btk_C_news_0128
BATAK/Ind001_F_Btk/Ind001_F_Btk_C_news_0129
BATAK/Ind001_F_Btk/Ind001_F_Btk_C_news_0130
BATAK/Ind001_F_Btk/Ind001_F_Btk_C_news_0131
BATAK/Ind001_F_Btk/Ind001_F_Btk_C_news_0132
BATAK/Ind001_F_Btk/Ind001_F_Btk_C_news_0133
BATAK/Ind001_F_Btk/Ind001_F_Btk_C_news_0134
BATAK/Ind001_F_Btk/Ind001_F_Btk_C_news_0135
BATAK/Ind001_F_Btk/Ind001_F_Btk_C_news_0136
BATAK/Ind001_F_Btk/Ind001_F_Btk_C_news_0137
BATAK/Ind001_F_Btk/Ind001_F_Btk_C_news_0138
BATAK/Ind001_F_Btk/Ind001_F_Btk_C_news_0139
BATAK/Ind001_F_Btk/Ind001_F_Btk_C_news_0140
BATAK/Ind001_F_Btk/Ind001_F_Btk_C_news_0141
BATAK/Ind001_F_Btk/Ind001_F_Btk_C_news_0142
BATAK/Ind001_F_Btk/Ind001_F_Btk_C_news_0143
BATAK/Ind001_F_Btk/Ind001_F_Btk_C_news_0144
BATAK/Ind001_F_Btk/Ind001_F_Btk_C_news_0145
BATAK/Ind001_F_Btk/Ind001_F_Btk_C_news_0146
BATAK/Ind001_F_Btk/Ind001_F_Btk_C_news_0147
BATAK/Ind001_F_Btk/Ind001_F_Btk_C_news_0148
BATAK/Ind001_F_Btk/Ind001_F_Btk_C_news_0149
BATAK/Ind001_F_Btk/Ind001_F_Btk_C_news_0150
BATAK/Ind001_F_Btk/Ind001_F_Btk_C_news_0151
BATAK/Ind001_F_Btk/Ind001_F_Btk_C_news_0152
BATAK/Ind001_F_Btk/Ind001_F_Btk_C_news_0153
BATAK/Ind001_F_Btk/Ind001_F_Btk_C_news_0154
BATAK/Ind001_F_Btk/Ind001_F_Btk_C_news_0155
BATAK/Ind001_F_Btk/Ind001_F_Btk_C_news_0156
BATAK/Ind001_F_Btk/Ind001_F_Btk_C_news_0157
BATAK/Ind001_F_Btk/Ind001_F_Btk_C_news_0158
BATAK/Ind001_F_Btk/Ind001_F_Btk_C_news_0159
BATAK/Ind001_F_Btk/Ind001_F_Btk_C_news_0160
BATAK/Ind001_F_Btk/Ind001_F_Btk_C_news_0161
BATAK/Ind001_F_Btk/Ind001_F_Btk_C_news_0162
BATAK/Ind001_F_Btk/Ind001_F_Btk_C_news_0163
BATAK/Ind001_F_Btk/Ind001_F_Btk_C_news_0164
BATAK/Ind001_F_Btk/Ind001_F_Btk_C_news_0165
BATAK/Ind001_F_Btk/Ind001_F_Btk_C_news_0166
BATAK/Ind001_F_Btk/Ind001_F_Btk_C_news_0167
BATAK/Ind001_F_Btk/Ind001_F_Btk_C_news_0168
BATAK/Ind001_F_Btk/Ind001_F_Btk_C_news_0169
BATAK/Ind001_F_Btk/Ind001_F_Btk_C_news_0170
BATAK/Ind001_F_Btk/Ind001_F_Btk_C_news_0171
BATAK/Ind001_F_Btk/Ind001_F_Btk_C_news_0172
BATAK/Ind001_F_Btk/Ind001_F_Btk_C_news_0173
BATAK/Ind001_F_Btk/Ind001_F_Btk_C_news_0174
BATAK/Ind001_F_Btk/Ind001_F_Btk_C_news_0175
BATAK/Ind001_F_Btk/Ind001_F_Btk_C_news_0176
BATAK/Ind001_F_Btk/Ind001_F_Btk_C_news_0177
BATAK/Ind001_F_Btk/Ind001_F_Btk_C_news_0178
BATAK/Ind001_F_Btk/Ind001_F_Btk_C_news_0179
BATAK/Ind001_F_Btk/Ind001_F_Btk_C_news_0180
BATAK/Ind001_F_Btk/Ind001_F_Btk_C_news_0181
BATAK/Ind001_F_Btk/Ind001_F_Btk_C_news_0182
BATAK/Ind001_F_Btk/Ind001_F_Btk_C_news_0183
BATAK/Ind001_F_Btk/Ind001_F_Btk_C_news_0184
BATAK/Ind001_F_Btk/Ind001_F_Btk_C_news_0185
BATAK/Ind001_F_Btk/Ind001_F_Btk_C_news_0186
BATAK/Ind001_F_Btk/Ind001_F_Btk_C_news_0187
BATAK/Ind001_F_Btk/Ind001_F_Btk_C_news_0188
BATAK/Ind001_F_Btk/Ind001_F_Btk_C_news_0189
BATAK/Ind001_F_Btk/Ind001_F_Btk_C_news_0190
BATAK/Ind001_F_Btk/Ind001_F_Btk_C_news_0191
BATAK/Ind001_F_Btk/Ind001_F_Btk_C_news_0192
BATAK/Ind001_F_Btk/Ind001_F_Btk_C_news_0193
BATAK/Ind001_F_Btk/Ind001_F_Btk_C_news_0194
BATAK/Ind001_F_Btk/Ind001_F_Btk_C_news_0195
BATAK/Ind001_F_Btk/Ind001_F_Btk_C_news_0196
BATAK/Ind001_F_Btk/Ind001_F_Btk_C_news_0197
BATAK/Ind001_F_Btk/Ind001_F_Btk_C_news_0198
BATAK/Ind001_F_Btk/Ind001_F_Btk_C_news_0199
BATAK/Ind001_F_Btk/Ind001_F_Btk_C_news_0200
BATAK/Ind001_F_Btk/Ind001_F_Btk_C_news_0201
BATAK/Ind001_F_Btk/Ind001_F_Btk_C_news_0202
BATAK/Ind001_F_Btk/Ind001_F_Btk_C_news_0203
BATAK/Ind001_F_Btk/Ind001_F_Btk_C_news_0204
BATAK/Ind001_F_Btk/Ind001_F_Btk_C_news_0205
BATAK/Ind001_F_Btk/Ind001_F_Btk_C_news_0206
BATAK/Ind001_F_Btk/Ind001_F_Btk_C_news_0207
BATAK/Ind001_F_Btk/Ind001_F_Btk_C_news_0208
BATAK/Ind001_F_Btk/Ind001_F_Btk_C_news_0209
BATAK/Ind001_F_Btk/Ind001_F_Btk_C_news_0210
BATAK/Ind001_F_Btk/Ind001_F_Btk_C_news_0211
BATAK/Ind001_F_Btk/Ind001_F_Btk_C_news_0212
BATAK/Ind001_F_Btk/Ind001_F_Btk_C_news_0213
BATAK/Ind001_F_Btk/Ind001_F_Btk_C_news_0214
BATAK/Ind001_F_Btk/Ind001_F_Btk_C_news_0215
BATAK/Ind001_F_Btk/Ind001_F_Btk_C_news_0216
BATAK/Ind001_F_Btk/Ind001_F_Btk_C_news_0217
BATAK/Ind001_F_Btk/Ind001_F_Btk_C_news_0218
BATAK/Ind001_F_Btk/Ind001_F_Btk_C_news_0219
BATAK/Ind001_F_Btk/Ind001_F_Btk_C_news_0220
BATAK/Ind001_F_Btk/Ind001_F_Btk_C_news_0221
BATAK/Ind001_F_Btk/Ind001_F_Btk_C_news_0222
BATAK/Ind001_F_Btk/Ind001_F_Btk_C_news_0223
BATAK/Ind001_F_Btk/Ind001_F_Btk_C_news_0224
BATAK/Ind001_F_Btk/Ind001_F_Btk_C_news_0225
BATAK/Ind002_M_Btk/Ind002_M_Btk_C_news_0001
BATAK/Ind002_M_Btk/Ind002_M_Btk_C_news_0002
BATAK/Ind002_M_Btk/Ind002_M_Btk_C_news_0003
BATAK/Ind002_M_Btk/Ind002_M_Btk_C_news_0004
BATAK/Ind002_M_Btk/Ind002_M_Btk_C_news_0005
BATAK/Ind002_M_Btk/Ind002_M_Btk_C_news_0006
BATAK/Ind002_M_Btk/Ind002_M_Btk_C_news_0007
BATAK/Ind002_M_Btk/Ind002_M_Btk_C_news_0008
BATAK/Ind002_M_Btk/Ind002_M_Btk_C_news_0009
BATAK/Ind002_M_Btk/Ind002_M_Btk_C_news_0010
BATAK/Ind002_M_Btk/Ind002_M_Btk_C_news_0011
BATAK/Ind002_M_Btk/Ind002_M_Btk_C_news_0012
BATAK/Ind002_M_Btk/Ind002_M_Btk_C_news_0013
BATAK/Ind002_M_Btk/Ind002_M_Btk_C_news_0014
BATAK/Ind002_M_Btk/Ind002_M_Btk_C_news_0015
BATAK/Ind002_M_Btk/Ind002_M_Btk_C_news_0016
BATAK/Ind002_M_Btk/Ind002_M_Btk_C_news_0017
BATAK/Ind002_M_Btk/Ind002_M_Btk_C_news_0018
BATAK/Ind002_M_Btk/Ind002_M_Btk_C_news_0019
BATAK/Ind002_M_Btk/Ind002_M_Btk_C_news_0020
BATAK/Ind002_M_Btk/Ind002_M_Btk_C_news_0021
BATAK/Ind002_M_Btk/Ind002_M_Btk_C_news_0022
BATAK/Ind002_M_Btk/Ind002_M_Btk_C_news_0023
BATAK/Ind002_M_Btk/Ind002_M_Btk_C_news_0024
BATAK/Ind002_M_Btk/Ind002_M_Btk_C_news_0025
BATAK/Ind002_M_Btk/Ind002_M_Btk_C_news_0026
BATAK/Ind002_M_Btk/Ind002_M_Btk_C_news_0027
BATAK/Ind002_M_Btk/Ind002_M_Btk_C_news_0028
BATAK/Ind002_M_Btk/Ind002_M_Btk_C_news_0029
BATAK/Ind002_M_Btk/Ind002_M_Btk_C_news_0030
BATAK/Ind002_M_Btk/Ind002_M_Btk_C_news_0031
BATAK/Ind002_M_Btk/Ind002_M_Btk_C_news_0032
BATAK/Ind002_M_Btk/Ind002_M_Btk_C_news_0033
BATAK/Ind002_M_Btk/Ind002_M_Btk_C_news_0034
BATAK/Ind002_M_Btk/Ind002_M_Btk_C_news_0035
BATAK/Ind002_M_Btk/Ind002_M_Btk_C_news_0036
BATAK/Ind002_M_Btk/Ind002_M_Btk_C_news_0037
BATAK/Ind002_M_Btk/Ind002_M_Btk_C_news_0038
BATAK/Ind002_M_Btk/Ind002_M_Btk_C_news_0039
BATAK/Ind002_M_Btk/Ind002_M_Btk_C_news_0040
BATAK/Ind002_M_Btk/Ind002_M_Btk_C_news_0041
BATAK/Ind002_M_Btk/Ind002_M_Btk_C_news_0042
BATAK/Ind002_M_Btk/Ind002_M_Btk_C_news_0043
BATAK/Ind002_M_Btk/Ind002_M_Btk_C_news_0044
BATAK/Ind002_M_Btk/Ind002_M_Btk_C_news_0045
BATAK/Ind002_M_Btk/Ind002_M_Btk_C_news_0046
BATAK/Ind002_M_Btk/Ind002_M_Btk_C_news_0047
BATAK/Ind002_M_Btk/Ind002_M_Btk_C_news_0048
BATAK/Ind002_M_Btk/Ind002_M_Btk_C_news_0049
BATAK/Ind002_M_Btk/Ind002_M_Btk_C_news_0050
BATAK/Ind002_M_Btk/Ind002_M_Btk_C_news_0051
BATAK/Ind002_M_Btk/Ind002_M_Btk_C_news_0052
BATAK/Ind002_M_Btk/Ind002_M_Btk_C_news_0053
BATAK/Ind002_M_Btk/Ind002_M_Btk_C_news_0054
BATAK/Ind002_M_Btk/Ind002_M_Btk_C_news_0055
BATAK/Ind002_M_Btk/Ind002_M_Btk_C_news_0056
BATAK/Ind002_M_Btk/Ind002_M_Btk_C_news_0057
BATAK/Ind002_M_Btk/Ind002_M_Btk_C_news_0058
BATAK/Ind002_M_Btk/Ind002_M_Btk_C_news_0059
BATAK/Ind002_M_Btk/Ind002_M_Btk_C_news_0060
BATAK/Ind002_M_Btk/Ind002_M_Btk_C_news_0061
BATAK/Ind002_M_Btk/Ind002_M_Btk_C_news_0062
BATAK/Ind002_M_Btk/Ind002_M_Btk_C_news_0063
BATAK/Ind002_M_Btk/Ind002_M_Btk_C_news_0064
BATAK/Ind002_M_Btk/Ind002_M_Btk_C_news_0065
BATAK/Ind002_M_Btk/Ind002_M_Btk_C_news_0066
BATAK/Ind002_M_Btk/Ind002_M_Btk_C_news_0067
BATAK/Ind002_M_Btk/Ind002_M_Btk_C_news_0068
BATAK/Ind002_M_Btk/Ind002_M_Btk_C_news_0069
BATAK/Ind002_M_Btk/Ind002_M_Btk_C_news_0070
BATAK/Ind002_M_Btk/Ind002_M_Btk_C_news_0071
BATAK/Ind002_M_Btk/Ind002_M_Btk_C_news_0072
BATAK/Ind002_M_Btk/Ind002_M_Btk_C_news_0073
BATAK/Ind002_M_Btk/Ind002_M_Btk_C_news_0074
BATAK/Ind002_M_Btk/Ind002_M_Btk_C_news_0075
BATAK/Ind002_M_Btk/Ind002_M_Btk_C_news_0076
BATAK/Ind002_M_Btk/Ind002_M_Btk_C_news_0077
BATAK/Ind002_M_Btk/Ind002_M_Btk_C_news_0078
BATAK/Ind002_M_Btk/Ind002_M_Btk_C_news_0079
BATAK/Ind002_M_Btk/Ind002_M_Btk_C_news_0080
BATAK/Ind002_M_Btk/Ind002_M_Btk_C_news_0081
BATAK/Ind002_M_Btk/Ind002_M_Btk_C_news_0082
BATAK/Ind002_M_Btk/Ind002_M_Btk_C_news_0083
BATAK/Ind002_M_Btk/Ind002_M_Btk_C_news_0084
BATAK/Ind002_M_Btk/Ind002_M_Btk_C_news_0085
BATAK/Ind002_M_Btk/Ind002_M_Btk_C_news_0086
BATAK/Ind002_M_Btk/Ind002_M_Btk_C_news_0087
BATAK/Ind002_M_Btk/Ind002_M_Btk_C_news_0088
BATAK/Ind002_M_Btk/Ind002_M_Btk_C_news_0089
BATAK/Ind002_M_Btk/Ind002_M_Btk_C_news_0090
BATAK/Ind002_M_Btk/Ind002_M_Btk_C_news_0091
BATAK/Ind002_M_Btk/Ind002_M_Btk_C_news_0092
BATAK/Ind002_M_Btk/Ind002_M_Btk_C_news_0093
BATAK/Ind002_M_Btk/Ind002_M_Btk_C_news_0094
BATAK/Ind002_M_Btk/Ind002_M_Btk_C_news_0095
BATAK/Ind002_M_Btk/Ind002_M_Btk_C_news_0096
BATAK/Ind002_M_Btk/Ind002_M_Btk_C_news_0097
BATAK/Ind002_M_Btk/Ind002_M_Btk_C_news_0098
BATAK/Ind002_M_Btk/Ind002_M_Btk_C_news_0099
BATAK/Ind002_M_Btk/Ind002_M_Btk_C_news_0100
BATAK/Ind002_M_Btk/Ind002_M_Btk_C_news_0101
BATAK/Ind002_M_Btk/Ind002_M_Btk_C_news_0102
BATAK/Ind002_M_Btk/Ind002_M_Btk_C_news_0103
BATAK/Ind002_M_Btk/Ind002_M_Btk_C_news_0104
BATAK/Ind002_M_Btk/Ind002_M_Btk_C_news_0105
BATAK/Ind002_M_Btk/Ind002_M_Btk_C_news_0106
BATAK/Ind002_M_Btk/Ind002_M_Btk_C_news_0107
BATAK/Ind002_M_Btk/Ind002_M_Btk_C_news_0108
BATAK/Ind002_M_Btk/Ind002_M_Btk_C_news_0109
BATAK/Ind002_M_Btk/Ind002_M_Btk_C_news_0110
BATAK/Ind002_M_Btk/Ind002_M_Btk_C_news_0111
BATAK/Ind002_M_Btk/Ind002_M_Btk_C_news_0112
BATAK/Ind002_M_Btk/Ind002_M_Btk_C_news_0113
BATAK/Ind002_M_Btk/Ind002_M_Btk_C_news_0114
BATAK/Ind002_M_Btk/Ind002_M_Btk_C_news_0115
BATAK/Ind002_M_Btk/Ind002_M_Btk_C_news_0116
BATAK/Ind002_M_Btk/Ind002_M_Btk_C_news_0117
BATAK/Ind002_M_Btk/Ind002_M_Btk_C_news_0118
BATAK/Ind002_M_Btk/Ind002_M_Btk_C_news_0119
BATAK/Ind002_M_Btk/Ind002_M_Btk_C_news_0120
BATAK/Ind002_M_Btk/Ind002_M_Btk_C_news_0121
BATAK/Ind002_M_Btk/Ind002_M_Btk_C_news_0122
BATAK/Ind002_M_Btk/Ind002_M_Btk_C_news_0123
BATAK/Ind002_M_Btk/Ind002_M_Btk_C_news_0124
BATAK/Ind002_M_Btk/Ind002_M_Btk_C_news_0125
BATAK/Ind002_M_Btk/Ind002_M_Btk_C_news_0126
BATAK/Ind002_M_Btk/Ind002_M_Btk_C_news_0127
BATAK/Ind002_M_Btk/Ind002_M_Btk_C_news_0128
BATAK/Ind002_M_Btk/Ind002_M_Btk_C_news_0129
BATAK/Ind002_M_Btk/Ind002_M_Btk_C_news_0130
BATAK/Ind002_M_Btk/Ind002_M_Btk_C_news_0131
BATAK/Ind002_M_Btk/Ind002_M_Btk_C_news_0132
BATAK/Ind002_M_Btk/Ind002_M_Btk_C_news_0133
BATAK/Ind002_M_Btk/Ind002_M_Btk_C_news_0134
BATAK/Ind002_M_Btk/Ind002_M_Btk_C_news_0135
BATAK/Ind002_M_Btk/Ind002_M_Btk_C_news_0136
BATAK/Ind002_M_Btk/Ind002_M_Btk_C_news_0137
BATAK/Ind002_M_Btk/Ind002_M_Btk_C_news_0138
BATAK/Ind002_M_Btk/Ind002_M_Btk_C_news_0139
BATAK/Ind002_M_Btk/Ind002_M_Btk_C_news_0140
BATAK/Ind002_M_Btk/Ind002_M_Btk_C_news_0141
BATAK/Ind002_M_Btk/Ind002_M_Btk_C_news_0142
BATAK/Ind002_M_Btk/Ind002_M_Btk_C_news_0143
BATAK/Ind002_M_Btk/Ind002_M_Btk_C_news_0144
BATAK/Ind002_M_Btk/Ind002_M_Btk_C_news_0145
BATAK/Ind002_M_Btk/Ind002_M_Btk_C_news_0146
BATAK/Ind002_M_Btk/Ind002_M_Btk_C_news_0147
BATAK/Ind002_M_Btk/Ind002_M_Btk_C_news_0148
BATAK/Ind002_M_Btk/Ind002_M_Btk_C_news_0149
BATAK/Ind002_M_Btk/Ind002_M_Btk_C_news_0150
BATAK/Ind002_M_Btk/Ind002_M_Btk_C_news_0151
BATAK/Ind002_M_Btk/Ind002_M_Btk_C_news_0152
BATAK/Ind002_M_Btk/Ind002_M_Btk_C_news_0153
BATAK/Ind002_M_Btk/Ind002_M_Btk_C_news_0154
BATAK/Ind002_M_Btk/Ind002_M_Btk_C_news_0155
BATAK/Ind002_M_Btk/Ind002_M_Btk_C_news_0156
BATAK/Ind002_M_Btk/Ind002_M_Btk_C_news_0157
BATAK/Ind002_M_Btk/Ind002_M_Btk_C_news_0158
BATAK/Ind002_M_Btk/Ind002_M_Btk_C_news_0159
BATAK/Ind002_M_Btk/Ind002_M_Btk_C_news_0160
BATAK/Ind002_M_Btk/Ind002_M_Btk_C_news_0161
BATAK/Ind002_M_Btk/Ind002_M_Btk_C_news_0162
BATAK/Ind002_M_Btk/Ind002_M_Btk_C_news_0163
BATAK/Ind002_M_Btk/Ind002_M_Btk_C_news_0164
BATAK/Ind002_M_Btk/Ind002_M_Btk_C_news_0165
BATAK/Ind002_M_Btk/Ind002_M_Btk_C_news_0166
BATAK/Ind002_M_Btk/Ind002_M_Btk_C_news_0167
BATAK/Ind002_M_Btk/Ind002_M_Btk_C_news_0168
BATAK/Ind002_M_Btk/Ind002_M_Btk_C_news_0169
BATAK/Ind002_M_Btk/Ind002_M_Btk_C_news_0170
BATAK/Ind002_M_Btk/Ind002_M_Btk_C_news_0171
BATAK/Ind002_M_Btk/Ind002_M_Btk_C_news_0172
BATAK/Ind002_M_Btk/Ind002_M_Btk_C_news_0173
BATAK/Ind002_M_Btk/Ind002_M_Btk_C_news_0174
BATAK/Ind002_M_Btk/Ind002_M_Btk_C_news_0175
BATAK/Ind002_M_Btk/Ind002_M_Btk_C_news_0176
BATAK/Ind002_M_Btk/Ind002_M_Btk_C_news_0177
BATAK/Ind002_M_Btk/Ind002_M_Btk_C_news_0178
BATAK/Ind002_M_Btk/Ind002_M_Btk_C_news_0179
BATAK/Ind002_M_Btk/Ind002_M_Btk_C_news_0180
BATAK/Ind002_M_Btk/Ind002_M_Btk_C_news_0181
BATAK/Ind002_M_Btk/Ind002_M_Btk_C_news_0182
BATAK/Ind002_M_Btk/Ind002_M_Btk_C_news_0183
BATAK/Ind002_M_Btk/Ind002_M_Btk_C_news_0184
BATAK/Ind002_M_Btk/Ind002_M_Btk_C_news_0185
BATAK/Ind002_M_Btk/Ind002_M_Btk_C_news_0186
BATAK/Ind002_M_Btk/Ind002_M_Btk_C_news_0187
BATAK/Ind002_M_Btk/Ind002_M_Btk_C_news_0188
BATAK/Ind002_M_Btk/Ind002_M_Btk_C_news_0189
BATAK/Ind002_M_Btk/Ind002_M_Btk_C_news_0190
BATAK/Ind002_M_Btk/Ind002_M_Btk_C_news_0191
BATAK/Ind002_M_Btk/Ind002_M_Btk_C_news_0192
BATAK/Ind002_M_Btk/Ind002_M_Btk_C_news_0193
BATAK/Ind002_M_Btk/Ind002_M_Btk_C_news_0194
BATAK/Ind002_M_Btk/Ind002_M_Btk_C_news_0195
BATAK/Ind002_M_Btk/Ind002_M_Btk_C_news_0196
BATAK/Ind002_M_Btk/Ind002_M_Btk_C_news_0197
BATAK/Ind002_M_Btk/Ind002_M_Btk_C_news_0198
BATAK/Ind002_M_Btk/Ind002_M_Btk_C_news_0199
BATAK/Ind002_M_Btk/Ind002_M_Btk_C_news_0200
BATAK/Ind002_M_Btk/Ind002_M_Btk_C_news_0201
BATAK/Ind002_M_Btk/Ind002_M_Btk_C_news_0202
BATAK/Ind002_M_Btk/Ind002_M_Btk_C_news_0203
BATAK/Ind002_M_Btk/Ind002_M_Btk_C_news_0204
BATAK/Ind002_M_Btk/Ind002_M_Btk_C_news_0205
BATAK/Ind002_M_Btk/Ind002_M_Btk_C_news_0206
BATAK/Ind002_M_Btk/Ind002_M_Btk_C_news_0207
BATAK/Ind002_M_Btk/Ind002_M_Btk_C_news_0208
BATAK/Ind002_M_Btk/Ind002_M_Btk_C_news_0209
BATAK/Ind002_M_Btk/Ind002_M_Btk_C_news_0210
BATAK/Ind002_M_Btk/Ind002_M_Btk_C_news_0211
BATAK/Ind002_M_Btk/Ind002_M_Btk_C_news_0212
BATAK/Ind002_M_Btk/Ind002_M_Btk_C_news_0213
BATAK/Ind002_M_Btk/Ind002_M_Btk_C_news_0214
BATAK/Ind002_M_Btk/Ind002_M_Btk_C_news_0215
BATAK/Ind002_M_Btk/Ind002_M_Btk_C_news_0216
BATAK/Ind002_M_Btk/Ind002_M_Btk_C_news_0217
BATAK/Ind002_M_Btk/Ind002_M_Btk_C_news_0218
BATAK/Ind002_M_Btk/Ind002_M_Btk_C_news_0219
BATAK/Ind002_M_Btk/Ind002_M_Btk_C_news_0220
BATAK/Ind002_M_Btk/Ind002_M_Btk_C_news_0221
BATAK/Ind002_M_Btk/Ind002_M_Btk_C_news_0222
BATAK/Ind002_M_Btk/Ind002_M_Btk_C_news_0223
BATAK/Ind002_M_Btk/Ind002_M_Btk_C_news_0224
BATAK/Ind002_M_Btk/Ind002_M_Btk_C_news_0225
BATAK/Ind003_F_Btk/Ind003_F_Btk_C_news_0001
BATAK/Ind003_F_Btk/Ind003_F_Btk_C_news_0002
BATAK/Ind003_F_Btk/Ind003_F_Btk_C_news_0003
BATAK/Ind003_F_Btk/Ind003_F_Btk_C_news_0004
BATAK/Ind003_F_Btk/Ind003_F_Btk_C_news_0005
BATAK/Ind003_F_Btk/Ind003_F_Btk_C_news_0006
BATAK/Ind003_F_Btk/Ind003_F_Btk_C_news_0007
BATAK/Ind003_F_Btk/Ind003_F_Btk_C_news_0008
BATAK/Ind003_F_Btk/Ind003_F_Btk_C_news_0009
BATAK/Ind003_F_Btk/Ind003_F_Btk_C_news_0010
BATAK/Ind003_F_Btk/Ind003_F_Btk_C_news_0011
BATAK/Ind003_F_Btk/Ind003_F_Btk_C_news_0012
BATAK/Ind003_F_Btk/Ind003_F_Btk_C_news_0013
BATAK/Ind003_F_Btk/Ind003_F_Btk_C_news_0014
BATAK/Ind003_F_Btk/Ind003_F_Btk_C_news_0015
BATAK/Ind003_F_Btk/Ind003_F_Btk_C_news_0016
BATAK/Ind003_F_Btk/Ind003_F_Btk_C_news_0017
BATAK/Ind003_F_Btk/Ind003_F_Btk_C_news_0018
BATAK/Ind003_F_Btk/Ind003_F_Btk_C_news_0019
BATAK/Ind003_F_Btk/Ind003_F_Btk_C_news_0020
BATAK/Ind003_F_Btk/Ind003_F_Btk_C_news_0021
BATAK/Ind003_F_Btk/Ind003_F_Btk_C_news_0022
BATAK/Ind003_F_Btk/Ind003_F_Btk_C_news_0023
BATAK/Ind003_F_Btk/Ind003_F_Btk_C_news_0024
BATAK/Ind003_F_Btk/Ind003_F_Btk_C_news_0025
BATAK/Ind003_F_Btk/Ind003_F_Btk_C_news_0026
BATAK/Ind003_F_Btk/Ind003_F_Btk_C_news_0027
BATAK/Ind003_F_Btk/Ind003_F_Btk_C_news_0028
BATAK/Ind003_F_Btk/Ind003_F_Btk_C_news_0029
BATAK/Ind003_F_Btk/Ind003_F_Btk_C_news_0030
BATAK/Ind003_F_Btk/Ind003_F_Btk_C_news_0031
BATAK/Ind003_F_Btk/Ind003_F_Btk_C_news_0032
BATAK/Ind003_F_Btk/Ind003_F_Btk_C_news_0033
BATAK/Ind003_F_Btk/Ind003_F_Btk_C_news_0034
BATAK/Ind003_F_Btk/Ind003_F_Btk_C_news_0035
BATAK/Ind003_F_Btk/Ind003_F_Btk_C_news_0036
BATAK/Ind003_F_Btk/Ind003_F_Btk_C_news_0037
BATAK/Ind003_F_Btk/Ind003_F_Btk_C_news_0038
BATAK/Ind003_F_Btk/Ind003_F_Btk_C_news_0039
BATAK/Ind003_F_Btk/Ind003_F_Btk_C_news_0040
BATAK/Ind003_F_Btk/Ind003_F_Btk_C_news_0041
BATAK/Ind003_F_Btk/Ind003_F_Btk_C_news_0042
BATAK/Ind003_F_Btk/Ind003_F_Btk_C_news_0043
BATAK/Ind003_F_Btk/Ind003_F_Btk_C_news_0044
BATAK/Ind003_F_Btk/Ind003_F_Btk_C_news_0045
BATAK/Ind003_F_Btk/Ind003_F_Btk_C_news_0046
BATAK/Ind003_F_Btk/Ind003_F_Btk_C_news_0047
BATAK/Ind003_F_Btk/Ind003_F_Btk_C_news_0048
BATAK/Ind003_F_Btk/Ind003_F_Btk_C_news_0049
BATAK/Ind003_F_Btk/Ind003_F_Btk_C_news_0050
BATAK/Ind003_F_Btk/Ind003_F_Btk_C_news_0051
BATAK/Ind003_F_Btk/Ind003_F_Btk_C_news_0052
BATAK/Ind003_F_Btk/Ind003_F_Btk_C_news_0053
BATAK/Ind003_F_Btk/Ind003_F_Btk_C_news_0054
BATAK/Ind003_F_Btk/Ind003_F_Btk_C_news_0055
BATAK/Ind003_F_Btk/Ind003_F_Btk_C_news_0056
BATAK/Ind003_F_Btk/Ind003_F_Btk_C_news_0057
BATAK/Ind003_F_Btk/Ind003_F_Btk_C_news_0058
BATAK/Ind003_F_Btk/Ind003_F_Btk_C_news_0059
BATAK/Ind003_F_Btk/Ind003_F_Btk_C_news_0060
BATAK/Ind003_F_Btk/Ind003_F_Btk_C_news_0061
BATAK/Ind003_F_Btk/Ind003_F_Btk_C_news_0062
BATAK/Ind003_F_Btk/Ind003_F_Btk_C_news_0063
BATAK/Ind003_F_Btk/Ind003_F_Btk_C_news_0064
BATAK/Ind003_F_Btk/Ind003_F_Btk_C_news_0065
BATAK/Ind003_F_Btk/Ind003_F_Btk_C_news_0066
BATAK/Ind003_F_Btk/Ind003_F_Btk_C_news_0067
BATAK/Ind003_F_Btk/Ind003_F_Btk_C_news_0068
BATAK/Ind003_F_Btk/Ind003_F_Btk_C_news_0069
BATAK/Ind003_F_Btk/Ind003_F_Btk_C_news_0070
BATAK/Ind003_F_Btk/Ind003_F_Btk_C_news_0071
BATAK/Ind003_F_Btk/Ind003_F_Btk_C_news_0072
BATAK/Ind003_F_Btk/Ind003_F_Btk_C_news_0073
BATAK/Ind003_F_Btk/Ind003_F_Btk_C_news_0074
BATAK/Ind003_F_Btk/Ind003_F_Btk_C_news_0075
BATAK/Ind003_F_Btk/Ind003_F_Btk_C_news_0076
BATAK/Ind003_F_Btk/Ind003_F_Btk_C_news_0077
BATAK/Ind003_F_Btk/Ind003_F_Btk_C_news_0078
BATAK/Ind003_F_Btk/Ind003_F_Btk_C_news_0079
BATAK/Ind003_F_Btk/Ind003_F_Btk_C_news_0080
BATAK/Ind003_F_Btk/Ind003_F_Btk_C_news_0081
BATAK/Ind003_F_Btk/Ind003_F_Btk_C_news_0082
BATAK/Ind003_F_Btk/Ind003_F_Btk_C_news_0083
BATAK/Ind003_F_Btk/Ind003_F_Btk_C_news_0084
BATAK/Ind003_F_Btk/Ind003_F_Btk_C_news_0085
BATAK/Ind003_F_Btk/Ind003_F_Btk_C_news_0086
BATAK/Ind003_F_Btk/Ind003_F_Btk_C_news_0087
BATAK/Ind003_F_Btk/Ind003_F_Btk_C_news_0088
BATAK/Ind003_F_Btk/Ind003_F_Btk_C_news_0089
BATAK/Ind003_F_Btk/Ind003_F_Btk_C_news_0090
BATAK/Ind003_F_Btk/Ind003_F_Btk_C_news_0091
BATAK/Ind003_F_Btk/Ind003_F_Btk_C_news_0092
BATAK/Ind003_F_Btk/Ind003_F_Btk_C_news_0093
BATAK/Ind003_F_Btk/Ind003_F_Btk_C_news_0094
BATAK/Ind003_F_Btk/Ind003_F_Btk_C_news_0095
BATAK/Ind003_F_Btk/Ind003_F_Btk_C_news_0096
BATAK/Ind003_F_Btk/Ind003_F_Btk_C_news_0097
BATAK/Ind003_F_Btk/Ind003_F_Btk_C_news_0098
BATAK/Ind003_F_Btk/Ind003_F_Btk_C_news_0099
BATAK/Ind003_F_Btk/Ind003_F_Btk_C_news_0100
BATAK/Ind003_F_Btk/Ind003_F_Btk_C_news_0101
BATAK/Ind003_F_Btk/Ind003_F_Btk_C_news_0102
BATAK/Ind003_F_Btk/Ind003_F_Btk_C_news_0103
BATAK/Ind003_F_Btk/Ind003_F_Btk_C_news_0104
BATAK/Ind003_F_Btk/Ind003_F_Btk_C_news_0105
BATAK/Ind003_F_Btk/Ind003_F_Btk_C_news_0106
BATAK/Ind003_F_Btk/Ind003_F_Btk_C_news_0107
BATAK/Ind003_F_Btk/Ind003_F_Btk_C_news_0108
BATAK/Ind003_F_Btk/Ind003_F_Btk_C_news_0109
BATAK/Ind003_F_Btk/Ind003_F_Btk_C_news_0110
BATAK/Ind003_F_Btk/Ind003_F_Btk_C_news_0111
BATAK/Ind003_F_Btk/Ind003_F_Btk_C_news_0112
BATAK/Ind003_F_Btk/Ind003_F_Btk_C_news_0113
BATAK/Ind003_F_Btk/Ind003_F_Btk_C_news_0114
BATAK/Ind003_F_Btk/Ind003_F_Btk_C_news_0115
BATAK/Ind003_F_Btk/Ind003_F_Btk_C_news_0116
BATAK/Ind003_F_Btk/Ind003_F_Btk_C_news_0117
BATAK/Ind003_F_Btk/Ind003_F_Btk_C_news_0118
BATAK/Ind003_F_Btk/Ind003_F_Btk_C_news_0119
BATAK/Ind003_F_Btk/Ind003_F_Btk_C_news_0120
BATAK/Ind003_F_Btk/Ind003_F_Btk_C_news_0121
BATAK/Ind003_F_Btk/Ind003_F_Btk_C_news_0122
BATAK/Ind003_F_Btk/Ind003_F_Btk_C_news_0123
BATAK/Ind003_F_Btk/Ind003_F_Btk_C_news_0124
BATAK/Ind003_F_Btk/Ind003_F_Btk_C_news_0125
BATAK/Ind003_F_Btk/Ind003_F_Btk_C_news_0126
BATAK/Ind003_F_Btk/Ind003_F_Btk_C_news_0127
BATAK/Ind003_F_Btk/Ind003_F_Btk_C_news_0128
BATAK/Ind003_F_Btk/Ind003_F_Btk_C_news_0129
BATAK/Ind003_F_Btk/Ind003_F_Btk_C_news_0130
BATAK/Ind003_F_Btk/Ind003_F_Btk_C_news_0131
BATAK/Ind003_F_Btk/Ind003_F_Btk_C_news_0132
BATAK/Ind003_F_Btk/Ind003_F_Btk_C_news_0133
BATAK/Ind003_F_Btk/Ind003_F_Btk_C_news_0134
BATAK/Ind003_F_Btk/Ind003_F_Btk_C_news_0135
BATAK/Ind003_F_Btk/Ind003_F_Btk_C_news_0136
BATAK/Ind003_F_Btk/Ind003_F_Btk_C_news_0137
BATAK/Ind003_F_Btk/Ind003_F_Btk_C_news_0138
BATAK/Ind003_F_Btk/Ind003_F_Btk_C_news_0139
BATAK/Ind003_F_Btk/Ind003_F_Btk_C_news_0140
BATAK/Ind003_F_Btk/Ind003_F_Btk_C_news_0141
BATAK/Ind003_F_Btk/Ind003_F_Btk_C_news_0142
BATAK/Ind003_F_Btk/Ind003_F_Btk_C_news_0143
BATAK/Ind003_F_Btk/Ind003_F_Btk_C_news_0144
BATAK/Ind003_F_Btk/Ind003_F_Btk_C_news_0145
BATAK/Ind003_F_Btk/Ind003_F_Btk_C_news_0146
BATAK/Ind003_F_Btk/Ind003_F_Btk_C_news_0147
BATAK/Ind003_F_Btk/Ind003_F_Btk_C_news_0148
BATAK/Ind003_F_Btk/Ind003_F_Btk_C_news_0149
BATAK/Ind003_F_Btk/Ind003_F_Btk_C_news_0150
BATAK/Ind003_F_Btk/Ind003_F_Btk_C_news_0151
BATAK/Ind003_F_Btk/Ind003_F_Btk_C_news_0152
BATAK/Ind003_F_Btk/Ind003_F_Btk_C_news_0153
BATAK/Ind003_F_Btk/Ind003_F_Btk_C_news_0154
BATAK/Ind003_F_Btk/Ind003_F_Btk_C_news_0155
BATAK/Ind003_F_Btk/Ind003_F_Btk_C_news_0156
BATAK/Ind003_F_Btk/Ind003_F_Btk_C_news_0157
BATAK/Ind003_F_Btk/Ind003_F_Btk_C_news_0158
BATAK/Ind003_F_Btk/Ind003_F_Btk_C_news_0159
BATAK/Ind003_F_Btk/Ind003_F_Btk_C_news_0160
BATAK/Ind003_F_Btk/Ind003_F_Btk_C_news_0161
BATAK/Ind003_F_Btk/Ind003_F_Btk_C_news_0162
BATAK/Ind003_F_Btk/Ind003_F_Btk_C_news_0163
BATAK/Ind003_F_Btk/Ind003_F_Btk_C_news_0164
BATAK/Ind003_F_Btk/Ind003_F_Btk_C_news_0165
BATAK/Ind003_F_Btk/Ind003_F_Btk_C_news_0166
BATAK/Ind003_F_Btk/Ind003_F_Btk_C_news_0167
BATAK/Ind003_F_Btk/Ind003_F_Btk_C_news_0168
BATAK/Ind003_F_Btk/Ind003_F_Btk_C_news_0169
BATAK/Ind003_F_Btk/Ind003_F_Btk_C_news_0170
BATAK/Ind003_F_Btk/Ind003_F_Btk_C_news_0171
BATAK/Ind003_F_Btk/Ind003_F_Btk_C_news_0172
BATAK/Ind003_F_Btk/Ind003_F_Btk_C_news_0173
BATAK/Ind003_F_Btk/Ind003_F_Btk_C_news_0174
BATAK/Ind003_F_Btk/Ind003_F_Btk_C_news_0175
BATAK/Ind003_F_Btk/Ind003_F_Btk_C_news_0176
BATAK/Ind003_F_Btk/Ind003_F_Btk_C_news_0177
BATAK/Ind003_F_Btk/Ind003_F_Btk_C_news_0178
BATAK/Ind003_F_Btk/Ind003_F_Btk_C_news_0179
BATAK/Ind003_F_Btk/Ind003_F_Btk_C_news_0180
BATAK/Ind003_F_Btk/Ind003_F_Btk_C_news_0181
BATAK/Ind003_F_Btk/Ind003_F_Btk_C_news_0182
BATAK/Ind003_F_Btk/Ind003_F_Btk_C_news_0183
BATAK/Ind003_F_Btk/Ind003_F_Btk_C_news_0184
BATAK/Ind003_F_Btk/Ind003_F_Btk_C_news_0185
BATAK/Ind003_F_Btk/Ind003_F_Btk_C_news_0186
BATAK/Ind003_F_Btk/Ind003_F_Btk_C_news_0187
BATAK/Ind003_F_Btk/Ind003_F_Btk_C_news_0188
BATAK/Ind003_F_Btk/Ind003_F_Btk_C_news_0189
BATAK/Ind003_F_Btk/Ind003_F_Btk_C_news_0190
BATAK/Ind003_F_Btk/Ind003_F_Btk_C_news_0191
BATAK/Ind003_F_Btk/Ind003_F_Btk_C_news_0192
BATAK/Ind003_F_Btk/Ind003_F_Btk_C_news_0193
BATAK/Ind003_F_Btk/Ind003_F_Btk_C_news_0194
BATAK/Ind003_F_Btk/Ind003_F_Btk_C_news_0195
BATAK/Ind003_F_Btk/Ind003_F_Btk_C_news_0196
BATAK/Ind003_F_Btk/Ind003_F_Btk_C_news_0197
BATAK/Ind003_F_Btk/Ind003_F_Btk_C_news_0198
BATAK/Ind003_F_Btk/Ind003_F_Btk_C_news_0199
BATAK/Ind003_F_Btk/Ind003_F_Btk_C_news_0200
BATAK/Ind003_F_Btk/Ind003_F_Btk_C_news_0201
BATAK/Ind003_F_Btk/Ind003_F_Btk_C_news_0202
BATAK/Ind003_F_Btk/Ind003_F_Btk_C_news_0203
BATAK/Ind003_F_Btk/Ind003_F_Btk_C_news_0204
BATAK/Ind003_F_Btk/Ind003_F_Btk_C_news_0205
BATAK/Ind003_F_Btk/Ind003_F_Btk_C_news_0206
BATAK/Ind003_F_Btk/Ind003_F_Btk_C_news_0207
BATAK/Ind003_F_Btk/Ind003_F_Btk_C_news_0208
BATAK/Ind003_F_Btk/Ind003_F_Btk_C_news_0209
BATAK/Ind003_F_Btk/Ind003_F_Btk_C_news_0210
BATAK/Ind003_F_Btk/Ind003_F_Btk_C_news_0211
BATAK/Ind003_F_Btk/Ind003_F_Btk_C_news_0212
BATAK/Ind003_F_Btk/Ind003_F_Btk_C_news_0213
BATAK/Ind003_F_Btk/Ind003_F_Btk_C_news_0214
BATAK/Ind003_F_Btk/Ind003_F_Btk_C_news_0215
BATAK/Ind003_F_Btk/Ind003_F_Btk_C_news_0216
BATAK/Ind003_F_Btk/Ind003_F_Btk_C_news_0217
BATAK/Ind003_F_Btk/Ind003_F_Btk_C_news_0218
BATAK/Ind003_F_Btk/Ind003_F_Btk_C_news_0219
BATAK/Ind003_F_Btk/Ind003_F_Btk_C_news_0220
BATAK/Ind003_F_Btk/Ind003_F_Btk_C_news_0221
BATAK/Ind003_F_Btk/Ind003_F_Btk_C_news_0222
BATAK/Ind003_F_Btk/Ind003_F_Btk_C_news_0223
BATAK/Ind003_F_Btk/Ind003_F_Btk_C_news_0224
BATAK/Ind003_F_Btk/Ind003_F_Btk_C_news_0225
BATAK/Ind004_M_Btk/Ind004_M_Btk_C_news_0001
BATAK/Ind004_M_Btk/Ind004_M_Btk_C_news_0002
BATAK/Ind004_M_Btk/Ind004_M_Btk_C_news_0003
BATAK/Ind004_M_Btk/Ind004_M_Btk_C_news_0004
BATAK/Ind004_M_Btk/Ind004_M_Btk_C_news_0005
BATAK/Ind004_M_Btk/Ind004_M_Btk_C_news_0006
BATAK/Ind004_M_Btk/Ind004_M_Btk_C_news_0007
BATAK/Ind004_M_Btk/Ind004_M_Btk_C_news_0008
BATAK/Ind004_M_Btk/Ind004_M_Btk_C_news_0009
BATAK/Ind004_M_Btk/Ind004_M_Btk_C_news_0010
BATAK/Ind004_M_Btk/Ind004_M_Btk_C_news_0011
BATAK/Ind004_M_Btk/Ind004_M_Btk_C_news_0012
BATAK/Ind004_M_Btk/Ind004_M_Btk_C_news_0013
BATAK/Ind004_M_Btk/Ind004_M_Btk_C_news_0014
BATAK/Ind004_M_Btk/Ind004_M_Btk_C_news_0015
BATAK/Ind004_M_Btk/Ind004_M_Btk_C_news_0016
BATAK/Ind004_M_Btk/Ind004_M_Btk_C_news_0017
BATAK/Ind004_M_Btk/Ind004_M_Btk_C_news_0018
BATAK/Ind004_M_Btk/Ind004_M_Btk_C_news_0019
BATAK/Ind004_M_Btk/Ind004_M_Btk_C_news_0020
BATAK/Ind004_M_Btk/Ind004_M_Btk_C_news_0021
BATAK/Ind004_M_Btk/Ind004_M_Btk_C_news_0022
BATAK/Ind004_M_Btk/Ind004_M_Btk_C_news_0023
BATAK/Ind004_M_Btk/Ind004_M_Btk_C_news_0024
BATAK/Ind004_M_Btk/Ind004_M_Btk_C_news_0025
BATAK/Ind004_M_Btk/Ind004_M_Btk_C_news_0026
BATAK/Ind004_M_Btk/Ind004_M_Btk_C_news_0027
BATAK/Ind004_M_Btk/Ind004_M_Btk_C_news_0028
BATAK/Ind004_M_Btk/Ind004_M_Btk_C_news_0029
BATAK/Ind004_M_Btk/Ind004_M_Btk_C_news_0030
BATAK/Ind004_M_Btk/Ind004_M_Btk_C_news_0031
BATAK/Ind004_M_Btk/Ind004_M_Btk_C_news_0032
BATAK/Ind004_M_Btk/Ind004_M_Btk_C_news_0033
BATAK/Ind004_M_Btk/Ind004_M_Btk_C_news_0034
BATAK/Ind004_M_Btk/Ind004_M_Btk_C_news_0035
BATAK/Ind004_M_Btk/Ind004_M_Btk_C_news_0036
BATAK/Ind004_M_Btk/Ind004_M_Btk_C_news_0037
BATAK/Ind004_M_Btk/Ind004_M_Btk_C_news_0038
BATAK/Ind004_M_Btk/Ind004_M_Btk_C_news_0039
BATAK/Ind004_M_Btk/Ind004_M_Btk_C_news_0040
BATAK/Ind004_M_Btk/Ind004_M_Btk_C_news_0041
BATAK/Ind004_M_Btk/Ind004_M_Btk_C_news_0042
BATAK/Ind004_M_Btk/Ind004_M_Btk_C_news_0043
BATAK/Ind004_M_Btk/Ind004_M_Btk_C_news_0044
BATAK/Ind004_M_Btk/Ind004_M_Btk_C_news_0045
BATAK/Ind004_M_Btk/Ind004_M_Btk_C_news_0046
BATAK/Ind004_M_Btk/Ind004_M_Btk_C_news_0047
BATAK/Ind004_M_Btk/Ind004_M_Btk_C_news_0048
BATAK/Ind004_M_Btk/Ind004_M_Btk_C_news_0049
BATAK/Ind004_M_Btk/Ind004_M_Btk_C_news_0050
BATAK/Ind004_M_Btk/Ind004_M_Btk_C_news_0051
BATAK/Ind004_M_Btk/Ind004_M_Btk_C_news_0052
BATAK/Ind004_M_Btk/Ind004_M_Btk_C_news_0053
BATAK/Ind004_M_Btk/Ind004_M_Btk_C_news_0054
BATAK/Ind004_M_Btk/Ind004_M_Btk_C_news_0055
BATAK/Ind004_M_Btk/Ind004_M_Btk_C_news_0056
BATAK/Ind004_M_Btk/Ind004_M_Btk_C_news_0057
BATAK/Ind004_M_Btk/Ind004_M_Btk_C_news_0058
BATAK/Ind004_M_Btk/Ind004_M_Btk_C_news_0059
BATAK/Ind004_M_Btk/Ind004_M_Btk_C_news_0060
BATAK/Ind004_M_Btk/Ind004_M_Btk_C_news_0061
BATAK/Ind004_M_Btk/Ind004_M_Btk_C_news_0062
BATAK/Ind004_M_Btk/Ind004_M_Btk_C_news_0063
BATAK/Ind004_M_Btk/Ind004_M_Btk_C_news_0064
BATAK/Ind004_M_Btk/Ind004_M_Btk_C_news_0065
BATAK/Ind004_M_Btk/Ind004_M_Btk_C_news_0066
BATAK/Ind004_M_Btk/Ind004_M_Btk_C_news_0067
BATAK/Ind004_M_Btk/Ind004_M_Btk_C_news_0068
BATAK/Ind004_M_Btk/Ind004_M_Btk_C_news_0069
BATAK/Ind004_M_Btk/Ind004_M_Btk_C_news_0070
BATAK/Ind004_M_Btk/Ind004_M_Btk_C_news_0071
BATAK/Ind004_M_Btk/Ind004_M_Btk_C_news_0072
BATAK/Ind004_M_Btk/Ind004_M_Btk_C_news_0073
BATAK/Ind004_M_Btk/Ind004_M_Btk_C_news_0074
BATAK/Ind004_M_Btk/Ind004_M_Btk_C_news_0075
BATAK/Ind004_M_Btk/Ind004_M_Btk_C_news_0076
BATAK/Ind004_M_Btk/Ind004_M_Btk_C_news_0077
BATAK/Ind004_M_Btk/Ind004_M_Btk_C_news_0078
BATAK/Ind004_M_Btk/Ind004_M_Btk_C_news_0079
BATAK/Ind004_M_Btk/Ind004_M_Btk_C_news_0080
BATAK/Ind004_M_Btk/Ind004_M_Btk_C_news_0081
BATAK/Ind004_M_Btk/Ind004_M_Btk_C_news_0082
BATAK/Ind004_M_Btk/Ind004_M_Btk_C_news_0083
BATAK/Ind004_M_Btk/Ind004_M_Btk_C_news_0084
BATAK/Ind004_M_Btk/Ind004_M_Btk_C_news_0085
BATAK/Ind004_M_Btk/Ind004_M_Btk_C_news_0086
BATAK/Ind004_M_Btk/Ind004_M_Btk_C_news_0087
BATAK/Ind004_M_Btk/Ind004_M_Btk_C_news_0088
BATAK/Ind004_M_Btk/Ind004_M_Btk_C_news_0089
BATAK/Ind004_M_Btk/Ind004_M_Btk_C_news_0090
BATAK/Ind004_M_Btk/Ind004_M_Btk_C_news_0091
BATAK/Ind004_M_Btk/Ind004_M_Btk_C_news_0092
BATAK/Ind004_M_Btk/Ind004_M_Btk_C_news_0093
BATAK/Ind004_M_Btk/Ind004_M_Btk_C_news_0094
BATAK/Ind004_M_Btk/Ind004_M_Btk_C_news_0095
BATAK/Ind004_M_Btk/Ind004_M_Btk_C_news_0096
BATAK/Ind004_M_Btk/Ind004_M_Btk_C_news_0097
BATAK/Ind004_M_Btk/Ind004_M_Btk_C_news_0098
BATAK/Ind004_M_Btk/Ind004_M_Btk_C_news_0099
BATAK/Ind004_M_Btk/Ind004_M_Btk_C_news_0100
BATAK/Ind004_M_Btk/Ind004_M_Btk_C_news_0101
BATAK/Ind004_M_Btk/Ind004_M_Btk_C_news_0102
BATAK/Ind004_M_Btk/Ind004_M_Btk_C_news_0103
BATAK/Ind004_M_Btk/Ind004_M_Btk_C_news_0104
BATAK/Ind004_M_Btk/Ind004_M_Btk_C_news_0105
BATAK/Ind004_M_Btk/Ind004_M_Btk_C_news_0106
BATAK/Ind004_M_Btk/Ind004_M_Btk_C_news_0107
BATAK/Ind004_M_Btk/Ind004_M_Btk_C_news_0108
BATAK/Ind004_M_Btk/Ind004_M_Btk_C_news_0109
BATAK/Ind004_M_Btk/Ind004_M_Btk_C_news_0110
BATAK/Ind004_M_Btk/Ind004_M_Btk_C_news_0111
BATAK/Ind004_M_Btk/Ind004_M_Btk_C_news_0112
BATAK/Ind004_M_Btk/Ind004_M_Btk_C_news_0113
BATAK/Ind004_M_Btk/Ind004_M_Btk_C_news_0114
BATAK/Ind004_M_Btk/Ind004_M_Btk_C_news_0115
BATAK/Ind004_M_Btk/Ind004_M_Btk_C_news_0116
BATAK/Ind004_M_Btk/Ind004_M_Btk_C_news_0117
BATAK/Ind004_M_Btk/Ind004_M_Btk_C_news_0118
BATAK/Ind004_M_Btk/Ind004_M_Btk_C_news_0119
BATAK/Ind004_M_Btk/Ind004_M_Btk_C_news_0120
BATAK/Ind004_M_Btk/Ind004_M_Btk_C_news_0121
BATAK/Ind004_M_Btk/Ind004_M_Btk_C_news_0122
BATAK/Ind004_M_Btk/Ind004_M_Btk_C_news_0123
BATAK/Ind004_M_Btk/Ind004_M_Btk_C_news_0124
BATAK/Ind004_M_Btk/Ind004_M_Btk_C_news_0125
BATAK/Ind004_M_Btk/Ind004_M_Btk_C_news_0126
BATAK/Ind004_M_Btk/Ind004_M_Btk_C_news_0127
BATAK/Ind004_M_Btk/Ind004_M_Btk_C_news_0128
BATAK/Ind004_M_Btk/Ind004_M_Btk_C_news_0129
BATAK/Ind004_M_Btk/Ind004_M_Btk_C_news_0130
BATAK/Ind004_M_Btk/Ind004_M_Btk_C_news_0131
BATAK/Ind004_M_Btk/Ind004_M_Btk_C_news_0132
BATAK/Ind004_M_Btk/Ind004_M_Btk_C_news_0133
BATAK/Ind004_M_Btk/Ind004_M_Btk_C_news_0134
BATAK/Ind004_M_Btk/Ind004_M_Btk_C_news_0135
BATAK/Ind004_M_Btk/Ind004_M_Btk_C_news_0136
BATAK/Ind004_M_Btk/Ind004_M_Btk_C_news_0137
BATAK/Ind004_M_Btk/Ind004_M_Btk_C_news_0138
BATAK/Ind004_M_Btk/Ind004_M_Btk_C_news_0139
BATAK/Ind004_M_Btk/Ind004_M_Btk_C_news_0140
BATAK/Ind004_M_Btk/Ind004_M_Btk_C_news_0141
BATAK/Ind004_M_Btk/Ind004_M_Btk_C_news_0142
BATAK/Ind004_M_Btk/Ind004_M_Btk_C_news_0143
BATAK/Ind004_M_Btk/Ind004_M_Btk_C_news_0144
BATAK/Ind004_M_Btk/Ind004_M_Btk_C_news_0145
BATAK/Ind004_M_Btk/Ind004_M_Btk_C_news_0146
BATAK/Ind004_M_Btk/Ind004_M_Btk_C_news_0147
BATAK/Ind004_M_Btk/Ind004_M_Btk_C_news_0148
BATAK/Ind004_M_Btk/Ind004_M_Btk_C_news_0149
BATAK/Ind004_M_Btk/Ind004_M_Btk_C_news_0150
BATAK/Ind004_M_Btk/Ind004_M_Btk_C_news_0151
BATAK/Ind004_M_Btk/Ind004_M_Btk_C_news_0152
BATAK/Ind004_M_Btk/Ind004_M_Btk_C_news_0153
BATAK/Ind004_M_Btk/Ind004_M_Btk_C_news_0154
BATAK/Ind004_M_Btk/Ind004_M_Btk_C_news_0155
BATAK/Ind004_M_Btk/Ind004_M_Btk_C_news_0156
BATAK/Ind004_M_Btk/Ind004_M_Btk_C_news_0157
BATAK/Ind004_M_Btk/Ind004_M_Btk_C_news_0158
BATAK/Ind004_M_Btk/Ind004_M_Btk_C_news_0159
BATAK/Ind004_M_Btk/Ind004_M_Btk_C_news_0160
BATAK/Ind004_M_Btk/Ind004_M_Btk_C_news_0161
BATAK/Ind004_M_Btk/Ind004_M_Btk_C_news_0162
BATAK/Ind004_M_Btk/Ind004_M_Btk_C_news_0163
BATAK/Ind004_M_Btk/Ind004_M_Btk_C_news_0164
BATAK/Ind004_M_Btk/Ind004_M_Btk_C_news_0165
BATAK/Ind004_M_Btk/Ind004_M_Btk_C_news_0166
BATAK/Ind004_M_Btk/Ind004_M_Btk_C_news_0167
BATAK/Ind004_M_Btk/Ind004_M_Btk_C_news_0168
BATAK/Ind004_M_Btk/Ind004_M_Btk_C_news_0169
BATAK/Ind004_M_Btk/Ind004_M_Btk_C_news_0170
BATAK/Ind004_M_Btk/Ind004_M_Btk_C_news_0171
BATAK/Ind004_M_Btk/Ind004_M_Btk_C_news_0172
BATAK/Ind004_M_Btk/Ind004_M_Btk_C_news_0173
BATAK/Ind004_M_Btk/Ind004_M_Btk_C_news_0174
BATAK/Ind004_M_Btk/Ind004_M_Btk_C_news_0175
BATAK/Ind004_M_Btk/Ind004_M_Btk_C_news_0176
BATAK/Ind004_M_Btk/Ind004_M_Btk_C_news_0177
BATAK/Ind004_M_Btk/Ind004_M_Btk_C_news_0178
BATAK/Ind004_M_Btk/Ind004_M_Btk_C_news_0179
BATAK/Ind004_M_Btk/Ind004_M_Btk_C_news_0180
BATAK/Ind004_M_Btk/Ind004_M_Btk_C_news_0181
BATAK/Ind004_M_Btk/Ind004_M_Btk_C_news_0182
BATAK/Ind004_M_Btk/Ind004_M_Btk_C_news_0183
BATAK/Ind004_M_Btk/Ind004_M_Btk_C_news_0184
BATAK/Ind004_M_Btk/Ind004_M_Btk_C_news_0185
BATAK/Ind004_M_Btk/Ind004_M_Btk_C_news_0186
BATAK/Ind004_M_Btk/Ind004_M_Btk_C_news_0187
BATAK/Ind004_M_Btk/Ind004_M_Btk_C_news_0188
BATAK/Ind004_M_Btk/Ind004_M_Btk_C_news_0189
BATAK/Ind004_M_Btk/Ind004_M_Btk_C_news_0190
BATAK/Ind004_M_Btk/Ind004_M_Btk_C_news_0191
BATAK/Ind004_M_Btk/Ind004_M_Btk_C_news_0192
BATAK/Ind004_M_Btk/Ind004_M_Btk_C_news_0193
BATAK/Ind004_M_Btk/Ind004_M_Btk_C_news_0194
BATAK/Ind004_M_Btk/Ind004_M_Btk_C_news_0195
BATAK/Ind004_M_Btk/Ind004_M_Btk_C_news_0196
BATAK/Ind004_M_Btk/Ind004_M_Btk_C_news_0197
BATAK/Ind004_M_Btk/Ind004_M_Btk_C_news_0198
BATAK/Ind004_M_Btk/Ind004_M_Btk_C_news_0199
BATAK/Ind004_M_Btk/Ind004_M_Btk_C_news_0200
BATAK/Ind004_M_Btk/Ind004_M_Btk_C_news_0201
BATAK/Ind004_M_Btk/Ind004_M_Btk_C_news_0202
BATAK/Ind004_M_Btk/Ind004_M_Btk_C_news_0203
BATAK/Ind004_M_Btk/Ind004_M_Btk_C_news_0204
BATAK/Ind004_M_Btk/Ind004_M_Btk_C_news_0205
BATAK/Ind004_M_Btk/Ind004_M_Btk_C_news_0206
BATAK/Ind004_M_Btk/Ind004_M_Btk_C_news_0207
BATAK/Ind004_M_Btk/Ind004_M_Btk_C_news_0208
BATAK/Ind004_M_Btk/Ind004_M_Btk_C_news_0209
BATAK/Ind004_M_Btk/Ind004_M_Btk_C_news_0210
BATAK/Ind004_M_Btk/Ind004_M_Btk_C_news_0211
BATAK/Ind004_M_Btk/Ind004_M_Btk_C_news_0212
BATAK/Ind004_M_Btk/Ind004_M_Btk_C_news_0213
BATAK/Ind004_M_Btk/Ind004_M_Btk_C_news_0214
BATAK/Ind004_M_Btk/Ind004_M_Btk_C_news_0215
BATAK/Ind004_M_Btk/Ind004_M_Btk_C_news_0216
BATAK/Ind004_M_Btk/Ind004_M_Btk_C_news_0217
BATAK/Ind004_M_Btk/Ind004_M_Btk_C_news_0218
BATAK/Ind004_M_Btk/Ind004_M_Btk_C_news_0219
BATAK/Ind004_M_Btk/Ind004_M_Btk_C_news_0220
BATAK/Ind004_M_Btk/Ind004_M_Btk_C_news_0221
BATAK/Ind004_M_Btk/Ind004_M_Btk_C_news_0222
BATAK/Ind004_M_Btk/Ind004_M_Btk_C_news_0223
BATAK/Ind004_M_Btk/Ind004_M_Btk_C_news_0224
BATAK/Ind004_M_Btk/Ind004_M_Btk_C_news_0225
BATAK/Ind005_F_Btk/Ind005_F_Btk_C_news_0001
BATAK/Ind005_F_Btk/Ind005_F_Btk_C_news_0002
BATAK/Ind005_F_Btk/Ind005_F_Btk_C_news_0003
BATAK/Ind005_F_Btk/Ind005_F_Btk_C_news_0004
BATAK/Ind005_F_Btk/Ind005_F_Btk_C_news_0005
BATAK/Ind005_F_Btk/Ind005_F_Btk_C_news_0006
BATAK/Ind005_F_Btk/Ind005_F_Btk_C_news_0007
BATAK/Ind005_F_Btk/Ind005_F_Btk_C_news_0008
BATAK/Ind005_F_Btk/Ind005_F_Btk_C_news_0009
BATAK/Ind005_F_Btk/Ind005_F_Btk_C_news_0010
BATAK/Ind005_F_Btk/Ind005_F_Btk_C_news_0011
BATAK/Ind005_F_Btk/Ind005_F_Btk_C_news_0012
BATAK/Ind005_F_Btk/Ind005_F_Btk_C_news_0013
BATAK/Ind005_F_Btk/Ind005_F_Btk_C_news_0014
BATAK/Ind005_F_Btk/Ind005_F_Btk_C_news_0015
BATAK/Ind005_F_Btk/Ind005_F_Btk_C_news_0016
BATAK/Ind005_F_Btk/Ind005_F_Btk_C_news_0017
BATAK/Ind005_F_Btk/Ind005_F_Btk_C_news_0018
BATAK/Ind005_F_Btk/Ind005_F_Btk_C_news_0019
BATAK/Ind005_F_Btk/Ind005_F_Btk_C_news_0020
BATAK/Ind005_F_Btk/Ind005_F_Btk_C_news_0021
BATAK/Ind005_F_Btk/Ind005_F_Btk_C_news_0022
BATAK/Ind005_F_Btk/Ind005_F_Btk_C_news_0023
BATAK/Ind005_F_Btk/Ind005_F_Btk_C_news_0024
BATAK/Ind005_F_Btk/Ind005_F_Btk_C_news_0025
BATAK/Ind005_F_Btk/Ind005_F_Btk_C_news_0026
BATAK/Ind005_F_Btk/Ind005_F_Btk_C_news_0027
BATAK/Ind005_F_Btk/Ind005_F_Btk_C_news_0028
BATAK/Ind005_F_Btk/Ind005_F_Btk_C_news_0029
BATAK/Ind005_F_Btk/Ind005_F_Btk_C_news_0030
BATAK/Ind005_F_Btk/Ind005_F_Btk_C_news_0031
BATAK/Ind005_F_Btk/Ind005_F_Btk_C_news_0032
BATAK/Ind005_F_Btk/Ind005_F_Btk_C_news_0033
BATAK/Ind005_F_Btk/Ind005_F_Btk_C_news_0034
BATAK/Ind005_F_Btk/Ind005_F_Btk_C_news_0035
BATAK/Ind005_F_Btk/Ind005_F_Btk_C_news_0036
BATAK/Ind005_F_Btk/Ind005_F_Btk_C_news_0037
BATAK/Ind005_F_Btk/Ind005_F_Btk_C_news_0038
BATAK/Ind005_F_Btk/Ind005_F_Btk_C_news_0039
BATAK/Ind005_F_Btk/Ind005_F_Btk_C_news_0040
BATAK/Ind005_F_Btk/Ind005_F_Btk_C_news_0041
BATAK/Ind005_F_Btk/Ind005_F_Btk_C_news_0042
BATAK/Ind005_F_Btk/Ind005_F_Btk_C_news_0043
BATAK/Ind005_F_Btk/Ind005_F_Btk_C_news_0044
BATAK/Ind005_F_Btk/Ind005_F_Btk_C_news_0045
BATAK/Ind005_F_Btk/Ind005_F_Btk_C_news_0046
BATAK/Ind005_F_Btk/Ind005_F_Btk_C_news_0047
BATAK/Ind005_F_Btk/Ind005_F_Btk_C_news_0048
BATAK/Ind005_F_Btk/Ind005_F_Btk_C_news_0049
BATAK/Ind005_F_Btk/Ind005_F_Btk_C_news_0050
BATAK/Ind005_F_Btk/Ind005_F_Btk_C_news_0051
BATAK/Ind005_F_Btk/Ind005_F_Btk_C_news_0052
BATAK/Ind005_F_Btk/Ind005_F_Btk_C_news_0053
BATAK/Ind005_F_Btk/Ind005_F_Btk_C_news_0054
BATAK/Ind005_F_Btk/Ind005_F_Btk_C_news_0055
BATAK/Ind005_F_Btk/Ind005_F_Btk_C_news_0056
BATAK/Ind005_F_Btk/Ind005_F_Btk_C_news_0057
BATAK/Ind005_F_Btk/Ind005_F_Btk_C_news_0058
BATAK/Ind005_F_Btk/Ind005_F_Btk_C_news_0059
BATAK/Ind005_F_Btk/Ind005_F_Btk_C_news_0060
BATAK/Ind005_F_Btk/Ind005_F_Btk_C_news_0061
BATAK/Ind005_F_Btk/Ind005_F_Btk_C_news_0062
BATAK/Ind005_F_Btk/Ind005_F_Btk_C_news_0063
BATAK/Ind005_F_Btk/Ind005_F_Btk_C_news_0064
BATAK/Ind005_F_Btk/Ind005_F_Btk_C_news_0065
BATAK/Ind005_F_Btk/Ind005_F_Btk_C_news_0066
BATAK/Ind005_F_Btk/Ind005_F_Btk_C_news_0067
BATAK/Ind005_F_Btk/Ind005_F_Btk_C_news_0068
BATAK/Ind005_F_Btk/Ind005_F_Btk_C_news_0069
BATAK/Ind005_F_Btk/Ind005_F_Btk_C_news_0070
BATAK/Ind005_F_Btk/Ind005_F_Btk_C_news_0071
BATAK/Ind005_F_Btk/Ind005_F_Btk_C_news_0072
BATAK/Ind005_F_Btk/Ind005_F_Btk_C_news_0073
BATAK/Ind005_F_Btk/Ind005_F_Btk_C_news_0074
BATAK/Ind005_F_Btk/Ind005_F_Btk_C_news_0075
BATAK/Ind005_F_Btk/Ind005_F_Btk_C_news_0076
BATAK/Ind005_F_Btk/Ind005_F_Btk_C_news_0077
BATAK/Ind005_F_Btk/Ind005_F_Btk_C_news_0078
BATAK/Ind005_F_Btk/Ind005_F_Btk_C_news_0079
BATAK/Ind005_F_Btk/Ind005_F_Btk_C_news_0080
BATAK/Ind005_F_Btk/Ind005_F_Btk_C_news_0081
BATAK/Ind005_F_Btk/Ind005_F_Btk_C_news_0082
BATAK/Ind005_F_Btk/Ind005_F_Btk_C_news_0083
BATAK/Ind005_F_Btk/Ind005_F_Btk_C_news_0084
BATAK/Ind005_F_Btk/Ind005_F_Btk_C_news_0085
BATAK/Ind005_F_Btk/Ind005_F_Btk_C_news_0086
BATAK/Ind005_F_Btk/Ind005_F_Btk_C_news_0087
BATAK/Ind005_F_Btk/Ind005_F_Btk_C_news_0088
BATAK/Ind005_F_Btk/Ind005_F_Btk_C_news_0089
BATAK/Ind005_F_Btk/Ind005_F_Btk_C_news_0090
BATAK/Ind005_F_Btk/Ind005_F_Btk_C_news_0091
BATAK/Ind005_F_Btk/Ind005_F_Btk_C_news_0092
BATAK/Ind005_F_Btk/Ind005_F_Btk_C_news_0093
BATAK/Ind005_F_Btk/Ind005_F_Btk_C_news_0094
BATAK/Ind005_F_Btk/Ind005_F_Btk_C_news_0095
BATAK/Ind005_F_Btk/Ind005_F_Btk_C_news_0096
BATAK/Ind005_F_Btk/Ind005_F_Btk_C_news_0097
BATAK/Ind005_F_Btk/Ind005_F_Btk_C_news_0098
BATAK/Ind005_F_Btk/Ind005_F_Btk_C_news_0099
BATAK/Ind005_F_Btk/Ind005_F_Btk_C_news_0100
BATAK/Ind005_F_Btk/Ind005_F_Btk_C_news_0101
BATAK/Ind005_F_Btk/Ind005_F_Btk_C_news_0102
BATAK/Ind005_F_Btk/Ind005_F_Btk_C_news_0103
BATAK/Ind005_F_Btk/Ind005_F_Btk_C_news_0104
BATAK/Ind005_F_Btk/Ind005_F_Btk_C_news_0105
BATAK/Ind005_F_Btk/Ind005_F_Btk_C_news_0106
BATAK/Ind005_F_Btk/Ind005_F_Btk_C_news_0107
BATAK/Ind005_F_Btk/Ind005_F_Btk_C_news_0108
BATAK/Ind005_F_Btk/Ind005_F_Btk_C_news_0109
BATAK/Ind005_F_Btk/Ind005_F_Btk_C_news_0110
BATAK/Ind005_F_Btk/Ind005_F_Btk_C_news_0111
BATAK/Ind005_F_Btk/Ind005_F_Btk_C_news_0112
BATAK/Ind005_F_Btk/Ind005_F_Btk_C_news_0113
BATAK/Ind005_F_Btk/Ind005_F_Btk_C_news_0114
BATAK/Ind005_F_Btk/Ind005_F_Btk_C_news_0115
BATAK/Ind005_F_Btk/Ind005_F_Btk_C_news_0116
BATAK/Ind005_F_Btk/Ind005_F_Btk_C_news_0117
BATAK/Ind005_F_Btk/Ind005_F_Btk_C_news_0118
BATAK/Ind005_F_Btk/Ind005_F_Btk_C_news_0119
BATAK/Ind005_F_Btk/Ind005_F_Btk_C_news_0120
BATAK/Ind005_F_Btk/Ind005_F_Btk_C_news_0121
BATAK/Ind005_F_Btk/Ind005_F_Btk_C_news_0122
BATAK/Ind005_F_Btk/Ind005_F_Btk_C_news_0123
BATAK/Ind005_F_Btk/Ind005_F_Btk_C_news_0124
BATAK/Ind005_F_Btk/Ind005_F_Btk_C_news_0125
BATAK/Ind005_F_Btk/Ind005_F_Btk_C_news_0126
BATAK/Ind005_F_Btk/Ind005_F_Btk_C_news_0127
BATAK/Ind005_F_Btk/Ind005_F_Btk_C_news_0128
BATAK/Ind005_F_Btk/Ind005_F_Btk_C_news_0129
BATAK/Ind005_F_Btk/Ind005_F_Btk_C_news_0130
BATAK/Ind005_F_Btk/Ind005_F_Btk_C_news_0131
BATAK/Ind005_F_Btk/Ind005_F_Btk_C_news_0132
BATAK/Ind005_F_Btk/Ind005_F_Btk_C_news_0133
BATAK/Ind005_F_Btk/Ind005_F_Btk_C_news_0134
BATAK/Ind005_F_Btk/Ind005_F_Btk_C_news_0135
BATAK/Ind005_F_Btk/Ind005_F_Btk_C_news_0136
BATAK/Ind005_F_Btk/Ind005_F_Btk_C_news_0137
BATAK/Ind005_F_Btk/Ind005_F_Btk_C_news_0138
BATAK/Ind005_F_Btk/Ind005_F_Btk_C_news_0139
BATAK/Ind005_F_Btk/Ind005_F_Btk_C_news_0140
BATAK/Ind005_F_Btk/Ind005_F_Btk_C_news_0141
BATAK/Ind005_F_Btk/Ind005_F_Btk_C_news_0142
BATAK/Ind005_F_Btk/Ind005_F_Btk_C_news_0143
BATAK/Ind005_F_Btk/Ind005_F_Btk_C_news_0144
BATAK/Ind005_F_Btk/Ind005_F_Btk_C_news_0145
BATAK/Ind005_F_Btk/Ind005_F_Btk_C_news_0146
BATAK/Ind005_F_Btk/Ind005_F_Btk_C_news_0147
BATAK/Ind005_F_Btk/Ind005_F_Btk_C_news_0148
BATAK/Ind005_F_Btk/Ind005_F_Btk_C_news_0149
BATAK/Ind005_F_Btk/Ind005_F_Btk_C_news_0150
BATAK/Ind005_F_Btk/Ind005_F_Btk_C_news_0151
BATAK/Ind005_F_Btk/Ind005_F_Btk_C_news_0152
BATAK/Ind005_F_Btk/Ind005_F_Btk_C_news_0153
BATAK/Ind005_F_Btk/Ind005_F_Btk_C_news_0154
BATAK/Ind005_F_Btk/Ind005_F_Btk_C_news_0155
BATAK/Ind005_F_Btk/Ind005_F_Btk_C_news_0156
BATAK/Ind005_F_Btk/Ind005_F_Btk_C_news_0157
BATAK/Ind005_F_Btk/Ind005_F_Btk_C_news_0158
BATAK/Ind005_F_Btk/Ind005_F_Btk_C_news_0159
BATAK/Ind005_F_Btk/Ind005_F_Btk_C_news_0160
BATAK/Ind005_F_Btk/Ind005_F_Btk_C_news_0161
BATAK/Ind005_F_Btk/Ind005_F_Btk_C_news_0162
BATAK/Ind005_F_Btk/Ind005_F_Btk_C_news_0163
BATAK/Ind005_F_Btk/Ind005_F_Btk_C_news_0164
BATAK/Ind005_F_Btk/Ind005_F_Btk_C_news_0165
BATAK/Ind005_F_Btk/Ind005_F_Btk_C_news_0166
BATAK/Ind005_F_Btk/Ind005_F_Btk_C_news_0167
BATAK/Ind005_F_Btk/Ind005_F_Btk_C_news_0168
BATAK/Ind005_F_Btk/Ind005_F_Btk_C_news_0169
BATAK/Ind005_F_Btk/Ind005_F_Btk_C_news_0170
BATAK/Ind005_F_Btk/Ind005_F_Btk_C_news_0171
BATAK/Ind005_F_Btk/Ind005_F_Btk_C_news_0172
BATAK/Ind005_F_Btk/Ind005_F_Btk_C_news_0173
BATAK/Ind005_F_Btk/Ind005_F_Btk_C_news_0174
BATAK/Ind005_F_Btk/Ind005_F_Btk_C_news_0175
BATAK/Ind005_F_Btk/Ind005_F_Btk_C_news_0176
BATAK/Ind005_F_Btk/Ind005_F_Btk_C_news_0177
BATAK/Ind005_F_Btk/Ind005_F_Btk_C_news_0178
BATAK/Ind005_F_Btk/Ind005_F_Btk_C_news_0179
BATAK/Ind005_F_Btk/Ind005_F_Btk_C_news_0180
BATAK/Ind005_F_Btk/Ind005_F_Btk_C_news_0181
BATAK/Ind005_F_Btk/Ind005_F_Btk_C_news_0182
BATAK/Ind005_F_Btk/Ind005_F_Btk_C_news_0183
BATAK/Ind005_F_Btk/Ind005_F_Btk_C_news_0184
BATAK/Ind005_F_Btk/Ind005_F_Btk_C_news_0185
BATAK/Ind005_F_Btk/Ind005_F_Btk_C_news_0186
BATAK/Ind005_F_Btk/Ind005_F_Btk_C_news_0187
BATAK/Ind005_F_Btk/Ind005_F_Btk_C_news_0188
BATAK/Ind005_F_Btk/Ind005_F_Btk_C_news_0189
BATAK/Ind005_F_Btk/Ind005_F_Btk_C_news_0190
BATAK/Ind005_F_Btk/Ind005_F_Btk_C_news_0191
BATAK/Ind005_F_Btk/Ind005_F_Btk_C_news_0192
BATAK/Ind005_F_Btk/Ind005_F_Btk_C_news_0193
BATAK/Ind005_F_Btk/Ind005_F_Btk_C_news_0194
BATAK/Ind005_F_Btk/Ind005_F_Btk_C_news_0195
BATAK/Ind005_F_Btk/Ind005_F_Btk_C_news_0196
BATAK/Ind005_F_Btk/Ind005_F_Btk_C_news_0197
BATAK/Ind005_F_Btk/Ind005_F_Btk_C_news_0198
BATAK/Ind005_F_Btk/Ind005_F_Btk_C_news_0199
BATAK/Ind005_F_Btk/Ind005_F_Btk_C_news_0200
BATAK/Ind005_F_Btk/Ind005_F_Btk_C_news_0201
BATAK/Ind005_F_Btk/Ind005_F_Btk_C_news_0202
BATAK/Ind005_F_Btk/Ind005_F_Btk_C_news_0203
BATAK/Ind005_F_Btk/Ind005_F_Btk_C_news_0204
BATAK/Ind005_F_Btk/Ind005_F_Btk_C_news_0205
BATAK/Ind005_F_Btk/Ind005_F_Btk_C_news_0206
BATAK/Ind005_F_Btk/Ind005_F_Btk_C_news_0207
BATAK/Ind005_F_Btk/Ind005_F_Btk_C_news_0208
BATAK/Ind005_F_Btk/Ind005_F_Btk_C_news_0209
BATAK/Ind005_F_Btk/Ind005_F_Btk_C_news_0210
BATAK/Ind005_F_Btk/Ind005_F_Btk_C_news_0211
BATAK/Ind005_F_Btk/Ind005_F_Btk_C_news_0212
BATAK/Ind005_F_Btk/Ind005_F_Btk_C_news_0213
BATAK/Ind005_F_Btk/Ind005_F_Btk_C_news_0214
BATAK/Ind005_F_Btk/Ind005_F_Btk_C_news_0215
BATAK/Ind005_F_Btk/Ind005_F_Btk_C_news_0216
BATAK/Ind005_F_Btk/Ind005_F_Btk_C_news_0217
BATAK/Ind005_F_Btk/Ind005_F_Btk_C_news_0218
BATAK/Ind005_F_Btk/Ind005_F_Btk_C_news_0219
BATAK/Ind005_F_Btk/Ind005_F_Btk_C_news_0220
BATAK/Ind005_F_Btk/Ind005_F_Btk_C_news_0221
BATAK/Ind005_F_Btk/Ind005_F_Btk_C_news_0222
BATAK/Ind005_F_Btk/Ind005_F_Btk_C_news_0223
BATAK/Ind005_F_Btk/Ind005_F_Btk_C_news_0224
BATAK/Ind005_F_Btk/Ind005_F_Btk_C_news_0225
BATAK/Ind006_M_Btk/Ind006_M_Btk_C_news_0001
BATAK/Ind006_M_Btk/Ind006_M_Btk_C_news_0002
BATAK/Ind006_M_Btk/Ind006_M_Btk_C_news_0003
BATAK/Ind006_M_Btk/Ind006_M_Btk_C_news_0004
BATAK/Ind006_M_Btk/Ind006_M_Btk_C_news_0005
BATAK/Ind006_M_Btk/Ind006_M_Btk_C_news_0006
BATAK/Ind006_M_Btk/Ind006_M_Btk_C_news_0007
BATAK/Ind006_M_Btk/Ind006_M_Btk_C_news_0008
BATAK/Ind006_M_Btk/Ind006_M_Btk_C_news_0009
BATAK/Ind006_M_Btk/Ind006_M_Btk_C_news_0010
BATAK/Ind006_M_Btk/Ind006_M_Btk_C_news_0011
BATAK/Ind006_M_Btk/Ind006_M_Btk_C_news_0012
BATAK/Ind006_M_Btk/Ind006_M_Btk_C_news_0013
BATAK/Ind006_M_Btk/Ind006_M_Btk_C_news_0014
BATAK/Ind006_M_Btk/Ind006_M_Btk_C_news_0015
BATAK/Ind006_M_Btk/Ind006_M_Btk_C_news_0016
BATAK/Ind006_M_Btk/Ind006_M_Btk_C_news_0017
BATAK/Ind006_M_Btk/Ind006_M_Btk_C_news_0018
BATAK/Ind006_M_Btk/Ind006_M_Btk_C_news_0019
BATAK/Ind006_M_Btk/Ind006_M_Btk_C_news_0020
BATAK/Ind006_M_Btk/Ind006_M_Btk_C_news_0021
BATAK/Ind006_M_Btk/Ind006_M_Btk_C_news_0022
BATAK/Ind006_M_Btk/Ind006_M_Btk_C_news_0023
BATAK/Ind006_M_Btk/Ind006_M_Btk_C_news_0024
BATAK/Ind006_M_Btk/Ind006_M_Btk_C_news_0025
BATAK/Ind006_M_Btk/Ind006_M_Btk_C_news_0026
BATAK/Ind006_M_Btk/Ind006_M_Btk_C_news_0027
BATAK/Ind006_M_Btk/Ind006_M_Btk_C_news_0028
BATAK/Ind006_M_Btk/Ind006_M_Btk_C_news_0029
BATAK/Ind006_M_Btk/Ind006_M_Btk_C_news_0030
BATAK/Ind006_M_Btk/Ind006_M_Btk_C_news_0031
BATAK/Ind006_M_Btk/Ind006_M_Btk_C_news_0032
BATAK/Ind006_M_Btk/Ind006_M_Btk_C_news_0033
BATAK/Ind006_M_Btk/Ind006_M_Btk_C_news_0034
BATAK/Ind006_M_Btk/Ind006_M_Btk_C_news_0035
BATAK/Ind006_M_Btk/Ind006_M_Btk_C_news_0036
BATAK/Ind006_M_Btk/Ind006_M_Btk_C_news_0037
BATAK/Ind006_M_Btk/Ind006_M_Btk_C_news_0038
BATAK/Ind006_M_Btk/Ind006_M_Btk_C_news_0039
BATAK/Ind006_M_Btk/Ind006_M_Btk_C_news_0040
BATAK/Ind006_M_Btk/Ind006_M_Btk_C_news_0041
BATAK/Ind006_M_Btk/Ind006_M_Btk_C_news_0042
BATAK/Ind006_M_Btk/Ind006_M_Btk_C_news_0043
BATAK/Ind006_M_Btk/Ind006_M_Btk_C_news_0044
BATAK/Ind006_M_Btk/Ind006_M_Btk_C_news_0045
BATAK/Ind006_M_Btk/Ind006_M_Btk_C_news_0046
BATAK/Ind006_M_Btk/Ind006_M_Btk_C_news_0047
BATAK/Ind006_M_Btk/Ind006_M_Btk_C_news_0048
BATAK/Ind006_M_Btk/Ind006_M_Btk_C_news_0049
BATAK/Ind006_M_Btk/Ind006_M_Btk_C_news_0050
BATAK/Ind006_M_Btk/Ind006_M_Btk_C_news_0051
BATAK/Ind006_M_Btk/Ind006_M_Btk_C_news_0052
BATAK/Ind006_M_Btk/Ind006_M_Btk_C_news_0053
BATAK/Ind006_M_Btk/Ind006_M_Btk_C_news_0054
BATAK/Ind006_M_Btk/Ind006_M_Btk_C_news_0055
BATAK/Ind006_M_Btk/Ind006_M_Btk_C_news_0056
BATAK/Ind006_M_Btk/Ind006_M_Btk_C_news_0057
BATAK/Ind006_M_Btk/Ind006_M_Btk_C_news_0058
BATAK/Ind006_M_Btk/Ind006_M_Btk_C_news_0059
BATAK/Ind006_M_Btk/Ind006_M_Btk_C_news_0060
BATAK/Ind006_M_Btk/Ind006_M_Btk_C_news_0061
BATAK/Ind006_M_Btk/Ind006_M_Btk_C_news_0062
BATAK/Ind006_M_Btk/Ind006_M_Btk_C_news_0063
BATAK/Ind006_M_Btk/Ind006_M_Btk_C_news_0064
BATAK/Ind006_M_Btk/Ind006_M_Btk_C_news_0065
BATAK/Ind006_M_Btk/Ind006_M_Btk_C_news_0066
BATAK/Ind006_M_Btk/Ind006_M_Btk_C_news_0067
BATAK/Ind006_M_Btk/Ind006_M_Btk_C_news_0068
BATAK/Ind006_M_Btk/Ind006_M_Btk_C_news_0069
BATAK/Ind006_M_Btk/Ind006_M_Btk_C_news_0070
BATAK/Ind006_M_Btk/Ind006_M_Btk_C_news_0071
BATAK/Ind006_M_Btk/Ind006_M_Btk_C_news_0072
BATAK/Ind006_M_Btk/Ind006_M_Btk_C_news_0073
BATAK/Ind006_M_Btk/Ind006_M_Btk_C_news_0074
BATAK/Ind006_M_Btk/Ind006_M_Btk_C_news_0075
BATAK/Ind006_M_Btk/Ind006_M_Btk_C_news_0076
BATAK/Ind006_M_Btk/Ind006_M_Btk_C_news_0077
BATAK/Ind006_M_Btk/Ind006_M_Btk_C_news_0078
BATAK/Ind006_M_Btk/Ind006_M_Btk_C_news_0079
BATAK/Ind006_M_Btk/Ind006_M_Btk_C_news_0080
BATAK/Ind006_M_Btk/Ind006_M_Btk_C_news_0081
BATAK/Ind006_M_Btk/Ind006_M_Btk_C_news_0082
BATAK/Ind006_M_Btk/Ind006_M_Btk_C_news_0083
BATAK/Ind006_M_Btk/Ind006_M_Btk_C_news_0084
BATAK/Ind006_M_Btk/Ind006_M_Btk_C_news_0085
BATAK/Ind006_M_Btk/Ind006_M_Btk_C_news_0086
BATAK/Ind006_M_Btk/Ind006_M_Btk_C_news_0087
BATAK/Ind006_M_Btk/Ind006_M_Btk_C_news_0088
BATAK/Ind006_M_Btk/Ind006_M_Btk_C_news_0089
BATAK/Ind006_M_Btk/Ind006_M_Btk_C_news_0090
BATAK/Ind006_M_Btk/Ind006_M_Btk_C_news_0091
BATAK/Ind006_M_Btk/Ind006_M_Btk_C_news_0092
BATAK/Ind006_M_Btk/Ind006_M_Btk_C_news_0093
BATAK/Ind006_M_Btk/Ind006_M_Btk_C_news_0094
BATAK/Ind006_M_Btk/Ind006_M_Btk_C_news_0095
BATAK/Ind006_M_Btk/Ind006_M_Btk_C_news_0096
BATAK/Ind006_M_Btk/Ind006_M_Btk_C_news_0097
BATAK/Ind006_M_Btk/Ind006_M_Btk_C_news_0098
BATAK/Ind006_M_Btk/Ind006_M_Btk_C_news_0099
BATAK/Ind006_M_Btk/Ind006_M_Btk_C_news_0100
BATAK/Ind006_M_Btk/Ind006_M_Btk_C_news_0101
BATAK/Ind006_M_Btk/Ind006_M_Btk_C_news_0102
BATAK/Ind006_M_Btk/Ind006_M_Btk_C_news_0103
BATAK/Ind006_M_Btk/Ind006_M_Btk_C_news_0104
BATAK/Ind006_M_Btk/Ind006_M_Btk_C_news_0105
BATAK/Ind006_M_Btk/Ind006_M_Btk_C_news_0106
BATAK/Ind006_M_Btk/Ind006_M_Btk_C_news_0107
BATAK/Ind006_M_Btk/Ind006_M_Btk_C_news_0108
BATAK/Ind006_M_Btk/Ind006_M_Btk_C_news_0109
BATAK/Ind006_M_Btk/Ind006_M_Btk_C_news_0110
BATAK/Ind006_M_Btk/Ind006_M_Btk_C_news_0111
BATAK/Ind006_M_Btk/Ind006_M_Btk_C_news_0112
BATAK/Ind006_M_Btk/Ind006_M_Btk_C_news_0113
BATAK/Ind006_M_Btk/Ind006_M_Btk_C_news_0114
BATAK/Ind006_M_Btk/Ind006_M_Btk_C_news_0115
BATAK/Ind006_M_Btk/Ind006_M_Btk_C_news_0116
BATAK/Ind006_M_Btk/Ind006_M_Btk_C_news_0117
BATAK/Ind006_M_Btk/Ind006_M_Btk_C_news_0118
BATAK/Ind006_M_Btk/Ind006_M_Btk_C_news_0119
BATAK/Ind006_M_Btk/Ind006_M_Btk_C_news_0120
BATAK/Ind006_M_Btk/Ind006_M_Btk_C_news_0121
BATAK/Ind006_M_Btk/Ind006_M_Btk_C_news_0122
BATAK/Ind006_M_Btk/Ind006_M_Btk_C_news_0123
BATAK/Ind006_M_Btk/Ind006_M_Btk_C_news_0124
BATAK/Ind006_M_Btk/Ind006_M_Btk_C_news_0125
BATAK/Ind006_M_Btk/Ind006_M_Btk_C_news_0126
BATAK/Ind006_M_Btk/Ind006_M_Btk_C_news_0127
BATAK/Ind006_M_Btk/Ind006_M_Btk_C_news_0128
BATAK/Ind006_M_Btk/Ind006_M_Btk_C_news_0129
BATAK/Ind006_M_Btk/Ind006_M_Btk_C_news_0130
BATAK/Ind006_M_Btk/Ind006_M_Btk_C_news_0131
BATAK/Ind006_M_Btk/Ind006_M_Btk_C_news_0132
BATAK/Ind006_M_Btk/Ind006_M_Btk_C_news_0133
BATAK/Ind006_M_Btk/Ind006_M_Btk_C_news_0134
BATAK/Ind006_M_Btk/Ind006_M_Btk_C_news_0135
BATAK/Ind006_M_Btk/Ind006_M_Btk_C_news_0136
BATAK/Ind006_M_Btk/Ind006_M_Btk_C_news_0137
BATAK/Ind006_M_Btk/Ind006_M_Btk_C_news_0138
BATAK/Ind006_M_Btk/Ind006_M_Btk_C_news_0139
BATAK/Ind006_M_Btk/Ind006_M_Btk_C_news_0140
BATAK/Ind006_M_Btk/Ind006_M_Btk_C_news_0141
BATAK/Ind006_M_Btk/Ind006_M_Btk_C_news_0142
BATAK/Ind006_M_Btk/Ind006_M_Btk_C_news_0143
BATAK/Ind006_M_Btk/Ind006_M_Btk_C_news_0144
BATAK/Ind006_M_Btk/Ind006_M_Btk_C_news_0145
BATAK/Ind006_M_Btk/Ind006_M_Btk_C_news_0146
BATAK/Ind006_M_Btk/Ind006_M_Btk_C_news_0147
BATAK/Ind006_M_Btk/Ind006_M_Btk_C_news_0148
BATAK/Ind006_M_Btk/Ind006_M_Btk_C_news_0149
BATAK/Ind006_M_Btk/Ind006_M_Btk_C_news_0150
BATAK/Ind006_M_Btk/Ind006_M_Btk_C_news_0151
BATAK/Ind006_M_Btk/Ind006_M_Btk_C_news_0152
BATAK/Ind006_M_Btk/Ind006_M_Btk_C_news_0153
BATAK/Ind006_M_Btk/Ind006_M_Btk_C_news_0154
BATAK/Ind006_M_Btk/Ind006_M_Btk_C_news_0155
BATAK/Ind006_M_Btk/Ind006_M_Btk_C_news_0156
BATAK/Ind006_M_Btk/Ind006_M_Btk_C_news_0157
BATAK/Ind006_M_Btk/Ind006_M_Btk_C_news_0158
BATAK/Ind006_M_Btk/Ind006_M_Btk_C_news_0159
BATAK/Ind006_M_Btk/Ind006_M_Btk_C_news_0160
BATAK/Ind006_M_Btk/Ind006_M_Btk_C_news_0161
BATAK/Ind006_M_Btk/Ind006_M_Btk_C_news_0162
BATAK/Ind006_M_Btk/Ind006_M_Btk_C_news_0163
BATAK/Ind006_M_Btk/Ind006_M_Btk_C_news_0164
BATAK/Ind006_M_Btk/Ind006_M_Btk_C_news_0165
BATAK/Ind006_M_Btk/Ind006_M_Btk_C_news_0166
BATAK/Ind006_M_Btk/Ind006_M_Btk_C_news_0167
BATAK/Ind006_M_Btk/Ind006_M_Btk_C_news_0168
BATAK/Ind006_M_Btk/Ind006_M_Btk_C_news_0169
BATAK/Ind006_M_Btk/Ind006_M_Btk_C_news_0170
BATAK/Ind006_M_Btk/Ind006_M_Btk_C_news_0171
BATAK/Ind006_M_Btk/Ind006_M_Btk_C_news_0172
BATAK/Ind006_M_Btk/Ind006_M_Btk_C_news_0173
BATAK/Ind006_M_Btk/Ind006_M_Btk_C_news_0174
BATAK/Ind006_M_Btk/Ind006_M_Btk_C_news_0175
BATAK/Ind006_M_Btk/Ind006_M_Btk_C_news_0176
BATAK/Ind006_M_Btk/Ind006_M_Btk_C_news_0177
BATAK/Ind006_M_Btk/Ind006_M_Btk_C_news_0178
BATAK/Ind006_M_Btk/Ind006_M_Btk_C_news_0179
BATAK/Ind006_M_Btk/Ind006_M_Btk_C_news_0180
BATAK/Ind006_M_Btk/Ind006_M_Btk_C_news_0181
BATAK/Ind006_M_Btk/Ind006_M_Btk_C_news_0182
BATAK/Ind006_M_Btk/Ind006_M_Btk_C_news_0183
BATAK/Ind006_M_Btk/Ind006_M_Btk_C_news_0184
BATAK/Ind006_M_Btk/Ind006_M_Btk_C_news_0185
BATAK/Ind006_M_Btk/Ind006_M_Btk_C_news_0186
BATAK/Ind006_M_Btk/Ind006_M_Btk_C_news_0187
BATAK/Ind006_M_Btk/Ind006_M_Btk_C_news_0188
BATAK/Ind006_M_Btk/Ind006_M_Btk_C_news_0189
BATAK/Ind006_M_Btk/Ind006_M_Btk_C_news_0190
BATAK/Ind006_M_Btk/Ind006_M_Btk_C_news_0191
BATAK/Ind006_M_Btk/Ind006_M_Btk_C_news_0192
BATAK/Ind006_M_Btk/Ind006_M_Btk_C_news_0193
BATAK/Ind006_M_Btk/Ind006_M_Btk_C_news_0194
BATAK/Ind006_M_Btk/Ind006_M_Btk_C_news_0195
BATAK/Ind006_M_Btk/Ind006_M_Btk_C_news_0196
BATAK/Ind006_M_Btk/Ind006_M_Btk_C_news_0197
BATAK/Ind006_M_Btk/Ind006_M_Btk_C_news_0198
BATAK/Ind006_M_Btk/Ind006_M_Btk_C_news_0199
BATAK/Ind006_M_Btk/Ind006_M_Btk_C_news_0200
BATAK/Ind006_M_Btk/Ind006_M_Btk_C_news_0201
BATAK/Ind006_M_Btk/Ind006_M_Btk_C_news_0202
BATAK/Ind006_M_Btk/Ind006_M_Btk_C_news_0203
BATAK/Ind006_M_Btk/Ind006_M_Btk_C_news_0204
BATAK/Ind006_M_Btk/Ind006_M_Btk_C_news_0205
BATAK/Ind006_M_Btk/Ind006_M_Btk_C_news_0206
BATAK/Ind006_M_Btk/Ind006_M_Btk_C_news_0207
BATAK/Ind006_M_Btk/Ind006_M_Btk_C_news_0208
BATAK/Ind006_M_Btk/Ind006_M_Btk_C_news_0209
BATAK/Ind006_M_Btk/Ind006_M_Btk_C_news_0210
BATAK/Ind006_M_Btk/Ind006_M_Btk_C_news_0211
BATAK/Ind006_M_Btk/Ind006_M_Btk_C_news_0212
BATAK/Ind006_M_Btk/Ind006_M_Btk_C_news_0213
BATAK/Ind006_M_Btk/Ind006_M_Btk_C_news_0214
BATAK/Ind006_M_Btk/Ind006_M_Btk_C_news_0215
BATAK/Ind006_M_Btk/Ind006_M_Btk_C_news_0216
BATAK/Ind006_M_Btk/Ind006_M_Btk_C_news_0217
BATAK/Ind006_M_Btk/Ind006_M_Btk_C_news_0218
BATAK/Ind006_M_Btk/Ind006_M_Btk_C_news_0219
BATAK/Ind006_M_Btk/Ind006_M_Btk_C_news_0220
BATAK/Ind006_M_Btk/Ind006_M_Btk_C_news_0221
BATAK/Ind006_M_Btk/Ind006_M_Btk_C_news_0222
BATAK/Ind006_M_Btk/Ind006_M_Btk_C_news_0223
BATAK/Ind006_M_Btk/Ind006_M_Btk_C_news_0224
BATAK/Ind006_M_Btk/Ind006_M_Btk_C_news_0225
BATAK/Ind007_F_Btk/Ind007_F_Btk_C_news_0001
BATAK/Ind007_F_Btk/Ind007_F_Btk_C_news_0002
BATAK/Ind007_F_Btk/Ind007_F_Btk_C_news_0003
BATAK/Ind007_F_Btk/Ind007_F_Btk_C_news_0004
BATAK/Ind007_F_Btk/Ind007_F_Btk_C_news_0005
BATAK/Ind007_F_Btk/Ind007_F_Btk_C_news_0006
BATAK/Ind007_F_Btk/Ind007_F_Btk_C_news_0007
BATAK/Ind007_F_Btk/Ind007_F_Btk_C_news_0008
BATAK/Ind007_F_Btk/Ind007_F_Btk_C_news_0009
BATAK/Ind007_F_Btk/Ind007_F_Btk_C_news_0010
BATAK/Ind007_F_Btk/Ind007_F_Btk_C_news_0011
BATAK/Ind007_F_Btk/Ind007_F_Btk_C_news_0012
BATAK/Ind007_F_Btk/Ind007_F_Btk_C_news_0013
BATAK/Ind007_F_Btk/Ind007_F_Btk_C_news_0014
BATAK/Ind007_F_Btk/Ind007_F_Btk_C_news_0015
BATAK/Ind007_F_Btk/Ind007_F_Btk_C_news_0016
BATAK/Ind007_F_Btk/Ind007_F_Btk_C_news_0017
BATAK/Ind007_F_Btk/Ind007_F_Btk_C_news_0018
BATAK/Ind007_F_Btk/Ind007_F_Btk_C_news_0019
BATAK/Ind007_F_Btk/Ind007_F_Btk_C_news_0020
BATAK/Ind007_F_Btk/Ind007_F_Btk_C_news_0021
BATAK/Ind007_F_Btk/Ind007_F_Btk_C_news_0022
BATAK/Ind007_F_Btk/Ind007_F_Btk_C_news_0023
BATAK/Ind007_F_Btk/Ind007_F_Btk_C_news_0024
BATAK/Ind007_F_Btk/Ind007_F_Btk_C_news_0025
BATAK/Ind007_F_Btk/Ind007_F_Btk_C_news_0026
BATAK/Ind007_F_Btk/Ind007_F_Btk_C_news_0027
BATAK/Ind007_F_Btk/Ind007_F_Btk_C_news_0028
BATAK/Ind007_F_Btk/Ind007_F_Btk_C_news_0029
BATAK/Ind007_F_Btk/Ind007_F_Btk_C_news_0030
BATAK/Ind007_F_Btk/Ind007_F_Btk_C_news_0031
BATAK/Ind007_F_Btk/Ind007_F_Btk_C_news_0032
BATAK/Ind007_F_Btk/Ind007_F_Btk_C_news_0033
BATAK/Ind007_F_Btk/Ind007_F_Btk_C_news_0034
BATAK/Ind007_F_Btk/Ind007_F_Btk_C_news_0035
BATAK/Ind007_F_Btk/Ind007_F_Btk_C_news_0036
BATAK/Ind007_F_Btk/Ind007_F_Btk_C_news_0037
BATAK/Ind007_F_Btk/Ind007_F_Btk_C_news_0038
BATAK/Ind007_F_Btk/Ind007_F_Btk_C_news_0039
BATAK/Ind007_F_Btk/Ind007_F_Btk_C_news_0040
BATAK/Ind007_F_Btk/Ind007_F_Btk_C_news_0041
BATAK/Ind007_F_Btk/Ind007_F_Btk_C_news_0042
BATAK/Ind007_F_Btk/Ind007_F_Btk_C_news_0043
BATAK/Ind007_F_Btk/Ind007_F_Btk_C_news_0044
BATAK/Ind007_F_Btk/Ind007_F_Btk_C_news_0045
BATAK/Ind007_F_Btk/Ind007_F_Btk_C_news_0046
BATAK/Ind007_F_Btk/Ind007_F_Btk_C_news_0047
BATAK/Ind007_F_Btk/Ind007_F_Btk_C_news_0048
BATAK/Ind007_F_Btk/Ind007_F_Btk_C_news_0049
BATAK/Ind007_F_Btk/Ind007_F_Btk_C_news_0050
BATAK/Ind007_F_Btk/Ind007_F_Btk_C_news_0051
BATAK/Ind007_F_Btk/Ind007_F_Btk_C_news_0052
BATAK/Ind007_F_Btk/Ind007_F_Btk_C_news_0053
BATAK/Ind007_F_Btk/Ind007_F_Btk_C_news_0054
BATAK/Ind007_F_Btk/Ind007_F_Btk_C_news_0055
BATAK/Ind007_F_Btk/Ind007_F_Btk_C_news_0056
BATAK/Ind007_F_Btk/Ind007_F_Btk_C_news_0057
BATAK/Ind007_F_Btk/Ind007_F_Btk_C_news_0058
BATAK/Ind007_F_Btk/Ind007_F_Btk_C_news_0059
BATAK/Ind007_F_Btk/Ind007_F_Btk_C_news_0060
BATAK/Ind007_F_Btk/Ind007_F_Btk_C_news_0061
BATAK/Ind007_F_Btk/Ind007_F_Btk_C_news_0062
BATAK/Ind007_F_Btk/Ind007_F_Btk_C_news_0063
BATAK/Ind007_F_Btk/Ind007_F_Btk_C_news_0064
BATAK/Ind007_F_Btk/Ind007_F_Btk_C_news_0065
BATAK/Ind007_F_Btk/Ind007_F_Btk_C_news_0066
BATAK/Ind007_F_Btk/Ind007_F_Btk_C_news_0067
BATAK/Ind007_F_Btk/Ind007_F_Btk_C_news_0068
BATAK/Ind007_F_Btk/Ind007_F_Btk_C_news_0069
BATAK/Ind007_F_Btk/Ind007_F_Btk_C_news_0070
BATAK/Ind007_F_Btk/Ind007_F_Btk_C_news_0071
BATAK/Ind007_F_Btk/Ind007_F_Btk_C_news_0072
BATAK/Ind007_F_Btk/Ind007_F_Btk_C_news_0073
BATAK/Ind007_F_Btk/Ind007_F_Btk_C_news_0074
BATAK/Ind007_F_Btk/Ind007_F_Btk_C_news_0075
BATAK/Ind007_F_Btk/Ind007_F_Btk_C_news_0076
BATAK/Ind007_F_Btk/Ind007_F_Btk_C_news_0077
BATAK/Ind007_F_Btk/Ind007_F_Btk_C_news_0078
BATAK/Ind007_F_Btk/Ind007_F_Btk_C_news_0079
BATAK/Ind007_F_Btk/Ind007_F_Btk_C_news_0080
BATAK/Ind007_F_Btk/Ind007_F_Btk_C_news_0081
BATAK/Ind007_F_Btk/Ind007_F_Btk_C_news_0082
BATAK/Ind007_F_Btk/Ind007_F_Btk_C_news_0083
BATAK/Ind007_F_Btk/Ind007_F_Btk_C_news_0084
BATAK/Ind007_F_Btk/Ind007_F_Btk_C_news_0085
BATAK/Ind007_F_Btk/Ind007_F_Btk_C_news_0086
BATAK/Ind007_F_Btk/Ind007_F_Btk_C_news_0087
BATAK/Ind007_F_Btk/Ind007_F_Btk_C_news_0088
BATAK/Ind007_F_Btk/Ind007_F_Btk_C_news_0089
BATAK/Ind007_F_Btk/Ind007_F_Btk_C_news_0090
BATAK/Ind007_F_Btk/Ind007_F_Btk_C_news_0091
BATAK/Ind007_F_Btk/Ind007_F_Btk_C_news_0092
BATAK/Ind007_F_Btk/Ind007_F_Btk_C_news_0093
BATAK/Ind007_F_Btk/Ind007_F_Btk_C_news_0094
BATAK/Ind007_F_Btk/Ind007_F_Btk_C_news_0095
BATAK/Ind007_F_Btk/Ind007_F_Btk_C_news_0096
BATAK/Ind007_F_Btk/Ind007_F_Btk_C_news_0097
BATAK/Ind007_F_Btk/Ind007_F_Btk_C_news_0098
BATAK/Ind007_F_Btk/Ind007_F_Btk_C_news_0099
BATAK/Ind007_F_Btk/Ind007_F_Btk_C_news_0100
BATAK/Ind007_F_Btk/Ind007_F_Btk_C_news_0101
BATAK/Ind007_F_Btk/Ind007_F_Btk_C_news_0102
BATAK/Ind007_F_Btk/Ind007_F_Btk_C_news_0103
BATAK/Ind007_F_Btk/Ind007_F_Btk_C_news_0104
BATAK/Ind007_F_Btk/Ind007_F_Btk_C_news_0105
BATAK/Ind007_F_Btk/Ind007_F_Btk_C_news_0106
BATAK/Ind007_F_Btk/Ind007_F_Btk_C_news_0107
BATAK/Ind007_F_Btk/Ind007_F_Btk_C_news_0108
BATAK/Ind007_F_Btk/Ind007_F_Btk_C_news_0109
BATAK/Ind007_F_Btk/Ind007_F_Btk_C_news_0110
BATAK/Ind007_F_Btk/Ind007_F_Btk_C_news_0111
BATAK/Ind007_F_Btk/Ind007_F_Btk_C_news_0112
BATAK/Ind007_F_Btk/Ind007_F_Btk_C_news_0113
BATAK/Ind007_F_Btk/Ind007_F_Btk_C_news_0114
BATAK/Ind007_F_Btk/Ind007_F_Btk_C_news_0115
BATAK/Ind007_F_Btk/Ind007_F_Btk_C_news_0116
BATAK/Ind007_F_Btk/Ind007_F_Btk_C_news_0117
BATAK/Ind007_F_Btk/Ind007_F_Btk_C_news_0118
BATAK/Ind007_F_Btk/Ind007_F_Btk_C_news_0119
BATAK/Ind007_F_Btk/Ind007_F_Btk_C_news_0120
BATAK/Ind007_F_Btk/Ind007_F_Btk_C_news_0121
BATAK/Ind007_F_Btk/Ind007_F_Btk_C_news_0122
BATAK/Ind007_F_Btk/Ind007_F_Btk_C_news_0123
BATAK/Ind007_F_Btk/Ind007_F_Btk_C_news_0124
BATAK/Ind007_F_Btk/Ind007_F_Btk_C_news_0125
BATAK/Ind007_F_Btk/Ind007_F_Btk_C_news_0126
BATAK/Ind007_F_Btk/Ind007_F_Btk_C_news_0127
BATAK/Ind007_F_Btk/Ind007_F_Btk_C_news_0128
BATAK/Ind007_F_Btk/Ind007_F_Btk_C_news_0129
BATAK/Ind007_F_Btk/Ind007_F_Btk_C_news_0130
BATAK/Ind007_F_Btk/Ind007_F_Btk_C_news_0131
BATAK/Ind007_F_Btk/Ind007_F_Btk_C_news_0132
BATAK/Ind007_F_Btk/Ind007_F_Btk_C_news_0133
BATAK/Ind007_F_Btk/Ind007_F_Btk_C_news_0134
BATAK/Ind007_F_Btk/Ind007_F_Btk_C_news_0135
BATAK/Ind007_F_Btk/Ind007_F_Btk_C_news_0136
BATAK/Ind007_F_Btk/Ind007_F_Btk_C_news_0137
BATAK/Ind007_F_Btk/Ind007_F_Btk_C_news_0138
BATAK/Ind007_F_Btk/Ind007_F_Btk_C_news_0139
BATAK/Ind007_F_Btk/Ind007_F_Btk_C_news_0140
BATAK/Ind007_F_Btk/Ind007_F_Btk_C_news_0141
BATAK/Ind007_F_Btk/Ind007_F_Btk_C_news_0142
BATAK/Ind007_F_Btk/Ind007_F_Btk_C_news_0143
BATAK/Ind007_F_Btk/Ind007_F_Btk_C_news_0144
BATAK/Ind007_F_Btk/Ind007_F_Btk_C_news_0145
BATAK/Ind007_F_Btk/Ind007_F_Btk_C_news_0146
BATAK/Ind007_F_Btk/Ind007_F_Btk_C_news_0147
BATAK/Ind007_F_Btk/Ind007_F_Btk_C_news_0148
BATAK/Ind007_F_Btk/Ind007_F_Btk_C_news_0149
BATAK/Ind007_F_Btk/Ind007_F_Btk_C_news_0150
BATAK/Ind007_F_Btk/Ind007_F_Btk_C_news_0151
BATAK/Ind007_F_Btk/Ind007_F_Btk_C_news_0152
BATAK/Ind007_F_Btk/Ind007_F_Btk_C_news_0153
BATAK/Ind007_F_Btk/Ind007_F_Btk_C_news_0154
BATAK/Ind007_F_Btk/Ind007_F_Btk_C_news_0155
BATAK/Ind007_F_Btk/Ind007_F_Btk_C_news_0156
BATAK/Ind007_F_Btk/Ind007_F_Btk_C_news_0157
BATAK/Ind007_F_Btk/Ind007_F_Btk_C_news_0158
BATAK/Ind007_F_Btk/Ind007_F_Btk_C_news_0159
BATAK/Ind007_F_Btk/Ind007_F_Btk_C_news_0160
BATAK/Ind007_F_Btk/Ind007_F_Btk_C_news_0161
BATAK/Ind007_F_Btk/Ind007_F_Btk_C_news_0162
BATAK/Ind007_F_Btk/Ind007_F_Btk_C_news_0163
BATAK/Ind007_F_Btk/Ind007_F_Btk_C_news_0164
BATAK/Ind007_F_Btk/Ind007_F_Btk_C_news_0165
BATAK/Ind007_F_Btk/Ind007_F_Btk_C_news_0166
BATAK/Ind007_F_Btk/Ind007_F_Btk_C_news_0167
BATAK/Ind007_F_Btk/Ind007_F_Btk_C_news_0168
BATAK/Ind007_F_Btk/Ind007_F_Btk_C_news_0169
BATAK/Ind007_F_Btk/Ind007_F_Btk_C_news_0170
BATAK/Ind007_F_Btk/Ind007_F_Btk_C_news_0171
BATAK/Ind007_F_Btk/Ind007_F_Btk_C_news_0172
BATAK/Ind007_F_Btk/Ind007_F_Btk_C_news_0173
BATAK/Ind007_F_Btk/Ind007_F_Btk_C_news_0174
BATAK/Ind007_F_Btk/Ind007_F_Btk_C_news_0175
BATAK/Ind007_F_Btk/Ind007_F_Btk_C_news_0176
BATAK/Ind007_F_Btk/Ind007_F_Btk_C_news_0177
BATAK/Ind007_F_Btk/Ind007_F_Btk_C_news_0178
BATAK/Ind007_F_Btk/Ind007_F_Btk_C_news_0179
BATAK/Ind007_F_Btk/Ind007_F_Btk_C_news_0180
BATAK/Ind007_F_Btk/Ind007_F_Btk_C_news_0181
BATAK/Ind007_F_Btk/Ind007_F_Btk_C_news_0182
BATAK/Ind007_F_Btk/Ind007_F_Btk_C_news_0183
BATAK/Ind007_F_Btk/Ind007_F_Btk_C_news_0184
BATAK/Ind007_F_Btk/Ind007_F_Btk_C_news_0185
BATAK/Ind007_F_Btk/Ind007_F_Btk_C_news_0186
BATAK/Ind007_F_Btk/Ind007_F_Btk_C_news_0187
BATAK/Ind007_F_Btk/Ind007_F_Btk_C_news_0188
BATAK/Ind007_F_Btk/Ind007_F_Btk_C_news_0189
BATAK/Ind007_F_Btk/Ind007_F_Btk_C_news_0190
BATAK/Ind007_F_Btk/Ind007_F_Btk_C_news_0191
BATAK/Ind007_F_Btk/Ind007_F_Btk_C_news_0192
BATAK/Ind007_F_Btk/Ind007_F_Btk_C_news_0193
BATAK/Ind007_F_Btk/Ind007_F_Btk_C_news_0194
BATAK/Ind007_F_Btk/Ind007_F_Btk_C_news_0195
BATAK/Ind007_F_Btk/Ind007_F_Btk_C_news_0196
BATAK/Ind007_F_Btk/Ind007_F_Btk_C_news_0197
BATAK/Ind007_F_Btk/Ind007_F_Btk_C_news_0198
BATAK/Ind007_F_Btk/Ind007_F_Btk_C_news_0199
BATAK/Ind007_F_Btk/Ind007_F_Btk_C_news_0200
BATAK/Ind007_F_Btk/Ind007_F_Btk_C_news_0201
BATAK/Ind007_F_Btk/Ind007_F_Btk_C_news_0202
BATAK/Ind007_F_Btk/Ind007_F_Btk_C_news_0203
BATAK/Ind007_F_Btk/Ind007_F_Btk_C_news_0204
BATAK/Ind007_F_Btk/Ind007_F_Btk_C_news_0205
BATAK/Ind007_F_Btk/Ind007_F_Btk_C_news_0206
BATAK/Ind007_F_Btk/Ind007_F_Btk_C_news_0207
BATAK/Ind007_F_Btk/Ind007_F_Btk_C_news_0208
BATAK/Ind007_F_Btk/Ind007_F_Btk_C_news_0209
BATAK/Ind007_F_Btk/Ind007_F_Btk_C_news_0210
BATAK/Ind007_F_Btk/Ind007_F_Btk_C_news_0211
BATAK/Ind007_F_Btk/Ind007_F_Btk_C_news_0212
BATAK/Ind007_F_Btk/Ind007_F_Btk_C_news_0213
BATAK/Ind007_F_Btk/Ind007_F_Btk_C_news_0214
BATAK/Ind007_F_Btk/Ind007_F_Btk_C_news_0215
BATAK/Ind007_F_Btk/Ind007_F_Btk_C_news_0216
BATAK/Ind007_F_Btk/Ind007_F_Btk_C_news_0217
BATAK/Ind007_F_Btk/Ind007_F_Btk_C_news_0218
BATAK/Ind007_F_Btk/Ind007_F_Btk_C_news_0219
BATAK/Ind007_F_Btk/Ind007_F_Btk_C_news_0220
BATAK/Ind007_F_Btk/Ind007_F_Btk_C_news_0221
BATAK/Ind007_F_Btk/Ind007_F_Btk_C_news_0222
BATAK/Ind007_F_Btk/Ind007_F_Btk_C_news_0223
BATAK/Ind007_F_Btk/Ind007_F_Btk_C_news_0224
BATAK/Ind007_F_Btk/Ind007_F_Btk_C_news_0225
BATAK/Ind008_M_Btk/Ind008_M_Btk_C_news_0001
BATAK/Ind008_M_Btk/Ind008_M_Btk_C_news_0002
BATAK/Ind008_M_Btk/Ind008_M_Btk_C_news_0003
BATAK/Ind008_M_Btk/Ind008_M_Btk_C_news_0004
BATAK/Ind008_M_Btk/Ind008_M_Btk_C_news_0005
BATAK/Ind008_M_Btk/Ind008_M_Btk_C_news_0006
BATAK/Ind008_M_Btk/Ind008_M_Btk_C_news_0007
BATAK/Ind008_M_Btk/Ind008_M_Btk_C_news_0008
BATAK/Ind008_M_Btk/Ind008_M_Btk_C_news_0009
BATAK/Ind008_M_Btk/Ind008_M_Btk_C_news_0010
BATAK/Ind008_M_Btk/Ind008_M_Btk_C_news_0011
BATAK/Ind008_M_Btk/Ind008_M_Btk_C_news_0012
BATAK/Ind008_M_Btk/Ind008_M_Btk_C_news_0013
BATAK/Ind008_M_Btk/Ind008_M_Btk_C_news_0014
BATAK/Ind008_M_Btk/Ind008_M_Btk_C_news_0015
BATAK/Ind008_M_Btk/Ind008_M_Btk_C_news_0016
BATAK/Ind008_M_Btk/Ind008_M_Btk_C_news_0017
BATAK/Ind008_M_Btk/Ind008_M_Btk_C_news_0018
BATAK/Ind008_M_Btk/Ind008_M_Btk_C_news_0019
BATAK/Ind008_M_Btk/Ind008_M_Btk_C_news_0020
BATAK/Ind008_M_Btk/Ind008_M_Btk_C_news_0021
BATAK/Ind008_M_Btk/Ind008_M_Btk_C_news_0022
BATAK/Ind008_M_Btk/Ind008_M_Btk_C_news_0023
BATAK/Ind008_M_Btk/Ind008_M_Btk_C_news_0024
BATAK/Ind008_M_Btk/Ind008_M_Btk_C_news_0025
BATAK/Ind008_M_Btk/Ind008_M_Btk_C_news_0026
BATAK/Ind008_M_Btk/Ind008_M_Btk_C_news_0027
BATAK/Ind008_M_Btk/Ind008_M_Btk_C_news_0028
BATAK/Ind008_M_Btk/Ind008_M_Btk_C_news_0029
BATAK/Ind008_M_Btk/Ind008_M_Btk_C_news_0030
BATAK/Ind008_M_Btk/Ind008_M_Btk_C_news_0031
BATAK/Ind008_M_Btk/Ind008_M_Btk_C_news_0032
BATAK/Ind008_M_Btk/Ind008_M_Btk_C_news_0033
BATAK/Ind008_M_Btk/Ind008_M_Btk_C_news_0034
BATAK/Ind008_M_Btk/Ind008_M_Btk_C_news_0035
BATAK/Ind008_M_Btk/Ind008_M_Btk_C_news_0036
BATAK/Ind008_M_Btk/Ind008_M_Btk_C_news_0037
BATAK/Ind008_M_Btk/Ind008_M_Btk_C_news_0038
BATAK/Ind008_M_Btk/Ind008_M_Btk_C_news_0039
BATAK/Ind008_M_Btk/Ind008_M_Btk_C_news_0040
BATAK/Ind008_M_Btk/Ind008_M_Btk_C_news_0041
BATAK/Ind008_M_Btk/Ind008_M_Btk_C_news_0042
BATAK/Ind008_M_Btk/Ind008_M_Btk_C_news_0043
BATAK/Ind008_M_Btk/Ind008_M_Btk_C_news_0044
BATAK/Ind008_M_Btk/Ind008_M_Btk_C_news_0045
BATAK/Ind008_M_Btk/Ind008_M_Btk_C_news_0046
BATAK/Ind008_M_Btk/Ind008_M_Btk_C_news_0047
BATAK/Ind008_M_Btk/Ind008_M_Btk_C_news_0048
BATAK/Ind008_M_Btk/Ind008_M_Btk_C_news_0049
BATAK/Ind008_M_Btk/Ind008_M_Btk_C_news_0050
BATAK/Ind008_M_Btk/Ind008_M_Btk_C_news_0051
BATAK/Ind008_M_Btk/Ind008_M_Btk_C_news_0052
BATAK/Ind008_M_Btk/Ind008_M_Btk_C_news_0053
BATAK/Ind008_M_Btk/Ind008_M_Btk_C_news_0054
BATAK/Ind008_M_Btk/Ind008_M_Btk_C_news_0055
BATAK/Ind008_M_Btk/Ind008_M_Btk_C_news_0056
BATAK/Ind008_M_Btk/Ind008_M_Btk_C_news_0057
BATAK/Ind008_M_Btk/Ind008_M_Btk_C_news_0058
BATAK/Ind008_M_Btk/Ind008_M_Btk_C_news_0059
BATAK/Ind008_M_Btk/Ind008_M_Btk_C_news_0060
BATAK/Ind008_M_Btk/Ind008_M_Btk_C_news_0061
BATAK/Ind008_M_Btk/Ind008_M_Btk_C_news_0062
BATAK/Ind008_M_Btk/Ind008_M_Btk_C_news_0063
BATAK/Ind008_M_Btk/Ind008_M_Btk_C_news_0064
BATAK/Ind008_M_Btk/Ind008_M_Btk_C_news_0065
BATAK/Ind008_M_Btk/Ind008_M_Btk_C_news_0066
BATAK/Ind008_M_Btk/Ind008_M_Btk_C_news_0067
BATAK/Ind008_M_Btk/Ind008_M_Btk_C_news_0068
BATAK/Ind008_M_Btk/Ind008_M_Btk_C_news_0069
BATAK/Ind008_M_Btk/Ind008_M_Btk_C_news_0070
BATAK/Ind008_M_Btk/Ind008_M_Btk_C_news_0071
BATAK/Ind008_M_Btk/Ind008_M_Btk_C_news_0072
BATAK/Ind008_M_Btk/Ind008_M_Btk_C_news_0073
BATAK/Ind008_M_Btk/Ind008_M_Btk_C_news_0074
BATAK/Ind008_M_Btk/Ind008_M_Btk_C_news_0075
BATAK/Ind008_M_Btk/Ind008_M_Btk_C_news_0076
BATAK/Ind008_M_Btk/Ind008_M_Btk_C_news_0077
BATAK/Ind008_M_Btk/Ind008_M_Btk_C_news_0078
BATAK/Ind008_M_Btk/Ind008_M_Btk_C_news_0079
BATAK/Ind008_M_Btk/Ind008_M_Btk_C_news_0080
BATAK/Ind008_M_Btk/Ind008_M_Btk_C_news_0081
BATAK/Ind008_M_Btk/Ind008_M_Btk_C_news_0082
BATAK/Ind008_M_Btk/Ind008_M_Btk_C_news_0083
BATAK/Ind008_M_Btk/Ind008_M_Btk_C_news_0084
BATAK/Ind008_M_Btk/Ind008_M_Btk_C_news_0085
BATAK/Ind008_M_Btk/Ind008_M_Btk_C_news_0086
BATAK/Ind008_M_Btk/Ind008_M_Btk_C_news_0087
BATAK/Ind008_M_Btk/Ind008_M_Btk_C_news_0088
BATAK/Ind008_M_Btk/Ind008_M_Btk_C_news_0089
BATAK/Ind008_M_Btk/Ind008_M_Btk_C_news_0090
BATAK/Ind008_M_Btk/Ind008_M_Btk_C_news_0091
BATAK/Ind008_M_Btk/Ind008_M_Btk_C_news_0092
BATAK/Ind008_M_Btk/Ind008_M_Btk_C_news_0093
BATAK/Ind008_M_Btk/Ind008_M_Btk_C_news_0094
BATAK/Ind008_M_Btk/Ind008_M_Btk_C_news_0095
BATAK/Ind008_M_Btk/Ind008_M_Btk_C_news_0096
BATAK/Ind008_M_Btk/Ind008_M_Btk_C_news_0097
BATAK/Ind008_M_Btk/Ind008_M_Btk_C_news_0098
BATAK/Ind008_M_Btk/Ind008_M_Btk_C_news_0099
BATAK/Ind008_M_Btk/Ind008_M_Btk_C_news_0100
BATAK/Ind008_M_Btk/Ind008_M_Btk_C_news_0101
BATAK/Ind008_M_Btk/Ind008_M_Btk_C_news_0102
BATAK/Ind008_M_Btk/Ind008_M_Btk_C_news_0103
BATAK/Ind008_M_Btk/Ind008_M_Btk_C_news_0104
BATAK/Ind008_M_Btk/Ind008_M_Btk_C_news_0105
BATAK/Ind008_M_Btk/Ind008_M_Btk_C_news_0106
BATAK/Ind008_M_Btk/Ind008_M_Btk_C_news_0107
BATAK/Ind008_M_Btk/Ind008_M_Btk_C_news_0108
BATAK/Ind008_M_Btk/Ind008_M_Btk_C_news_0109
BATAK/Ind008_M_Btk/Ind008_M_Btk_C_news_0110
BATAK/Ind008_M_Btk/Ind008_M_Btk_C_news_0111
BATAK/Ind008_M_Btk/Ind008_M_Btk_C_news_0112
BATAK/Ind008_M_Btk/Ind008_M_Btk_C_news_0113
BATAK/Ind008_M_Btk/Ind008_M_Btk_C_news_0114
BATAK/Ind008_M_Btk/Ind008_M_Btk_C_news_0115
BATAK/Ind008_M_Btk/Ind008_M_Btk_C_news_0116
BATAK/Ind008_M_Btk/Ind008_M_Btk_C_news_0117
BATAK/Ind008_M_Btk/Ind008_M_Btk_C_news_0118
BATAK/Ind008_M_Btk/Ind008_M_Btk_C_news_0119
BATAK/Ind008_M_Btk/Ind008_M_Btk_C_news_0120
BATAK/Ind008_M_Btk/Ind008_M_Btk_C_news_0121
BATAK/Ind008_M_Btk/Ind008_M_Btk_C_news_0122
BATAK/Ind008_M_Btk/Ind008_M_Btk_C_news_0123
BATAK/Ind008_M_Btk/Ind008_M_Btk_C_news_0124
BATAK/Ind008_M_Btk/Ind008_M_Btk_C_news_0125
BATAK/Ind008_M_Btk/Ind008_M_Btk_C_news_0126
BATAK/Ind008_M_Btk/Ind008_M_Btk_C_news_0127
BATAK/Ind008_M_Btk/Ind008_M_Btk_C_news_0128
BATAK/Ind008_M_Btk/Ind008_M_Btk_C_news_0129
BATAK/Ind008_M_Btk/Ind008_M_Btk_C_news_0130
BATAK/Ind008_M_Btk/Ind008_M_Btk_C_news_0131
BATAK/Ind008_M_Btk/Ind008_M_Btk_C_news_0132
BATAK/Ind008_M_Btk/Ind008_M_Btk_C_news_0133
BATAK/Ind008_M_Btk/Ind008_M_Btk_C_news_0134
BATAK/Ind008_M_Btk/Ind008_M_Btk_C_news_0135
BATAK/Ind008_M_Btk/Ind008_M_Btk_C_news_0136
BATAK/Ind008_M_Btk/Ind008_M_Btk_C_news_0137
BATAK/Ind008_M_Btk/Ind008_M_Btk_C_news_0138
BATAK/Ind008_M_Btk/Ind008_M_Btk_C_news_0139
BATAK/Ind008_M_Btk/Ind008_M_Btk_C_news_0140
BATAK/Ind008_M_Btk/Ind008_M_Btk_C_news_0141
BATAK/Ind008_M_Btk/Ind008_M_Btk_C_news_0142
BATAK/Ind008_M_Btk/Ind008_M_Btk_C_news_0143
BATAK/Ind008_M_Btk/Ind008_M_Btk_C_news_0144
BATAK/Ind008_M_Btk/Ind008_M_Btk_C_news_0145
BATAK/Ind008_M_Btk/Ind008_M_Btk_C_news_0146
BATAK/Ind008_M_Btk/Ind008_M_Btk_C_news_0147
BATAK/Ind008_M_Btk/Ind008_M_Btk_C_news_0148
BATAK/Ind008_M_Btk/Ind008_M_Btk_C_news_0149
BATAK/Ind008_M_Btk/Ind008_M_Btk_C_news_0150
BATAK/Ind008_M_Btk/Ind008_M_Btk_C_news_0151
BATAK/Ind008_M_Btk/Ind008_M_Btk_C_news_0152
BATAK/Ind008_M_Btk/Ind008_M_Btk_C_news_0153
BATAK/Ind008_M_Btk/Ind008_M_Btk_C_news_0154
BATAK/Ind008_M_Btk/Ind008_M_Btk_C_news_0155
BATAK/Ind008_M_Btk/Ind008_M_Btk_C_news_0156
BATAK/Ind008_M_Btk/Ind008_M_Btk_C_news_0157
BATAK/Ind008_M_Btk/Ind008_M_Btk_C_news_0158
BATAK/Ind008_M_Btk/Ind008_M_Btk_C_news_0159
BATAK/Ind008_M_Btk/Ind008_M_Btk_C_news_0160
BATAK/Ind008_M_Btk/Ind008_M_Btk_C_news_0161
BATAK/Ind008_M_Btk/Ind008_M_Btk_C_news_0162
BATAK/Ind008_M_Btk/Ind008_M_Btk_C_news_0163
BATAK/Ind008_M_Btk/Ind008_M_Btk_C_news_0164
BATAK/Ind008_M_Btk/Ind008_M_Btk_C_news_0165
BATAK/Ind008_M_Btk/Ind008_M_Btk_C_news_0166
BATAK/Ind008_M_Btk/Ind008_M_Btk_C_news_0167
BATAK/Ind008_M_Btk/Ind008_M_Btk_C_news_0168
BATAK/Ind008_M_Btk/Ind008_M_Btk_C_news_0169
BATAK/Ind008_M_Btk/Ind008_M_Btk_C_news_0170
BATAK/Ind008_M_Btk/Ind008_M_Btk_C_news_0171
BATAK/Ind008_M_Btk/Ind008_M_Btk_C_news_0172
BATAK/Ind008_M_Btk/Ind008_M_Btk_C_news_0173
BATAK/Ind008_M_Btk/Ind008_M_Btk_C_news_0174
BATAK/Ind008_M_Btk/Ind008_M_Btk_C_news_0175
BATAK/Ind008_M_Btk/Ind008_M_Btk_C_news_0176
BATAK/Ind008_M_Btk/Ind008_M_Btk_C_news_0177
BATAK/Ind008_M_Btk/Ind008_M_Btk_C_news_0178
BATAK/Ind008_M_Btk/Ind008_M_Btk_C_news_0179
BATAK/Ind008_M_Btk/Ind008_M_Btk_C_news_0180
BATAK/Ind008_M_Btk/Ind008_M_Btk_C_news_0181
BATAK/Ind008_M_Btk/Ind008_M_Btk_C_news_0182
BATAK/Ind008_M_Btk/Ind008_M_Btk_C_news_0183
BATAK/Ind008_M_Btk/Ind008_M_Btk_C_news_0184
BATAK/Ind008_M_Btk/Ind008_M_Btk_C_news_0185
BATAK/Ind008_M_Btk/Ind008_M_Btk_C_news_0186
BATAK/Ind008_M_Btk/Ind008_M_Btk_C_news_0187
BATAK/Ind008_M_Btk/Ind008_M_Btk_C_news_0188
BATAK/Ind008_M_Btk/Ind008_M_Btk_C_news_0189
BATAK/Ind008_M_Btk/Ind008_M_Btk_C_news_0190
BATAK/Ind008_M_Btk/Ind008_M_Btk_C_news_0191
BATAK/Ind008_M_Btk/Ind008_M_Btk_C_news_0192
BATAK/Ind008_M_Btk/Ind008_M_Btk_C_news_0193
BATAK/Ind008_M_Btk/Ind008_M_Btk_C_news_0194
BATAK/Ind008_M_Btk/Ind008_M_Btk_C_news_0195
BATAK/Ind008_M_Btk/Ind008_M_Btk_C_news_0196
BATAK/Ind008_M_Btk/Ind008_M_Btk_C_news_0197
BATAK/Ind008_M_Btk/Ind008_M_Btk_C_news_0198
BATAK/Ind008_M_Btk/Ind008_M_Btk_C_news_0199
BATAK/Ind008_M_Btk/Ind008_M_Btk_C_news_0200
BATAK/Ind008_M_Btk/Ind008_M_Btk_C_news_0201
BATAK/Ind008_M_Btk/Ind008_M_Btk_C_news_0202
BATAK/Ind008_M_Btk/Ind008_M_Btk_C_news_0203
BATAK/Ind008_M_Btk/Ind008_M_Btk_C_news_0204
BATAK/Ind008_M_Btk/Ind008_M_Btk_C_news_0205
BATAK/Ind008_M_Btk/Ind008_M_Btk_C_news_0206
BATAK/Ind008_M_Btk/Ind008_M_Btk_C_news_0207
BATAK/Ind008_M_Btk/Ind008_M_Btk_C_news_0208
BATAK/Ind008_M_Btk/Ind008_M_Btk_C_news_0209
BATAK/Ind008_M_Btk/Ind008_M_Btk_C_news_0210
BATAK/Ind008_M_Btk/Ind008_M_Btk_C_news_0211
BATAK/Ind008_M_Btk/Ind008_M_Btk_C_news_0212
BATAK/Ind008_M_Btk/Ind008_M_Btk_C_news_0213
BATAK/Ind008_M_Btk/Ind008_M_Btk_C_news_0214
BATAK/Ind008_M_Btk/Ind008_M_Btk_C_news_0215
BATAK/Ind008_M_Btk/Ind008_M_Btk_C_news_0216
BATAK/Ind008_M_Btk/Ind008_M_Btk_C_news_0217
BATAK/Ind008_M_Btk/Ind008_M_Btk_C_news_0218
BATAK/Ind008_M_Btk/Ind008_M_Btk_C_news_0219
BATAK/Ind008_M_Btk/Ind008_M_Btk_C_news_0220
BATAK/Ind008_M_Btk/Ind008_M_Btk_C_news_0221
BATAK/Ind008_M_Btk/Ind008_M_Btk_C_news_0222
BATAK/Ind008_M_Btk/Ind008_M_Btk_C_news_0223
BATAK/Ind008_M_Btk/Ind008_M_Btk_C_news_0224
BATAK/Ind008_M_Btk/Ind008_M_Btk_C_news_0225
BATAK/Ind009_F_Btk/Ind009_F_Btk_C_news_0001
BATAK/Ind009_F_Btk/Ind009_F_Btk_C_news_0002
BATAK/Ind009_F_Btk/Ind009_F_Btk_C_news_0003
BATAK/Ind009_F_Btk/Ind009_F_Btk_C_news_0004
BATAK/Ind009_F_Btk/Ind009_F_Btk_C_news_0005
BATAK/Ind009_F_Btk/Ind009_F_Btk_C_news_0006
BATAK/Ind009_F_Btk/Ind009_F_Btk_C_news_0007
BATAK/Ind009_F_Btk/Ind009_F_Btk_C_news_0008
BATAK/Ind009_F_Btk/Ind009_F_Btk_C_news_0009
BATAK/Ind009_F_Btk/Ind009_F_Btk_C_news_0010
BATAK/Ind009_F_Btk/Ind009_F_Btk_C_news_0011
BATAK/Ind009_F_Btk/Ind009_F_Btk_C_news_0012
BATAK/Ind009_F_Btk/Ind009_F_Btk_C_news_0013
BATAK/Ind009_F_Btk/Ind009_F_Btk_C_news_0014
BATAK/Ind009_F_Btk/Ind009_F_Btk_C_news_0015
BATAK/Ind009_F_Btk/Ind009_F_Btk_C_news_0016
BATAK/Ind009_F_Btk/Ind009_F_Btk_C_news_0017
BATAK/Ind009_F_Btk/Ind009_F_Btk_C_news_0018
BATAK/Ind009_F_Btk/Ind009_F_Btk_C_news_0019
BATAK/Ind009_F_Btk/Ind009_F_Btk_C_news_0020
BATAK/Ind009_F_Btk/Ind009_F_Btk_C_news_0021
BATAK/Ind009_F_Btk/Ind009_F_Btk_C_news_0022
BATAK/Ind009_F_Btk/Ind009_F_Btk_C_news_0023
BATAK/Ind009_F_Btk/Ind009_F_Btk_C_news_0024
BATAK/Ind009_F_Btk/Ind009_F_Btk_C_news_0025
BATAK/Ind009_F_Btk/Ind009_F_Btk_C_news_0026
BATAK/Ind009_F_Btk/Ind009_F_Btk_C_news_0027
BATAK/Ind009_F_Btk/Ind009_F_Btk_C_news_0028
BATAK/Ind009_F_Btk/Ind009_F_Btk_C_news_0029
BATAK/Ind009_F_Btk/Ind009_F_Btk_C_news_0030
BATAK/Ind009_F_Btk/Ind009_F_Btk_C_news_0031
BATAK/Ind009_F_Btk/Ind009_F_Btk_C_news_0032
BATAK/Ind009_F_Btk/Ind009_F_Btk_C_news_0033
BATAK/Ind009_F_Btk/Ind009_F_Btk_C_news_0034
BATAK/Ind009_F_Btk/Ind009_F_Btk_C_news_0035
BATAK/Ind009_F_Btk/Ind009_F_Btk_C_news_0036
BATAK/Ind009_F_Btk/Ind009_F_Btk_C_news_0037
BATAK/Ind009_F_Btk/Ind009_F_Btk_C_news_0038
BATAK/Ind009_F_Btk/Ind009_F_Btk_C_news_0039
BATAK/Ind009_F_Btk/Ind009_F_Btk_C_news_0040
BATAK/Ind009_F_Btk/Ind009_F_Btk_C_news_0041
BATAK/Ind009_F_Btk/Ind009_F_Btk_C_news_0042
BATAK/Ind009_F_Btk/Ind009_F_Btk_C_news_0043
BATAK/Ind009_F_Btk/Ind009_F_Btk_C_news_0044
BATAK/Ind009_F_Btk/Ind009_F_Btk_C_news_0045
BATAK/Ind009_F_Btk/Ind009_F_Btk_C_news_0046
BATAK/Ind009_F_Btk/Ind009_F_Btk_C_news_0047
BATAK/Ind009_F_Btk/Ind009_F_Btk_C_news_0048
BATAK/Ind009_F_Btk/Ind009_F_Btk_C_news_0049
BATAK/Ind009_F_Btk/Ind009_F_Btk_C_news_0050
BATAK/Ind009_F_Btk/Ind009_F_Btk_C_news_0051
BATAK/Ind009_F_Btk/Ind009_F_Btk_C_news_0052
BATAK/Ind009_F_Btk/Ind009_F_Btk_C_news_0053
BATAK/Ind009_F_Btk/Ind009_F_Btk_C_news_0054
BATAK/Ind009_F_Btk/Ind009_F_Btk_C_news_0055
BATAK/Ind009_F_Btk/Ind009_F_Btk_C_news_0056
BATAK/Ind009_F_Btk/Ind009_F_Btk_C_news_0057
BATAK/Ind009_F_Btk/Ind009_F_Btk_C_news_0058
BATAK/Ind009_F_Btk/Ind009_F_Btk_C_news_0059
BATAK/Ind009_F_Btk/Ind009_F_Btk_C_news_0060
BATAK/Ind009_F_Btk/Ind009_F_Btk_C_news_0061
BATAK/Ind009_F_Btk/Ind009_F_Btk_C_news_0062
BATAK/Ind009_F_Btk/Ind009_F_Btk_C_news_0063
BATAK/Ind009_F_Btk/Ind009_F_Btk_C_news_0064
BATAK/Ind009_F_Btk/Ind009_F_Btk_C_news_0065
BATAK/Ind009_F_Btk/Ind009_F_Btk_C_news_0066
BATAK/Ind009_F_Btk/Ind009_F_Btk_C_news_0067
BATAK/Ind009_F_Btk/Ind009_F_Btk_C_news_0068
BATAK/Ind009_F_Btk/Ind009_F_Btk_C_news_0069
BATAK/Ind009_F_Btk/Ind009_F_Btk_C_news_0070
BATAK/Ind009_F_Btk/Ind009_F_Btk_C_news_0071
BATAK/Ind009_F_Btk/Ind009_F_Btk_C_news_0072
BATAK/Ind009_F_Btk/Ind009_F_Btk_C_news_0073
BATAK/Ind009_F_Btk/Ind009_F_Btk_C_news_0074
BATAK/Ind009_F_Btk/Ind009_F_Btk_C_news_0075
BATAK/Ind009_F_Btk/Ind009_F_Btk_C_news_0076
BATAK/Ind009_F_Btk/Ind009_F_Btk_C_news_0077
BATAK/Ind009_F_Btk/Ind009_F_Btk_C_news_0078
BATAK/Ind009_F_Btk/Ind009_F_Btk_C_news_0079
BATAK/Ind009_F_Btk/Ind009_F_Btk_C_news_0080
BATAK/Ind009_F_Btk/Ind009_F_Btk_C_news_0081
BATAK/Ind009_F_Btk/Ind009_F_Btk_C_news_0082
BATAK/Ind009_F_Btk/Ind009_F_Btk_C_news_0083
BATAK/Ind009_F_Btk/Ind009_F_Btk_C_news_0084
BATAK/Ind009_F_Btk/Ind009_F_Btk_C_news_0085
BATAK/Ind009_F_Btk/Ind009_F_Btk_C_news_0086
BATAK/Ind009_F_Btk/Ind009_F_Btk_C_news_0087
BATAK/Ind009_F_Btk/Ind009_F_Btk_C_news_0088
BATAK/Ind009_F_Btk/Ind009_F_Btk_C_news_0089
BATAK/Ind009_F_Btk/Ind009_F_Btk_C_news_0090
BATAK/Ind009_F_Btk/Ind009_F_Btk_C_news_0091
BATAK/Ind009_F_Btk/Ind009_F_Btk_C_news_0092
BATAK/Ind009_F_Btk/Ind009_F_Btk_C_news_0093
BATAK/Ind009_F_Btk/Ind009_F_Btk_C_news_0094
BATAK/Ind009_F_Btk/Ind009_F_Btk_C_news_0095
BATAK/Ind009_F_Btk/Ind009_F_Btk_C_news_0096
BATAK/Ind009_F_Btk/Ind009_F_Btk_C_news_0097
BATAK/Ind009_F_Btk/Ind009_F_Btk_C_news_0098
BATAK/Ind009_F_Btk/Ind009_F_Btk_C_news_0099
BATAK/Ind009_F_Btk/Ind009_F_Btk_C_news_0100
BATAK/Ind009_F_Btk/Ind009_F_Btk_C_news_0101
BATAK/Ind009_F_Btk/Ind009_F_Btk_C_news_0102
BATAK/Ind009_F_Btk/Ind009_F_Btk_C_news_0103
BATAK/Ind009_F_Btk/Ind009_F_Btk_C_news_0104
BATAK/Ind009_F_Btk/Ind009_F_Btk_C_news_0105
BATAK/Ind009_F_Btk/Ind009_F_Btk_C_news_0106
BATAK/Ind009_F_Btk/Ind009_F_Btk_C_news_0107
BATAK/Ind009_F_Btk/Ind009_F_Btk_C_news_0108
BATAK/Ind009_F_Btk/Ind009_F_Btk_C_news_0109
BATAK/Ind009_F_Btk/Ind009_F_Btk_C_news_0110
BATAK/Ind009_F_Btk/Ind009_F_Btk_C_news_0111
BATAK/Ind009_F_Btk/Ind009_F_Btk_C_news_0112
BATAK/Ind009_F_Btk/Ind009_F_Btk_C_news_0113
BATAK/Ind009_F_Btk/Ind009_F_Btk_C_news_0114
BATAK/Ind009_F_Btk/Ind009_F_Btk_C_news_0115
BATAK/Ind009_F_Btk/Ind009_F_Btk_C_news_0116
BATAK/Ind009_F_Btk/Ind009_F_Btk_C_news_0117
BATAK/Ind009_F_Btk/Ind009_F_Btk_C_news_0118
BATAK/Ind009_F_Btk/Ind009_F_Btk_C_news_0119
BATAK/Ind009_F_Btk/Ind009_F_Btk_C_news_0120
BATAK/Ind009_F_Btk/Ind009_F_Btk_C_news_0121
BATAK/Ind009_F_Btk/Ind009_F_Btk_C_news_0122
BATAK/Ind009_F_Btk/Ind009_F_Btk_C_news_0123
BATAK/Ind009_F_Btk/Ind009_F_Btk_C_news_0124
BATAK/Ind009_F_Btk/Ind009_F_Btk_C_news_0125
BATAK/Ind009_F_Btk/Ind009_F_Btk_C_news_0126
BATAK/Ind009_F_Btk/Ind009_F_Btk_C_news_0127
BATAK/Ind009_F_Btk/Ind009_F_Btk_C_news_0128
BATAK/Ind009_F_Btk/Ind009_F_Btk_C_news_0129
BATAK/Ind009_F_Btk/Ind009_F_Btk_C_news_0130
BATAK/Ind009_F_Btk/Ind009_F_Btk_C_news_0131
BATAK/Ind009_F_Btk/Ind009_F_Btk_C_news_0132
BATAK/Ind009_F_Btk/Ind009_F_Btk_C_news_0133
BATAK/Ind009_F_Btk/Ind009_F_Btk_C_news_0134
BATAK/Ind009_F_Btk/Ind009_F_Btk_C_news_0135
BATAK/Ind009_F_Btk/Ind009_F_Btk_C_news_0136
BATAK/Ind009_F_Btk/Ind009_F_Btk_C_news_0137
BATAK/Ind009_F_Btk/Ind009_F_Btk_C_news_0138
BATAK/Ind009_F_Btk/Ind009_F_Btk_C_news_0139
BATAK/Ind009_F_Btk/Ind009_F_Btk_C_news_0140
BATAK/Ind009_F_Btk/Ind009_F_Btk_C_news_0141
BATAK/Ind009_F_Btk/Ind009_F_Btk_C_news_0142
BATAK/Ind009_F_Btk/Ind009_F_Btk_C_news_0143
BATAK/Ind009_F_Btk/Ind009_F_Btk_C_news_0144
BATAK/Ind009_F_Btk/Ind009_F_Btk_C_news_0145
BATAK/Ind009_F_Btk/Ind009_F_Btk_C_news_0146
BATAK/Ind009_F_Btk/Ind009_F_Btk_C_news_0147
BATAK/Ind009_F_Btk/Ind009_F_Btk_C_news_0148
BATAK/Ind009_F_Btk/Ind009_F_Btk_C_news_0149
BATAK/Ind009_F_Btk/Ind009_F_Btk_C_news_0150
BATAK/Ind009_F_Btk/Ind009_F_Btk_C_news_0151
BATAK/Ind009_F_Btk/Ind009_F_Btk_C_news_0152
BATAK/Ind009_F_Btk/Ind009_F_Btk_C_news_0153
BATAK/Ind009_F_Btk/Ind009_F_Btk_C_news_0154
BATAK/Ind009_F_Btk/Ind009_F_Btk_C_news_0155
BATAK/Ind009_F_Btk/Ind009_F_Btk_C_news_0156
BATAK/Ind009_F_Btk/Ind009_F_Btk_C_news_0157
BATAK/Ind009_F_Btk/Ind009_F_Btk_C_news_0158
BATAK/Ind009_F_Btk/Ind009_F_Btk_C_news_0159
BATAK/Ind009_F_Btk/Ind009_F_Btk_C_news_0160
BATAK/Ind009_F_Btk/Ind009_F_Btk_C_news_0161
BATAK/Ind009_F_Btk/Ind009_F_Btk_C_news_0162
BATAK/Ind009_F_Btk/Ind009_F_Btk_C_news_0163
BATAK/Ind009_F_Btk/Ind009_F_Btk_C_news_0164
BATAK/Ind009_F_Btk/Ind009_F_Btk_C_news_0165
BATAK/Ind009_F_Btk/Ind009_F_Btk_C_news_0166
BATAK/Ind009_F_Btk/Ind009_F_Btk_C_news_0167
BATAK/Ind009_F_Btk/Ind009_F_Btk_C_news_0168
BATAK/Ind009_F_Btk/Ind009_F_Btk_C_news_0169
BATAK/Ind009_F_Btk/Ind009_F_Btk_C_news_0170
BATAK/Ind009_F_Btk/Ind009_F_Btk_C_news_0171
BATAK/Ind009_F_Btk/Ind009_F_Btk_C_news_0172
BATAK/Ind009_F_Btk/Ind009_F_Btk_C_news_0173
BATAK/Ind009_F_Btk/Ind009_F_Btk_C_news_0174
BATAK/Ind009_F_Btk/Ind009_F_Btk_C_news_0175
BATAK/Ind009_F_Btk/Ind009_F_Btk_C_news_0176
BATAK/Ind009_F_Btk/Ind009_F_Btk_C_news_0177
BATAK/Ind009_F_Btk/Ind009_F_Btk_C_news_0178
BATAK/Ind009_F_Btk/Ind009_F_Btk_C_news_0179
BATAK/Ind009_F_Btk/Ind009_F_Btk_C_news_0180
BATAK/Ind009_F_Btk/Ind009_F_Btk_C_news_0181
BATAK/Ind009_F_Btk/Ind009_F_Btk_C_news_0182
BATAK/Ind009_F_Btk/Ind009_F_Btk_C_news_0183
BATAK/Ind009_F_Btk/Ind009_F_Btk_C_news_0184
BATAK/Ind009_F_Btk/Ind009_F_Btk_C_news_0185
BATAK/Ind009_F_Btk/Ind009_F_Btk_C_news_0186
BATAK/Ind009_F_Btk/Ind009_F_Btk_C_news_0187
BATAK/Ind009_F_Btk/Ind009_F_Btk_C_news_0188
BATAK/Ind009_F_Btk/Ind009_F_Btk_C_news_0189
BATAK/Ind009_F_Btk/Ind009_F_Btk_C_news_0190
BATAK/Ind009_F_Btk/Ind009_F_Btk_C_news_0191
BATAK/Ind009_F_Btk/Ind009_F_Btk_C_news_0192
BATAK/Ind009_F_Btk/Ind009_F_Btk_C_news_0193
BATAK/Ind009_F_Btk/Ind009_F_Btk_C_news_0194
BATAK/Ind009_F_Btk/Ind009_F_Btk_C_news_0195
BATAK/Ind009_F_Btk/Ind009_F_Btk_C_news_0196
BATAK/Ind009_F_Btk/Ind009_F_Btk_C_news_0197
BATAK/Ind009_F_Btk/Ind009_F_Btk_C_news_0198
BATAK/Ind009_F_Btk/Ind009_F_Btk_C_news_0199
BATAK/Ind009_F_Btk/Ind009_F_Btk_C_news_0200
BATAK/Ind009_F_Btk/Ind009_F_Btk_C_news_0201
BATAK/Ind009_F_Btk/Ind009_F_Btk_C_news_0202
BATAK/Ind009_F_Btk/Ind009_F_Btk_C_news_0203
BATAK/Ind009_F_Btk/Ind009_F_Btk_C_news_0204
BATAK/Ind009_F_Btk/Ind009_F_Btk_C_news_0205
BATAK/Ind009_F_Btk/Ind009_F_Btk_C_news_0206
BATAK/Ind009_F_Btk/Ind009_F_Btk_C_news_0207
BATAK/Ind009_F_Btk/Ind009_F_Btk_C_news_0208
BATAK/Ind009_F_Btk/Ind009_F_Btk_C_news_0209
BATAK/Ind009_F_Btk/Ind009_F_Btk_C_news_0210
BATAK/Ind009_F_Btk/Ind009_F_Btk_C_news_0211
BATAK/Ind009_F_Btk/Ind009_F_Btk_C_news_0212
BATAK/Ind009_F_Btk/Ind009_F_Btk_C_news_0213
BATAK/Ind009_F_Btk/Ind009_F_Btk_C_news_0214
BATAK/Ind009_F_Btk/Ind009_F_Btk_C_news_0215
BATAK/Ind009_F_Btk/Ind009_F_Btk_C_news_0216
BATAK/Ind009_F_Btk/Ind009_F_Btk_C_news_0217
BATAK/Ind009_F_Btk/Ind009_F_Btk_C_news_0218
BATAK/Ind009_F_Btk/Ind009_F_Btk_C_news_0219
BATAK/Ind009_F_Btk/Ind009_F_Btk_C_news_0220
BATAK/Ind009_F_Btk/Ind009_F_Btk_C_news_0221
BATAK/Ind009_F_Btk/Ind009_F_Btk_C_news_0222
BATAK/Ind009_F_Btk/Ind009_F_Btk_C_news_0223
BATAK/Ind009_F_Btk/Ind009_F_Btk_C_news_0224
BATAK/Ind009_F_Btk/Ind009_F_Btk_C_news_0225
BATAK/Ind010_M_Btk/Ind010_M_Btk_C_news_0001
BATAK/Ind010_M_Btk/Ind010_M_Btk_C_news_0002
BATAK/Ind010_M_Btk/Ind010_M_Btk_C_news_0003
BATAK/Ind010_M_Btk/Ind010_M_Btk_C_news_0004
BATAK/Ind010_M_Btk/Ind010_M_Btk_C_news_0005
BATAK/Ind010_M_Btk/Ind010_M_Btk_C_news_0006
BATAK/Ind010_M_Btk/Ind010_M_Btk_C_news_0007
BATAK/Ind010_M_Btk/Ind010_M_Btk_C_news_0008
BATAK/Ind010_M_Btk/Ind010_M_Btk_C_news_0009
BATAK/Ind010_M_Btk/Ind010_M_Btk_C_news_0010
BATAK/Ind010_M_Btk/Ind010_M_Btk_C_news_0011
BATAK/Ind010_M_Btk/Ind010_M_Btk_C_news_0012
BATAK/Ind010_M_Btk/Ind010_M_Btk_C_news_0013
BATAK/Ind010_M_Btk/Ind010_M_Btk_C_news_0014
BATAK/Ind010_M_Btk/Ind010_M_Btk_C_news_0015
BATAK/Ind010_M_Btk/Ind010_M_Btk_C_news_0016
BATAK/Ind010_M_Btk/Ind010_M_Btk_C_news_0017
BATAK/Ind010_M_Btk/Ind010_M_Btk_C_news_0018
BATAK/Ind010_M_Btk/Ind010_M_Btk_C_news_0019
BATAK/Ind010_M_Btk/Ind010_M_Btk_C_news_0020
BATAK/Ind010_M_Btk/Ind010_M_Btk_C_news_0021
BATAK/Ind010_M_Btk/Ind010_M_Btk_C_news_0022
BATAK/Ind010_M_Btk/Ind010_M_Btk_C_news_0023
BATAK/Ind010_M_Btk/Ind010_M_Btk_C_news_0024
BATAK/Ind010_M_Btk/Ind010_M_Btk_C_news_0025
BATAK/Ind010_M_Btk/Ind010_M_Btk_C_news_0026
BATAK/Ind010_M_Btk/Ind010_M_Btk_C_news_0027
BATAK/Ind010_M_Btk/Ind010_M_Btk_C_news_0028
BATAK/Ind010_M_Btk/Ind010_M_Btk_C_news_0029
BATAK/Ind010_M_Btk/Ind010_M_Btk_C_news_0030
BATAK/Ind010_M_Btk/Ind010_M_Btk_C_news_0031
BATAK/Ind010_M_Btk/Ind010_M_Btk_C_news_0032
BATAK/Ind010_M_Btk/Ind010_M_Btk_C_news_0033
BATAK/Ind010_M_Btk/Ind010_M_Btk_C_news_0034
BATAK/Ind010_M_Btk/Ind010_M_Btk_C_news_0035
BATAK/Ind010_M_Btk/Ind010_M_Btk_C_news_0036
BATAK/Ind010_M_Btk/Ind010_M_Btk_C_news_0037
BATAK/Ind010_M_Btk/Ind010_M_Btk_C_news_0038
BATAK/Ind010_M_Btk/Ind010_M_Btk_C_news_0039
BATAK/Ind010_M_Btk/Ind010_M_Btk_C_news_0040
BATAK/Ind010_M_Btk/Ind010_M_Btk_C_news_0041
BATAK/Ind010_M_Btk/Ind010_M_Btk_C_news_0042
BATAK/Ind010_M_Btk/Ind010_M_Btk_C_news_0043
BATAK/Ind010_M_Btk/Ind010_M_Btk_C_news_0044
BATAK/Ind010_M_Btk/Ind010_M_Btk_C_news_0045
BATAK/Ind010_M_Btk/Ind010_M_Btk_C_news_0046
BATAK/Ind010_M_Btk/Ind010_M_Btk_C_news_0047
BATAK/Ind010_M_Btk/Ind010_M_Btk_C_news_0048
BATAK/Ind010_M_Btk/Ind010_M_Btk_C_news_0049
BATAK/Ind010_M_Btk/Ind010_M_Btk_C_news_0050
BATAK/Ind010_M_Btk/Ind010_M_Btk_C_news_0051
BATAK/Ind010_M_Btk/Ind010_M_Btk_C_news_0052
BATAK/Ind010_M_Btk/Ind010_M_Btk_C_news_0053
BATAK/Ind010_M_Btk/Ind010_M_Btk_C_news_0054
BATAK/Ind010_M_Btk/Ind010_M_Btk_C_news_0055
BATAK/Ind010_M_Btk/Ind010_M_Btk_C_news_0056
BATAK/Ind010_M_Btk/Ind010_M_Btk_C_news_0057
BATAK/Ind010_M_Btk/Ind010_M_Btk_C_news_0058
BATAK/Ind010_M_Btk/Ind010_M_Btk_C_news_0059
BATAK/Ind010_M_Btk/Ind010_M_Btk_C_news_0060
BATAK/Ind010_M_Btk/Ind010_M_Btk_C_news_0061
BATAK/Ind010_M_Btk/Ind010_M_Btk_C_news_0062
BATAK/Ind010_M_Btk/Ind010_M_Btk_C_news_0063
BATAK/Ind010_M_Btk/Ind010_M_Btk_C_news_0064
BATAK/Ind010_M_Btk/Ind010_M_Btk_C_news_0065
BATAK/Ind010_M_Btk/Ind010_M_Btk_C_news_0066
BATAK/Ind010_M_Btk/Ind010_M_Btk_C_news_0067
BATAK/Ind010_M_Btk/Ind010_M_Btk_C_news_0068
BATAK/Ind010_M_Btk/Ind010_M_Btk_C_news_0069
BATAK/Ind010_M_Btk/Ind010_M_Btk_C_news_0070
BATAK/Ind010_M_Btk/Ind010_M_Btk_C_news_0071
BATAK/Ind010_M_Btk/Ind010_M_Btk_C_news_0072
BATAK/Ind010_M_Btk/Ind010_M_Btk_C_news_0073
BATAK/Ind010_M_Btk/Ind010_M_Btk_C_news_0074
BATAK/Ind010_M_Btk/Ind010_M_Btk_C_news_0075
BATAK/Ind010_M_Btk/Ind010_M_Btk_C_news_0076
BATAK/Ind010_M_Btk/Ind010_M_Btk_C_news_0077
BATAK/Ind010_M_Btk/Ind010_M_Btk_C_news_0078
BATAK/Ind010_M_Btk/Ind010_M_Btk_C_news_0079
BATAK/Ind010_M_Btk/Ind010_M_Btk_C_news_0080
BATAK/Ind010_M_Btk/Ind010_M_Btk_C_news_0081
BATAK/Ind010_M_Btk/Ind010_M_Btk_C_news_0082
BATAK/Ind010_M_Btk/Ind010_M_Btk_C_news_0083
BATAK/Ind010_M_Btk/Ind010_M_Btk_C_news_0084
BATAK/Ind010_M_Btk/Ind010_M_Btk_C_news_0085
BATAK/Ind010_M_Btk/Ind010_M_Btk_C_news_0086
BATAK/Ind010_M_Btk/Ind010_M_Btk_C_news_0087
BATAK/Ind010_M_Btk/Ind010_M_Btk_C_news_0088
BATAK/Ind010_M_Btk/Ind010_M_Btk_C_news_0089
BATAK/Ind010_M_Btk/Ind010_M_Btk_C_news_0090
BATAK/Ind010_M_Btk/Ind010_M_Btk_C_news_0091
BATAK/Ind010_M_Btk/Ind010_M_Btk_C_news_0092
BATAK/Ind010_M_Btk/Ind010_M_Btk_C_news_0093
BATAK/Ind010_M_Btk/Ind010_M_Btk_C_news_0094
BATAK/Ind010_M_Btk/Ind010_M_Btk_C_news_0095
BATAK/Ind010_M_Btk/Ind010_M_Btk_C_news_0096
BATAK/Ind010_M_Btk/Ind010_M_Btk_C_news_0097
BATAK/Ind010_M_Btk/Ind010_M_Btk_C_news_0098
BATAK/Ind010_M_Btk/Ind010_M_Btk_C_news_0099
BATAK/Ind010_M_Btk/Ind010_M_Btk_C_news_0100
BATAK/Ind010_M_Btk/Ind010_M_Btk_C_news_0101
BATAK/Ind010_M_Btk/Ind010_M_Btk_C_news_0102
BATAK/Ind010_M_Btk/Ind010_M_Btk_C_news_0103
BATAK/Ind010_M_Btk/Ind010_M_Btk_C_news_0104
BATAK/Ind010_M_Btk/Ind010_M_Btk_C_news_0105
BATAK/Ind010_M_Btk/Ind010_M_Btk_C_news_0106
BATAK/Ind010_M_Btk/Ind010_M_Btk_C_news_0107
BATAK/Ind010_M_Btk/Ind010_M_Btk_C_news_0108
BATAK/Ind010_M_Btk/Ind010_M_Btk_C_news_0109
BATAK/Ind010_M_Btk/Ind010_M_Btk_C_news_0110
BATAK/Ind010_M_Btk/Ind010_M_Btk_C_news_0111
BATAK/Ind010_M_Btk/Ind010_M_Btk_C_news_0112
BATAK/Ind010_M_Btk/Ind010_M_Btk_C_news_0113
BATAK/Ind010_M_Btk/Ind010_M_Btk_C_news_0114
BATAK/Ind010_M_Btk/Ind010_M_Btk_C_news_0115
BATAK/Ind010_M_Btk/Ind010_M_Btk_C_news_0116
BATAK/Ind010_M_Btk/Ind010_M_Btk_C_news_0117
BATAK/Ind010_M_Btk/Ind010_M_Btk_C_news_0118
BATAK/Ind010_M_Btk/Ind010_M_Btk_C_news_0119
BATAK/Ind010_M_Btk/Ind010_M_Btk_C_news_0120
BATAK/Ind010_M_Btk/Ind010_M_Btk_C_news_0121
BATAK/Ind010_M_Btk/Ind010_M_Btk_C_news_0122
BATAK/Ind010_M_Btk/Ind010_M_Btk_C_news_0123
BATAK/Ind010_M_Btk/Ind010_M_Btk_C_news_0124
BATAK/Ind010_M_Btk/Ind010_M_Btk_C_news_0125
BATAK/Ind010_M_Btk/Ind010_M_Btk_C_news_0126
BATAK/Ind010_M_Btk/Ind010_M_Btk_C_news_0127
BATAK/Ind010_M_Btk/Ind010_M_Btk_C_news_0128
BATAK/Ind010_M_Btk/Ind010_M_Btk_C_news_0129
BATAK/Ind010_M_Btk/Ind010_M_Btk_C_news_0130
BATAK/Ind010_M_Btk/Ind010_M_Btk_C_news_0131
BATAK/Ind010_M_Btk/Ind010_M_Btk_C_news_0132
BATAK/Ind010_M_Btk/Ind010_M_Btk_C_news_0133
BATAK/Ind010_M_Btk/Ind010_M_Btk_C_news_0134
BATAK/Ind010_M_Btk/Ind010_M_Btk_C_news_0135
BATAK/Ind010_M_Btk/Ind010_M_Btk_C_news_0136
BATAK/Ind010_M_Btk/Ind010_M_Btk_C_news_0137
BATAK/Ind010_M_Btk/Ind010_M_Btk_C_news_0138
BATAK/Ind010_M_Btk/Ind010_M_Btk_C_news_0139
BATAK/Ind010_M_Btk/Ind010_M_Btk_C_news_0140
BATAK/Ind010_M_Btk/Ind010_M_Btk_C_news_0141
BATAK/Ind010_M_Btk/Ind010_M_Btk_C_news_0142
BATAK/Ind010_M_Btk/Ind010_M_Btk_C_news_0143
BATAK/Ind010_M_Btk/Ind010_M_Btk_C_news_0144
BATAK/Ind010_M_Btk/Ind010_M_Btk_C_news_0145
BATAK/Ind010_M_Btk/Ind010_M_Btk_C_news_0146
BATAK/Ind010_M_Btk/Ind010_M_Btk_C_news_0147
BATAK/Ind010_M_Btk/Ind010_M_Btk_C_news_0148
BATAK/Ind010_M_Btk/Ind010_M_Btk_C_news_0149
BATAK/Ind010_M_Btk/Ind010_M_Btk_C_news_0150
BATAK/Ind010_M_Btk/Ind010_M_Btk_C_news_0151
BATAK/Ind010_M_Btk/Ind010_M_Btk_C_news_0152
BATAK/Ind010_M_Btk/Ind010_M_Btk_C_news_0153
BATAK/Ind010_M_Btk/Ind010_M_Btk_C_news_0154
BATAK/Ind010_M_Btk/Ind010_M_Btk_C_news_0155
BATAK/Ind010_M_Btk/Ind010_M_Btk_C_news_0156
BATAK/Ind010_M_Btk/Ind010_M_Btk_C_news_0157
BATAK/Ind010_M_Btk/Ind010_M_Btk_C_news_0158
BATAK/Ind010_M_Btk/Ind010_M_Btk_C_news_0159
BATAK/Ind010_M_Btk/Ind010_M_Btk_C_news_0160
BATAK/Ind010_M_Btk/Ind010_M_Btk_C_news_0161
BATAK/Ind010_M_Btk/Ind010_M_Btk_C_news_0162
BATAK/Ind010_M_Btk/Ind010_M_Btk_C_news_0163
BATAK/Ind010_M_Btk/Ind010_M_Btk_C_news_0164
BATAK/Ind010_M_Btk/Ind010_M_Btk_C_news_0165
BATAK/Ind010_M_Btk/Ind010_M_Btk_C_news_0166
BATAK/Ind010_M_Btk/Ind010_M_Btk_C_news_0167
BATAK/Ind010_M_Btk/Ind010_M_Btk_C_news_0168
BATAK/Ind010_M_Btk/Ind010_M_Btk_C_news_0169
BATAK/Ind010_M_Btk/Ind010_M_Btk_C_news_0170
BATAK/Ind010_M_Btk/Ind010_M_Btk_C_news_0171
BATAK/Ind010_M_Btk/Ind010_M_Btk_C_news_0172
BATAK/Ind010_M_Btk/Ind010_M_Btk_C_news_0173
BATAK/Ind010_M_Btk/Ind010_M_Btk_C_news_0174
BATAK/Ind010_M_Btk/Ind010_M_Btk_C_news_0175
BATAK/Ind010_M_Btk/Ind010_M_Btk_C_news_0176
BATAK/Ind010_M_Btk/Ind010_M_Btk_C_news_0177
BATAK/Ind010_M_Btk/Ind010_M_Btk_C_news_0178
BATAK/Ind010_M_Btk/Ind010_M_Btk_C_news_0179
BATAK/Ind010_M_Btk/Ind010_M_Btk_C_news_0180
BATAK/Ind010_M_Btk/Ind010_M_Btk_C_news_0181
BATAK/Ind010_M_Btk/Ind010_M_Btk_C_news_0182
BATAK/Ind010_M_Btk/Ind010_M_Btk_C_news_0183
BATAK/Ind010_M_Btk/Ind010_M_Btk_C_news_0184
BATAK/Ind010_M_Btk/Ind010_M_Btk_C_news_0185
BATAK/Ind010_M_Btk/Ind010_M_Btk_C_news_0186
BATAK/Ind010_M_Btk/Ind010_M_Btk_C_news_0187
BATAK/Ind010_M_Btk/Ind010_M_Btk_C_news_0188
BATAK/Ind010_M_Btk/Ind010_M_Btk_C_news_0189
BATAK/Ind010_M_Btk/Ind010_M_Btk_C_news_0190
BATAK/Ind010_M_Btk/Ind010_M_Btk_C_news_0191
BATAK/Ind010_M_Btk/Ind010_M_Btk_C_news_0192
BATAK/Ind010_M_Btk/Ind010_M_Btk_C_news_0193
BATAK/Ind010_M_Btk/Ind010_M_Btk_C_news_0194
BATAK/Ind010_M_Btk/Ind010_M_Btk_C_news_0195
BATAK/Ind010_M_Btk/Ind010_M_Btk_C_news_0196
BATAK/Ind010_M_Btk/Ind010_M_Btk_C_news_0197
BATAK/Ind010_M_Btk/Ind010_M_Btk_C_news_0198
BATAK/Ind010_M_Btk/Ind010_M_Btk_C_news_0199
BATAK/Ind010_M_Btk/Ind010_M_Btk_C_news_0200
BATAK/Ind010_M_Btk/Ind010_M_Btk_C_news_0201
BATAK/Ind010_M_Btk/Ind010_M_Btk_C_news_0202
BATAK/Ind010_M_Btk/Ind010_M_Btk_C_news_0203
BATAK/Ind010_M_Btk/Ind010_M_Btk_C_news_0204
BATAK/Ind010_M_Btk/Ind010_M_Btk_C_news_0205
BATAK/Ind010_M_Btk/Ind010_M_Btk_C_news_0206
BATAK/Ind010_M_Btk/Ind010_M_Btk_C_news_0207
BATAK/Ind010_M_Btk/Ind010_M_Btk_C_news_0208
BATAK/Ind010_M_Btk/Ind010_M_Btk_C_news_0209
BATAK/Ind010_M_Btk/Ind010_M_Btk_C_news_0210
BATAK/Ind010_M_Btk/Ind010_M_Btk_C_news_0211
BATAK/Ind010_M_Btk/Ind010_M_Btk_C_news_0212
BATAK/Ind010_M_Btk/Ind010_M_Btk_C_news_0213
BATAK/Ind010_M_Btk/Ind010_M_Btk_C_news_0214
BATAK/Ind010_M_Btk/Ind010_M_Btk_C_news_0215
BATAK/Ind010_M_Btk/Ind010_M_Btk_C_news_0216
BATAK/Ind010_M_Btk/Ind010_M_Btk_C_news_0217
BATAK/Ind010_M_Btk/Ind010_M_Btk_C_news_0218
BATAK/Ind010_M_Btk/Ind010_M_Btk_C_news_0219
BATAK/Ind010_M_Btk/Ind010_M_Btk_C_news_0220
BATAK/Ind010_M_Btk/Ind010_M_Btk_C_news_0221
BATAK/Ind010_M_Btk/Ind010_M_Btk_C_news_0222
BATAK/Ind010_M_Btk/Ind010_M_Btk_C_news_0223
BATAK/Ind010_M_Btk/Ind010_M_Btk_C_news_0224
BATAK/Ind010_M_Btk/Ind010_M_Btk_C_news_0225
