BALI/Ind001_F_Bli/Ind001_F_Bli_C_news_0001
BALI/Ind001_F_Bli/Ind001_F_Bli_C_news_0002
BALI/Ind001_F_Bli/Ind001_F_Bli_C_news_0003
BALI/Ind001_F_Bli/Ind001_F_Bli_C_news_0004
BALI/Ind001_F_Bli/Ind001_F_Bli_C_news_0005
BALI/Ind001_F_Bli/Ind001_F_Bli_C_news_0006
BALI/Ind001_F_Bli/Ind001_F_Bli_C_news_0007
BALI/Ind001_F_Bli/Ind001_F_Bli_C_news_0008
BALI/Ind001_F_Bli/Ind001_F_Bli_C_news_0009
BALI/Ind001_F_Bli/Ind001_F_Bli_C_news_0010
BALI/Ind001_F_Bli/Ind001_F_Bli_C_news_0011
BALI/Ind001_F_Bli/Ind001_F_Bli_C_news_0012
BALI/Ind001_F_Bli/Ind001_F_Bli_C_news_0013
BALI/Ind001_F_Bli/Ind001_F_Bli_C_news_0014
BALI/Ind001_F_Bli/Ind001_F_Bli_C_news_0015
BALI/Ind001_F_Bli/Ind001_F_Bli_C_news_0016
BALI/Ind001_F_Bli/Ind001_F_Bli_C_news_0017
BALI/Ind001_F_Bli/Ind001_F_Bli_C_news_0018
BALI/Ind001_F_Bli/Ind001_F_Bli_C_news_0019
BALI/Ind001_F_Bli/Ind001_F_Bli_C_news_0020
BALI/Ind001_F_Bli/Ind001_F_Bli_C_news_0021
BALI/Ind001_F_Bli/Ind001_F_Bli_C_news_0022
BALI/Ind001_F_Bli/Ind001_F_Bli_C_news_0023
BALI/Ind001_F_Bli/Ind001_F_Bli_C_news_0024
BALI/Ind001_F_Bli/Ind001_F_Bli_C_news_0025
BALI/Ind001_F_Bli/Ind001_F_Bli_C_news_0026
BALI/Ind001_F_Bli/Ind001_F_Bli_C_news_0027
BALI/Ind001_F_Bli/Ind001_F_Bli_C_news_0028
BALI/Ind001_F_Bli/Ind001_F_Bli_C_news_0029
BALI/Ind001_F_Bli/Ind001_F_Bli_C_news_0030
BALI/Ind001_F_Bli/Ind001_F_Bli_C_news_0031
BALI/Ind001_F_Bli/Ind001_F_Bli_C_news_0032
BALI/Ind001_F_Bli/Ind001_F_Bli_C_news_0033
BALI/Ind001_F_Bli/Ind001_F_Bli_C_news_0034
BALI/Ind001_F_Bli/Ind001_F_Bli_C_news_0035
BALI/Ind001_F_Bli/Ind001_F_Bli_C_news_0036
BALI/Ind001_F_Bli/Ind001_F_Bli_C_news_0037
BALI/Ind001_F_Bli/Ind001_F_Bli_C_news_0038
BALI/Ind001_F_Bli/Ind001_F_Bli_C_news_0039
BALI/Ind001_F_Bli/Ind001_F_Bli_C_news_0040
BALI/Ind001_F_Bli/Ind001_F_Bli_C_news_0041
BALI/Ind001_F_Bli/Ind001_F_Bli_C_news_0042
BALI/Ind001_F_Bli/Ind001_F_Bli_C_news_0043
BALI/Ind001_F_Bli/Ind001_F_Bli_C_news_0044
BALI/Ind001_F_Bli/Ind001_F_Bli_C_news_0045
BALI/Ind001_F_Bli/Ind001_F_Bli_C_news_0046
BALI/Ind001_F_Bli/Ind001_F_Bli_C_news_0047
BALI/Ind001_F_Bli/Ind001_F_Bli_C_news_0048
BALI/Ind001_F_Bli/Ind001_F_Bli_C_news_0049
BALI/Ind001_F_Bli/Ind001_F_Bli_C_news_0050
BALI/Ind001_F_Bli/Ind001_F_Bli_C_news_0051
BALI/Ind001_F_Bli/Ind001_F_Bli_C_news_0052
BALI/Ind001_F_Bli/Ind001_F_Bli_C_news_0053
BALI/Ind001_F_Bli/Ind001_F_Bli_C_news_0054
BALI/Ind001_F_Bli/Ind001_F_Bli_C_news_0055
BALI/Ind001_F_Bli/Ind001_F_Bli_C_news_0056
BALI/Ind001_F_Bli/Ind001_F_Bli_C_news_0057
BALI/Ind001_F_Bli/Ind001_F_Bli_C_news_0058
BALI/Ind001_F_Bli/Ind001_F_Bli_C_news_0059
BALI/Ind001_F_Bli/Ind001_F_Bli_C_news_0060
BALI/Ind001_F_Bli/Ind001_F_Bli_C_news_0061
BALI/Ind001_F_Bli/Ind001_F_Bli_C_news_0062
BALI/Ind001_F_Bli/Ind001_F_Bli_C_news_0063
BALI/Ind001_F_Bli/Ind001_F_Bli_C_news_0064
BALI/Ind001_F_Bli/Ind001_F_Bli_C_news_0065
BALI/Ind001_F_Bli/Ind001_F_Bli_C_news_0066
BALI/Ind001_F_Bli/Ind001_F_Bli_C_news_0067
BALI/Ind001_F_Bli/Ind001_F_Bli_C_news_0068
BALI/Ind001_F_Bli/Ind001_F_Bli_C_news_0069
BALI/Ind001_F_Bli/Ind001_F_Bli_C_news_0070
BALI/Ind001_F_Bli/Ind001_F_Bli_C_news_0071
BALI/Ind001_F_Bli/Ind001_F_Bli_C_news_0072
BALI/Ind001_F_Bli/Ind001_F_Bli_C_news_0073
BALI/Ind001_F_Bli/Ind001_F_Bli_C_news_0074
BALI/Ind001_F_Bli/Ind001_F_Bli_C_news_0075
BALI/Ind001_F_Bli/Ind001_F_Bli_C_news_0076
BALI/Ind001_F_Bli/Ind001_F_Bli_C_news_0077
BALI/Ind001_F_Bli/Ind001_F_Bli_C_news_0078
BALI/Ind001_F_Bli/Ind001_F_Bli_C_news_0079
BALI/Ind001_F_Bli/Ind001_F_Bli_C_news_0080
BALI/Ind001_F_Bli/Ind001_F_Bli_C_news_0081
BALI/Ind001_F_Bli/Ind001_F_Bli_C_news_0082
BALI/Ind001_F_Bli/Ind001_F_Bli_C_news_0083
BALI/Ind001_F_Bli/Ind001_F_Bli_C_news_0084
BALI/Ind001_F_Bli/Ind001_F_Bli_C_news_0085
BALI/Ind001_F_Bli/Ind001_F_Bli_C_news_0086
BALI/Ind001_F_Bli/Ind001_F_Bli_C_news_0087
BALI/Ind001_F_Bli/Ind001_F_Bli_C_news_0088
BALI/Ind001_F_Bli/Ind001_F_Bli_C_news_0089
BALI/Ind001_F_Bli/Ind001_F_Bli_C_news_0090
BALI/Ind001_F_Bli/Ind001_F_Bli_C_news_0091
BALI/Ind001_F_Bli/Ind001_F_Bli_C_news_0092
BALI/Ind001_F_Bli/Ind001_F_Bli_C_news_0093
BALI/Ind001_F_Bli/Ind001_F_Bli_C_news_0094
BALI/Ind001_F_Bli/Ind001_F_Bli_C_news_0095
BALI/Ind001_F_Bli/Ind001_F_Bli_C_news_0096
BALI/Ind001_F_Bli/Ind001_F_Bli_C_news_0097
BALI/Ind001_F_Bli/Ind001_F_Bli_C_news_0098
BALI/Ind001_F_Bli/Ind001_F_Bli_C_news_0099
BALI/Ind001_F_Bli/Ind001_F_Bli_C_news_0100
BALI/Ind001_F_Bli/Ind001_F_Bli_C_news_0101
BALI/Ind001_F_Bli/Ind001_F_Bli_C_news_0102
BALI/Ind001_F_Bli/Ind001_F_Bli_C_news_0103
BALI/Ind001_F_Bli/Ind001_F_Bli_C_news_0104
BALI/Ind001_F_Bli/Ind001_F_Bli_C_news_0105
BALI/Ind001_F_Bli/Ind001_F_Bli_C_news_0106
BALI/Ind001_F_Bli/Ind001_F_Bli_C_news_0107
BALI/Ind001_F_Bli/Ind001_F_Bli_C_news_0108
BALI/Ind001_F_Bli/Ind001_F_Bli_C_news_0109
BALI/Ind001_F_Bli/Ind001_F_Bli_C_news_0110
BALI/Ind001_F_Bli/Ind001_F_Bli_C_news_0111
BALI/Ind001_F_Bli/Ind001_F_Bli_C_news_0112
BALI/Ind001_F_Bli/Ind001_F_Bli_C_news_0113
BALI/Ind001_F_Bli/Ind001_F_Bli_C_news_0114
BALI/Ind001_F_Bli/Ind001_F_Bli_C_news_0115
BALI/Ind001_F_Bli/Ind001_F_Bli_C_news_0116
BALI/Ind001_F_Bli/Ind001_F_Bli_C_news_0117
BALI/Ind001_F_Bli/Ind001_F_Bli_C_news_0118
BALI/Ind001_F_Bli/Ind001_F_Bli_C_news_0119
BALI/Ind001_F_Bli/Ind001_F_Bli_C_news_0120
BALI/Ind001_F_Bli/Ind001_F_Bli_C_news_0121
BALI/Ind001_F_Bli/Ind001_F_Bli_C_news_0122
BALI/Ind001_F_Bli/Ind001_F_Bli_C_news_0123
BALI/Ind001_F_Bli/Ind001_F_Bli_C_news_0124
BALI/Ind001_F_Bli/Ind001_F_Bli_C_news_0125
BALI/Ind001_F_Bli/Ind001_F_Bli_C_news_0126
BALI/Ind001_F_Bli/Ind001_F_Bli_C_news_0127
BALI/Ind001_F_Bli/Ind001_F_Bli_C_news_0128
BALI/Ind001_F_Bli/Ind001_F_Bli_C_news_0129
BALI/Ind001_F_Bli/Ind001_F_Bli_C_news_0130
BALI/Ind001_F_Bli/Ind001_F_Bli_C_news_0131
BALI/Ind001_F_Bli/Ind001_F_Bli_C_news_0132
BALI/Ind001_F_Bli/Ind001_F_Bli_C_news_0133
BALI/Ind001_F_Bli/Ind001_F_Bli_C_news_0134
BALI/Ind001_F_Bli/Ind001_F_Bli_C_news_0135
BALI/Ind001_F_Bli/Ind001_F_Bli_C_news_0136
BALI/Ind001_F_Bli/Ind001_F_Bli_C_news_0137
BALI/Ind001_F_Bli/Ind001_F_Bli_C_news_0138
BALI/Ind001_F_Bli/Ind001_F_Bli_C_news_0139
BALI/Ind001_F_Bli/Ind001_F_Bli_C_news_0140
BALI/Ind001_F_Bli/Ind001_F_Bli_C_news_0141
BALI/Ind001_F_Bli/Ind001_F_Bli_C_news_0142
BALI/Ind001_F_Bli/Ind001_F_Bli_C_news_0143
BALI/Ind001_F_Bli/Ind001_F_Bli_C_news_0144
BALI/Ind001_F_Bli/Ind001_F_Bli_C_news_0145
BALI/Ind001_F_Bli/Ind001_F_Bli_C_news_0146
BALI/Ind001_F_Bli/Ind001_F_Bli_C_news_0147
BALI/Ind001_F_Bli/Ind001_F_Bli_C_news_0148
BALI/Ind001_F_Bli/Ind001_F_Bli_C_news_0149
BALI/Ind001_F_Bli/Ind001_F_Bli_C_news_0150
BALI/Ind001_F_Bli/Ind001_F_Bli_C_news_0151
BALI/Ind001_F_Bli/Ind001_F_Bli_C_news_0152
BALI/Ind001_F_Bli/Ind001_F_Bli_C_news_0153
BALI/Ind001_F_Bli/Ind001_F_Bli_C_news_0154
BALI/Ind001_F_Bli/Ind001_F_Bli_C_news_0155
BALI/Ind001_F_Bli/Ind001_F_Bli_C_news_0156
BALI/Ind001_F_Bli/Ind001_F_Bli_C_news_0157
BALI/Ind001_F_Bli/Ind001_F_Bli_C_news_0158
BALI/Ind001_F_Bli/Ind001_F_Bli_C_news_0159
BALI/Ind001_F_Bli/Ind001_F_Bli_C_news_0160
BALI/Ind001_F_Bli/Ind001_F_Bli_C_news_0161
BALI/Ind001_F_Bli/Ind001_F_Bli_C_news_0162
BALI/Ind001_F_Bli/Ind001_F_Bli_C_news_0163
BALI/Ind001_F_Bli/Ind001_F_Bli_C_news_0164
BALI/Ind001_F_Bli/Ind001_F_Bli_C_news_0165
BALI/Ind001_F_Bli/Ind001_F_Bli_C_news_0166
BALI/Ind001_F_Bli/Ind001_F_Bli_C_news_0167
BALI/Ind001_F_Bli/Ind001_F_Bli_C_news_0168
BALI/Ind001_F_Bli/Ind001_F_Bli_C_news_0169
BALI/Ind001_F_Bli/Ind001_F_Bli_C_news_0170
BALI/Ind001_F_Bli/Ind001_F_Bli_C_news_0171
BALI/Ind001_F_Bli/Ind001_F_Bli_C_news_0172
BALI/Ind001_F_Bli/Ind001_F_Bli_C_news_0173
BALI/Ind001_F_Bli/Ind001_F_Bli_C_news_0174
BALI/Ind001_F_Bli/Ind001_F_Bli_C_news_0175
BALI/Ind001_F_Bli/Ind001_F_Bli_C_news_0176
BALI/Ind001_F_Bli/Ind001_F_Bli_C_news_0177
BALI/Ind001_F_Bli/Ind001_F_Bli_C_news_0178
BALI/Ind001_F_Bli/Ind001_F_Bli_C_news_0179
BALI/Ind001_F_Bli/Ind001_F_Bli_C_news_0180
BALI/Ind001_F_Bli/Ind001_F_Bli_C_news_0181
BALI/Ind001_F_Bli/Ind001_F_Bli_C_news_0182
BALI/Ind001_F_Bli/Ind001_F_Bli_C_news_0183
BALI/Ind001_F_Bli/Ind001_F_Bli_C_news_0184
BALI/Ind001_F_Bli/Ind001_F_Bli_C_news_0185
BALI/Ind001_F_Bli/Ind001_F_Bli_C_news_0186
BALI/Ind001_F_Bli/Ind001_F_Bli_C_news_0187
BALI/Ind001_F_Bli/Ind001_F_Bli_C_news_0188
BALI/Ind001_F_Bli/Ind001_F_Bli_C_news_0189
BALI/Ind001_F_Bli/Ind001_F_Bli_C_news_0190
BALI/Ind001_F_Bli/Ind001_F_Bli_C_news_0191
BALI/Ind001_F_Bli/Ind001_F_Bli_C_news_0192
BALI/Ind001_F_Bli/Ind001_F_Bli_C_news_0193
BALI/Ind001_F_Bli/Ind001_F_Bli_C_news_0194
BALI/Ind001_F_Bli/Ind001_F_Bli_C_news_0195
BALI/Ind001_F_Bli/Ind001_F_Bli_C_news_0196
BALI/Ind001_F_Bli/Ind001_F_Bli_C_news_0197
BALI/Ind001_F_Bli/Ind001_F_Bli_C_news_0198
BALI/Ind001_F_Bli/Ind001_F_Bli_C_news_0199
BALI/Ind001_F_Bli/Ind001_F_Bli_C_news_0200
BALI/Ind001_F_Bli/Ind001_F_Bli_C_news_0201
BALI/Ind001_F_Bli/Ind001_F_Bli_C_news_0202
BALI/Ind001_F_Bli/Ind001_F_Bli_C_news_0203
BALI/Ind001_F_Bli/Ind001_F_Bli_C_news_0204
BALI/Ind001_F_Bli/Ind001_F_Bli_C_news_0205
BALI/Ind001_F_Bli/Ind001_F_Bli_C_news_0206
BALI/Ind001_F_Bli/Ind001_F_Bli_C_news_0207
BALI/Ind001_F_Bli/Ind001_F_Bli_C_news_0208
BALI/Ind001_F_Bli/Ind001_F_Bli_C_news_0209
BALI/Ind001_F_Bli/Ind001_F_Bli_C_news_0210
BALI/Ind001_F_Bli/Ind001_F_Bli_C_news_0211
BALI/Ind001_F_Bli/Ind001_F_Bli_C_news_0212
BALI/Ind001_F_Bli/Ind001_F_Bli_C_news_0213
BALI/Ind001_F_Bli/Ind001_F_Bli_C_news_0214
BALI/Ind001_F_Bli/Ind001_F_Bli_C_news_0215
BALI/Ind001_F_Bli/Ind001_F_Bli_C_news_0216
BALI/Ind001_F_Bli/Ind001_F_Bli_C_news_0217
BALI/Ind001_F_Bli/Ind001_F_Bli_C_news_0218
BALI/Ind001_F_Bli/Ind001_F_Bli_C_news_0219
BALI/Ind001_F_Bli/Ind001_F_Bli_C_news_0220
BALI/Ind001_F_Bli/Ind001_F_Bli_C_news_0221
BALI/Ind001_F_Bli/Ind001_F_Bli_C_news_0222
BALI/Ind001_F_Bli/Ind001_F_Bli_C_news_0223
BALI/Ind001_F_Bli/Ind001_F_Bli_C_news_0224
BALI/Ind001_F_Bli/Ind001_F_Bli_C_news_0225
BALI/Ind002_M_Bli/Ind002_M_Bli_C_news_0001
BALI/Ind002_M_Bli/Ind002_M_Bli_C_news_0002
BALI/Ind002_M_Bli/Ind002_M_Bli_C_news_0003
BALI/Ind002_M_Bli/Ind002_M_Bli_C_news_0004
BALI/Ind002_M_Bli/Ind002_M_Bli_C_news_0005
BALI/Ind002_M_Bli/Ind002_M_Bli_C_news_0006
BALI/Ind002_M_Bli/Ind002_M_Bli_C_news_0007
BALI/Ind002_M_Bli/Ind002_M_Bli_C_news_0008
BALI/Ind002_M_Bli/Ind002_M_Bli_C_news_0009
BALI/Ind002_M_Bli/Ind002_M_Bli_C_news_0010
BALI/Ind002_M_Bli/Ind002_M_Bli_C_news_0011
BALI/Ind002_M_Bli/Ind002_M_Bli_C_news_0012
BALI/Ind002_M_Bli/Ind002_M_Bli_C_news_0013
BALI/Ind002_M_Bli/Ind002_M_Bli_C_news_0014
BALI/Ind002_M_Bli/Ind002_M_Bli_C_news_0015
BALI/Ind002_M_Bli/Ind002_M_Bli_C_news_0016
BALI/Ind002_M_Bli/Ind002_M_Bli_C_news_0017
BALI/Ind002_M_Bli/Ind002_M_Bli_C_news_0018
BALI/Ind002_M_Bli/Ind002_M_Bli_C_news_0019
BALI/Ind002_M_Bli/Ind002_M_Bli_C_news_0020
BALI/Ind002_M_Bli/Ind002_M_Bli_C_news_0021
BALI/Ind002_M_Bli/Ind002_M_Bli_C_news_0022
BALI/Ind002_M_Bli/Ind002_M_Bli_C_news_0023
BALI/Ind002_M_Bli/Ind002_M_Bli_C_news_0024
BALI/Ind002_M_Bli/Ind002_M_Bli_C_news_0025
BALI/Ind002_M_Bli/Ind002_M_Bli_C_news_0026
BALI/Ind002_M_Bli/Ind002_M_Bli_C_news_0027
BALI/Ind002_M_Bli/Ind002_M_Bli_C_news_0028
BALI/Ind002_M_Bli/Ind002_M_Bli_C_news_0029
BALI/Ind002_M_Bli/Ind002_M_Bli_C_news_0030
BALI/Ind002_M_Bli/Ind002_M_Bli_C_news_0031
BALI/Ind002_M_Bli/Ind002_M_Bli_C_news_0032
BALI/Ind002_M_Bli/Ind002_M_Bli_C_news_0033
BALI/Ind002_M_Bli/Ind002_M_Bli_C_news_0034
BALI/Ind002_M_Bli/Ind002_M_Bli_C_news_0035
BALI/Ind002_M_Bli/Ind002_M_Bli_C_news_0036
BALI/Ind002_M_Bli/Ind002_M_Bli_C_news_0037
BALI/Ind002_M_Bli/Ind002_M_Bli_C_news_0038
BALI/Ind002_M_Bli/Ind002_M_Bli_C_news_0039
BALI/Ind002_M_Bli/Ind002_M_Bli_C_news_0040
BALI/Ind002_M_Bli/Ind002_M_Bli_C_news_0041
BALI/Ind002_M_Bli/Ind002_M_Bli_C_news_0042
BALI/Ind002_M_Bli/Ind002_M_Bli_C_news_0043
BALI/Ind002_M_Bli/Ind002_M_Bli_C_news_0044
BALI/Ind002_M_Bli/Ind002_M_Bli_C_news_0045
BALI/Ind002_M_Bli/Ind002_M_Bli_C_news_0046
BALI/Ind002_M_Bli/Ind002_M_Bli_C_news_0047
BALI/Ind002_M_Bli/Ind002_M_Bli_C_news_0048
BALI/Ind002_M_Bli/Ind002_M_Bli_C_news_0049
BALI/Ind002_M_Bli/Ind002_M_Bli_C_news_0050
BALI/Ind002_M_Bli/Ind002_M_Bli_C_news_0051
BALI/Ind002_M_Bli/Ind002_M_Bli_C_news_0052
BALI/Ind002_M_Bli/Ind002_M_Bli_C_news_0053
BALI/Ind002_M_Bli/Ind002_M_Bli_C_news_0054
BALI/Ind002_M_Bli/Ind002_M_Bli_C_news_0055
BALI/Ind002_M_Bli/Ind002_M_Bli_C_news_0056
BALI/Ind002_M_Bli/Ind002_M_Bli_C_news_0057
BALI/Ind002_M_Bli/Ind002_M_Bli_C_news_0058
BALI/Ind002_M_Bli/Ind002_M_Bli_C_news_0059
BALI/Ind002_M_Bli/Ind002_M_Bli_C_news_0060
BALI/Ind002_M_Bli/Ind002_M_Bli_C_news_0061
BALI/Ind002_M_Bli/Ind002_M_Bli_C_news_0062
BALI/Ind002_M_Bli/Ind002_M_Bli_C_news_0063
BALI/Ind002_M_Bli/Ind002_M_Bli_C_news_0064
BALI/Ind002_M_Bli/Ind002_M_Bli_C_news_0065
BALI/Ind002_M_Bli/Ind002_M_Bli_C_news_0066
BALI/Ind002_M_Bli/Ind002_M_Bli_C_news_0067
BALI/Ind002_M_Bli/Ind002_M_Bli_C_news_0068
BALI/Ind002_M_Bli/Ind002_M_Bli_C_news_0069
BALI/Ind002_M_Bli/Ind002_M_Bli_C_news_0070
BALI/Ind002_M_Bli/Ind002_M_Bli_C_news_0071
BALI/Ind002_M_Bli/Ind002_M_Bli_C_news_0072
BALI/Ind002_M_Bli/Ind002_M_Bli_C_news_0073
BALI/Ind002_M_Bli/Ind002_M_Bli_C_news_0074
BALI/Ind002_M_Bli/Ind002_M_Bli_C_news_0075
BALI/Ind002_M_Bli/Ind002_M_Bli_C_news_0076
BALI/Ind002_M_Bli/Ind002_M_Bli_C_news_0077
BALI/Ind002_M_Bli/Ind002_M_Bli_C_news_0078
BALI/Ind002_M_Bli/Ind002_M_Bli_C_news_0079
BALI/Ind002_M_Bli/Ind002_M_Bli_C_news_0080
BALI/Ind002_M_Bli/Ind002_M_Bli_C_news_0081
BALI/Ind002_M_Bli/Ind002_M_Bli_C_news_0082
BALI/Ind002_M_Bli/Ind002_M_Bli_C_news_0083
BALI/Ind002_M_Bli/Ind002_M_Bli_C_news_0084
BALI/Ind002_M_Bli/Ind002_M_Bli_C_news_0085
BALI/Ind002_M_Bli/Ind002_M_Bli_C_news_0086
BALI/Ind002_M_Bli/Ind002_M_Bli_C_news_0087
BALI/Ind002_M_Bli/Ind002_M_Bli_C_news_0088
BALI/Ind002_M_Bli/Ind002_M_Bli_C_news_0089
BALI/Ind002_M_Bli/Ind002_M_Bli_C_news_0090
BALI/Ind002_M_Bli/Ind002_M_Bli_C_news_0091
BALI/Ind002_M_Bli/Ind002_M_Bli_C_news_0092
BALI/Ind002_M_Bli/Ind002_M_Bli_C_news_0093
BALI/Ind002_M_Bli/Ind002_M_Bli_C_news_0094
BALI/Ind002_M_Bli/Ind002_M_Bli_C_news_0095
BALI/Ind002_M_Bli/Ind002_M_Bli_C_news_0096
BALI/Ind002_M_Bli/Ind002_M_Bli_C_news_0097
BALI/Ind002_M_Bli/Ind002_M_Bli_C_news_0098
BALI/Ind002_M_Bli/Ind002_M_Bli_C_news_0099
BALI/Ind002_M_Bli/Ind002_M_Bli_C_news_0100
BALI/Ind002_M_Bli/Ind002_M_Bli_C_news_0101
BALI/Ind002_M_Bli/Ind002_M_Bli_C_news_0102
BALI/Ind002_M_Bli/Ind002_M_Bli_C_news_0103
BALI/Ind002_M_Bli/Ind002_M_Bli_C_news_0104
BALI/Ind002_M_Bli/Ind002_M_Bli_C_news_0105
BALI/Ind002_M_Bli/Ind002_M_Bli_C_news_0106
BALI/Ind002_M_Bli/Ind002_M_Bli_C_news_0107
BALI/Ind002_M_Bli/Ind002_M_Bli_C_news_0108
BALI/Ind002_M_Bli/Ind002_M_Bli_C_news_0109
BALI/Ind002_M_Bli/Ind002_M_Bli_C_news_0110
BALI/Ind002_M_Bli/Ind002_M_Bli_C_news_0111
BALI/Ind002_M_Bli/Ind002_M_Bli_C_news_0112
BALI/Ind002_M_Bli/Ind002_M_Bli_C_news_0113
BALI/Ind002_M_Bli/Ind002_M_Bli_C_news_0114
BALI/Ind002_M_Bli/Ind002_M_Bli_C_news_0115
BALI/Ind002_M_Bli/Ind002_M_Bli_C_news_0116
BALI/Ind002_M_Bli/Ind002_M_Bli_C_news_0117
BALI/Ind002_M_Bli/Ind002_M_Bli_C_news_0118
BALI/Ind002_M_Bli/Ind002_M_Bli_C_news_0119
BALI/Ind002_M_Bli/Ind002_M_Bli_C_news_0120
BALI/Ind002_M_Bli/Ind002_M_Bli_C_news_0121
BALI/Ind002_M_Bli/Ind002_M_Bli_C_news_0122
BALI/Ind002_M_Bli/Ind002_M_Bli_C_news_0123
BALI/Ind002_M_Bli/Ind002_M_Bli_C_news_0124
BALI/Ind002_M_Bli/Ind002_M_Bli_C_news_0125
BALI/Ind002_M_Bli/Ind002_M_Bli_C_news_0126
BALI/Ind002_M_Bli/Ind002_M_Bli_C_news_0127
BALI/Ind002_M_Bli/Ind002_M_Bli_C_news_0128
BALI/Ind002_M_Bli/Ind002_M_Bli_C_news_0129
BALI/Ind002_M_Bli/Ind002_M_Bli_C_news_0130
BALI/Ind002_M_Bli/Ind002_M_Bli_C_news_0131
BALI/Ind002_M_Bli/Ind002_M_Bli_C_news_0132
BALI/Ind002_M_Bli/Ind002_M_Bli_C_news_0133
BALI/Ind002_M_Bli/Ind002_M_Bli_C_news_0134
BALI/Ind002_M_Bli/Ind002_M_Bli_C_news_0135
BALI/Ind002_M_Bli/Ind002_M_Bli_C_news_0136
BALI/Ind002_M_Bli/Ind002_M_Bli_C_news_0137
BALI/Ind002_M_Bli/Ind002_M_Bli_C_news_0138
BALI/Ind002_M_Bli/Ind002_M_Bli_C_news_0139
BALI/Ind002_M_Bli/Ind002_M_Bli_C_news_0140
BALI/Ind002_M_Bli/Ind002_M_Bli_C_news_0141
BALI/Ind002_M_Bli/Ind002_M_Bli_C_news_0142
BALI/Ind002_M_Bli/Ind002_M_Bli_C_news_0143
BALI/Ind002_M_Bli/Ind002_M_Bli_C_news_0144
BALI/Ind002_M_Bli/Ind002_M_Bli_C_news_0145
BALI/Ind002_M_Bli/Ind002_M_Bli_C_news_0146
BALI/Ind002_M_Bli/Ind002_M_Bli_C_news_0147
BALI/Ind002_M_Bli/Ind002_M_Bli_C_news_0148
BALI/Ind002_M_Bli/Ind002_M_Bli_C_news_0149
BALI/Ind002_M_Bli/Ind002_M_Bli_C_news_0150
BALI/Ind002_M_Bli/Ind002_M_Bli_C_news_0151
BALI/Ind002_M_Bli/Ind002_M_Bli_C_news_0152
BALI/Ind002_M_Bli/Ind002_M_Bli_C_news_0153
BALI/Ind002_M_Bli/Ind002_M_Bli_C_news_0154
BALI/Ind002_M_Bli/Ind002_M_Bli_C_news_0155
BALI/Ind002_M_Bli/Ind002_M_Bli_C_news_0156
BALI/Ind002_M_Bli/Ind002_M_Bli_C_news_0157
BALI/Ind002_M_Bli/Ind002_M_Bli_C_news_0158
BALI/Ind002_M_Bli/Ind002_M_Bli_C_news_0159
BALI/Ind002_M_Bli/Ind002_M_Bli_C_news_0160
BALI/Ind002_M_Bli/Ind002_M_Bli_C_news_0161
BALI/Ind002_M_Bli/Ind002_M_Bli_C_news_0162
BALI/Ind002_M_Bli/Ind002_M_Bli_C_news_0163
BALI/Ind002_M_Bli/Ind002_M_Bli_C_news_0164
BALI/Ind002_M_Bli/Ind002_M_Bli_C_news_0165
BALI/Ind002_M_Bli/Ind002_M_Bli_C_news_0166
BALI/Ind002_M_Bli/Ind002_M_Bli_C_news_0167
BALI/Ind002_M_Bli/Ind002_M_Bli_C_news_0168
BALI/Ind002_M_Bli/Ind002_M_Bli_C_news_0169
BALI/Ind002_M_Bli/Ind002_M_Bli_C_news_0170
BALI/Ind002_M_Bli/Ind002_M_Bli_C_news_0171
BALI/Ind002_M_Bli/Ind002_M_Bli_C_news_0172
BALI/Ind002_M_Bli/Ind002_M_Bli_C_news_0173
BALI/Ind002_M_Bli/Ind002_M_Bli_C_news_0174
BALI/Ind002_M_Bli/Ind002_M_Bli_C_news_0175
BALI/Ind002_M_Bli/Ind002_M_Bli_C_news_0176
BALI/Ind002_M_Bli/Ind002_M_Bli_C_news_0177
BALI/Ind002_M_Bli/Ind002_M_Bli_C_news_0178
BALI/Ind002_M_Bli/Ind002_M_Bli_C_news_0179
BALI/Ind002_M_Bli/Ind002_M_Bli_C_news_0180
BALI/Ind002_M_Bli/Ind002_M_Bli_C_news_0181
BALI/Ind002_M_Bli/Ind002_M_Bli_C_news_0182
BALI/Ind002_M_Bli/Ind002_M_Bli_C_news_0183
BALI/Ind002_M_Bli/Ind002_M_Bli_C_news_0184
BALI/Ind002_M_Bli/Ind002_M_Bli_C_news_0185
BALI/Ind002_M_Bli/Ind002_M_Bli_C_news_0186
BALI/Ind002_M_Bli/Ind002_M_Bli_C_news_0187
BALI/Ind002_M_Bli/Ind002_M_Bli_C_news_0188
BALI/Ind002_M_Bli/Ind002_M_Bli_C_news_0189
BALI/Ind002_M_Bli/Ind002_M_Bli_C_news_0190
BALI/Ind002_M_Bli/Ind002_M_Bli_C_news_0191
BALI/Ind002_M_Bli/Ind002_M_Bli_C_news_0192
BALI/Ind002_M_Bli/Ind002_M_Bli_C_news_0193
BALI/Ind002_M_Bli/Ind002_M_Bli_C_news_0194
BALI/Ind002_M_Bli/Ind002_M_Bli_C_news_0195
BALI/Ind002_M_Bli/Ind002_M_Bli_C_news_0196
BALI/Ind002_M_Bli/Ind002_M_Bli_C_news_0197
BALI/Ind002_M_Bli/Ind002_M_Bli_C_news_0198
BALI/Ind002_M_Bli/Ind002_M_Bli_C_news_0199
BALI/Ind002_M_Bli/Ind002_M_Bli_C_news_0200
BALI/Ind002_M_Bli/Ind002_M_Bli_C_news_0201
BALI/Ind002_M_Bli/Ind002_M_Bli_C_news_0202
BALI/Ind002_M_Bli/Ind002_M_Bli_C_news_0203
BALI/Ind002_M_Bli/Ind002_M_Bli_C_news_0204
BALI/Ind002_M_Bli/Ind002_M_Bli_C_news_0205
BALI/Ind002_M_Bli/Ind002_M_Bli_C_news_0206
BALI/Ind002_M_Bli/Ind002_M_Bli_C_news_0207
BALI/Ind002_M_Bli/Ind002_M_Bli_C_news_0208
BALI/Ind002_M_Bli/Ind002_M_Bli_C_news_0209
BALI/Ind002_M_Bli/Ind002_M_Bli_C_news_0210
BALI/Ind002_M_Bli/Ind002_M_Bli_C_news_0211
BALI/Ind002_M_Bli/Ind002_M_Bli_C_news_0212
BALI/Ind002_M_Bli/Ind002_M_Bli_C_news_0213
BALI/Ind002_M_Bli/Ind002_M_Bli_C_news_0214
BALI/Ind002_M_Bli/Ind002_M_Bli_C_news_0215
BALI/Ind002_M_Bli/Ind002_M_Bli_C_news_0216
BALI/Ind002_M_Bli/Ind002_M_Bli_C_news_0217
BALI/Ind002_M_Bli/Ind002_M_Bli_C_news_0218
BALI/Ind002_M_Bli/Ind002_M_Bli_C_news_0219
BALI/Ind002_M_Bli/Ind002_M_Bli_C_news_0220
BALI/Ind002_M_Bli/Ind002_M_Bli_C_news_0221
BALI/Ind002_M_Bli/Ind002_M_Bli_C_news_0222
BALI/Ind002_M_Bli/Ind002_M_Bli_C_news_0223
BALI/Ind002_M_Bli/Ind002_M_Bli_C_news_0224
BALI/Ind002_M_Bli/Ind002_M_Bli_C_news_0225
BALI/Ind003_F_Bli/Ind003_F_Bli_C_news_0001
BALI/Ind003_F_Bli/Ind003_F_Bli_C_news_0002
BALI/Ind003_F_Bli/Ind003_F_Bli_C_news_0003
BALI/Ind003_F_Bli/Ind003_F_Bli_C_news_0004
BALI/Ind003_F_Bli/Ind003_F_Bli_C_news_0005
BALI/Ind003_F_Bli/Ind003_F_Bli_C_news_0006
BALI/Ind003_F_Bli/Ind003_F_Bli_C_news_0007
BALI/Ind003_F_Bli/Ind003_F_Bli_C_news_0008
BALI/Ind003_F_Bli/Ind003_F_Bli_C_news_0009
BALI/Ind003_F_Bli/Ind003_F_Bli_C_news_0010
BALI/Ind003_F_Bli/Ind003_F_Bli_C_news_0011
BALI/Ind003_F_Bli/Ind003_F_Bli_C_news_0012
BALI/Ind003_F_Bli/Ind003_F_Bli_C_news_0013
BALI/Ind003_F_Bli/Ind003_F_Bli_C_news_0014
BALI/Ind003_F_Bli/Ind003_F_Bli_C_news_0015
BALI/Ind003_F_Bli/Ind003_F_Bli_C_news_0016
BALI/Ind003_F_Bli/Ind003_F_Bli_C_news_0017
BALI/Ind003_F_Bli/Ind003_F_Bli_C_news_0018
BALI/Ind003_F_Bli/Ind003_F_Bli_C_news_0019
BALI/Ind003_F_Bli/Ind003_F_Bli_C_news_0020
BALI/Ind003_F_Bli/Ind003_F_Bli_C_news_0021
BALI/Ind003_F_Bli/Ind003_F_Bli_C_news_0022
BALI/Ind003_F_Bli/Ind003_F_Bli_C_news_0023
BALI/Ind003_F_Bli/Ind003_F_Bli_C_news_0024
BALI/Ind003_F_Bli/Ind003_F_Bli_C_news_0025
BALI/Ind003_F_Bli/Ind003_F_Bli_C_news_0026
BALI/Ind003_F_Bli/Ind003_F_Bli_C_news_0027
BALI/Ind003_F_Bli/Ind003_F_Bli_C_news_0028
BALI/Ind003_F_Bli/Ind003_F_Bli_C_news_0029
BALI/Ind003_F_Bli/Ind003_F_Bli_C_news_0030
BALI/Ind003_F_Bli/Ind003_F_Bli_C_news_0031
BALI/Ind003_F_Bli/Ind003_F_Bli_C_news_0032
BALI/Ind003_F_Bli/Ind003_F_Bli_C_news_0033
BALI/Ind003_F_Bli/Ind003_F_Bli_C_news_0034
BALI/Ind003_F_Bli/Ind003_F_Bli_C_news_0035
BALI/Ind003_F_Bli/Ind003_F_Bli_C_news_0036
BALI/Ind003_F_Bli/Ind003_F_Bli_C_news_0037
BALI/Ind003_F_Bli/Ind003_F_Bli_C_news_0038
BALI/Ind003_F_Bli/Ind003_F_Bli_C_news_0039
BALI/Ind003_F_Bli/Ind003_F_Bli_C_news_0040
BALI/Ind003_F_Bli/Ind003_F_Bli_C_news_0041
BALI/Ind003_F_Bli/Ind003_F_Bli_C_news_0042
BALI/Ind003_F_Bli/Ind003_F_Bli_C_news_0043
BALI/Ind003_F_Bli/Ind003_F_Bli_C_news_0044
BALI/Ind003_F_Bli/Ind003_F_Bli_C_news_0045
BALI/Ind003_F_Bli/Ind003_F_Bli_C_news_0046
BALI/Ind003_F_Bli/Ind003_F_Bli_C_news_0047
BALI/Ind003_F_Bli/Ind003_F_Bli_C_news_0048
BALI/Ind003_F_Bli/Ind003_F_Bli_C_news_0049
BALI/Ind003_F_Bli/Ind003_F_Bli_C_news_0050
BALI/Ind003_F_Bli/Ind003_F_Bli_C_news_0051
BALI/Ind003_F_Bli/Ind003_F_Bli_C_news_0052
BALI/Ind003_F_Bli/Ind003_F_Bli_C_news_0053
BALI/Ind003_F_Bli/Ind003_F_Bli_C_news_0054
BALI/Ind003_F_Bli/Ind003_F_Bli_C_news_0055
BALI/Ind003_F_Bli/Ind003_F_Bli_C_news_0056
BALI/Ind003_F_Bli/Ind003_F_Bli_C_news_0057
BALI/Ind003_F_Bli/Ind003_F_Bli_C_news_0058
BALI/Ind003_F_Bli/Ind003_F_Bli_C_news_0059
BALI/Ind003_F_Bli/Ind003_F_Bli_C_news_0060
BALI/Ind003_F_Bli/Ind003_F_Bli_C_news_0061
BALI/Ind003_F_Bli/Ind003_F_Bli_C_news_0062
BALI/Ind003_F_Bli/Ind003_F_Bli_C_news_0063
BALI/Ind003_F_Bli/Ind003_F_Bli_C_news_0064
BALI/Ind003_F_Bli/Ind003_F_Bli_C_news_0065
BALI/Ind003_F_Bli/Ind003_F_Bli_C_news_0066
BALI/Ind003_F_Bli/Ind003_F_Bli_C_news_0067
BALI/Ind003_F_Bli/Ind003_F_Bli_C_news_0068
BALI/Ind003_F_Bli/Ind003_F_Bli_C_news_0069
BALI/Ind003_F_Bli/Ind003_F_Bli_C_news_0070
BALI/Ind003_F_Bli/Ind003_F_Bli_C_news_0071
BALI/Ind003_F_Bli/Ind003_F_Bli_C_news_0072
BALI/Ind003_F_Bli/Ind003_F_Bli_C_news_0073
BALI/Ind003_F_Bli/Ind003_F_Bli_C_news_0074
BALI/Ind003_F_Bli/Ind003_F_Bli_C_news_0075
BALI/Ind003_F_Bli/Ind003_F_Bli_C_news_0076
BALI/Ind003_F_Bli/Ind003_F_Bli_C_news_0077
BALI/Ind003_F_Bli/Ind003_F_Bli_C_news_0078
BALI/Ind003_F_Bli/Ind003_F_Bli_C_news_0079
BALI/Ind003_F_Bli/Ind003_F_Bli_C_news_0080
BALI/Ind003_F_Bli/Ind003_F_Bli_C_news_0081
BALI/Ind003_F_Bli/Ind003_F_Bli_C_news_0082
BALI/Ind003_F_Bli/Ind003_F_Bli_C_news_0083
BALI/Ind003_F_Bli/Ind003_F_Bli_C_news_0084
BALI/Ind003_F_Bli/Ind003_F_Bli_C_news_0085
BALI/Ind003_F_Bli/Ind003_F_Bli_C_news_0086
BALI/Ind003_F_Bli/Ind003_F_Bli_C_news_0087
BALI/Ind003_F_Bli/Ind003_F_Bli_C_news_0088
BALI/Ind003_F_Bli/Ind003_F_Bli_C_news_0089
BALI/Ind003_F_Bli/Ind003_F_Bli_C_news_0090
BALI/Ind003_F_Bli/Ind003_F_Bli_C_news_0091
BALI/Ind003_F_Bli/Ind003_F_Bli_C_news_0092
BALI/Ind003_F_Bli/Ind003_F_Bli_C_news_0093
BALI/Ind003_F_Bli/Ind003_F_Bli_C_news_0094
BALI/Ind003_F_Bli/Ind003_F_Bli_C_news_0095
BALI/Ind003_F_Bli/Ind003_F_Bli_C_news_0096
BALI/Ind003_F_Bli/Ind003_F_Bli_C_news_0097
BALI/Ind003_F_Bli/Ind003_F_Bli_C_news_0098
BALI/Ind003_F_Bli/Ind003_F_Bli_C_news_0099
BALI/Ind003_F_Bli/Ind003_F_Bli_C_news_0100
BALI/Ind003_F_Bli/Ind003_F_Bli_C_news_0101
BALI/Ind003_F_Bli/Ind003_F_Bli_C_news_0102
BALI/Ind003_F_Bli/Ind003_F_Bli_C_news_0103
BALI/Ind003_F_Bli/Ind003_F_Bli_C_news_0104
BALI/Ind003_F_Bli/Ind003_F_Bli_C_news_0105
BALI/Ind003_F_Bli/Ind003_F_Bli_C_news_0106
BALI/Ind003_F_Bli/Ind003_F_Bli_C_news_0107
BALI/Ind003_F_Bli/Ind003_F_Bli_C_news_0108
BALI/Ind003_F_Bli/Ind003_F_Bli_C_news_0109
BALI/Ind003_F_Bli/Ind003_F_Bli_C_news_0110
BALI/Ind003_F_Bli/Ind003_F_Bli_C_news_0111
BALI/Ind003_F_Bli/Ind003_F_Bli_C_news_0112
BALI/Ind003_F_Bli/Ind003_F_Bli_C_news_0113
BALI/Ind003_F_Bli/Ind003_F_Bli_C_news_0114
BALI/Ind003_F_Bli/Ind003_F_Bli_C_news_0115
BALI/Ind003_F_Bli/Ind003_F_Bli_C_news_0116
BALI/Ind003_F_Bli/Ind003_F_Bli_C_news_0117
BALI/Ind003_F_Bli/Ind003_F_Bli_C_news_0118
BALI/Ind003_F_Bli/Ind003_F_Bli_C_news_0119
BALI/Ind003_F_Bli/Ind003_F_Bli_C_news_0120
BALI/Ind003_F_Bli/Ind003_F_Bli_C_news_0121
BALI/Ind003_F_Bli/Ind003_F_Bli_C_news_0122
BALI/Ind003_F_Bli/Ind003_F_Bli_C_news_0123
BALI/Ind003_F_Bli/Ind003_F_Bli_C_news_0124
BALI/Ind003_F_Bli/Ind003_F_Bli_C_news_0125
BALI/Ind003_F_Bli/Ind003_F_Bli_C_news_0126
BALI/Ind003_F_Bli/Ind003_F_Bli_C_news_0127
BALI/Ind003_F_Bli/Ind003_F_Bli_C_news_0128
BALI/Ind003_F_Bli/Ind003_F_Bli_C_news_0129
BALI/Ind003_F_Bli/Ind003_F_Bli_C_news_0130
BALI/Ind003_F_Bli/Ind003_F_Bli_C_news_0131
BALI/Ind003_F_Bli/Ind003_F_Bli_C_news_0132
BALI/Ind003_F_Bli/Ind003_F_Bli_C_news_0133
BALI/Ind003_F_Bli/Ind003_F_Bli_C_news_0134
BALI/Ind003_F_Bli/Ind003_F_Bli_C_news_0135
BALI/Ind003_F_Bli/Ind003_F_Bli_C_news_0136
BALI/Ind003_F_Bli/Ind003_F_Bli_C_news_0137
BALI/Ind003_F_Bli/Ind003_F_Bli_C_news_0138
BALI/Ind003_F_Bli/Ind003_F_Bli_C_news_0139
BALI/Ind003_F_Bli/Ind003_F_Bli_C_news_0140
BALI/Ind003_F_Bli/Ind003_F_Bli_C_news_0141
BALI/Ind003_F_Bli/Ind003_F_Bli_C_news_0142
BALI/Ind003_F_Bli/Ind003_F_Bli_C_news_0143
BALI/Ind003_F_Bli/Ind003_F_Bli_C_news_0144
BALI/Ind003_F_Bli/Ind003_F_Bli_C_news_0145
BALI/Ind003_F_Bli/Ind003_F_Bli_C_news_0146
BALI/Ind003_F_Bli/Ind003_F_Bli_C_news_0147
BALI/Ind003_F_Bli/Ind003_F_Bli_C_news_0148
BALI/Ind003_F_Bli/Ind003_F_Bli_C_news_0149
BALI/Ind003_F_Bli/Ind003_F_Bli_C_news_0150
BALI/Ind003_F_Bli/Ind003_F_Bli_C_news_0151
BALI/Ind003_F_Bli/Ind003_F_Bli_C_news_0152
BALI/Ind003_F_Bli/Ind003_F_Bli_C_news_0153
BALI/Ind003_F_Bli/Ind003_F_Bli_C_news_0154
BALI/Ind003_F_Bli/Ind003_F_Bli_C_news_0155
BALI/Ind003_F_Bli/Ind003_F_Bli_C_news_0156
BALI/Ind003_F_Bli/Ind003_F_Bli_C_news_0157
BALI/Ind003_F_Bli/Ind003_F_Bli_C_news_0158
BALI/Ind003_F_Bli/Ind003_F_Bli_C_news_0159
BALI/Ind003_F_Bli/Ind003_F_Bli_C_news_0160
BALI/Ind003_F_Bli/Ind003_F_Bli_C_news_0161
BALI/Ind003_F_Bli/Ind003_F_Bli_C_news_0162
BALI/Ind003_F_Bli/Ind003_F_Bli_C_news_0163
BALI/Ind003_F_Bli/Ind003_F_Bli_C_news_0164
BALI/Ind003_F_Bli/Ind003_F_Bli_C_news_0165
BALI/Ind003_F_Bli/Ind003_F_Bli_C_news_0166
BALI/Ind003_F_Bli/Ind003_F_Bli_C_news_0167
BALI/Ind003_F_Bli/Ind003_F_Bli_C_news_0168
BALI/Ind003_F_Bli/Ind003_F_Bli_C_news_0169
BALI/Ind003_F_Bli/Ind003_F_Bli_C_news_0170
BALI/Ind003_F_Bli/Ind003_F_Bli_C_news_0171
BALI/Ind003_F_Bli/Ind003_F_Bli_C_news_0172
BALI/Ind003_F_Bli/Ind003_F_Bli_C_news_0173
BALI/Ind003_F_Bli/Ind003_F_Bli_C_news_0174
BALI/Ind003_F_Bli/Ind003_F_Bli_C_news_0175
BALI/Ind003_F_Bli/Ind003_F_Bli_C_news_0176
BALI/Ind003_F_Bli/Ind003_F_Bli_C_news_0177
BALI/Ind003_F_Bli/Ind003_F_Bli_C_news_0178
BALI/Ind003_F_Bli/Ind003_F_Bli_C_news_0179
BALI/Ind003_F_Bli/Ind003_F_Bli_C_news_0180
BALI/Ind003_F_Bli/Ind003_F_Bli_C_news_0181
BALI/Ind003_F_Bli/Ind003_F_Bli_C_news_0182
BALI/Ind003_F_Bli/Ind003_F_Bli_C_news_0183
BALI/Ind003_F_Bli/Ind003_F_Bli_C_news_0184
BALI/Ind003_F_Bli/Ind003_F_Bli_C_news_0185
BALI/Ind003_F_Bli/Ind003_F_Bli_C_news_0186
BALI/Ind003_F_Bli/Ind003_F_Bli_C_news_0187
BALI/Ind003_F_Bli/Ind003_F_Bli_C_news_0188
BALI/Ind003_F_Bli/Ind003_F_Bli_C_news_0189
BALI/Ind003_F_Bli/Ind003_F_Bli_C_news_0190
BALI/Ind003_F_Bli/Ind003_F_Bli_C_news_0191
BALI/Ind003_F_Bli/Ind003_F_Bli_C_news_0192
BALI/Ind003_F_Bli/Ind003_F_Bli_C_news_0193
BALI/Ind003_F_Bli/Ind003_F_Bli_C_news_0194
BALI/Ind003_F_Bli/Ind003_F_Bli_C_news_0195
BALI/Ind003_F_Bli/Ind003_F_Bli_C_news_0196
BALI/Ind003_F_Bli/Ind003_F_Bli_C_news_0197
BALI/Ind003_F_Bli/Ind003_F_Bli_C_news_0198
BALI/Ind003_F_Bli/Ind003_F_Bli_C_news_0199
BALI/Ind003_F_Bli/Ind003_F_Bli_C_news_0200
BALI/Ind003_F_Bli/Ind003_F_Bli_C_news_0201
BALI/Ind003_F_Bli/Ind003_F_Bli_C_news_0202
BALI/Ind003_F_Bli/Ind003_F_Bli_C_news_0203
BALI/Ind003_F_Bli/Ind003_F_Bli_C_news_0204
BALI/Ind003_F_Bli/Ind003_F_Bli_C_news_0205
BALI/Ind003_F_Bli/Ind003_F_Bli_C_news_0206
BALI/Ind003_F_Bli/Ind003_F_Bli_C_news_0207
BALI/Ind003_F_Bli/Ind003_F_Bli_C_news_0208
BALI/Ind003_F_Bli/Ind003_F_Bli_C_news_0209
BALI/Ind003_F_Bli/Ind003_F_Bli_C_news_0210
BALI/Ind003_F_Bli/Ind003_F_Bli_C_news_0211
BALI/Ind003_F_Bli/Ind003_F_Bli_C_news_0212
BALI/Ind003_F_Bli/Ind003_F_Bli_C_news_0213
BALI/Ind003_F_Bli/Ind003_F_Bli_C_news_0214
BALI/Ind003_F_Bli/Ind003_F_Bli_C_news_0215
BALI/Ind003_F_Bli/Ind003_F_Bli_C_news_0216
BALI/Ind003_F_Bli/Ind003_F_Bli_C_news_0217
BALI/Ind003_F_Bli/Ind003_F_Bli_C_news_0218
BALI/Ind003_F_Bli/Ind003_F_Bli_C_news_0219
BALI/Ind003_F_Bli/Ind003_F_Bli_C_news_0220
BALI/Ind003_F_Bli/Ind003_F_Bli_C_news_0221
BALI/Ind003_F_Bli/Ind003_F_Bli_C_news_0222
BALI/Ind003_F_Bli/Ind003_F_Bli_C_news_0223
BALI/Ind003_F_Bli/Ind003_F_Bli_C_news_0224
BALI/Ind003_F_Bli/Ind003_F_Bli_C_news_0225
BALI/Ind004_M_Bli/Ind004_M_Bli_C_news_0001
BALI/Ind004_M_Bli/Ind004_M_Bli_C_news_0002
BALI/Ind004_M_Bli/Ind004_M_Bli_C_news_0003
BALI/Ind004_M_Bli/Ind004_M_Bli_C_news_0004
BALI/Ind004_M_Bli/Ind004_M_Bli_C_news_0005
BALI/Ind004_M_Bli/Ind004_M_Bli_C_news_0006
BALI/Ind004_M_Bli/Ind004_M_Bli_C_news_0007
BALI/Ind004_M_Bli/Ind004_M_Bli_C_news_0008
BALI/Ind004_M_Bli/Ind004_M_Bli_C_news_0009
BALI/Ind004_M_Bli/Ind004_M_Bli_C_news_0010
BALI/Ind004_M_Bli/Ind004_M_Bli_C_news_0011
BALI/Ind004_M_Bli/Ind004_M_Bli_C_news_0012
BALI/Ind004_M_Bli/Ind004_M_Bli_C_news_0013
BALI/Ind004_M_Bli/Ind004_M_Bli_C_news_0014
BALI/Ind004_M_Bli/Ind004_M_Bli_C_news_0015
BALI/Ind004_M_Bli/Ind004_M_Bli_C_news_0016
BALI/Ind004_M_Bli/Ind004_M_Bli_C_news_0017
BALI/Ind004_M_Bli/Ind004_M_Bli_C_news_0018
BALI/Ind004_M_Bli/Ind004_M_Bli_C_news_0019
BALI/Ind004_M_Bli/Ind004_M_Bli_C_news_0020
BALI/Ind004_M_Bli/Ind004_M_Bli_C_news_0021
BALI/Ind004_M_Bli/Ind004_M_Bli_C_news_0022
BALI/Ind004_M_Bli/Ind004_M_Bli_C_news_0023
BALI/Ind004_M_Bli/Ind004_M_Bli_C_news_0024
BALI/Ind004_M_Bli/Ind004_M_Bli_C_news_0025
BALI/Ind004_M_Bli/Ind004_M_Bli_C_news_0026
BALI/Ind004_M_Bli/Ind004_M_Bli_C_news_0027
BALI/Ind004_M_Bli/Ind004_M_Bli_C_news_0028
BALI/Ind004_M_Bli/Ind004_M_Bli_C_news_0029
BALI/Ind004_M_Bli/Ind004_M_Bli_C_news_0030
BALI/Ind004_M_Bli/Ind004_M_Bli_C_news_0031
BALI/Ind004_M_Bli/Ind004_M_Bli_C_news_0032
BALI/Ind004_M_Bli/Ind004_M_Bli_C_news_0033
BALI/Ind004_M_Bli/Ind004_M_Bli_C_news_0034
BALI/Ind004_M_Bli/Ind004_M_Bli_C_news_0035
BALI/Ind004_M_Bli/Ind004_M_Bli_C_news_0036
BALI/Ind004_M_Bli/Ind004_M_Bli_C_news_0037
BALI/Ind004_M_Bli/Ind004_M_Bli_C_news_0038
BALI/Ind004_M_Bli/Ind004_M_Bli_C_news_0039
BALI/Ind004_M_Bli/Ind004_M_Bli_C_news_0040
BALI/Ind004_M_Bli/Ind004_M_Bli_C_news_0041
BALI/Ind004_M_Bli/Ind004_M_Bli_C_news_0042
BALI/Ind004_M_Bli/Ind004_M_Bli_C_news_0043
BALI/Ind004_M_Bli/Ind004_M_Bli_C_news_0044
BALI/Ind004_M_Bli/Ind004_M_Bli_C_news_0045
BALI/Ind004_M_Bli/Ind004_M_Bli_C_news_0046
BALI/Ind004_M_Bli/Ind004_M_Bli_C_news_0047
BALI/Ind004_M_Bli/Ind004_M_Bli_C_news_0048
BALI/Ind004_M_Bli/Ind004_M_Bli_C_news_0049
BALI/Ind004_M_Bli/Ind004_M_Bli_C_news_0050
BALI/Ind004_M_Bli/Ind004_M_Bli_C_news_0051
BALI/Ind004_M_Bli/Ind004_M_Bli_C_news_0052
BALI/Ind004_M_Bli/Ind004_M_Bli_C_news_0053
BALI/Ind004_M_Bli/Ind004_M_Bli_C_news_0054
BALI/Ind004_M_Bli/Ind004_M_Bli_C_news_0055
BALI/Ind004_M_Bli/Ind004_M_Bli_C_news_0056
BALI/Ind004_M_Bli/Ind004_M_Bli_C_news_0057
BALI/Ind004_M_Bli/Ind004_M_Bli_C_news_0058
BALI/Ind004_M_Bli/Ind004_M_Bli_C_news_0059
BALI/Ind004_M_Bli/Ind004_M_Bli_C_news_0060
BALI/Ind004_M_Bli/Ind004_M_Bli_C_news_0061
BALI/Ind004_M_Bli/Ind004_M_Bli_C_news_0062
BALI/Ind004_M_Bli/Ind004_M_Bli_C_news_0063
BALI/Ind004_M_Bli/Ind004_M_Bli_C_news_0064
BALI/Ind004_M_Bli/Ind004_M_Bli_C_news_0065
BALI/Ind004_M_Bli/Ind004_M_Bli_C_news_0066
BALI/Ind004_M_Bli/Ind004_M_Bli_C_news_0067
BALI/Ind004_M_Bli/Ind004_M_Bli_C_news_0068
BALI/Ind004_M_Bli/Ind004_M_Bli_C_news_0069
BALI/Ind004_M_Bli/Ind004_M_Bli_C_news_0070
BALI/Ind004_M_Bli/Ind004_M_Bli_C_news_0071
BALI/Ind004_M_Bli/Ind004_M_Bli_C_news_0072
BALI/Ind004_M_Bli/Ind004_M_Bli_C_news_0073
BALI/Ind004_M_Bli/Ind004_M_Bli_C_news_0074
BALI/Ind004_M_Bli/Ind004_M_Bli_C_news_0075
BALI/Ind004_M_Bli/Ind004_M_Bli_C_news_0076
BALI/Ind004_M_Bli/Ind004_M_Bli_C_news_0077
BALI/Ind004_M_Bli/Ind004_M_Bli_C_news_0078
BALI/Ind004_M_Bli/Ind004_M_Bli_C_news_0079
BALI/Ind004_M_Bli/Ind004_M_Bli_C_news_0080
BALI/Ind004_M_Bli/Ind004_M_Bli_C_news_0081
BALI/Ind004_M_Bli/Ind004_M_Bli_C_news_0082
BALI/Ind004_M_Bli/Ind004_M_Bli_C_news_0083
BALI/Ind004_M_Bli/Ind004_M_Bli_C_news_0084
BALI/Ind004_M_Bli/Ind004_M_Bli_C_news_0085
BALI/Ind004_M_Bli/Ind004_M_Bli_C_news_0086
BALI/Ind004_M_Bli/Ind004_M_Bli_C_news_0087
BALI/Ind004_M_Bli/Ind004_M_Bli_C_news_0088
BALI/Ind004_M_Bli/Ind004_M_Bli_C_news_0089
BALI/Ind004_M_Bli/Ind004_M_Bli_C_news_0090
BALI/Ind004_M_Bli/Ind004_M_Bli_C_news_0091
BALI/Ind004_M_Bli/Ind004_M_Bli_C_news_0092
BALI/Ind004_M_Bli/Ind004_M_Bli_C_news_0093
BALI/Ind004_M_Bli/Ind004_M_Bli_C_news_0094
BALI/Ind004_M_Bli/Ind004_M_Bli_C_news_0095
BALI/Ind004_M_Bli/Ind004_M_Bli_C_news_0096
BALI/Ind004_M_Bli/Ind004_M_Bli_C_news_0097
BALI/Ind004_M_Bli/Ind004_M_Bli_C_news_0098
BALI/Ind004_M_Bli/Ind004_M_Bli_C_news_0099
BALI/Ind004_M_Bli/Ind004_M_Bli_C_news_0100
BALI/Ind004_M_Bli/Ind004_M_Bli_C_news_0101
BALI/Ind004_M_Bli/Ind004_M_Bli_C_news_0102
BALI/Ind004_M_Bli/Ind004_M_Bli_C_news_0103
BALI/Ind004_M_Bli/Ind004_M_Bli_C_news_0104
BALI/Ind004_M_Bli/Ind004_M_Bli_C_news_0105
BALI/Ind004_M_Bli/Ind004_M_Bli_C_news_0106
BALI/Ind004_M_Bli/Ind004_M_Bli_C_news_0107
BALI/Ind004_M_Bli/Ind004_M_Bli_C_news_0108
BALI/Ind004_M_Bli/Ind004_M_Bli_C_news_0109
BALI/Ind004_M_Bli/Ind004_M_Bli_C_news_0110
BALI/Ind004_M_Bli/Ind004_M_Bli_C_news_0111
BALI/Ind004_M_Bli/Ind004_M_Bli_C_news_0112
BALI/Ind004_M_Bli/Ind004_M_Bli_C_news_0113
BALI/Ind004_M_Bli/Ind004_M_Bli_C_news_0114
BALI/Ind004_M_Bli/Ind004_M_Bli_C_news_0115
BALI/Ind004_M_Bli/Ind004_M_Bli_C_news_0116
BALI/Ind004_M_Bli/Ind004_M_Bli_C_news_0117
BALI/Ind004_M_Bli/Ind004_M_Bli_C_news_0118
BALI/Ind004_M_Bli/Ind004_M_Bli_C_news_0119
BALI/Ind004_M_Bli/Ind004_M_Bli_C_news_0120
BALI/Ind004_M_Bli/Ind004_M_Bli_C_news_0121
BALI/Ind004_M_Bli/Ind004_M_Bli_C_news_0122
BALI/Ind004_M_Bli/Ind004_M_Bli_C_news_0123
BALI/Ind004_M_Bli/Ind004_M_Bli_C_news_0124
BALI/Ind004_M_Bli/Ind004_M_Bli_C_news_0125
BALI/Ind004_M_Bli/Ind004_M_Bli_C_news_0126
BALI/Ind004_M_Bli/Ind004_M_Bli_C_news_0127
BALI/Ind004_M_Bli/Ind004_M_Bli_C_news_0128
BALI/Ind004_M_Bli/Ind004_M_Bli_C_news_0129
BALI/Ind004_M_Bli/Ind004_M_Bli_C_news_0130
BALI/Ind004_M_Bli/Ind004_M_Bli_C_news_0131
BALI/Ind004_M_Bli/Ind004_M_Bli_C_news_0132
BALI/Ind004_M_Bli/Ind004_M_Bli_C_news_0133
BALI/Ind004_M_Bli/Ind004_M_Bli_C_news_0134
BALI/Ind004_M_Bli/Ind004_M_Bli_C_news_0135
BALI/Ind004_M_Bli/Ind004_M_Bli_C_news_0136
BALI/Ind004_M_Bli/Ind004_M_Bli_C_news_0137
BALI/Ind004_M_Bli/Ind004_M_Bli_C_news_0138
BALI/Ind004_M_Bli/Ind004_M_Bli_C_news_0139
BALI/Ind004_M_Bli/Ind004_M_Bli_C_news_0140
BALI/Ind004_M_Bli/Ind004_M_Bli_C_news_0141
BALI/Ind004_M_Bli/Ind004_M_Bli_C_news_0142
BALI/Ind004_M_Bli/Ind004_M_Bli_C_news_0143
BALI/Ind004_M_Bli/Ind004_M_Bli_C_news_0144
BALI/Ind004_M_Bli/Ind004_M_Bli_C_news_0145
BALI/Ind004_M_Bli/Ind004_M_Bli_C_news_0146
BALI/Ind004_M_Bli/Ind004_M_Bli_C_news_0147
BALI/Ind004_M_Bli/Ind004_M_Bli_C_news_0148
BALI/Ind004_M_Bli/Ind004_M_Bli_C_news_0149
BALI/Ind004_M_Bli/Ind004_M_Bli_C_news_0150
BALI/Ind004_M_Bli/Ind004_M_Bli_C_news_0151
BALI/Ind004_M_Bli/Ind004_M_Bli_C_news_0152
BALI/Ind004_M_Bli/Ind004_M_Bli_C_news_0153
BALI/Ind004_M_Bli/Ind004_M_Bli_C_news_0154
BALI/Ind004_M_Bli/Ind004_M_Bli_C_news_0155
BALI/Ind004_M_Bli/Ind004_M_Bli_C_news_0156
BALI/Ind004_M_Bli/Ind004_M_Bli_C_news_0157
BALI/Ind004_M_Bli/Ind004_M_Bli_C_news_0158
BALI/Ind004_M_Bli/Ind004_M_Bli_C_news_0159
BALI/Ind004_M_Bli/Ind004_M_Bli_C_news_0160
BALI/Ind004_M_Bli/Ind004_M_Bli_C_news_0161
BALI/Ind004_M_Bli/Ind004_M_Bli_C_news_0162
BALI/Ind004_M_Bli/Ind004_M_Bli_C_news_0163
BALI/Ind004_M_Bli/Ind004_M_Bli_C_news_0164
BALI/Ind004_M_Bli/Ind004_M_Bli_C_news_0165
BALI/Ind004_M_Bli/Ind004_M_Bli_C_news_0166
BALI/Ind004_M_Bli/Ind004_M_Bli_C_news_0167
BALI/Ind004_M_Bli/Ind004_M_Bli_C_news_0168
BALI/Ind004_M_Bli/Ind004_M_Bli_C_news_0169
BALI/Ind004_M_Bli/Ind004_M_Bli_C_news_0170
BALI/Ind004_M_Bli/Ind004_M_Bli_C_news_0171
BALI/Ind004_M_Bli/Ind004_M_Bli_C_news_0172
BALI/Ind004_M_Bli/Ind004_M_Bli_C_news_0173
BALI/Ind004_M_Bli/Ind004_M_Bli_C_news_0174
BALI/Ind004_M_Bli/Ind004_M_Bli_C_news_0175
BALI/Ind004_M_Bli/Ind004_M_Bli_C_news_0176
BALI/Ind004_M_Bli/Ind004_M_Bli_C_news_0177
BALI/Ind004_M_Bli/Ind004_M_Bli_C_news_0178
BALI/Ind004_M_Bli/Ind004_M_Bli_C_news_0179
BALI/Ind004_M_Bli/Ind004_M_Bli_C_news_0180
BALI/Ind004_M_Bli/Ind004_M_Bli_C_news_0181
BALI/Ind004_M_Bli/Ind004_M_Bli_C_news_0182
BALI/Ind004_M_Bli/Ind004_M_Bli_C_news_0183
BALI/Ind004_M_Bli/Ind004_M_Bli_C_news_0184
BALI/Ind004_M_Bli/Ind004_M_Bli_C_news_0185
BALI/Ind004_M_Bli/Ind004_M_Bli_C_news_0186
BALI/Ind004_M_Bli/Ind004_M_Bli_C_news_0187
BALI/Ind004_M_Bli/Ind004_M_Bli_C_news_0188
BALI/Ind004_M_Bli/Ind004_M_Bli_C_news_0189
BALI/Ind004_M_Bli/Ind004_M_Bli_C_news_0190
BALI/Ind004_M_Bli/Ind004_M_Bli_C_news_0191
BALI/Ind004_M_Bli/Ind004_M_Bli_C_news_0192
BALI/Ind004_M_Bli/Ind004_M_Bli_C_news_0193
BALI/Ind004_M_Bli/Ind004_M_Bli_C_news_0194
BALI/Ind004_M_Bli/Ind004_M_Bli_C_news_0195
BALI/Ind004_M_Bli/Ind004_M_Bli_C_news_0196
BALI/Ind004_M_Bli/Ind004_M_Bli_C_news_0197
BALI/Ind004_M_Bli/Ind004_M_Bli_C_news_0198
BALI/Ind004_M_Bli/Ind004_M_Bli_C_news_0199
BALI/Ind004_M_Bli/Ind004_M_Bli_C_news_0200
BALI/Ind004_M_Bli/Ind004_M_Bli_C_news_0201
BALI/Ind004_M_Bli/Ind004_M_Bli_C_news_0202
BALI/Ind004_M_Bli/Ind004_M_Bli_C_news_0203
BALI/Ind004_M_Bli/Ind004_M_Bli_C_news_0204
BALI/Ind004_M_Bli/Ind004_M_Bli_C_news_0205
BALI/Ind004_M_Bli/Ind004_M_Bli_C_news_0206
BALI/Ind004_M_Bli/Ind004_M_Bli_C_news_0207
BALI/Ind004_M_Bli/Ind004_M_Bli_C_news_0208
BALI/Ind004_M_Bli/Ind004_M_Bli_C_news_0209
BALI/Ind004_M_Bli/Ind004_M_Bli_C_news_0210
BALI/Ind004_M_Bli/Ind004_M_Bli_C_news_0211
BALI/Ind004_M_Bli/Ind004_M_Bli_C_news_0212
BALI/Ind004_M_Bli/Ind004_M_Bli_C_news_0213
BALI/Ind004_M_Bli/Ind004_M_Bli_C_news_0214
BALI/Ind004_M_Bli/Ind004_M_Bli_C_news_0215
BALI/Ind004_M_Bli/Ind004_M_Bli_C_news_0216
BALI/Ind004_M_Bli/Ind004_M_Bli_C_news_0217
BALI/Ind004_M_Bli/Ind004_M_Bli_C_news_0218
BALI/Ind004_M_Bli/Ind004_M_Bli_C_news_0219
BALI/Ind004_M_Bli/Ind004_M_Bli_C_news_0220
BALI/Ind004_M_Bli/Ind004_M_Bli_C_news_0221
BALI/Ind004_M_Bli/Ind004_M_Bli_C_news_0222
BALI/Ind004_M_Bli/Ind004_M_Bli_C_news_0223
BALI/Ind004_M_Bli/Ind004_M_Bli_C_news_0224
BALI/Ind004_M_Bli/Ind004_M_Bli_C_news_0225
BALI/Ind005_F_Bli/Ind005_F_Bli_C_news_0001
BALI/Ind005_F_Bli/Ind005_F_Bli_C_news_0002
BALI/Ind005_F_Bli/Ind005_F_Bli_C_news_0003
BALI/Ind005_F_Bli/Ind005_F_Bli_C_news_0004
BALI/Ind005_F_Bli/Ind005_F_Bli_C_news_0005
BALI/Ind005_F_Bli/Ind005_F_Bli_C_news_0006
BALI/Ind005_F_Bli/Ind005_F_Bli_C_news_0007
BALI/Ind005_F_Bli/Ind005_F_Bli_C_news_0008
BALI/Ind005_F_Bli/Ind005_F_Bli_C_news_0009
BALI/Ind005_F_Bli/Ind005_F_Bli_C_news_0010
BALI/Ind005_F_Bli/Ind005_F_Bli_C_news_0011
BALI/Ind005_F_Bli/Ind005_F_Bli_C_news_0012
BALI/Ind005_F_Bli/Ind005_F_Bli_C_news_0013
BALI/Ind005_F_Bli/Ind005_F_Bli_C_news_0014
BALI/Ind005_F_Bli/Ind005_F_Bli_C_news_0015
BALI/Ind005_F_Bli/Ind005_F_Bli_C_news_0016
BALI/Ind005_F_Bli/Ind005_F_Bli_C_news_0017
BALI/Ind005_F_Bli/Ind005_F_Bli_C_news_0018
BALI/Ind005_F_Bli/Ind005_F_Bli_C_news_0019
BALI/Ind005_F_Bli/Ind005_F_Bli_C_news_0020
BALI/Ind005_F_Bli/Ind005_F_Bli_C_news_0021
BALI/Ind005_F_Bli/Ind005_F_Bli_C_news_0022
BALI/Ind005_F_Bli/Ind005_F_Bli_C_news_0023
BALI/Ind005_F_Bli/Ind005_F_Bli_C_news_0024
BALI/Ind005_F_Bli/Ind005_F_Bli_C_news_0025
BALI/Ind005_F_Bli/Ind005_F_Bli_C_news_0026
BALI/Ind005_F_Bli/Ind005_F_Bli_C_news_0027
BALI/Ind005_F_Bli/Ind005_F_Bli_C_news_0028
BALI/Ind005_F_Bli/Ind005_F_Bli_C_news_0029
BALI/Ind005_F_Bli/Ind005_F_Bli_C_news_0030
BALI/Ind005_F_Bli/Ind005_F_Bli_C_news_0031
BALI/Ind005_F_Bli/Ind005_F_Bli_C_news_0032
BALI/Ind005_F_Bli/Ind005_F_Bli_C_news_0033
BALI/Ind005_F_Bli/Ind005_F_Bli_C_news_0034
BALI/Ind005_F_Bli/Ind005_F_Bli_C_news_0035
BALI/Ind005_F_Bli/Ind005_F_Bli_C_news_0036
BALI/Ind005_F_Bli/Ind005_F_Bli_C_news_0037
BALI/Ind005_F_Bli/Ind005_F_Bli_C_news_0038
BALI/Ind005_F_Bli/Ind005_F_Bli_C_news_0039
BALI/Ind005_F_Bli/Ind005_F_Bli_C_news_0040
BALI/Ind005_F_Bli/Ind005_F_Bli_C_news_0041
BALI/Ind005_F_Bli/Ind005_F_Bli_C_news_0042
BALI/Ind005_F_Bli/Ind005_F_Bli_C_news_0043
BALI/Ind005_F_Bli/Ind005_F_Bli_C_news_0044
BALI/Ind005_F_Bli/Ind005_F_Bli_C_news_0045
BALI/Ind005_F_Bli/Ind005_F_Bli_C_news_0046
BALI/Ind005_F_Bli/Ind005_F_Bli_C_news_0047
BALI/Ind005_F_Bli/Ind005_F_Bli_C_news_0048
BALI/Ind005_F_Bli/Ind005_F_Bli_C_news_0049
BALI/Ind005_F_Bli/Ind005_F_Bli_C_news_0050
BALI/Ind005_F_Bli/Ind005_F_Bli_C_news_0051
BALI/Ind005_F_Bli/Ind005_F_Bli_C_news_0052
BALI/Ind005_F_Bli/Ind005_F_Bli_C_news_0053
BALI/Ind005_F_Bli/Ind005_F_Bli_C_news_0054
BALI/Ind005_F_Bli/Ind005_F_Bli_C_news_0055
BALI/Ind005_F_Bli/Ind005_F_Bli_C_news_0056
BALI/Ind005_F_Bli/Ind005_F_Bli_C_news_0057
BALI/Ind005_F_Bli/Ind005_F_Bli_C_news_0058
BALI/Ind005_F_Bli/Ind005_F_Bli_C_news_0059
BALI/Ind005_F_Bli/Ind005_F_Bli_C_news_0060
BALI/Ind005_F_Bli/Ind005_F_Bli_C_news_0061
BALI/Ind005_F_Bli/Ind005_F_Bli_C_news_0062
BALI/Ind005_F_Bli/Ind005_F_Bli_C_news_0063
BALI/Ind005_F_Bli/Ind005_F_Bli_C_news_0064
BALI/Ind005_F_Bli/Ind005_F_Bli_C_news_0065
BALI/Ind005_F_Bli/Ind005_F_Bli_C_news_0066
BALI/Ind005_F_Bli/Ind005_F_Bli_C_news_0067
BALI/Ind005_F_Bli/Ind005_F_Bli_C_news_0068
BALI/Ind005_F_Bli/Ind005_F_Bli_C_news_0069
BALI/Ind005_F_Bli/Ind005_F_Bli_C_news_0070
BALI/Ind005_F_Bli/Ind005_F_Bli_C_news_0071
BALI/Ind005_F_Bli/Ind005_F_Bli_C_news_0072
BALI/Ind005_F_Bli/Ind005_F_Bli_C_news_0073
BALI/Ind005_F_Bli/Ind005_F_Bli_C_news_0074
BALI/Ind005_F_Bli/Ind005_F_Bli_C_news_0075
BALI/Ind005_F_Bli/Ind005_F_Bli_C_news_0076
BALI/Ind005_F_Bli/Ind005_F_Bli_C_news_0077
BALI/Ind005_F_Bli/Ind005_F_Bli_C_news_0078
BALI/Ind005_F_Bli/Ind005_F_Bli_C_news_0079
BALI/Ind005_F_Bli/Ind005_F_Bli_C_news_0080
BALI/Ind005_F_Bli/Ind005_F_Bli_C_news_0081
BALI/Ind005_F_Bli/Ind005_F_Bli_C_news_0082
BALI/Ind005_F_Bli/Ind005_F_Bli_C_news_0083
BALI/Ind005_F_Bli/Ind005_F_Bli_C_news_0084
BALI/Ind005_F_Bli/Ind005_F_Bli_C_news_0085
BALI/Ind005_F_Bli/Ind005_F_Bli_C_news_0086
BALI/Ind005_F_Bli/Ind005_F_Bli_C_news_0087
BALI/Ind005_F_Bli/Ind005_F_Bli_C_news_0088
BALI/Ind005_F_Bli/Ind005_F_Bli_C_news_0089
BALI/Ind005_F_Bli/Ind005_F_Bli_C_news_0090
BALI/Ind005_F_Bli/Ind005_F_Bli_C_news_0091
BALI/Ind005_F_Bli/Ind005_F_Bli_C_news_0092
BALI/Ind005_F_Bli/Ind005_F_Bli_C_news_0093
BALI/Ind005_F_Bli/Ind005_F_Bli_C_news_0094
BALI/Ind005_F_Bli/Ind005_F_Bli_C_news_0095
BALI/Ind005_F_Bli/Ind005_F_Bli_C_news_0096
BALI/Ind005_F_Bli/Ind005_F_Bli_C_news_0097
BALI/Ind005_F_Bli/Ind005_F_Bli_C_news_0098
BALI/Ind005_F_Bli/Ind005_F_Bli_C_news_0099
BALI/Ind005_F_Bli/Ind005_F_Bli_C_news_0100
BALI/Ind005_F_Bli/Ind005_F_Bli_C_news_0101
BALI/Ind005_F_Bli/Ind005_F_Bli_C_news_0102
BALI/Ind005_F_Bli/Ind005_F_Bli_C_news_0103
BALI/Ind005_F_Bli/Ind005_F_Bli_C_news_0104
BALI/Ind005_F_Bli/Ind005_F_Bli_C_news_0105
BALI/Ind005_F_Bli/Ind005_F_Bli_C_news_0106
BALI/Ind005_F_Bli/Ind005_F_Bli_C_news_0107
BALI/Ind005_F_Bli/Ind005_F_Bli_C_news_0108
BALI/Ind005_F_Bli/Ind005_F_Bli_C_news_0109
BALI/Ind005_F_Bli/Ind005_F_Bli_C_news_0110
BALI/Ind005_F_Bli/Ind005_F_Bli_C_news_0111
BALI/Ind005_F_Bli/Ind005_F_Bli_C_news_0112
BALI/Ind005_F_Bli/Ind005_F_Bli_C_news_0113
BALI/Ind005_F_Bli/Ind005_F_Bli_C_news_0114
BALI/Ind005_F_Bli/Ind005_F_Bli_C_news_0115
BALI/Ind005_F_Bli/Ind005_F_Bli_C_news_0116
BALI/Ind005_F_Bli/Ind005_F_Bli_C_news_0117
BALI/Ind005_F_Bli/Ind005_F_Bli_C_news_0118
BALI/Ind005_F_Bli/Ind005_F_Bli_C_news_0119
BALI/Ind005_F_Bli/Ind005_F_Bli_C_news_0120
BALI/Ind005_F_Bli/Ind005_F_Bli_C_news_0121
BALI/Ind005_F_Bli/Ind005_F_Bli_C_news_0122
BALI/Ind005_F_Bli/Ind005_F_Bli_C_news_0123
BALI/Ind005_F_Bli/Ind005_F_Bli_C_news_0124
BALI/Ind005_F_Bli/Ind005_F_Bli_C_news_0125
BALI/Ind005_F_Bli/Ind005_F_Bli_C_news_0126
BALI/Ind005_F_Bli/Ind005_F_Bli_C_news_0127
BALI/Ind005_F_Bli/Ind005_F_Bli_C_news_0128
BALI/Ind005_F_Bli/Ind005_F_Bli_C_news_0129
BALI/Ind005_F_Bli/Ind005_F_Bli_C_news_0130
BALI/Ind005_F_Bli/Ind005_F_Bli_C_news_0131
BALI/Ind005_F_Bli/Ind005_F_Bli_C_news_0132
BALI/Ind005_F_Bli/Ind005_F_Bli_C_news_0133
BALI/Ind005_F_Bli/Ind005_F_Bli_C_news_0134
BALI/Ind005_F_Bli/Ind005_F_Bli_C_news_0135
BALI/Ind005_F_Bli/Ind005_F_Bli_C_news_0136
BALI/Ind005_F_Bli/Ind005_F_Bli_C_news_0137
BALI/Ind005_F_Bli/Ind005_F_Bli_C_news_0138
BALI/Ind005_F_Bli/Ind005_F_Bli_C_news_0139
BALI/Ind005_F_Bli/Ind005_F_Bli_C_news_0140
BALI/Ind005_F_Bli/Ind005_F_Bli_C_news_0141
BALI/Ind005_F_Bli/Ind005_F_Bli_C_news_0142
BALI/Ind005_F_Bli/Ind005_F_Bli_C_news_0143
BALI/Ind005_F_Bli/Ind005_F_Bli_C_news_0144
BALI/Ind005_F_Bli/Ind005_F_Bli_C_news_0145
BALI/Ind005_F_Bli/Ind005_F_Bli_C_news_0146
BALI/Ind005_F_Bli/Ind005_F_Bli_C_news_0147
BALI/Ind005_F_Bli/Ind005_F_Bli_C_news_0148
BALI/Ind005_F_Bli/Ind005_F_Bli_C_news_0149
BALI/Ind005_F_Bli/Ind005_F_Bli_C_news_0150
BALI/Ind005_F_Bli/Ind005_F_Bli_C_news_0151
BALI/Ind005_F_Bli/Ind005_F_Bli_C_news_0152
BALI/Ind005_F_Bli/Ind005_F_Bli_C_news_0153
BALI/Ind005_F_Bli/Ind005_F_Bli_C_news_0154
BALI/Ind005_F_Bli/Ind005_F_Bli_C_news_0155
BALI/Ind005_F_Bli/Ind005_F_Bli_C_news_0156
BALI/Ind005_F_Bli/Ind005_F_Bli_C_news_0157
BALI/Ind005_F_Bli/Ind005_F_Bli_C_news_0158
BALI/Ind005_F_Bli/Ind005_F_Bli_C_news_0159
BALI/Ind005_F_Bli/Ind005_F_Bli_C_news_0160
BALI/Ind005_F_Bli/Ind005_F_Bli_C_news_0161
BALI/Ind005_F_Bli/Ind005_F_Bli_C_news_0162
BALI/Ind005_F_Bli/Ind005_F_Bli_C_news_0163
BALI/Ind005_F_Bli/Ind005_F_Bli_C_news_0164
BALI/Ind005_F_Bli/Ind005_F_Bli_C_news_0165
BALI/Ind005_F_Bli/Ind005_F_Bli_C_news_0166
BALI/Ind005_F_Bli/Ind005_F_Bli_C_news_0167
BALI/Ind005_F_Bli/Ind005_F_Bli_C_news_0168
BALI/Ind005_F_Bli/Ind005_F_Bli_C_news_0169
BALI/Ind005_F_Bli/Ind005_F_Bli_C_news_0170
BALI/Ind005_F_Bli/Ind005_F_Bli_C_news_0171
BALI/Ind005_F_Bli/Ind005_F_Bli_C_news_0172
BALI/Ind005_F_Bli/Ind005_F_Bli_C_news_0173
BALI/Ind005_F_Bli/Ind005_F_Bli_C_news_0174
BALI/Ind005_F_Bli/Ind005_F_Bli_C_news_0175
BALI/Ind005_F_Bli/Ind005_F_Bli_C_news_0176
BALI/Ind005_F_Bli/Ind005_F_Bli_C_news_0177
BALI/Ind005_F_Bli/Ind005_F_Bli_C_news_0178
BALI/Ind005_F_Bli/Ind005_F_Bli_C_news_0179
BALI/Ind005_F_Bli/Ind005_F_Bli_C_news_0180
BALI/Ind005_F_Bli/Ind005_F_Bli_C_news_0181
BALI/Ind005_F_Bli/Ind005_F_Bli_C_news_0182
BALI/Ind005_F_Bli/Ind005_F_Bli_C_news_0183
BALI/Ind005_F_Bli/Ind005_F_Bli_C_news_0184
BALI/Ind005_F_Bli/Ind005_F_Bli_C_news_0185
BALI/Ind005_F_Bli/Ind005_F_Bli_C_news_0186
BALI/Ind005_F_Bli/Ind005_F_Bli_C_news_0187
BALI/Ind005_F_Bli/Ind005_F_Bli_C_news_0188
BALI/Ind005_F_Bli/Ind005_F_Bli_C_news_0189
BALI/Ind005_F_Bli/Ind005_F_Bli_C_news_0190
BALI/Ind005_F_Bli/Ind005_F_Bli_C_news_0191
BALI/Ind005_F_Bli/Ind005_F_Bli_C_news_0192
BALI/Ind005_F_Bli/Ind005_F_Bli_C_news_0193
BALI/Ind005_F_Bli/Ind005_F_Bli_C_news_0194
BALI/Ind005_F_Bli/Ind005_F_Bli_C_news_0195
BALI/Ind005_F_Bli/Ind005_F_Bli_C_news_0196
BALI/Ind005_F_Bli/Ind005_F_Bli_C_news_0197
BALI/Ind005_F_Bli/Ind005_F_Bli_C_news_0198
BALI/Ind005_F_Bli/Ind005_F_Bli_C_news_0199
BALI/Ind005_F_Bli/Ind005_F_Bli_C_news_0200
BALI/Ind005_F_Bli/Ind005_F_Bli_C_news_0201
BALI/Ind005_F_Bli/Ind005_F_Bli_C_news_0202
BALI/Ind005_F_Bli/Ind005_F_Bli_C_news_0203
BALI/Ind005_F_Bli/Ind005_F_Bli_C_news_0204
BALI/Ind005_F_Bli/Ind005_F_Bli_C_news_0205
BALI/Ind005_F_Bli/Ind005_F_Bli_C_news_0206
BALI/Ind005_F_Bli/Ind005_F_Bli_C_news_0207
BALI/Ind005_F_Bli/Ind005_F_Bli_C_news_0208
BALI/Ind005_F_Bli/Ind005_F_Bli_C_news_0209
BALI/Ind005_F_Bli/Ind005_F_Bli_C_news_0210
BALI/Ind005_F_Bli/Ind005_F_Bli_C_news_0211
BALI/Ind005_F_Bli/Ind005_F_Bli_C_news_0212
BALI/Ind005_F_Bli/Ind005_F_Bli_C_news_0213
BALI/Ind005_F_Bli/Ind005_F_Bli_C_news_0214
BALI/Ind005_F_Bli/Ind005_F_Bli_C_news_0215
BALI/Ind005_F_Bli/Ind005_F_Bli_C_news_0216
BALI/Ind005_F_Bli/Ind005_F_Bli_C_news_0217
BALI/Ind005_F_Bli/Ind005_F_Bli_C_news_0218
BALI/Ind005_F_Bli/Ind005_F_Bli_C_news_0219
BALI/Ind005_F_Bli/Ind005_F_Bli_C_news_0220
BALI/Ind005_F_Bli/Ind005_F_Bli_C_news_0221
BALI/Ind005_F_Bli/Ind005_F_Bli_C_news_0222
BALI/Ind005_F_Bli/Ind005_F_Bli_C_news_0223
BALI/Ind005_F_Bli/Ind005_F_Bli_C_news_0224
BALI/Ind005_F_Bli/Ind005_F_Bli_C_news_0225
BALI/Ind006_M_Bli/Ind006_M_Bli_C_news_0001
BALI/Ind006_M_Bli/Ind006_M_Bli_C_news_0002
BALI/Ind006_M_Bli/Ind006_M_Bli_C_news_0003
BALI/Ind006_M_Bli/Ind006_M_Bli_C_news_0004
BALI/Ind006_M_Bli/Ind006_M_Bli_C_news_0005
BALI/Ind006_M_Bli/Ind006_M_Bli_C_news_0006
BALI/Ind006_M_Bli/Ind006_M_Bli_C_news_0007
BALI/Ind006_M_Bli/Ind006_M_Bli_C_news_0008
BALI/Ind006_M_Bli/Ind006_M_Bli_C_news_0009
BALI/Ind006_M_Bli/Ind006_M_Bli_C_news_0010
BALI/Ind006_M_Bli/Ind006_M_Bli_C_news_0011
BALI/Ind006_M_Bli/Ind006_M_Bli_C_news_0012
BALI/Ind006_M_Bli/Ind006_M_Bli_C_news_0013
BALI/Ind006_M_Bli/Ind006_M_Bli_C_news_0014
BALI/Ind006_M_Bli/Ind006_M_Bli_C_news_0015
BALI/Ind006_M_Bli/Ind006_M_Bli_C_news_0016
BALI/Ind006_M_Bli/Ind006_M_Bli_C_news_0017
BALI/Ind006_M_Bli/Ind006_M_Bli_C_news_0018
BALI/Ind006_M_Bli/Ind006_M_Bli_C_news_0019
BALI/Ind006_M_Bli/Ind006_M_Bli_C_news_0020
BALI/Ind006_M_Bli/Ind006_M_Bli_C_news_0021
BALI/Ind006_M_Bli/Ind006_M_Bli_C_news_0022
BALI/Ind006_M_Bli/Ind006_M_Bli_C_news_0023
BALI/Ind006_M_Bli/Ind006_M_Bli_C_news_0024
BALI/Ind006_M_Bli/Ind006_M_Bli_C_news_0025
BALI/Ind006_M_Bli/Ind006_M_Bli_C_news_0026
BALI/Ind006_M_Bli/Ind006_M_Bli_C_news_0027
BALI/Ind006_M_Bli/Ind006_M_Bli_C_news_0028
BALI/Ind006_M_Bli/Ind006_M_Bli_C_news_0029
BALI/Ind006_M_Bli/Ind006_M_Bli_C_news_0030
BALI/Ind006_M_Bli/Ind006_M_Bli_C_news_0031
BALI/Ind006_M_Bli/Ind006_M_Bli_C_news_0032
BALI/Ind006_M_Bli/Ind006_M_Bli_C_news_0033
BALI/Ind006_M_Bli/Ind006_M_Bli_C_news_0034
BALI/Ind006_M_Bli/Ind006_M_Bli_C_news_0035
BALI/Ind006_M_Bli/Ind006_M_Bli_C_news_0036
BALI/Ind006_M_Bli/Ind006_M_Bli_C_news_0037
BALI/Ind006_M_Bli/Ind006_M_Bli_C_news_0038
BALI/Ind006_M_Bli/Ind006_M_Bli_C_news_0039
BALI/Ind006_M_Bli/Ind006_M_Bli_C_news_0040
BALI/Ind006_M_Bli/Ind006_M_Bli_C_news_0041
BALI/Ind006_M_Bli/Ind006_M_Bli_C_news_0042
BALI/Ind006_M_Bli/Ind006_M_Bli_C_news_0043
BALI/Ind006_M_Bli/Ind006_M_Bli_C_news_0044
BALI/Ind006_M_Bli/Ind006_M_Bli_C_news_0045
BALI/Ind006_M_Bli/Ind006_M_Bli_C_news_0046
BALI/Ind006_M_Bli/Ind006_M_Bli_C_news_0047
BALI/Ind006_M_Bli/Ind006_M_Bli_C_news_0048
BALI/Ind006_M_Bli/Ind006_M_Bli_C_news_0049
BALI/Ind006_M_Bli/Ind006_M_Bli_C_news_0050
BALI/Ind006_M_Bli/Ind006_M_Bli_C_news_0051
BALI/Ind006_M_Bli/Ind006_M_Bli_C_news_0052
BALI/Ind006_M_Bli/Ind006_M_Bli_C_news_0053
BALI/Ind006_M_Bli/Ind006_M_Bli_C_news_0054
BALI/Ind006_M_Bli/Ind006_M_Bli_C_news_0055
BALI/Ind006_M_Bli/Ind006_M_Bli_C_news_0056
BALI/Ind006_M_Bli/Ind006_M_Bli_C_news_0057
BALI/Ind006_M_Bli/Ind006_M_Bli_C_news_0058
BALI/Ind006_M_Bli/Ind006_M_Bli_C_news_0059
BALI/Ind006_M_Bli/Ind006_M_Bli_C_news_0060
BALI/Ind006_M_Bli/Ind006_M_Bli_C_news_0061
BALI/Ind006_M_Bli/Ind006_M_Bli_C_news_0062
BALI/Ind006_M_Bli/Ind006_M_Bli_C_news_0063
BALI/Ind006_M_Bli/Ind006_M_Bli_C_news_0064
BALI/Ind006_M_Bli/Ind006_M_Bli_C_news_0065
BALI/Ind006_M_Bli/Ind006_M_Bli_C_news_0066
BALI/Ind006_M_Bli/Ind006_M_Bli_C_news_0067
BALI/Ind006_M_Bli/Ind006_M_Bli_C_news_0068
BALI/Ind006_M_Bli/Ind006_M_Bli_C_news_0069
BALI/Ind006_M_Bli/Ind006_M_Bli_C_news_0070
BALI/Ind006_M_Bli/Ind006_M_Bli_C_news_0071
BALI/Ind006_M_Bli/Ind006_M_Bli_C_news_0072
BALI/Ind006_M_Bli/Ind006_M_Bli_C_news_0073
BALI/Ind006_M_Bli/Ind006_M_Bli_C_news_0074
BALI/Ind006_M_Bli/Ind006_M_Bli_C_news_0075
BALI/Ind006_M_Bli/Ind006_M_Bli_C_news_0076
BALI/Ind006_M_Bli/Ind006_M_Bli_C_news_0077
BALI/Ind006_M_Bli/Ind006_M_Bli_C_news_0078
BALI/Ind006_M_Bli/Ind006_M_Bli_C_news_0079
BALI/Ind006_M_Bli/Ind006_M_Bli_C_news_0080
BALI/Ind006_M_Bli/Ind006_M_Bli_C_news_0081
BALI/Ind006_M_Bli/Ind006_M_Bli_C_news_0082
BALI/Ind006_M_Bli/Ind006_M_Bli_C_news_0083
BALI/Ind006_M_Bli/Ind006_M_Bli_C_news_0084
BALI/Ind006_M_Bli/Ind006_M_Bli_C_news_0085
BALI/Ind006_M_Bli/Ind006_M_Bli_C_news_0086
BALI/Ind006_M_Bli/Ind006_M_Bli_C_news_0087
BALI/Ind006_M_Bli/Ind006_M_Bli_C_news_0088
BALI/Ind006_M_Bli/Ind006_M_Bli_C_news_0089
BALI/Ind006_M_Bli/Ind006_M_Bli_C_news_0090
BALI/Ind006_M_Bli/Ind006_M_Bli_C_news_0091
BALI/Ind006_M_Bli/Ind006_M_Bli_C_news_0092
BALI/Ind006_M_Bli/Ind006_M_Bli_C_news_0093
BALI/Ind006_M_Bli/Ind006_M_Bli_C_news_0094
BALI/Ind006_M_Bli/Ind006_M_Bli_C_news_0095
BALI/Ind006_M_Bli/Ind006_M_Bli_C_news_0096
BALI/Ind006_M_Bli/Ind006_M_Bli_C_news_0097
BALI/Ind006_M_Bli/Ind006_M_Bli_C_news_0098
BALI/Ind006_M_Bli/Ind006_M_Bli_C_news_0099
BALI/Ind006_M_Bli/Ind006_M_Bli_C_news_0100
BALI/Ind006_M_Bli/Ind006_M_Bli_C_news_0101
BALI/Ind006_M_Bli/Ind006_M_Bli_C_news_0102
BALI/Ind006_M_Bli/Ind006_M_Bli_C_news_0103
BALI/Ind006_M_Bli/Ind006_M_Bli_C_news_0104
BALI/Ind006_M_Bli/Ind006_M_Bli_C_news_0105
BALI/Ind006_M_Bli/Ind006_M_Bli_C_news_0106
BALI/Ind006_M_Bli/Ind006_M_Bli_C_news_0107
BALI/Ind006_M_Bli/Ind006_M_Bli_C_news_0108
BALI/Ind006_M_Bli/Ind006_M_Bli_C_news_0109
BALI/Ind006_M_Bli/Ind006_M_Bli_C_news_0110
BALI/Ind006_M_Bli/Ind006_M_Bli_C_news_0111
BALI/Ind006_M_Bli/Ind006_M_Bli_C_news_0112
BALI/Ind006_M_Bli/Ind006_M_Bli_C_news_0113
BALI/Ind006_M_Bli/Ind006_M_Bli_C_news_0114
BALI/Ind006_M_Bli/Ind006_M_Bli_C_news_0115
BALI/Ind006_M_Bli/Ind006_M_Bli_C_news_0116
BALI/Ind006_M_Bli/Ind006_M_Bli_C_news_0117
BALI/Ind006_M_Bli/Ind006_M_Bli_C_news_0118
BALI/Ind006_M_Bli/Ind006_M_Bli_C_news_0119
BALI/Ind006_M_Bli/Ind006_M_Bli_C_news_0120
BALI/Ind006_M_Bli/Ind006_M_Bli_C_news_0121
BALI/Ind006_M_Bli/Ind006_M_Bli_C_news_0122
BALI/Ind006_M_Bli/Ind006_M_Bli_C_news_0123
BALI/Ind006_M_Bli/Ind006_M_Bli_C_news_0124
BALI/Ind006_M_Bli/Ind006_M_Bli_C_news_0125
BALI/Ind006_M_Bli/Ind006_M_Bli_C_news_0126
BALI/Ind006_M_Bli/Ind006_M_Bli_C_news_0127
BALI/Ind006_M_Bli/Ind006_M_Bli_C_news_0128
BALI/Ind006_M_Bli/Ind006_M_Bli_C_news_0129
BALI/Ind006_M_Bli/Ind006_M_Bli_C_news_0130
BALI/Ind006_M_Bli/Ind006_M_Bli_C_news_0131
BALI/Ind006_M_Bli/Ind006_M_Bli_C_news_0132
BALI/Ind006_M_Bli/Ind006_M_Bli_C_news_0133
BALI/Ind006_M_Bli/Ind006_M_Bli_C_news_0134
BALI/Ind006_M_Bli/Ind006_M_Bli_C_news_0135
BALI/Ind006_M_Bli/Ind006_M_Bli_C_news_0136
BALI/Ind006_M_Bli/Ind006_M_Bli_C_news_0137
BALI/Ind006_M_Bli/Ind006_M_Bli_C_news_0138
BALI/Ind006_M_Bli/Ind006_M_Bli_C_news_0139
BALI/Ind006_M_Bli/Ind006_M_Bli_C_news_0140
BALI/Ind006_M_Bli/Ind006_M_Bli_C_news_0141
BALI/Ind006_M_Bli/Ind006_M_Bli_C_news_0142
BALI/Ind006_M_Bli/Ind006_M_Bli_C_news_0143
BALI/Ind006_M_Bli/Ind006_M_Bli_C_news_0144
BALI/Ind006_M_Bli/Ind006_M_Bli_C_news_0145
BALI/Ind006_M_Bli/Ind006_M_Bli_C_news_0146
BALI/Ind006_M_Bli/Ind006_M_Bli_C_news_0147
BALI/Ind006_M_Bli/Ind006_M_Bli_C_news_0148
BALI/Ind006_M_Bli/Ind006_M_Bli_C_news_0149
BALI/Ind006_M_Bli/Ind006_M_Bli_C_news_0150
BALI/Ind006_M_Bli/Ind006_M_Bli_C_news_0151
BALI/Ind006_M_Bli/Ind006_M_Bli_C_news_0152
BALI/Ind006_M_Bli/Ind006_M_Bli_C_news_0153
BALI/Ind006_M_Bli/Ind006_M_Bli_C_news_0154
BALI/Ind006_M_Bli/Ind006_M_Bli_C_news_0155
BALI/Ind006_M_Bli/Ind006_M_Bli_C_news_0156
BALI/Ind006_M_Bli/Ind006_M_Bli_C_news_0157
BALI/Ind006_M_Bli/Ind006_M_Bli_C_news_0158
BALI/Ind006_M_Bli/Ind006_M_Bli_C_news_0159
BALI/Ind006_M_Bli/Ind006_M_Bli_C_news_0160
BALI/Ind006_M_Bli/Ind006_M_Bli_C_news_0161
BALI/Ind006_M_Bli/Ind006_M_Bli_C_news_0162
BALI/Ind006_M_Bli/Ind006_M_Bli_C_news_0163
BALI/Ind006_M_Bli/Ind006_M_Bli_C_news_0164
BALI/Ind006_M_Bli/Ind006_M_Bli_C_news_0165
BALI/Ind006_M_Bli/Ind006_M_Bli_C_news_0166
BALI/Ind006_M_Bli/Ind006_M_Bli_C_news_0167
BALI/Ind006_M_Bli/Ind006_M_Bli_C_news_0168
BALI/Ind006_M_Bli/Ind006_M_Bli_C_news_0169
BALI/Ind006_M_Bli/Ind006_M_Bli_C_news_0170
BALI/Ind006_M_Bli/Ind006_M_Bli_C_news_0171
BALI/Ind006_M_Bli/Ind006_M_Bli_C_news_0172
BALI/Ind006_M_Bli/Ind006_M_Bli_C_news_0173
BALI/Ind006_M_Bli/Ind006_M_Bli_C_news_0174
BALI/Ind006_M_Bli/Ind006_M_Bli_C_news_0175
BALI/Ind006_M_Bli/Ind006_M_Bli_C_news_0176
BALI/Ind006_M_Bli/Ind006_M_Bli_C_news_0177
BALI/Ind006_M_Bli/Ind006_M_Bli_C_news_0178
BALI/Ind006_M_Bli/Ind006_M_Bli_C_news_0179
BALI/Ind006_M_Bli/Ind006_M_Bli_C_news_0180
BALI/Ind006_M_Bli/Ind006_M_Bli_C_news_0181
BALI/Ind006_M_Bli/Ind006_M_Bli_C_news_0182
BALI/Ind006_M_Bli/Ind006_M_Bli_C_news_0183
BALI/Ind006_M_Bli/Ind006_M_Bli_C_news_0184
BALI/Ind006_M_Bli/Ind006_M_Bli_C_news_0185
BALI/Ind006_M_Bli/Ind006_M_Bli_C_news_0186
BALI/Ind006_M_Bli/Ind006_M_Bli_C_news_0187
BALI/Ind006_M_Bli/Ind006_M_Bli_C_news_0188
BALI/Ind006_M_Bli/Ind006_M_Bli_C_news_0189
BALI/Ind006_M_Bli/Ind006_M_Bli_C_news_0190
BALI/Ind006_M_Bli/Ind006_M_Bli_C_news_0191
BALI/Ind006_M_Bli/Ind006_M_Bli_C_news_0192
BALI/Ind006_M_Bli/Ind006_M_Bli_C_news_0193
BALI/Ind006_M_Bli/Ind006_M_Bli_C_news_0194
BALI/Ind006_M_Bli/Ind006_M_Bli_C_news_0195
BALI/Ind006_M_Bli/Ind006_M_Bli_C_news_0196
BALI/Ind006_M_Bli/Ind006_M_Bli_C_news_0197
BALI/Ind006_M_Bli/Ind006_M_Bli_C_news_0198
BALI/Ind006_M_Bli/Ind006_M_Bli_C_news_0199
BALI/Ind006_M_Bli/Ind006_M_Bli_C_news_0200
BALI/Ind006_M_Bli/Ind006_M_Bli_C_news_0201
BALI/Ind006_M_Bli/Ind006_M_Bli_C_news_0202
BALI/Ind006_M_Bli/Ind006_M_Bli_C_news_0203
BALI/Ind006_M_Bli/Ind006_M_Bli_C_news_0204
BALI/Ind006_M_Bli/Ind006_M_Bli_C_news_0205
BALI/Ind006_M_Bli/Ind006_M_Bli_C_news_0206
BALI/Ind006_M_Bli/Ind006_M_Bli_C_news_0207
BALI/Ind006_M_Bli/Ind006_M_Bli_C_news_0208
BALI/Ind006_M_Bli/Ind006_M_Bli_C_news_0209
BALI/Ind006_M_Bli/Ind006_M_Bli_C_news_0210
BALI/Ind006_M_Bli/Ind006_M_Bli_C_news_0211
BALI/Ind006_M_Bli/Ind006_M_Bli_C_news_0212
BALI/Ind006_M_Bli/Ind006_M_Bli_C_news_0213
BALI/Ind006_M_Bli/Ind006_M_Bli_C_news_0214
BALI/Ind006_M_Bli/Ind006_M_Bli_C_news_0215
BALI/Ind006_M_Bli/Ind006_M_Bli_C_news_0216
BALI/Ind006_M_Bli/Ind006_M_Bli_C_news_0217
BALI/Ind006_M_Bli/Ind006_M_Bli_C_news_0218
BALI/Ind006_M_Bli/Ind006_M_Bli_C_news_0219
BALI/Ind006_M_Bli/Ind006_M_Bli_C_news_0220
BALI/Ind006_M_Bli/Ind006_M_Bli_C_news_0221
BALI/Ind006_M_Bli/Ind006_M_Bli_C_news_0222
BALI/Ind006_M_Bli/Ind006_M_Bli_C_news_0223
BALI/Ind006_M_Bli/Ind006_M_Bli_C_news_0224
BALI/Ind006_M_Bli/Ind006_M_Bli_C_news_0225
BALI/Ind007_F_Bli/Ind007_F_Bli_C_news_0001
BALI/Ind007_F_Bli/Ind007_F_Bli_C_news_0002
BALI/Ind007_F_Bli/Ind007_F_Bli_C_news_0003
BALI/Ind007_F_Bli/Ind007_F_Bli_C_news_0004
BALI/Ind007_F_Bli/Ind007_F_Bli_C_news_0005
BALI/Ind007_F_Bli/Ind007_F_Bli_C_news_0006
BALI/Ind007_F_Bli/Ind007_F_Bli_C_news_0007
BALI/Ind007_F_Bli/Ind007_F_Bli_C_news_0008
BALI/Ind007_F_Bli/Ind007_F_Bli_C_news_0009
BALI/Ind007_F_Bli/Ind007_F_Bli_C_news_0010
BALI/Ind007_F_Bli/Ind007_F_Bli_C_news_0011
BALI/Ind007_F_Bli/Ind007_F_Bli_C_news_0012
BALI/Ind007_F_Bli/Ind007_F_Bli_C_news_0013
BALI/Ind007_F_Bli/Ind007_F_Bli_C_news_0014
BALI/Ind007_F_Bli/Ind007_F_Bli_C_news_0015
BALI/Ind007_F_Bli/Ind007_F_Bli_C_news_0016
BALI/Ind007_F_Bli/Ind007_F_Bli_C_news_0017
BALI/Ind007_F_Bli/Ind007_F_Bli_C_news_0018
BALI/Ind007_F_Bli/Ind007_F_Bli_C_news_0019
BALI/Ind007_F_Bli/Ind007_F_Bli_C_news_0020
BALI/Ind007_F_Bli/Ind007_F_Bli_C_news_0021
BALI/Ind007_F_Bli/Ind007_F_Bli_C_news_0022
BALI/Ind007_F_Bli/Ind007_F_Bli_C_news_0023
BALI/Ind007_F_Bli/Ind007_F_Bli_C_news_0024
BALI/Ind007_F_Bli/Ind007_F_Bli_C_news_0025
BALI/Ind007_F_Bli/Ind007_F_Bli_C_news_0026
BALI/Ind007_F_Bli/Ind007_F_Bli_C_news_0027
BALI/Ind007_F_Bli/Ind007_F_Bli_C_news_0028
BALI/Ind007_F_Bli/Ind007_F_Bli_C_news_0029
BALI/Ind007_F_Bli/Ind007_F_Bli_C_news_0030
BALI/Ind007_F_Bli/Ind007_F_Bli_C_news_0031
BALI/Ind007_F_Bli/Ind007_F_Bli_C_news_0032
BALI/Ind007_F_Bli/Ind007_F_Bli_C_news_0033
BALI/Ind007_F_Bli/Ind007_F_Bli_C_news_0034
BALI/Ind007_F_Bli/Ind007_F_Bli_C_news_0035
BALI/Ind007_F_Bli/Ind007_F_Bli_C_news_0036
BALI/Ind007_F_Bli/Ind007_F_Bli_C_news_0037
BALI/Ind007_F_Bli/Ind007_F_Bli_C_news_0038
BALI/Ind007_F_Bli/Ind007_F_Bli_C_news_0039
BALI/Ind007_F_Bli/Ind007_F_Bli_C_news_0040
BALI/Ind007_F_Bli/Ind007_F_Bli_C_news_0041
BALI/Ind007_F_Bli/Ind007_F_Bli_C_news_0042
BALI/Ind007_F_Bli/Ind007_F_Bli_C_news_0043
BALI/Ind007_F_Bli/Ind007_F_Bli_C_news_0044
BALI/Ind007_F_Bli/Ind007_F_Bli_C_news_0045
BALI/Ind007_F_Bli/Ind007_F_Bli_C_news_0046
BALI/Ind007_F_Bli/Ind007_F_Bli_C_news_0047
BALI/Ind007_F_Bli/Ind007_F_Bli_C_news_0048
BALI/Ind007_F_Bli/Ind007_F_Bli_C_news_0049
BALI/Ind007_F_Bli/Ind007_F_Bli_C_news_0050
BALI/Ind007_F_Bli/Ind007_F_Bli_C_news_0051
BALI/Ind007_F_Bli/Ind007_F_Bli_C_news_0052
BALI/Ind007_F_Bli/Ind007_F_Bli_C_news_0053
BALI/Ind007_F_Bli/Ind007_F_Bli_C_news_0054
BALI/Ind007_F_Bli/Ind007_F_Bli_C_news_0055
BALI/Ind007_F_Bli/Ind007_F_Bli_C_news_0056
BALI/Ind007_F_Bli/Ind007_F_Bli_C_news_0057
BALI/Ind007_F_Bli/Ind007_F_Bli_C_news_0058
BALI/Ind007_F_Bli/Ind007_F_Bli_C_news_0059
BALI/Ind007_F_Bli/Ind007_F_Bli_C_news_0060
BALI/Ind007_F_Bli/Ind007_F_Bli_C_news_0061
BALI/Ind007_F_Bli/Ind007_F_Bli_C_news_0062
BALI/Ind007_F_Bli/Ind007_F_Bli_C_news_0063
BALI/Ind007_F_Bli/Ind007_F_Bli_C_news_0064
BALI/Ind007_F_Bli/Ind007_F_Bli_C_news_0065
BALI/Ind007_F_Bli/Ind007_F_Bli_C_news_0066
BALI/Ind007_F_Bli/Ind007_F_Bli_C_news_0067
BALI/Ind007_F_Bli/Ind007_F_Bli_C_news_0068
BALI/Ind007_F_Bli/Ind007_F_Bli_C_news_0069
BALI/Ind007_F_Bli/Ind007_F_Bli_C_news_0070
BALI/Ind007_F_Bli/Ind007_F_Bli_C_news_0071
BALI/Ind007_F_Bli/Ind007_F_Bli_C_news_0072
BALI/Ind007_F_Bli/Ind007_F_Bli_C_news_0073
BALI/Ind007_F_Bli/Ind007_F_Bli_C_news_0074
BALI/Ind007_F_Bli/Ind007_F_Bli_C_news_0075
BALI/Ind007_F_Bli/Ind007_F_Bli_C_news_0076
BALI/Ind007_F_Bli/Ind007_F_Bli_C_news_0077
BALI/Ind007_F_Bli/Ind007_F_Bli_C_news_0078
BALI/Ind007_F_Bli/Ind007_F_Bli_C_news_0079
BALI/Ind007_F_Bli/Ind007_F_Bli_C_news_0080
BALI/Ind007_F_Bli/Ind007_F_Bli_C_news_0081
BALI/Ind007_F_Bli/Ind007_F_Bli_C_news_0082
BALI/Ind007_F_Bli/Ind007_F_Bli_C_news_0083
BALI/Ind007_F_Bli/Ind007_F_Bli_C_news_0084
BALI/Ind007_F_Bli/Ind007_F_Bli_C_news_0085
BALI/Ind007_F_Bli/Ind007_F_Bli_C_news_0086
BALI/Ind007_F_Bli/Ind007_F_Bli_C_news_0087
BALI/Ind007_F_Bli/Ind007_F_Bli_C_news_0088
BALI/Ind007_F_Bli/Ind007_F_Bli_C_news_0089
BALI/Ind007_F_Bli/Ind007_F_Bli_C_news_0090
BALI/Ind007_F_Bli/Ind007_F_Bli_C_news_0091
BALI/Ind007_F_Bli/Ind007_F_Bli_C_news_0092
BALI/Ind007_F_Bli/Ind007_F_Bli_C_news_0093
BALI/Ind007_F_Bli/Ind007_F_Bli_C_news_0094
BALI/Ind007_F_Bli/Ind007_F_Bli_C_news_0095
BALI/Ind007_F_Bli/Ind007_F_Bli_C_news_0096
BALI/Ind007_F_Bli/Ind007_F_Bli_C_news_0097
BALI/Ind007_F_Bli/Ind007_F_Bli_C_news_0098
BALI/Ind007_F_Bli/Ind007_F_Bli_C_news_0099
BALI/Ind007_F_Bli/Ind007_F_Bli_C_news_0100
BALI/Ind007_F_Bli/Ind007_F_Bli_C_news_0101
BALI/Ind007_F_Bli/Ind007_F_Bli_C_news_0102
BALI/Ind007_F_Bli/Ind007_F_Bli_C_news_0103
BALI/Ind007_F_Bli/Ind007_F_Bli_C_news_0104
BALI/Ind007_F_Bli/Ind007_F_Bli_C_news_0105
BALI/Ind007_F_Bli/Ind007_F_Bli_C_news_0106
BALI/Ind007_F_Bli/Ind007_F_Bli_C_news_0107
BALI/Ind007_F_Bli/Ind007_F_Bli_C_news_0108
BALI/Ind007_F_Bli/Ind007_F_Bli_C_news_0109
BALI/Ind007_F_Bli/Ind007_F_Bli_C_news_0110
BALI/Ind007_F_Bli/Ind007_F_Bli_C_news_0111
BALI/Ind007_F_Bli/Ind007_F_Bli_C_news_0112
BALI/Ind007_F_Bli/Ind007_F_Bli_C_news_0113
BALI/Ind007_F_Bli/Ind007_F_Bli_C_news_0114
BALI/Ind007_F_Bli/Ind007_F_Bli_C_news_0115
BALI/Ind007_F_Bli/Ind007_F_Bli_C_news_0116
BALI/Ind007_F_Bli/Ind007_F_Bli_C_news_0117
BALI/Ind007_F_Bli/Ind007_F_Bli_C_news_0118
BALI/Ind007_F_Bli/Ind007_F_Bli_C_news_0119
BALI/Ind007_F_Bli/Ind007_F_Bli_C_news_0120
BALI/Ind007_F_Bli/Ind007_F_Bli_C_news_0121
BALI/Ind007_F_Bli/Ind007_F_Bli_C_news_0122
BALI/Ind007_F_Bli/Ind007_F_Bli_C_news_0123
BALI/Ind007_F_Bli/Ind007_F_Bli_C_news_0124
BALI/Ind007_F_Bli/Ind007_F_Bli_C_news_0125
BALI/Ind007_F_Bli/Ind007_F_Bli_C_news_0126
BALI/Ind007_F_Bli/Ind007_F_Bli_C_news_0127
BALI/Ind007_F_Bli/Ind007_F_Bli_C_news_0128
BALI/Ind007_F_Bli/Ind007_F_Bli_C_news_0129
BALI/Ind007_F_Bli/Ind007_F_Bli_C_news_0130
BALI/Ind007_F_Bli/Ind007_F_Bli_C_news_0131
BALI/Ind007_F_Bli/Ind007_F_Bli_C_news_0132
BALI/Ind007_F_Bli/Ind007_F_Bli_C_news_0133
BALI/Ind007_F_Bli/Ind007_F_Bli_C_news_0134
BALI/Ind007_F_Bli/Ind007_F_Bli_C_news_0135
BALI/Ind007_F_Bli/Ind007_F_Bli_C_news_0136
BALI/Ind007_F_Bli/Ind007_F_Bli_C_news_0137
BALI/Ind007_F_Bli/Ind007_F_Bli_C_news_0138
BALI/Ind007_F_Bli/Ind007_F_Bli_C_news_0139
BALI/Ind007_F_Bli/Ind007_F_Bli_C_news_0140
BALI/Ind007_F_Bli/Ind007_F_Bli_C_news_0141
BALI/Ind007_F_Bli/Ind007_F_Bli_C_news_0142
BALI/Ind007_F_Bli/Ind007_F_Bli_C_news_0143
BALI/Ind007_F_Bli/Ind007_F_Bli_C_news_0144
BALI/Ind007_F_Bli/Ind007_F_Bli_C_news_0145
BALI/Ind007_F_Bli/Ind007_F_Bli_C_news_0146
BALI/Ind007_F_Bli/Ind007_F_Bli_C_news_0147
BALI/Ind007_F_Bli/Ind007_F_Bli_C_news_0148
BALI/Ind007_F_Bli/Ind007_F_Bli_C_news_0149
BALI/Ind007_F_Bli/Ind007_F_Bli_C_news_0150
BALI/Ind007_F_Bli/Ind007_F_Bli_C_news_0151
BALI/Ind007_F_Bli/Ind007_F_Bli_C_news_0152
BALI/Ind007_F_Bli/Ind007_F_Bli_C_news_0153
BALI/Ind007_F_Bli/Ind007_F_Bli_C_news_0154
BALI/Ind007_F_Bli/Ind007_F_Bli_C_news_0155
BALI/Ind007_F_Bli/Ind007_F_Bli_C_news_0156
BALI/Ind007_F_Bli/Ind007_F_Bli_C_news_0157
BALI/Ind007_F_Bli/Ind007_F_Bli_C_news_0158
BALI/Ind007_F_Bli/Ind007_F_Bli_C_news_0159
BALI/Ind007_F_Bli/Ind007_F_Bli_C_news_0160
BALI/Ind007_F_Bli/Ind007_F_Bli_C_news_0161
BALI/Ind007_F_Bli/Ind007_F_Bli_C_news_0162
BALI/Ind007_F_Bli/Ind007_F_Bli_C_news_0163
BALI/Ind007_F_Bli/Ind007_F_Bli_C_news_0164
BALI/Ind007_F_Bli/Ind007_F_Bli_C_news_0165
BALI/Ind007_F_Bli/Ind007_F_Bli_C_news_0166
BALI/Ind007_F_Bli/Ind007_F_Bli_C_news_0167
BALI/Ind007_F_Bli/Ind007_F_Bli_C_news_0168
BALI/Ind007_F_Bli/Ind007_F_Bli_C_news_0169
BALI/Ind007_F_Bli/Ind007_F_Bli_C_news_0170
BALI/Ind007_F_Bli/Ind007_F_Bli_C_news_0171
BALI/Ind007_F_Bli/Ind007_F_Bli_C_news_0172
BALI/Ind007_F_Bli/Ind007_F_Bli_C_news_0173
BALI/Ind007_F_Bli/Ind007_F_Bli_C_news_0174
BALI/Ind007_F_Bli/Ind007_F_Bli_C_news_0175
BALI/Ind007_F_Bli/Ind007_F_Bli_C_news_0176
BALI/Ind007_F_Bli/Ind007_F_Bli_C_news_0177
BALI/Ind007_F_Bli/Ind007_F_Bli_C_news_0178
BALI/Ind007_F_Bli/Ind007_F_Bli_C_news_0179
BALI/Ind007_F_Bli/Ind007_F_Bli_C_news_0180
BALI/Ind007_F_Bli/Ind007_F_Bli_C_news_0181
BALI/Ind007_F_Bli/Ind007_F_Bli_C_news_0182
BALI/Ind007_F_Bli/Ind007_F_Bli_C_news_0183
BALI/Ind007_F_Bli/Ind007_F_Bli_C_news_0184
BALI/Ind007_F_Bli/Ind007_F_Bli_C_news_0185
BALI/Ind007_F_Bli/Ind007_F_Bli_C_news_0186
BALI/Ind007_F_Bli/Ind007_F_Bli_C_news_0187
BALI/Ind007_F_Bli/Ind007_F_Bli_C_news_0188
BALI/Ind007_F_Bli/Ind007_F_Bli_C_news_0189
BALI/Ind007_F_Bli/Ind007_F_Bli_C_news_0190
BALI/Ind007_F_Bli/Ind007_F_Bli_C_news_0191
BALI/Ind007_F_Bli/Ind007_F_Bli_C_news_0192
BALI/Ind007_F_Bli/Ind007_F_Bli_C_news_0193
BALI/Ind007_F_Bli/Ind007_F_Bli_C_news_0194
BALI/Ind007_F_Bli/Ind007_F_Bli_C_news_0195
BALI/Ind007_F_Bli/Ind007_F_Bli_C_news_0196
BALI/Ind007_F_Bli/Ind007_F_Bli_C_news_0197
BALI/Ind007_F_Bli/Ind007_F_Bli_C_news_0198
BALI/Ind007_F_Bli/Ind007_F_Bli_C_news_0199
BALI/Ind007_F_Bli/Ind007_F_Bli_C_news_0200
BALI/Ind007_F_Bli/Ind007_F_Bli_C_news_0201
BALI/Ind007_F_Bli/Ind007_F_Bli_C_news_0202
BALI/Ind007_F_Bli/Ind007_F_Bli_C_news_0203
BALI/Ind007_F_Bli/Ind007_F_Bli_C_news_0204
BALI/Ind007_F_Bli/Ind007_F_Bli_C_news_0205
BALI/Ind007_F_Bli/Ind007_F_Bli_C_news_0206
BALI/Ind007_F_Bli/Ind007_F_Bli_C_news_0207
BALI/Ind007_F_Bli/Ind007_F_Bli_C_news_0208
BALI/Ind007_F_Bli/Ind007_F_Bli_C_news_0209
BALI/Ind007_F_Bli/Ind007_F_Bli_C_news_0210
BALI/Ind007_F_Bli/Ind007_F_Bli_C_news_0211
BALI/Ind007_F_Bli/Ind007_F_Bli_C_news_0212
BALI/Ind007_F_Bli/Ind007_F_Bli_C_news_0213
BALI/Ind007_F_Bli/Ind007_F_Bli_C_news_0214
BALI/Ind007_F_Bli/Ind007_F_Bli_C_news_0215
BALI/Ind007_F_Bli/Ind007_F_Bli_C_news_0216
BALI/Ind007_F_Bli/Ind007_F_Bli_C_news_0217
BALI/Ind007_F_Bli/Ind007_F_Bli_C_news_0218
BALI/Ind007_F_Bli/Ind007_F_Bli_C_news_0219
BALI/Ind007_F_Bli/Ind007_F_Bli_C_news_0220
BALI/Ind007_F_Bli/Ind007_F_Bli_C_news_0221
BALI/Ind007_F_Bli/Ind007_F_Bli_C_news_0222
BALI/Ind007_F_Bli/Ind007_F_Bli_C_news_0223
BALI/Ind007_F_Bli/Ind007_F_Bli_C_news_0224
BALI/Ind007_F_Bli/Ind007_F_Bli_C_news_0225
BALI/Ind008_M_Bli/Ind008_M_Bli_C_news_0001
BALI/Ind008_M_Bli/Ind008_M_Bli_C_news_0002
BALI/Ind008_M_Bli/Ind008_M_Bli_C_news_0003
BALI/Ind008_M_Bli/Ind008_M_Bli_C_news_0004
BALI/Ind008_M_Bli/Ind008_M_Bli_C_news_0005
BALI/Ind008_M_Bli/Ind008_M_Bli_C_news_0006
BALI/Ind008_M_Bli/Ind008_M_Bli_C_news_0007
BALI/Ind008_M_Bli/Ind008_M_Bli_C_news_0008
BALI/Ind008_M_Bli/Ind008_M_Bli_C_news_0009
BALI/Ind008_M_Bli/Ind008_M_Bli_C_news_0010
BALI/Ind008_M_Bli/Ind008_M_Bli_C_news_0011
BALI/Ind008_M_Bli/Ind008_M_Bli_C_news_0012
BALI/Ind008_M_Bli/Ind008_M_Bli_C_news_0013
BALI/Ind008_M_Bli/Ind008_M_Bli_C_news_0014
BALI/Ind008_M_Bli/Ind008_M_Bli_C_news_0015
BALI/Ind008_M_Bli/Ind008_M_Bli_C_news_0016
BALI/Ind008_M_Bli/Ind008_M_Bli_C_news_0017
BALI/Ind008_M_Bli/Ind008_M_Bli_C_news_0018
BALI/Ind008_M_Bli/Ind008_M_Bli_C_news_0019
BALI/Ind008_M_Bli/Ind008_M_Bli_C_news_0020
BALI/Ind008_M_Bli/Ind008_M_Bli_C_news_0021
BALI/Ind008_M_Bli/Ind008_M_Bli_C_news_0022
BALI/Ind008_M_Bli/Ind008_M_Bli_C_news_0023
BALI/Ind008_M_Bli/Ind008_M_Bli_C_news_0024
BALI/Ind008_M_Bli/Ind008_M_Bli_C_news_0025
BALI/Ind008_M_Bli/Ind008_M_Bli_C_news_0026
BALI/Ind008_M_Bli/Ind008_M_Bli_C_news_0027
BALI/Ind008_M_Bli/Ind008_M_Bli_C_news_0028
BALI/Ind008_M_Bli/Ind008_M_Bli_C_news_0029
BALI/Ind008_M_Bli/Ind008_M_Bli_C_news_0030
BALI/Ind008_M_Bli/Ind008_M_Bli_C_news_0031
BALI/Ind008_M_Bli/Ind008_M_Bli_C_news_0032
BALI/Ind008_M_Bli/Ind008_M_Bli_C_news_0033
BALI/Ind008_M_Bli/Ind008_M_Bli_C_news_0034
BALI/Ind008_M_Bli/Ind008_M_Bli_C_news_0035
BALI/Ind008_M_Bli/Ind008_M_Bli_C_news_0036
BALI/Ind008_M_Bli/Ind008_M_Bli_C_news_0037
BALI/Ind008_M_Bli/Ind008_M_Bli_C_news_0038
BALI/Ind008_M_Bli/Ind008_M_Bli_C_news_0039
BALI/Ind008_M_Bli/Ind008_M_Bli_C_news_0040
BALI/Ind008_M_Bli/Ind008_M_Bli_C_news_0041
BALI/Ind008_M_Bli/Ind008_M_Bli_C_news_0042
BALI/Ind008_M_Bli/Ind008_M_Bli_C_news_0043
BALI/Ind008_M_Bli/Ind008_M_Bli_C_news_0044
BALI/Ind008_M_Bli/Ind008_M_Bli_C_news_0045
BALI/Ind008_M_Bli/Ind008_M_Bli_C_news_0046
BALI/Ind008_M_Bli/Ind008_M_Bli_C_news_0047
BALI/Ind008_M_Bli/Ind008_M_Bli_C_news_0048
BALI/Ind008_M_Bli/Ind008_M_Bli_C_news_0049
BALI/Ind008_M_Bli/Ind008_M_Bli_C_news_0050
BALI/Ind008_M_Bli/Ind008_M_Bli_C_news_0051
BALI/Ind008_M_Bli/Ind008_M_Bli_C_news_0052
BALI/Ind008_M_Bli/Ind008_M_Bli_C_news_0053
BALI/Ind008_M_Bli/Ind008_M_Bli_C_news_0054
BALI/Ind008_M_Bli/Ind008_M_Bli_C_news_0055
BALI/Ind008_M_Bli/Ind008_M_Bli_C_news_0056
BALI/Ind008_M_Bli/Ind008_M_Bli_C_news_0057
BALI/Ind008_M_Bli/Ind008_M_Bli_C_news_0058
BALI/Ind008_M_Bli/Ind008_M_Bli_C_news_0059
BALI/Ind008_M_Bli/Ind008_M_Bli_C_news_0060
BALI/Ind008_M_Bli/Ind008_M_Bli_C_news_0061
BALI/Ind008_M_Bli/Ind008_M_Bli_C_news_0062
BALI/Ind008_M_Bli/Ind008_M_Bli_C_news_0063
BALI/Ind008_M_Bli/Ind008_M_Bli_C_news_0064
BALI/Ind008_M_Bli/Ind008_M_Bli_C_news_0065
BALI/Ind008_M_Bli/Ind008_M_Bli_C_news_0066
BALI/Ind008_M_Bli/Ind008_M_Bli_C_news_0067
BALI/Ind008_M_Bli/Ind008_M_Bli_C_news_0068
BALI/Ind008_M_Bli/Ind008_M_Bli_C_news_0069
BALI/Ind008_M_Bli/Ind008_M_Bli_C_news_0070
BALI/Ind008_M_Bli/Ind008_M_Bli_C_news_0071
BALI/Ind008_M_Bli/Ind008_M_Bli_C_news_0072
BALI/Ind008_M_Bli/Ind008_M_Bli_C_news_0073
BALI/Ind008_M_Bli/Ind008_M_Bli_C_news_0074
BALI/Ind008_M_Bli/Ind008_M_Bli_C_news_0075
BALI/Ind008_M_Bli/Ind008_M_Bli_C_news_0076
BALI/Ind008_M_Bli/Ind008_M_Bli_C_news_0077
BALI/Ind008_M_Bli/Ind008_M_Bli_C_news_0078
BALI/Ind008_M_Bli/Ind008_M_Bli_C_news_0079
BALI/Ind008_M_Bli/Ind008_M_Bli_C_news_0080
BALI/Ind008_M_Bli/Ind008_M_Bli_C_news_0081
BALI/Ind008_M_Bli/Ind008_M_Bli_C_news_0082
BALI/Ind008_M_Bli/Ind008_M_Bli_C_news_0083
BALI/Ind008_M_Bli/Ind008_M_Bli_C_news_0084
BALI/Ind008_M_Bli/Ind008_M_Bli_C_news_0085
BALI/Ind008_M_Bli/Ind008_M_Bli_C_news_0086
BALI/Ind008_M_Bli/Ind008_M_Bli_C_news_0087
BALI/Ind008_M_Bli/Ind008_M_Bli_C_news_0088
BALI/Ind008_M_Bli/Ind008_M_Bli_C_news_0089
BALI/Ind008_M_Bli/Ind008_M_Bli_C_news_0090
BALI/Ind008_M_Bli/Ind008_M_Bli_C_news_0091
BALI/Ind008_M_Bli/Ind008_M_Bli_C_news_0092
BALI/Ind008_M_Bli/Ind008_M_Bli_C_news_0093
BALI/Ind008_M_Bli/Ind008_M_Bli_C_news_0094
BALI/Ind008_M_Bli/Ind008_M_Bli_C_news_0095
BALI/Ind008_M_Bli/Ind008_M_Bli_C_news_0096
BALI/Ind008_M_Bli/Ind008_M_Bli_C_news_0097
BALI/Ind008_M_Bli/Ind008_M_Bli_C_news_0098
BALI/Ind008_M_Bli/Ind008_M_Bli_C_news_0099
BALI/Ind008_M_Bli/Ind008_M_Bli_C_news_0100
BALI/Ind008_M_Bli/Ind008_M_Bli_C_news_0101
BALI/Ind008_M_Bli/Ind008_M_Bli_C_news_0102
BALI/Ind008_M_Bli/Ind008_M_Bli_C_news_0103
BALI/Ind008_M_Bli/Ind008_M_Bli_C_news_0104
BALI/Ind008_M_Bli/Ind008_M_Bli_C_news_0105
BALI/Ind008_M_Bli/Ind008_M_Bli_C_news_0106
BALI/Ind008_M_Bli/Ind008_M_Bli_C_news_0107
BALI/Ind008_M_Bli/Ind008_M_Bli_C_news_0108
BALI/Ind008_M_Bli/Ind008_M_Bli_C_news_0109
BALI/Ind008_M_Bli/Ind008_M_Bli_C_news_0110
BALI/Ind008_M_Bli/Ind008_M_Bli_C_news_0111
BALI/Ind008_M_Bli/Ind008_M_Bli_C_news_0112
BALI/Ind008_M_Bli/Ind008_M_Bli_C_news_0113
BALI/Ind008_M_Bli/Ind008_M_Bli_C_news_0114
BALI/Ind008_M_Bli/Ind008_M_Bli_C_news_0115
BALI/Ind008_M_Bli/Ind008_M_Bli_C_news_0116
BALI/Ind008_M_Bli/Ind008_M_Bli_C_news_0117
BALI/Ind008_M_Bli/Ind008_M_Bli_C_news_0118
BALI/Ind008_M_Bli/Ind008_M_Bli_C_news_0119
BALI/Ind008_M_Bli/Ind008_M_Bli_C_news_0120
BALI/Ind008_M_Bli/Ind008_M_Bli_C_news_0121
BALI/Ind008_M_Bli/Ind008_M_Bli_C_news_0122
BALI/Ind008_M_Bli/Ind008_M_Bli_C_news_0123
BALI/Ind008_M_Bli/Ind008_M_Bli_C_news_0124
BALI/Ind008_M_Bli/Ind008_M_Bli_C_news_0125
BALI/Ind008_M_Bli/Ind008_M_Bli_C_news_0126
BALI/Ind008_M_Bli/Ind008_M_Bli_C_news_0127
BALI/Ind008_M_Bli/Ind008_M_Bli_C_news_0128
BALI/Ind008_M_Bli/Ind008_M_Bli_C_news_0129
BALI/Ind008_M_Bli/Ind008_M_Bli_C_news_0130
BALI/Ind008_M_Bli/Ind008_M_Bli_C_news_0131
BALI/Ind008_M_Bli/Ind008_M_Bli_C_news_0132
BALI/Ind008_M_Bli/Ind008_M_Bli_C_news_0133
BALI/Ind008_M_Bli/Ind008_M_Bli_C_news_0134
BALI/Ind008_M_Bli/Ind008_M_Bli_C_news_0135
BALI/Ind008_M_Bli/Ind008_M_Bli_C_news_0136
BALI/Ind008_M_Bli/Ind008_M_Bli_C_news_0137
BALI/Ind008_M_Bli/Ind008_M_Bli_C_news_0138
BALI/Ind008_M_Bli/Ind008_M_Bli_C_news_0139
BALI/Ind008_M_Bli/Ind008_M_Bli_C_news_0140
BALI/Ind008_M_Bli/Ind008_M_Bli_C_news_0141
BALI/Ind008_M_Bli/Ind008_M_Bli_C_news_0142
BALI/Ind008_M_Bli/Ind008_M_Bli_C_news_0143
BALI/Ind008_M_Bli/Ind008_M_Bli_C_news_0144
BALI/Ind008_M_Bli/Ind008_M_Bli_C_news_0145
BALI/Ind008_M_Bli/Ind008_M_Bli_C_news_0146
BALI/Ind008_M_Bli/Ind008_M_Bli_C_news_0147
BALI/Ind008_M_Bli/Ind008_M_Bli_C_news_0148
BALI/Ind008_M_Bli/Ind008_M_Bli_C_news_0149
BALI/Ind008_M_Bli/Ind008_M_Bli_C_news_0150
BALI/Ind008_M_Bli/Ind008_M_Bli_C_news_0151
BALI/Ind008_M_Bli/Ind008_M_Bli_C_news_0152
BALI/Ind008_M_Bli/Ind008_M_Bli_C_news_0153
BALI/Ind008_M_Bli/Ind008_M_Bli_C_news_0154
BALI/Ind008_M_Bli/Ind008_M_Bli_C_news_0155
BALI/Ind008_M_Bli/Ind008_M_Bli_C_news_0156
BALI/Ind008_M_Bli/Ind008_M_Bli_C_news_0157
BALI/Ind008_M_Bli/Ind008_M_Bli_C_news_0158
BALI/Ind008_M_Bli/Ind008_M_Bli_C_news_0159
BALI/Ind008_M_Bli/Ind008_M_Bli_C_news_0160
BALI/Ind008_M_Bli/Ind008_M_Bli_C_news_0161
BALI/Ind008_M_Bli/Ind008_M_Bli_C_news_0162
BALI/Ind008_M_Bli/Ind008_M_Bli_C_news_0163
BALI/Ind008_M_Bli/Ind008_M_Bli_C_news_0164
BALI/Ind008_M_Bli/Ind008_M_Bli_C_news_0165
BALI/Ind008_M_Bli/Ind008_M_Bli_C_news_0166
BALI/Ind008_M_Bli/Ind008_M_Bli_C_news_0167
BALI/Ind008_M_Bli/Ind008_M_Bli_C_news_0168
BALI/Ind008_M_Bli/Ind008_M_Bli_C_news_0169
BALI/Ind008_M_Bli/Ind008_M_Bli_C_news_0170
BALI/Ind008_M_Bli/Ind008_M_Bli_C_news_0171
BALI/Ind008_M_Bli/Ind008_M_Bli_C_news_0172
BALI/Ind008_M_Bli/Ind008_M_Bli_C_news_0173
BALI/Ind008_M_Bli/Ind008_M_Bli_C_news_0174
BALI/Ind008_M_Bli/Ind008_M_Bli_C_news_0175
BALI/Ind008_M_Bli/Ind008_M_Bli_C_news_0176
BALI/Ind008_M_Bli/Ind008_M_Bli_C_news_0177
BALI/Ind008_M_Bli/Ind008_M_Bli_C_news_0178
BALI/Ind008_M_Bli/Ind008_M_Bli_C_news_0179
BALI/Ind008_M_Bli/Ind008_M_Bli_C_news_0180
BALI/Ind008_M_Bli/Ind008_M_Bli_C_news_0181
BALI/Ind008_M_Bli/Ind008_M_Bli_C_news_0182
BALI/Ind008_M_Bli/Ind008_M_Bli_C_news_0183
BALI/Ind008_M_Bli/Ind008_M_Bli_C_news_0184
BALI/Ind008_M_Bli/Ind008_M_Bli_C_news_0185
BALI/Ind008_M_Bli/Ind008_M_Bli_C_news_0186
BALI/Ind008_M_Bli/Ind008_M_Bli_C_news_0187
BALI/Ind008_M_Bli/Ind008_M_Bli_C_news_0188
BALI/Ind008_M_Bli/Ind008_M_Bli_C_news_0189
BALI/Ind008_M_Bli/Ind008_M_Bli_C_news_0190
BALI/Ind008_M_Bli/Ind008_M_Bli_C_news_0191
BALI/Ind008_M_Bli/Ind008_M_Bli_C_news_0192
BALI/Ind008_M_Bli/Ind008_M_Bli_C_news_0193
BALI/Ind008_M_Bli/Ind008_M_Bli_C_news_0194
BALI/Ind008_M_Bli/Ind008_M_Bli_C_news_0195
BALI/Ind008_M_Bli/Ind008_M_Bli_C_news_0196
BALI/Ind008_M_Bli/Ind008_M_Bli_C_news_0197
BALI/Ind008_M_Bli/Ind008_M_Bli_C_news_0198
BALI/Ind008_M_Bli/Ind008_M_Bli_C_news_0199
BALI/Ind008_M_Bli/Ind008_M_Bli_C_news_0200
BALI/Ind008_M_Bli/Ind008_M_Bli_C_news_0201
BALI/Ind008_M_Bli/Ind008_M_Bli_C_news_0202
BALI/Ind008_M_Bli/Ind008_M_Bli_C_news_0203
BALI/Ind008_M_Bli/Ind008_M_Bli_C_news_0204
BALI/Ind008_M_Bli/Ind008_M_Bli_C_news_0205
BALI/Ind008_M_Bli/Ind008_M_Bli_C_news_0206
BALI/Ind008_M_Bli/Ind008_M_Bli_C_news_0207
BALI/Ind008_M_Bli/Ind008_M_Bli_C_news_0208
BALI/Ind008_M_Bli/Ind008_M_Bli_C_news_0209
BALI/Ind008_M_Bli/Ind008_M_Bli_C_news_0210
BALI/Ind008_M_Bli/Ind008_M_Bli_C_news_0211
BALI/Ind008_M_Bli/Ind008_M_Bli_C_news_0212
BALI/Ind008_M_Bli/Ind008_M_Bli_C_news_0213
BALI/Ind008_M_Bli/Ind008_M_Bli_C_news_0214
BALI/Ind008_M_Bli/Ind008_M_Bli_C_news_0215
BALI/Ind008_M_Bli/Ind008_M_Bli_C_news_0216
BALI/Ind008_M_Bli/Ind008_M_Bli_C_news_0217
BALI/Ind008_M_Bli/Ind008_M_Bli_C_news_0218
BALI/Ind008_M_Bli/Ind008_M_Bli_C_news_0219
BALI/Ind008_M_Bli/Ind008_M_Bli_C_news_0220
BALI/Ind008_M_Bli/Ind008_M_Bli_C_news_0221
BALI/Ind008_M_Bli/Ind008_M_Bli_C_news_0222
BALI/Ind008_M_Bli/Ind008_M_Bli_C_news_0223
BALI/Ind008_M_Bli/Ind008_M_Bli_C_news_0224
BALI/Ind008_M_Bli/Ind008_M_Bli_C_news_0225
BALI/Ind009_F_Bli/Ind009_F_Bli_C_news_0001
BALI/Ind009_F_Bli/Ind009_F_Bli_C_news_0002
BALI/Ind009_F_Bli/Ind009_F_Bli_C_news_0003
BALI/Ind009_F_Bli/Ind009_F_Bli_C_news_0004
BALI/Ind009_F_Bli/Ind009_F_Bli_C_news_0005
BALI/Ind009_F_Bli/Ind009_F_Bli_C_news_0006
BALI/Ind009_F_Bli/Ind009_F_Bli_C_news_0007
BALI/Ind009_F_Bli/Ind009_F_Bli_C_news_0008
BALI/Ind009_F_Bli/Ind009_F_Bli_C_news_0009
BALI/Ind009_F_Bli/Ind009_F_Bli_C_news_0010
BALI/Ind009_F_Bli/Ind009_F_Bli_C_news_0011
BALI/Ind009_F_Bli/Ind009_F_Bli_C_news_0012
BALI/Ind009_F_Bli/Ind009_F_Bli_C_news_0013
BALI/Ind009_F_Bli/Ind009_F_Bli_C_news_0014
BALI/Ind009_F_Bli/Ind009_F_Bli_C_news_0015
BALI/Ind009_F_Bli/Ind009_F_Bli_C_news_0016
BALI/Ind009_F_Bli/Ind009_F_Bli_C_news_0017
BALI/Ind009_F_Bli/Ind009_F_Bli_C_news_0018
BALI/Ind009_F_Bli/Ind009_F_Bli_C_news_0019
BALI/Ind009_F_Bli/Ind009_F_Bli_C_news_0020
BALI/Ind009_F_Bli/Ind009_F_Bli_C_news_0021
BALI/Ind009_F_Bli/Ind009_F_Bli_C_news_0022
BALI/Ind009_F_Bli/Ind009_F_Bli_C_news_0023
BALI/Ind009_F_Bli/Ind009_F_Bli_C_news_0024
BALI/Ind009_F_Bli/Ind009_F_Bli_C_news_0025
BALI/Ind009_F_Bli/Ind009_F_Bli_C_news_0026
BALI/Ind009_F_Bli/Ind009_F_Bli_C_news_0027
BALI/Ind009_F_Bli/Ind009_F_Bli_C_news_0028
BALI/Ind009_F_Bli/Ind009_F_Bli_C_news_0029
BALI/Ind009_F_Bli/Ind009_F_Bli_C_news_0030
BALI/Ind009_F_Bli/Ind009_F_Bli_C_news_0031
BALI/Ind009_F_Bli/Ind009_F_Bli_C_news_0032
BALI/Ind009_F_Bli/Ind009_F_Bli_C_news_0033
BALI/Ind009_F_Bli/Ind009_F_Bli_C_news_0034
BALI/Ind009_F_Bli/Ind009_F_Bli_C_news_0035
BALI/Ind009_F_Bli/Ind009_F_Bli_C_news_0036
BALI/Ind009_F_Bli/Ind009_F_Bli_C_news_0037
BALI/Ind009_F_Bli/Ind009_F_Bli_C_news_0038
BALI/Ind009_F_Bli/Ind009_F_Bli_C_news_0039
BALI/Ind009_F_Bli/Ind009_F_Bli_C_news_0040
BALI/Ind009_F_Bli/Ind009_F_Bli_C_news_0041
BALI/Ind009_F_Bli/Ind009_F_Bli_C_news_0042
BALI/Ind009_F_Bli/Ind009_F_Bli_C_news_0043
BALI/Ind009_F_Bli/Ind009_F_Bli_C_news_0044
BALI/Ind009_F_Bli/Ind009_F_Bli_C_news_0045
BALI/Ind009_F_Bli/Ind009_F_Bli_C_news_0046
BALI/Ind009_F_Bli/Ind009_F_Bli_C_news_0047
BALI/Ind009_F_Bli/Ind009_F_Bli_C_news_0048
BALI/Ind009_F_Bli/Ind009_F_Bli_C_news_0049
BALI/Ind009_F_Bli/Ind009_F_Bli_C_news_0050
BALI/Ind009_F_Bli/Ind009_F_Bli_C_news_0051
BALI/Ind009_F_Bli/Ind009_F_Bli_C_news_0052
BALI/Ind009_F_Bli/Ind009_F_Bli_C_news_0053
BALI/Ind009_F_Bli/Ind009_F_Bli_C_news_0054
BALI/Ind009_F_Bli/Ind009_F_Bli_C_news_0055
BALI/Ind009_F_Bli/Ind009_F_Bli_C_news_0056
BALI/Ind009_F_Bli/Ind009_F_Bli_C_news_0057
BALI/Ind009_F_Bli/Ind009_F_Bli_C_news_0058
BALI/Ind009_F_Bli/Ind009_F_Bli_C_news_0059
BALI/Ind009_F_Bli/Ind009_F_Bli_C_news_0060
BALI/Ind009_F_Bli/Ind009_F_Bli_C_news_0061
BALI/Ind009_F_Bli/Ind009_F_Bli_C_news_0062
BALI/Ind009_F_Bli/Ind009_F_Bli_C_news_0063
BALI/Ind009_F_Bli/Ind009_F_Bli_C_news_0064
BALI/Ind009_F_Bli/Ind009_F_Bli_C_news_0065
BALI/Ind009_F_Bli/Ind009_F_Bli_C_news_0066
BALI/Ind009_F_Bli/Ind009_F_Bli_C_news_0067
BALI/Ind009_F_Bli/Ind009_F_Bli_C_news_0068
BALI/Ind009_F_Bli/Ind009_F_Bli_C_news_0069
BALI/Ind009_F_Bli/Ind009_F_Bli_C_news_0070
BALI/Ind009_F_Bli/Ind009_F_Bli_C_news_0071
BALI/Ind009_F_Bli/Ind009_F_Bli_C_news_0072
BALI/Ind009_F_Bli/Ind009_F_Bli_C_news_0073
BALI/Ind009_F_Bli/Ind009_F_Bli_C_news_0074
BALI/Ind009_F_Bli/Ind009_F_Bli_C_news_0075
BALI/Ind009_F_Bli/Ind009_F_Bli_C_news_0076
BALI/Ind009_F_Bli/Ind009_F_Bli_C_news_0077
BALI/Ind009_F_Bli/Ind009_F_Bli_C_news_0078
BALI/Ind009_F_Bli/Ind009_F_Bli_C_news_0079
BALI/Ind009_F_Bli/Ind009_F_Bli_C_news_0080
BALI/Ind009_F_Bli/Ind009_F_Bli_C_news_0081
BALI/Ind009_F_Bli/Ind009_F_Bli_C_news_0082
BALI/Ind009_F_Bli/Ind009_F_Bli_C_news_0083
BALI/Ind009_F_Bli/Ind009_F_Bli_C_news_0084
BALI/Ind009_F_Bli/Ind009_F_Bli_C_news_0085
BALI/Ind009_F_Bli/Ind009_F_Bli_C_news_0086
BALI/Ind009_F_Bli/Ind009_F_Bli_C_news_0087
BALI/Ind009_F_Bli/Ind009_F_Bli_C_news_0088
BALI/Ind009_F_Bli/Ind009_F_Bli_C_news_0089
BALI/Ind009_F_Bli/Ind009_F_Bli_C_news_0090
BALI/Ind009_F_Bli/Ind009_F_Bli_C_news_0091
BALI/Ind009_F_Bli/Ind009_F_Bli_C_news_0092
BALI/Ind009_F_Bli/Ind009_F_Bli_C_news_0093
BALI/Ind009_F_Bli/Ind009_F_Bli_C_news_0094
BALI/Ind009_F_Bli/Ind009_F_Bli_C_news_0095
BALI/Ind009_F_Bli/Ind009_F_Bli_C_news_0096
BALI/Ind009_F_Bli/Ind009_F_Bli_C_news_0097
BALI/Ind009_F_Bli/Ind009_F_Bli_C_news_0098
BALI/Ind009_F_Bli/Ind009_F_Bli_C_news_0099
BALI/Ind009_F_Bli/Ind009_F_Bli_C_news_0100
BALI/Ind009_F_Bli/Ind009_F_Bli_C_news_0101
BALI/Ind009_F_Bli/Ind009_F_Bli_C_news_0102
BALI/Ind009_F_Bli/Ind009_F_Bli_C_news_0103
BALI/Ind009_F_Bli/Ind009_F_Bli_C_news_0104
BALI/Ind009_F_Bli/Ind009_F_Bli_C_news_0105
BALI/Ind009_F_Bli/Ind009_F_Bli_C_news_0106
BALI/Ind009_F_Bli/Ind009_F_Bli_C_news_0107
BALI/Ind009_F_Bli/Ind009_F_Bli_C_news_0108
BALI/Ind009_F_Bli/Ind009_F_Bli_C_news_0109
BALI/Ind009_F_Bli/Ind009_F_Bli_C_news_0110
BALI/Ind009_F_Bli/Ind009_F_Bli_C_news_0111
BALI/Ind009_F_Bli/Ind009_F_Bli_C_news_0112
BALI/Ind009_F_Bli/Ind009_F_Bli_C_news_0113
BALI/Ind009_F_Bli/Ind009_F_Bli_C_news_0114
BALI/Ind009_F_Bli/Ind009_F_Bli_C_news_0115
BALI/Ind009_F_Bli/Ind009_F_Bli_C_news_0116
BALI/Ind009_F_Bli/Ind009_F_Bli_C_news_0117
BALI/Ind009_F_Bli/Ind009_F_Bli_C_news_0118
BALI/Ind009_F_Bli/Ind009_F_Bli_C_news_0119
BALI/Ind009_F_Bli/Ind009_F_Bli_C_news_0120
BALI/Ind009_F_Bli/Ind009_F_Bli_C_news_0121
BALI/Ind009_F_Bli/Ind009_F_Bli_C_news_0122
BALI/Ind009_F_Bli/Ind009_F_Bli_C_news_0123
BALI/Ind009_F_Bli/Ind009_F_Bli_C_news_0124
BALI/Ind009_F_Bli/Ind009_F_Bli_C_news_0125
BALI/Ind009_F_Bli/Ind009_F_Bli_C_news_0126
BALI/Ind009_F_Bli/Ind009_F_Bli_C_news_0127
BALI/Ind009_F_Bli/Ind009_F_Bli_C_news_0128
BALI/Ind009_F_Bli/Ind009_F_Bli_C_news_0129
BALI/Ind009_F_Bli/Ind009_F_Bli_C_news_0130
BALI/Ind009_F_Bli/Ind009_F_Bli_C_news_0131
BALI/Ind009_F_Bli/Ind009_F_Bli_C_news_0132
BALI/Ind009_F_Bli/Ind009_F_Bli_C_news_0133
BALI/Ind009_F_Bli/Ind009_F_Bli_C_news_0134
BALI/Ind009_F_Bli/Ind009_F_Bli_C_news_0135
BALI/Ind009_F_Bli/Ind009_F_Bli_C_news_0136
BALI/Ind009_F_Bli/Ind009_F_Bli_C_news_0137
BALI/Ind009_F_Bli/Ind009_F_Bli_C_news_0138
BALI/Ind009_F_Bli/Ind009_F_Bli_C_news_0139
BALI/Ind009_F_Bli/Ind009_F_Bli_C_news_0140
BALI/Ind009_F_Bli/Ind009_F_Bli_C_news_0141
BALI/Ind009_F_Bli/Ind009_F_Bli_C_news_0142
BALI/Ind009_F_Bli/Ind009_F_Bli_C_news_0143
BALI/Ind009_F_Bli/Ind009_F_Bli_C_news_0144
BALI/Ind009_F_Bli/Ind009_F_Bli_C_news_0145
BALI/Ind009_F_Bli/Ind009_F_Bli_C_news_0146
BALI/Ind009_F_Bli/Ind009_F_Bli_C_news_0147
BALI/Ind009_F_Bli/Ind009_F_Bli_C_news_0148
BALI/Ind009_F_Bli/Ind009_F_Bli_C_news_0149
BALI/Ind009_F_Bli/Ind009_F_Bli_C_news_0150
BALI/Ind009_F_Bli/Ind009_F_Bli_C_news_0151
BALI/Ind009_F_Bli/Ind009_F_Bli_C_news_0152
BALI/Ind009_F_Bli/Ind009_F_Bli_C_news_0153
BALI/Ind009_F_Bli/Ind009_F_Bli_C_news_0154
BALI/Ind009_F_Bli/Ind009_F_Bli_C_news_0155
BALI/Ind009_F_Bli/Ind009_F_Bli_C_news_0156
BALI/Ind009_F_Bli/Ind009_F_Bli_C_news_0157
BALI/Ind009_F_Bli/Ind009_F_Bli_C_news_0158
BALI/Ind009_F_Bli/Ind009_F_Bli_C_news_0159
BALI/Ind009_F_Bli/Ind009_F_Bli_C_news_0160
BALI/Ind009_F_Bli/Ind009_F_Bli_C_news_0161
BALI/Ind009_F_Bli/Ind009_F_Bli_C_news_0162
BALI/Ind009_F_Bli/Ind009_F_Bli_C_news_0163
BALI/Ind009_F_Bli/Ind009_F_Bli_C_news_0164
BALI/Ind009_F_Bli/Ind009_F_Bli_C_news_0165
BALI/Ind009_F_Bli/Ind009_F_Bli_C_news_0166
BALI/Ind009_F_Bli/Ind009_F_Bli_C_news_0167
BALI/Ind009_F_Bli/Ind009_F_Bli_C_news_0168
BALI/Ind009_F_Bli/Ind009_F_Bli_C_news_0169
BALI/Ind009_F_Bli/Ind009_F_Bli_C_news_0170
BALI/Ind009_F_Bli/Ind009_F_Bli_C_news_0171
BALI/Ind009_F_Bli/Ind009_F_Bli_C_news_0172
BALI/Ind009_F_Bli/Ind009_F_Bli_C_news_0173
BALI/Ind009_F_Bli/Ind009_F_Bli_C_news_0174
BALI/Ind009_F_Bli/Ind009_F_Bli_C_news_0175
BALI/Ind009_F_Bli/Ind009_F_Bli_C_news_0176
BALI/Ind009_F_Bli/Ind009_F_Bli_C_news_0177
BALI/Ind009_F_Bli/Ind009_F_Bli_C_news_0178
BALI/Ind009_F_Bli/Ind009_F_Bli_C_news_0179
BALI/Ind009_F_Bli/Ind009_F_Bli_C_news_0180
BALI/Ind009_F_Bli/Ind009_F_Bli_C_news_0181
BALI/Ind009_F_Bli/Ind009_F_Bli_C_news_0182
BALI/Ind009_F_Bli/Ind009_F_Bli_C_news_0183
BALI/Ind009_F_Bli/Ind009_F_Bli_C_news_0184
BALI/Ind009_F_Bli/Ind009_F_Bli_C_news_0185
BALI/Ind009_F_Bli/Ind009_F_Bli_C_news_0186
BALI/Ind009_F_Bli/Ind009_F_Bli_C_news_0187
BALI/Ind009_F_Bli/Ind009_F_Bli_C_news_0188
BALI/Ind009_F_Bli/Ind009_F_Bli_C_news_0189
BALI/Ind009_F_Bli/Ind009_F_Bli_C_news_0190
BALI/Ind009_F_Bli/Ind009_F_Bli_C_news_0191
BALI/Ind009_F_Bli/Ind009_F_Bli_C_news_0192
BALI/Ind009_F_Bli/Ind009_F_Bli_C_news_0193
BALI/Ind009_F_Bli/Ind009_F_Bli_C_news_0194
BALI/Ind009_F_Bli/Ind009_F_Bli_C_news_0195
BALI/Ind009_F_Bli/Ind009_F_Bli_C_news_0196
BALI/Ind009_F_Bli/Ind009_F_Bli_C_news_0197
BALI/Ind009_F_Bli/Ind009_F_Bli_C_news_0198
BALI/Ind009_F_Bli/Ind009_F_Bli_C_news_0199
BALI/Ind009_F_Bli/Ind009_F_Bli_C_news_0200
BALI/Ind009_F_Bli/Ind009_F_Bli_C_news_0201
BALI/Ind009_F_Bli/Ind009_F_Bli_C_news_0202
BALI/Ind009_F_Bli/Ind009_F_Bli_C_news_0203
BALI/Ind009_F_Bli/Ind009_F_Bli_C_news_0204
BALI/Ind009_F_Bli/Ind009_F_Bli_C_news_0205
BALI/Ind009_F_Bli/Ind009_F_Bli_C_news_0206
BALI/Ind009_F_Bli/Ind009_F_Bli_C_news_0207
BALI/Ind009_F_Bli/Ind009_F_Bli_C_news_0208
BALI/Ind009_F_Bli/Ind009_F_Bli_C_news_0209
BALI/Ind009_F_Bli/Ind009_F_Bli_C_news_0210
BALI/Ind009_F_Bli/Ind009_F_Bli_C_news_0211
BALI/Ind009_F_Bli/Ind009_F_Bli_C_news_0212
BALI/Ind009_F_Bli/Ind009_F_Bli_C_news_0213
BALI/Ind009_F_Bli/Ind009_F_Bli_C_news_0214
BALI/Ind009_F_Bli/Ind009_F_Bli_C_news_0215
BALI/Ind009_F_Bli/Ind009_F_Bli_C_news_0216
BALI/Ind009_F_Bli/Ind009_F_Bli_C_news_0217
BALI/Ind009_F_Bli/Ind009_F_Bli_C_news_0218
BALI/Ind009_F_Bli/Ind009_F_Bli_C_news_0219
BALI/Ind009_F_Bli/Ind009_F_Bli_C_news_0220
BALI/Ind009_F_Bli/Ind009_F_Bli_C_news_0221
BALI/Ind009_F_Bli/Ind009_F_Bli_C_news_0222
BALI/Ind009_F_Bli/Ind009_F_Bli_C_news_0223
BALI/Ind009_F_Bli/Ind009_F_Bli_C_news_0224
BALI/Ind009_F_Bli/Ind009_F_Bli_C_news_0225
BALI/Ind010_M_Bli/Ind010_M_Bli_C_news_0001
BALI/Ind010_M_Bli/Ind010_M_Bli_C_news_0002
BALI/Ind010_M_Bli/Ind010_M_Bli_C_news_0003
BALI/Ind010_M_Bli/Ind010_M_Bli_C_news_0004
BALI/Ind010_M_Bli/Ind010_M_Bli_C_news_0005
BALI/Ind010_M_Bli/Ind010_M_Bli_C_news_0006
BALI/Ind010_M_Bli/Ind010_M_Bli_C_news_0007
BALI/Ind010_M_Bli/Ind010_M_Bli_C_news_0008
BALI/Ind010_M_Bli/Ind010_M_Bli_C_news_0009
BALI/Ind010_M_Bli/Ind010_M_Bli_C_news_0010
BALI/Ind010_M_Bli/Ind010_M_Bli_C_news_0011
BALI/Ind010_M_Bli/Ind010_M_Bli_C_news_0012
BALI/Ind010_M_Bli/Ind010_M_Bli_C_news_0013
BALI/Ind010_M_Bli/Ind010_M_Bli_C_news_0014
BALI/Ind010_M_Bli/Ind010_M_Bli_C_news_0015
BALI/Ind010_M_Bli/Ind010_M_Bli_C_news_0016
BALI/Ind010_M_Bli/Ind010_M_Bli_C_news_0017
BALI/Ind010_M_Bli/Ind010_M_Bli_C_news_0018
BALI/Ind010_M_Bli/Ind010_M_Bli_C_news_0019
BALI/Ind010_M_Bli/Ind010_M_Bli_C_news_0020
BALI/Ind010_M_Bli/Ind010_M_Bli_C_news_0021
BALI/Ind010_M_Bli/Ind010_M_Bli_C_news_0022
BALI/Ind010_M_Bli/Ind010_M_Bli_C_news_0023
BALI/Ind010_M_Bli/Ind010_M_Bli_C_news_0024
BALI/Ind010_M_Bli/Ind010_M_Bli_C_news_0025
BALI/Ind010_M_Bli/Ind010_M_Bli_C_news_0026
BALI/Ind010_M_Bli/Ind010_M_Bli_C_news_0027
BALI/Ind010_M_Bli/Ind010_M_Bli_C_news_0028
BALI/Ind010_M_Bli/Ind010_M_Bli_C_news_0029
BALI/Ind010_M_Bli/Ind010_M_Bli_C_news_0030
BALI/Ind010_M_Bli/Ind010_M_Bli_C_news_0031
BALI/Ind010_M_Bli/Ind010_M_Bli_C_news_0032
BALI/Ind010_M_Bli/Ind010_M_Bli_C_news_0033
BALI/Ind010_M_Bli/Ind010_M_Bli_C_news_0034
BALI/Ind010_M_Bli/Ind010_M_Bli_C_news_0035
BALI/Ind010_M_Bli/Ind010_M_Bli_C_news_0036
BALI/Ind010_M_Bli/Ind010_M_Bli_C_news_0037
BALI/Ind010_M_Bli/Ind010_M_Bli_C_news_0038
BALI/Ind010_M_Bli/Ind010_M_Bli_C_news_0039
BALI/Ind010_M_Bli/Ind010_M_Bli_C_news_0040
BALI/Ind010_M_Bli/Ind010_M_Bli_C_news_0041
BALI/Ind010_M_Bli/Ind010_M_Bli_C_news_0042
BALI/Ind010_M_Bli/Ind010_M_Bli_C_news_0043
BALI/Ind010_M_Bli/Ind010_M_Bli_C_news_0044
BALI/Ind010_M_Bli/Ind010_M_Bli_C_news_0045
BALI/Ind010_M_Bli/Ind010_M_Bli_C_news_0046
BALI/Ind010_M_Bli/Ind010_M_Bli_C_news_0047
BALI/Ind010_M_Bli/Ind010_M_Bli_C_news_0048
BALI/Ind010_M_Bli/Ind010_M_Bli_C_news_0049
BALI/Ind010_M_Bli/Ind010_M_Bli_C_news_0050
BALI/Ind010_M_Bli/Ind010_M_Bli_C_news_0051
BALI/Ind010_M_Bli/Ind010_M_Bli_C_news_0052
BALI/Ind010_M_Bli/Ind010_M_Bli_C_news_0053
BALI/Ind010_M_Bli/Ind010_M_Bli_C_news_0054
BALI/Ind010_M_Bli/Ind010_M_Bli_C_news_0055
BALI/Ind010_M_Bli/Ind010_M_Bli_C_news_0056
BALI/Ind010_M_Bli/Ind010_M_Bli_C_news_0057
BALI/Ind010_M_Bli/Ind010_M_Bli_C_news_0058
BALI/Ind010_M_Bli/Ind010_M_Bli_C_news_0059
BALI/Ind010_M_Bli/Ind010_M_Bli_C_news_0060
BALI/Ind010_M_Bli/Ind010_M_Bli_C_news_0061
BALI/Ind010_M_Bli/Ind010_M_Bli_C_news_0062
BALI/Ind010_M_Bli/Ind010_M_Bli_C_news_0063
BALI/Ind010_M_Bli/Ind010_M_Bli_C_news_0064
BALI/Ind010_M_Bli/Ind010_M_Bli_C_news_0065
BALI/Ind010_M_Bli/Ind010_M_Bli_C_news_0066
BALI/Ind010_M_Bli/Ind010_M_Bli_C_news_0067
BALI/Ind010_M_Bli/Ind010_M_Bli_C_news_0068
BALI/Ind010_M_Bli/Ind010_M_Bli_C_news_0069
BALI/Ind010_M_Bli/Ind010_M_Bli_C_news_0070
BALI/Ind010_M_Bli/Ind010_M_Bli_C_news_0071
BALI/Ind010_M_Bli/Ind010_M_Bli_C_news_0072
BALI/Ind010_M_Bli/Ind010_M_Bli_C_news_0073
BALI/Ind010_M_Bli/Ind010_M_Bli_C_news_0074
BALI/Ind010_M_Bli/Ind010_M_Bli_C_news_0075
BALI/Ind010_M_Bli/Ind010_M_Bli_C_news_0076
BALI/Ind010_M_Bli/Ind010_M_Bli_C_news_0077
BALI/Ind010_M_Bli/Ind010_M_Bli_C_news_0078
BALI/Ind010_M_Bli/Ind010_M_Bli_C_news_0079
BALI/Ind010_M_Bli/Ind010_M_Bli_C_news_0080
BALI/Ind010_M_Bli/Ind010_M_Bli_C_news_0081
BALI/Ind010_M_Bli/Ind010_M_Bli_C_news_0082
BALI/Ind010_M_Bli/Ind010_M_Bli_C_news_0083
BALI/Ind010_M_Bli/Ind010_M_Bli_C_news_0084
BALI/Ind010_M_Bli/Ind010_M_Bli_C_news_0085
BALI/Ind010_M_Bli/Ind010_M_Bli_C_news_0086
BALI/Ind010_M_Bli/Ind010_M_Bli_C_news_0087
BALI/Ind010_M_Bli/Ind010_M_Bli_C_news_0088
BALI/Ind010_M_Bli/Ind010_M_Bli_C_news_0089
BALI/Ind010_M_Bli/Ind010_M_Bli_C_news_0090
BALI/Ind010_M_Bli/Ind010_M_Bli_C_news_0091
BALI/Ind010_M_Bli/Ind010_M_Bli_C_news_0092
BALI/Ind010_M_Bli/Ind010_M_Bli_C_news_0093
BALI/Ind010_M_Bli/Ind010_M_Bli_C_news_0094
BALI/Ind010_M_Bli/Ind010_M_Bli_C_news_0095
BALI/Ind010_M_Bli/Ind010_M_Bli_C_news_0096
BALI/Ind010_M_Bli/Ind010_M_Bli_C_news_0097
BALI/Ind010_M_Bli/Ind010_M_Bli_C_news_0098
BALI/Ind010_M_Bli/Ind010_M_Bli_C_news_0099
BALI/Ind010_M_Bli/Ind010_M_Bli_C_news_0100
BALI/Ind010_M_Bli/Ind010_M_Bli_C_news_0101
BALI/Ind010_M_Bli/Ind010_M_Bli_C_news_0102
BALI/Ind010_M_Bli/Ind010_M_Bli_C_news_0103
BALI/Ind010_M_Bli/Ind010_M_Bli_C_news_0104
BALI/Ind010_M_Bli/Ind010_M_Bli_C_news_0105
BALI/Ind010_M_Bli/Ind010_M_Bli_C_news_0106
BALI/Ind010_M_Bli/Ind010_M_Bli_C_news_0107
BALI/Ind010_M_Bli/Ind010_M_Bli_C_news_0108
BALI/Ind010_M_Bli/Ind010_M_Bli_C_news_0109
BALI/Ind010_M_Bli/Ind010_M_Bli_C_news_0110
BALI/Ind010_M_Bli/Ind010_M_Bli_C_news_0111
BALI/Ind010_M_Bli/Ind010_M_Bli_C_news_0112
BALI/Ind010_M_Bli/Ind010_M_Bli_C_news_0113
BALI/Ind010_M_Bli/Ind010_M_Bli_C_news_0114
BALI/Ind010_M_Bli/Ind010_M_Bli_C_news_0115
BALI/Ind010_M_Bli/Ind010_M_Bli_C_news_0116
BALI/Ind010_M_Bli/Ind010_M_Bli_C_news_0117
BALI/Ind010_M_Bli/Ind010_M_Bli_C_news_0118
BALI/Ind010_M_Bli/Ind010_M_Bli_C_news_0119
BALI/Ind010_M_Bli/Ind010_M_Bli_C_news_0120
BALI/Ind010_M_Bli/Ind010_M_Bli_C_news_0121
BALI/Ind010_M_Bli/Ind010_M_Bli_C_news_0122
BALI/Ind010_M_Bli/Ind010_M_Bli_C_news_0123
BALI/Ind010_M_Bli/Ind010_M_Bli_C_news_0124
BALI/Ind010_M_Bli/Ind010_M_Bli_C_news_0125
BALI/Ind010_M_Bli/Ind010_M_Bli_C_news_0126
BALI/Ind010_M_Bli/Ind010_M_Bli_C_news_0127
BALI/Ind010_M_Bli/Ind010_M_Bli_C_news_0128
BALI/Ind010_M_Bli/Ind010_M_Bli_C_news_0129
BALI/Ind010_M_Bli/Ind010_M_Bli_C_news_0130
BALI/Ind010_M_Bli/Ind010_M_Bli_C_news_0131
BALI/Ind010_M_Bli/Ind010_M_Bli_C_news_0132
BALI/Ind010_M_Bli/Ind010_M_Bli_C_news_0133
BALI/Ind010_M_Bli/Ind010_M_Bli_C_news_0134
BALI/Ind010_M_Bli/Ind010_M_Bli_C_news_0135
BALI/Ind010_M_Bli/Ind010_M_Bli_C_news_0136
BALI/Ind010_M_Bli/Ind010_M_Bli_C_news_0137
BALI/Ind010_M_Bli/Ind010_M_Bli_C_news_0138
BALI/Ind010_M_Bli/Ind010_M_Bli_C_news_0139
BALI/Ind010_M_Bli/Ind010_M_Bli_C_news_0140
BALI/Ind010_M_Bli/Ind010_M_Bli_C_news_0141
BALI/Ind010_M_Bli/Ind010_M_Bli_C_news_0142
BALI/Ind010_M_Bli/Ind010_M_Bli_C_news_0143
BALI/Ind010_M_Bli/Ind010_M_Bli_C_news_0144
BALI/Ind010_M_Bli/Ind010_M_Bli_C_news_0145
BALI/Ind010_M_Bli/Ind010_M_Bli_C_news_0146
BALI/Ind010_M_Bli/Ind010_M_Bli_C_news_0147
BALI/Ind010_M_Bli/Ind010_M_Bli_C_news_0148
BALI/Ind010_M_Bli/Ind010_M_Bli_C_news_0149
BALI/Ind010_M_Bli/Ind010_M_Bli_C_news_0150
BALI/Ind010_M_Bli/Ind010_M_Bli_C_news_0151
BALI/Ind010_M_Bli/Ind010_M_Bli_C_news_0152
BALI/Ind010_M_Bli/Ind010_M_Bli_C_news_0153
BALI/Ind010_M_Bli/Ind010_M_Bli_C_news_0154
BALI/Ind010_M_Bli/Ind010_M_Bli_C_news_0155
BALI/Ind010_M_Bli/Ind010_M_Bli_C_news_0156
BALI/Ind010_M_Bli/Ind010_M_Bli_C_news_0157
BALI/Ind010_M_Bli/Ind010_M_Bli_C_news_0158
BALI/Ind010_M_Bli/Ind010_M_Bli_C_news_0159
BALI/Ind010_M_Bli/Ind010_M_Bli_C_news_0160
BALI/Ind010_M_Bli/Ind010_M_Bli_C_news_0161
BALI/Ind010_M_Bli/Ind010_M_Bli_C_news_0162
BALI/Ind010_M_Bli/Ind010_M_Bli_C_news_0163
BALI/Ind010_M_Bli/Ind010_M_Bli_C_news_0164
BALI/Ind010_M_Bli/Ind010_M_Bli_C_news_0165
BALI/Ind010_M_Bli/Ind010_M_Bli_C_news_0166
BALI/Ind010_M_Bli/Ind010_M_Bli_C_news_0167
BALI/Ind010_M_Bli/Ind010_M_Bli_C_news_0168
BALI/Ind010_M_Bli/Ind010_M_Bli_C_news_0169
BALI/Ind010_M_Bli/Ind010_M_Bli_C_news_0170
BALI/Ind010_M_Bli/Ind010_M_Bli_C_news_0171
BALI/Ind010_M_Bli/Ind010_M_Bli_C_news_0172
BALI/Ind010_M_Bli/Ind010_M_Bli_C_news_0173
BALI/Ind010_M_Bli/Ind010_M_Bli_C_news_0174
BALI/Ind010_M_Bli/Ind010_M_Bli_C_news_0175
BALI/Ind010_M_Bli/Ind010_M_Bli_C_news_0176
BALI/Ind010_M_Bli/Ind010_M_Bli_C_news_0177
BALI/Ind010_M_Bli/Ind010_M_Bli_C_news_0178
BALI/Ind010_M_Bli/Ind010_M_Bli_C_news_0179
BALI/Ind010_M_Bli/Ind010_M_Bli_C_news_0180
BALI/Ind010_M_Bli/Ind010_M_Bli_C_news_0181
BALI/Ind010_M_Bli/Ind010_M_Bli_C_news_0182
BALI/Ind010_M_Bli/Ind010_M_Bli_C_news_0183
BALI/Ind010_M_Bli/Ind010_M_Bli_C_news_0184
BALI/Ind010_M_Bli/Ind010_M_Bli_C_news_0185
BALI/Ind010_M_Bli/Ind010_M_Bli_C_news_0186
BALI/Ind010_M_Bli/Ind010_M_Bli_C_news_0187
BALI/Ind010_M_Bli/Ind010_M_Bli_C_news_0188
BALI/Ind010_M_Bli/Ind010_M_Bli_C_news_0189
BALI/Ind010_M_Bli/Ind010_M_Bli_C_news_0190
BALI/Ind010_M_Bli/Ind010_M_Bli_C_news_0191
BALI/Ind010_M_Bli/Ind010_M_Bli_C_news_0192
BALI/Ind010_M_Bli/Ind010_M_Bli_C_news_0193
BALI/Ind010_M_Bli/Ind010_M_Bli_C_news_0194
BALI/Ind010_M_Bli/Ind010_M_Bli_C_news_0195
BALI/Ind010_M_Bli/Ind010_M_Bli_C_news_0196
BALI/Ind010_M_Bli/Ind010_M_Bli_C_news_0197
BALI/Ind010_M_Bli/Ind010_M_Bli_C_news_0198
BALI/Ind010_M_Bli/Ind010_M_Bli_C_news_0199
BALI/Ind010_M_Bli/Ind010_M_Bli_C_news_0200
BALI/Ind010_M_Bli/Ind010_M_Bli_C_news_0201
BALI/Ind010_M_Bli/Ind010_M_Bli_C_news_0202
BALI/Ind010_M_Bli/Ind010_M_Bli_C_news_0203
BALI/Ind010_M_Bli/Ind010_M_Bli_C_news_0204
BALI/Ind010_M_Bli/Ind010_M_Bli_C_news_0205
BALI/Ind010_M_Bli/Ind010_M_Bli_C_news_0206
BALI/Ind010_M_Bli/Ind010_M_Bli_C_news_0207
BALI/Ind010_M_Bli/Ind010_M_Bli_C_news_0208
BALI/Ind010_M_Bli/Ind010_M_Bli_C_news_0209
BALI/Ind010_M_Bli/Ind010_M_Bli_C_news_0210
BALI/Ind010_M_Bli/Ind010_M_Bli_C_news_0211
BALI/Ind010_M_Bli/Ind010_M_Bli_C_news_0212
BALI/Ind010_M_Bli/Ind010_M_Bli_C_news_0213
BALI/Ind010_M_Bli/Ind010_M_Bli_C_news_0214
BALI/Ind010_M_Bli/Ind010_M_Bli_C_news_0215
BALI/Ind010_M_Bli/Ind010_M_Bli_C_news_0216
BALI/Ind010_M_Bli/Ind010_M_Bli_C_news_0217
BALI/Ind010_M_Bli/Ind010_M_Bli_C_news_0218
BALI/Ind010_M_Bli/Ind010_M_Bli_C_news_0219
BALI/Ind010_M_Bli/Ind010_M_Bli_C_news_0220
BALI/Ind010_M_Bli/Ind010_M_Bli_C_news_0221
BALI/Ind010_M_Bli/Ind010_M_Bli_C_news_0222
BALI/Ind010_M_Bli/Ind010_M_Bli_C_news_0223
BALI/Ind010_M_Bli/Ind010_M_Bli_C_news_0224
BALI/Ind010_M_Bli/Ind010_M_Bli_C_news_0225
