BATAK/Ind001_F_Btk/Ind001_F_Btk_C_traInd_0001
BATAK/Ind001_F_Btk/Ind001_F_Btk_C_traInd_0002
BATAK/Ind001_F_Btk/Ind001_F_Btk_C_traInd_0003
BATAK/Ind001_F_Btk/Ind001_F_Btk_C_traInd_0004
BATAK/Ind001_F_Btk/Ind001_F_Btk_C_traInd_0005
BATAK/Ind001_F_Btk/Ind001_F_Btk_C_traInd_0006
BATAK/Ind001_F_Btk/Ind001_F_Btk_C_traInd_0007
BATAK/Ind001_F_Btk/Ind001_F_Btk_C_traInd_0008
BATAK/Ind001_F_Btk/Ind001_F_Btk_C_traInd_0009
BATAK/Ind001_F_Btk/Ind001_F_Btk_C_traInd_0010
BATAK/Ind001_F_Btk/Ind001_F_Btk_C_traInd_0011
BATAK/Ind001_F_Btk/Ind001_F_Btk_C_traInd_0012
BATAK/Ind001_F_Btk/Ind001_F_Btk_C_traInd_0013
BATAK/Ind001_F_Btk/Ind001_F_Btk_C_traInd_0014
BATAK/Ind001_F_Btk/Ind001_F_Btk_C_traInd_0015
BATAK/Ind001_F_Btk/Ind001_F_Btk_C_traInd_0016
BATAK/Ind001_F_Btk/Ind001_F_Btk_C_traInd_0017
BATAK/Ind001_F_Btk/Ind001_F_Btk_C_traInd_0018
BATAK/Ind001_F_Btk/Ind001_F_Btk_C_traInd_0019
BATAK/Ind001_F_Btk/Ind001_F_Btk_C_traInd_0020
BATAK/Ind001_F_Btk/Ind001_F_Btk_C_traInd_0021
BATAK/Ind001_F_Btk/Ind001_F_Btk_C_traInd_0022
BATAK/Ind001_F_Btk/Ind001_F_Btk_C_traInd_0023
BATAK/Ind001_F_Btk/Ind001_F_Btk_C_traInd_0024
BATAK/Ind001_F_Btk/Ind001_F_Btk_C_traInd_0025
BATAK/Ind001_F_Btk/Ind001_F_Btk_C_traInd_0026
BATAK/Ind001_F_Btk/Ind001_F_Btk_C_traInd_0027
BATAK/Ind001_F_Btk/Ind001_F_Btk_C_traInd_0028
BATAK/Ind001_F_Btk/Ind001_F_Btk_C_traInd_0029
BATAK/Ind001_F_Btk/Ind001_F_Btk_C_traInd_0030
BATAK/Ind001_F_Btk/Ind001_F_Btk_C_traInd_0031
BATAK/Ind001_F_Btk/Ind001_F_Btk_C_traInd_0032
BATAK/Ind001_F_Btk/Ind001_F_Btk_C_traInd_0033
BATAK/Ind001_F_Btk/Ind001_F_Btk_C_traInd_0034
BATAK/Ind001_F_Btk/Ind001_F_Btk_C_traInd_0035
BATAK/Ind001_F_Btk/Ind001_F_Btk_C_traInd_0036
BATAK/Ind001_F_Btk/Ind001_F_Btk_C_traInd_0037
BATAK/Ind001_F_Btk/Ind001_F_Btk_C_traInd_0038
BATAK/Ind001_F_Btk/Ind001_F_Btk_C_traInd_0039
BATAK/Ind001_F_Btk/Ind001_F_Btk_C_traInd_0040
BATAK/Ind001_F_Btk/Ind001_F_Btk_C_traInd_0041
BATAK/Ind001_F_Btk/Ind001_F_Btk_C_traInd_0042
BATAK/Ind001_F_Btk/Ind001_F_Btk_C_traInd_0043
BATAK/Ind001_F_Btk/Ind001_F_Btk_C_traInd_0044
BATAK/Ind001_F_Btk/Ind001_F_Btk_C_traInd_0045
BATAK/Ind001_F_Btk/Ind001_F_Btk_C_traInd_0046
BATAK/Ind001_F_Btk/Ind001_F_Btk_C_traInd_0047
BATAK/Ind001_F_Btk/Ind001_F_Btk_C_traInd_0048
BATAK/Ind001_F_Btk/Ind001_F_Btk_C_traInd_0049
BATAK/Ind001_F_Btk/Ind001_F_Btk_C_traInd_0050
BATAK/Ind002_M_Btk/Ind002_M_Btk_C_traInd_0001
BATAK/Ind002_M_Btk/Ind002_M_Btk_C_traInd_0002
BATAK/Ind002_M_Btk/Ind002_M_Btk_C_traInd_0003
BATAK/Ind002_M_Btk/Ind002_M_Btk_C_traInd_0004
BATAK/Ind002_M_Btk/Ind002_M_Btk_C_traInd_0005
BATAK/Ind002_M_Btk/Ind002_M_Btk_C_traInd_0006
BATAK/Ind002_M_Btk/Ind002_M_Btk_C_traInd_0007
BATAK/Ind002_M_Btk/Ind002_M_Btk_C_traInd_0008
BATAK/Ind002_M_Btk/Ind002_M_Btk_C_traInd_0009
BATAK/Ind002_M_Btk/Ind002_M_Btk_C_traInd_0010
BATAK/Ind002_M_Btk/Ind002_M_Btk_C_traInd_0011
BATAK/Ind002_M_Btk/Ind002_M_Btk_C_traInd_0012
BATAK/Ind002_M_Btk/Ind002_M_Btk_C_traInd_0013
BATAK/Ind002_M_Btk/Ind002_M_Btk_C_traInd_0014
BATAK/Ind002_M_Btk/Ind002_M_Btk_C_traInd_0015
BATAK/Ind002_M_Btk/Ind002_M_Btk_C_traInd_0016
BATAK/Ind002_M_Btk/Ind002_M_Btk_C_traInd_0017
BATAK/Ind002_M_Btk/Ind002_M_Btk_C_traInd_0018
BATAK/Ind002_M_Btk/Ind002_M_Btk_C_traInd_0019
BATAK/Ind002_M_Btk/Ind002_M_Btk_C_traInd_0020
BATAK/Ind002_M_Btk/Ind002_M_Btk_C_traInd_0021
BATAK/Ind002_M_Btk/Ind002_M_Btk_C_traInd_0022
BATAK/Ind002_M_Btk/Ind002_M_Btk_C_traInd_0023
BATAK/Ind002_M_Btk/Ind002_M_Btk_C_traInd_0024
BATAK/Ind002_M_Btk/Ind002_M_Btk_C_traInd_0025
BATAK/Ind002_M_Btk/Ind002_M_Btk_C_traInd_0026
BATAK/Ind002_M_Btk/Ind002_M_Btk_C_traInd_0027
BATAK/Ind002_M_Btk/Ind002_M_Btk_C_traInd_0028
BATAK/Ind002_M_Btk/Ind002_M_Btk_C_traInd_0029
BATAK/Ind002_M_Btk/Ind002_M_Btk_C_traInd_0030
BATAK/Ind002_M_Btk/Ind002_M_Btk_C_traInd_0031
BATAK/Ind002_M_Btk/Ind002_M_Btk_C_traInd_0032
BATAK/Ind002_M_Btk/Ind002_M_Btk_C_traInd_0033
BATAK/Ind002_M_Btk/Ind002_M_Btk_C_traInd_0034
BATAK/Ind002_M_Btk/Ind002_M_Btk_C_traInd_0035
BATAK/Ind002_M_Btk/Ind002_M_Btk_C_traInd_0036
BATAK/Ind002_M_Btk/Ind002_M_Btk_C_traInd_0037
BATAK/Ind002_M_Btk/Ind002_M_Btk_C_traInd_0038
BATAK/Ind002_M_Btk/Ind002_M_Btk_C_traInd_0039
BATAK/Ind002_M_Btk/Ind002_M_Btk_C_traInd_0040
BATAK/Ind002_M_Btk/Ind002_M_Btk_C_traInd_0041
BATAK/Ind002_M_Btk/Ind002_M_Btk_C_traInd_0042
BATAK/Ind002_M_Btk/Ind002_M_Btk_C_traInd_0043
BATAK/Ind002_M_Btk/Ind002_M_Btk_C_traInd_0044
BATAK/Ind002_M_Btk/Ind002_M_Btk_C_traInd_0045
BATAK/Ind002_M_Btk/Ind002_M_Btk_C_traInd_0046
BATAK/Ind002_M_Btk/Ind002_M_Btk_C_traInd_0047
BATAK/Ind002_M_Btk/Ind002_M_Btk_C_traInd_0048
BATAK/Ind002_M_Btk/Ind002_M_Btk_C_traInd_0049
BATAK/Ind002_M_Btk/Ind002_M_Btk_C_traInd_0050
BATAK/Ind003_F_Btk/Ind003_F_Btk_C_traInd_0001
BATAK/Ind003_F_Btk/Ind003_F_Btk_C_traInd_0002
BATAK/Ind003_F_Btk/Ind003_F_Btk_C_traInd_0003
BATAK/Ind003_F_Btk/Ind003_F_Btk_C_traInd_0004
BATAK/Ind003_F_Btk/Ind003_F_Btk_C_traInd_0005
BATAK/Ind003_F_Btk/Ind003_F_Btk_C_traInd_0006
BATAK/Ind003_F_Btk/Ind003_F_Btk_C_traInd_0007
BATAK/Ind003_F_Btk/Ind003_F_Btk_C_traInd_0008
BATAK/Ind003_F_Btk/Ind003_F_Btk_C_traInd_0009
BATAK/Ind003_F_Btk/Ind003_F_Btk_C_traInd_0010
BATAK/Ind003_F_Btk/Ind003_F_Btk_C_traInd_0011
BATAK/Ind003_F_Btk/Ind003_F_Btk_C_traInd_0012
BATAK/Ind003_F_Btk/Ind003_F_Btk_C_traInd_0013
BATAK/Ind003_F_Btk/Ind003_F_Btk_C_traInd_0014
BATAK/Ind003_F_Btk/Ind003_F_Btk_C_traInd_0015
BATAK/Ind003_F_Btk/Ind003_F_Btk_C_traInd_0016
BATAK/Ind003_F_Btk/Ind003_F_Btk_C_traInd_0017
BATAK/Ind003_F_Btk/Ind003_F_Btk_C_traInd_0018
BATAK/Ind003_F_Btk/Ind003_F_Btk_C_traInd_0019
BATAK/Ind003_F_Btk/Ind003_F_Btk_C_traInd_0020
BATAK/Ind003_F_Btk/Ind003_F_Btk_C_traInd_0021
BATAK/Ind003_F_Btk/Ind003_F_Btk_C_traInd_0022
BATAK/Ind003_F_Btk/Ind003_F_Btk_C_traInd_0023
BATAK/Ind003_F_Btk/Ind003_F_Btk_C_traInd_0024
BATAK/Ind003_F_Btk/Ind003_F_Btk_C_traInd_0025
BATAK/Ind003_F_Btk/Ind003_F_Btk_C_traInd_0026
BATAK/Ind003_F_Btk/Ind003_F_Btk_C_traInd_0027
BATAK/Ind003_F_Btk/Ind003_F_Btk_C_traInd_0028
BATAK/Ind003_F_Btk/Ind003_F_Btk_C_traInd_0029
BATAK/Ind003_F_Btk/Ind003_F_Btk_C_traInd_0030
BATAK/Ind003_F_Btk/Ind003_F_Btk_C_traInd_0031
BATAK/Ind003_F_Btk/Ind003_F_Btk_C_traInd_0032
BATAK/Ind003_F_Btk/Ind003_F_Btk_C_traInd_0033
BATAK/Ind003_F_Btk/Ind003_F_Btk_C_traInd_0034
BATAK/Ind003_F_Btk/Ind003_F_Btk_C_traInd_0035
BATAK/Ind003_F_Btk/Ind003_F_Btk_C_traInd_0036
BATAK/Ind003_F_Btk/Ind003_F_Btk_C_traInd_0037
BATAK/Ind003_F_Btk/Ind003_F_Btk_C_traInd_0038
BATAK/Ind003_F_Btk/Ind003_F_Btk_C_traInd_0039
BATAK/Ind003_F_Btk/Ind003_F_Btk_C_traInd_0040
BATAK/Ind003_F_Btk/Ind003_F_Btk_C_traInd_0041
BATAK/Ind003_F_Btk/Ind003_F_Btk_C_traInd_0042
BATAK/Ind003_F_Btk/Ind003_F_Btk_C_traInd_0043
BATAK/Ind003_F_Btk/Ind003_F_Btk_C_traInd_0044
BATAK/Ind003_F_Btk/Ind003_F_Btk_C_traInd_0045
BATAK/Ind003_F_Btk/Ind003_F_Btk_C_traInd_0046
BATAK/Ind003_F_Btk/Ind003_F_Btk_C_traInd_0047
BATAK/Ind003_F_Btk/Ind003_F_Btk_C_traInd_0048
BATAK/Ind003_F_Btk/Ind003_F_Btk_C_traInd_0049
BATAK/Ind003_F_Btk/Ind003_F_Btk_C_traInd_0050
BATAK/Ind004_M_Btk/Ind004_M_Btk_C_traInd_0001
BATAK/Ind004_M_Btk/Ind004_M_Btk_C_traInd_0002
BATAK/Ind004_M_Btk/Ind004_M_Btk_C_traInd_0003
BATAK/Ind004_M_Btk/Ind004_M_Btk_C_traInd_0004
BATAK/Ind004_M_Btk/Ind004_M_Btk_C_traInd_0005
BATAK/Ind004_M_Btk/Ind004_M_Btk_C_traInd_0006
BATAK/Ind004_M_Btk/Ind004_M_Btk_C_traInd_0007
BATAK/Ind004_M_Btk/Ind004_M_Btk_C_traInd_0008
BATAK/Ind004_M_Btk/Ind004_M_Btk_C_traInd_0009
BATAK/Ind004_M_Btk/Ind004_M_Btk_C_traInd_0010
BATAK/Ind004_M_Btk/Ind004_M_Btk_C_traInd_0011
BATAK/Ind004_M_Btk/Ind004_M_Btk_C_traInd_0012
BATAK/Ind004_M_Btk/Ind004_M_Btk_C_traInd_0013
BATAK/Ind004_M_Btk/Ind004_M_Btk_C_traInd_0014
BATAK/Ind004_M_Btk/Ind004_M_Btk_C_traInd_0015
BATAK/Ind004_M_Btk/Ind004_M_Btk_C_traInd_0016
BATAK/Ind004_M_Btk/Ind004_M_Btk_C_traInd_0017
BATAK/Ind004_M_Btk/Ind004_M_Btk_C_traInd_0018
BATAK/Ind004_M_Btk/Ind004_M_Btk_C_traInd_0019
BATAK/Ind004_M_Btk/Ind004_M_Btk_C_traInd_0020
BATAK/Ind004_M_Btk/Ind004_M_Btk_C_traInd_0021
BATAK/Ind004_M_Btk/Ind004_M_Btk_C_traInd_0022
BATAK/Ind004_M_Btk/Ind004_M_Btk_C_traInd_0023
BATAK/Ind004_M_Btk/Ind004_M_Btk_C_traInd_0024
BATAK/Ind004_M_Btk/Ind004_M_Btk_C_traInd_0025
BATAK/Ind004_M_Btk/Ind004_M_Btk_C_traInd_0026
BATAK/Ind004_M_Btk/Ind004_M_Btk_C_traInd_0027
BATAK/Ind004_M_Btk/Ind004_M_Btk_C_traInd_0028
BATAK/Ind004_M_Btk/Ind004_M_Btk_C_traInd_0029
BATAK/Ind004_M_Btk/Ind004_M_Btk_C_traInd_0030
BATAK/Ind004_M_Btk/Ind004_M_Btk_C_traInd_0031
BATAK/Ind004_M_Btk/Ind004_M_Btk_C_traInd_0032
BATAK/Ind004_M_Btk/Ind004_M_Btk_C_traInd_0033
BATAK/Ind004_M_Btk/Ind004_M_Btk_C_traInd_0034
BATAK/Ind004_M_Btk/Ind004_M_Btk_C_traInd_0035
BATAK/Ind004_M_Btk/Ind004_M_Btk_C_traInd_0036
BATAK/Ind004_M_Btk/Ind004_M_Btk_C_traInd_0037
BATAK/Ind004_M_Btk/Ind004_M_Btk_C_traInd_0038
BATAK/Ind004_M_Btk/Ind004_M_Btk_C_traInd_0039
BATAK/Ind004_M_Btk/Ind004_M_Btk_C_traInd_0040
BATAK/Ind004_M_Btk/Ind004_M_Btk_C_traInd_0041
BATAK/Ind004_M_Btk/Ind004_M_Btk_C_traInd_0042
BATAK/Ind004_M_Btk/Ind004_M_Btk_C_traInd_0043
BATAK/Ind004_M_Btk/Ind004_M_Btk_C_traInd_0044
BATAK/Ind004_M_Btk/Ind004_M_Btk_C_traInd_0045
BATAK/Ind004_M_Btk/Ind004_M_Btk_C_traInd_0046
BATAK/Ind004_M_Btk/Ind004_M_Btk_C_traInd_0047
BATAK/Ind004_M_Btk/Ind004_M_Btk_C_traInd_0048
BATAK/Ind004_M_Btk/Ind004_M_Btk_C_traInd_0049
BATAK/Ind004_M_Btk/Ind004_M_Btk_C_traInd_0050
BATAK/Ind005_F_Btk/Ind005_F_Btk_C_traInd_0001
BATAK/Ind005_F_Btk/Ind005_F_Btk_C_traInd_0002
BATAK/Ind005_F_Btk/Ind005_F_Btk_C_traInd_0003
BATAK/Ind005_F_Btk/Ind005_F_Btk_C_traInd_0004
BATAK/Ind005_F_Btk/Ind005_F_Btk_C_traInd_0005
BATAK/Ind005_F_Btk/Ind005_F_Btk_C_traInd_0006
BATAK/Ind005_F_Btk/Ind005_F_Btk_C_traInd_0007
BATAK/Ind005_F_Btk/Ind005_F_Btk_C_traInd_0008
BATAK/Ind005_F_Btk/Ind005_F_Btk_C_traInd_0009
BATAK/Ind005_F_Btk/Ind005_F_Btk_C_traInd_0010
BATAK/Ind005_F_Btk/Ind005_F_Btk_C_traInd_0011
BATAK/Ind005_F_Btk/Ind005_F_Btk_C_traInd_0012
BATAK/Ind005_F_Btk/Ind005_F_Btk_C_traInd_0013
BATAK/Ind005_F_Btk/Ind005_F_Btk_C_traInd_0014
BATAK/Ind005_F_Btk/Ind005_F_Btk_C_traInd_0015
BATAK/Ind005_F_Btk/Ind005_F_Btk_C_traInd_0016
BATAK/Ind005_F_Btk/Ind005_F_Btk_C_traInd_0017
BATAK/Ind005_F_Btk/Ind005_F_Btk_C_traInd_0018
BATAK/Ind005_F_Btk/Ind005_F_Btk_C_traInd_0019
BATAK/Ind005_F_Btk/Ind005_F_Btk_C_traInd_0020
BATAK/Ind005_F_Btk/Ind005_F_Btk_C_traInd_0021
BATAK/Ind005_F_Btk/Ind005_F_Btk_C_traInd_0022
BATAK/Ind005_F_Btk/Ind005_F_Btk_C_traInd_0023
BATAK/Ind005_F_Btk/Ind005_F_Btk_C_traInd_0024
BATAK/Ind005_F_Btk/Ind005_F_Btk_C_traInd_0025
BATAK/Ind005_F_Btk/Ind005_F_Btk_C_traInd_0026
BATAK/Ind005_F_Btk/Ind005_F_Btk_C_traInd_0027
BATAK/Ind005_F_Btk/Ind005_F_Btk_C_traInd_0028
BATAK/Ind005_F_Btk/Ind005_F_Btk_C_traInd_0029
BATAK/Ind005_F_Btk/Ind005_F_Btk_C_traInd_0030
BATAK/Ind005_F_Btk/Ind005_F_Btk_C_traInd_0031
BATAK/Ind005_F_Btk/Ind005_F_Btk_C_traInd_0032
BATAK/Ind005_F_Btk/Ind005_F_Btk_C_traInd_0033
BATAK/Ind005_F_Btk/Ind005_F_Btk_C_traInd_0034
BATAK/Ind005_F_Btk/Ind005_F_Btk_C_traInd_0035
BATAK/Ind005_F_Btk/Ind005_F_Btk_C_traInd_0036
BATAK/Ind005_F_Btk/Ind005_F_Btk_C_traInd_0037
BATAK/Ind005_F_Btk/Ind005_F_Btk_C_traInd_0038
BATAK/Ind005_F_Btk/Ind005_F_Btk_C_traInd_0039
BATAK/Ind005_F_Btk/Ind005_F_Btk_C_traInd_0040
BATAK/Ind005_F_Btk/Ind005_F_Btk_C_traInd_0041
BATAK/Ind005_F_Btk/Ind005_F_Btk_C_traInd_0042
BATAK/Ind005_F_Btk/Ind005_F_Btk_C_traInd_0043
BATAK/Ind005_F_Btk/Ind005_F_Btk_C_traInd_0044
BATAK/Ind005_F_Btk/Ind005_F_Btk_C_traInd_0045
BATAK/Ind005_F_Btk/Ind005_F_Btk_C_traInd_0046
BATAK/Ind005_F_Btk/Ind005_F_Btk_C_traInd_0047
BATAK/Ind005_F_Btk/Ind005_F_Btk_C_traInd_0048
BATAK/Ind005_F_Btk/Ind005_F_Btk_C_traInd_0049
BATAK/Ind005_F_Btk/Ind005_F_Btk_C_traInd_0050
BATAK/Ind006_M_Btk/Ind006_M_Btk_C_traInd_0001
BATAK/Ind006_M_Btk/Ind006_M_Btk_C_traInd_0002
BATAK/Ind006_M_Btk/Ind006_M_Btk_C_traInd_0003
BATAK/Ind006_M_Btk/Ind006_M_Btk_C_traInd_0004
BATAK/Ind006_M_Btk/Ind006_M_Btk_C_traInd_0005
BATAK/Ind006_M_Btk/Ind006_M_Btk_C_traInd_0006
BATAK/Ind006_M_Btk/Ind006_M_Btk_C_traInd_0007
BATAK/Ind006_M_Btk/Ind006_M_Btk_C_traInd_0008
BATAK/Ind006_M_Btk/Ind006_M_Btk_C_traInd_0009
BATAK/Ind006_M_Btk/Ind006_M_Btk_C_traInd_0010
BATAK/Ind006_M_Btk/Ind006_M_Btk_C_traInd_0011
BATAK/Ind006_M_Btk/Ind006_M_Btk_C_traInd_0012
BATAK/Ind006_M_Btk/Ind006_M_Btk_C_traInd_0013
BATAK/Ind006_M_Btk/Ind006_M_Btk_C_traInd_0014
BATAK/Ind006_M_Btk/Ind006_M_Btk_C_traInd_0015
BATAK/Ind006_M_Btk/Ind006_M_Btk_C_traInd_0016
BATAK/Ind006_M_Btk/Ind006_M_Btk_C_traInd_0017
BATAK/Ind006_M_Btk/Ind006_M_Btk_C_traInd_0018
BATAK/Ind006_M_Btk/Ind006_M_Btk_C_traInd_0019
BATAK/Ind006_M_Btk/Ind006_M_Btk_C_traInd_0020
BATAK/Ind006_M_Btk/Ind006_M_Btk_C_traInd_0021
BATAK/Ind006_M_Btk/Ind006_M_Btk_C_traInd_0022
BATAK/Ind006_M_Btk/Ind006_M_Btk_C_traInd_0023
BATAK/Ind006_M_Btk/Ind006_M_Btk_C_traInd_0024
BATAK/Ind006_M_Btk/Ind006_M_Btk_C_traInd_0025
BATAK/Ind006_M_Btk/Ind006_M_Btk_C_traInd_0026
BATAK/Ind006_M_Btk/Ind006_M_Btk_C_traInd_0027
BATAK/Ind006_M_Btk/Ind006_M_Btk_C_traInd_0028
BATAK/Ind006_M_Btk/Ind006_M_Btk_C_traInd_0029
BATAK/Ind006_M_Btk/Ind006_M_Btk_C_traInd_0030
BATAK/Ind006_M_Btk/Ind006_M_Btk_C_traInd_0031
BATAK/Ind006_M_Btk/Ind006_M_Btk_C_traInd_0032
BATAK/Ind006_M_Btk/Ind006_M_Btk_C_traInd_0033
BATAK/Ind006_M_Btk/Ind006_M_Btk_C_traInd_0034
BATAK/Ind006_M_Btk/Ind006_M_Btk_C_traInd_0035
BATAK/Ind006_M_Btk/Ind006_M_Btk_C_traInd_0036
BATAK/Ind006_M_Btk/Ind006_M_Btk_C_traInd_0037
BATAK/Ind006_M_Btk/Ind006_M_Btk_C_traInd_0038
BATAK/Ind006_M_Btk/Ind006_M_Btk_C_traInd_0039
BATAK/Ind006_M_Btk/Ind006_M_Btk_C_traInd_0040
BATAK/Ind006_M_Btk/Ind006_M_Btk_C_traInd_0041
BATAK/Ind006_M_Btk/Ind006_M_Btk_C_traInd_0042
BATAK/Ind006_M_Btk/Ind006_M_Btk_C_traInd_0043
BATAK/Ind006_M_Btk/Ind006_M_Btk_C_traInd_0044
BATAK/Ind006_M_Btk/Ind006_M_Btk_C_traInd_0045
BATAK/Ind006_M_Btk/Ind006_M_Btk_C_traInd_0046
BATAK/Ind006_M_Btk/Ind006_M_Btk_C_traInd_0047
BATAK/Ind006_M_Btk/Ind006_M_Btk_C_traInd_0048
BATAK/Ind006_M_Btk/Ind006_M_Btk_C_traInd_0049
BATAK/Ind006_M_Btk/Ind006_M_Btk_C_traInd_0050
BATAK/Ind007_F_Btk/Ind007_F_Btk_C_traInd_0001
BATAK/Ind007_F_Btk/Ind007_F_Btk_C_traInd_0002
BATAK/Ind007_F_Btk/Ind007_F_Btk_C_traInd_0003
BATAK/Ind007_F_Btk/Ind007_F_Btk_C_traInd_0004
BATAK/Ind007_F_Btk/Ind007_F_Btk_C_traInd_0005
BATAK/Ind007_F_Btk/Ind007_F_Btk_C_traInd_0006
BATAK/Ind007_F_Btk/Ind007_F_Btk_C_traInd_0007
BATAK/Ind007_F_Btk/Ind007_F_Btk_C_traInd_0008
BATAK/Ind007_F_Btk/Ind007_F_Btk_C_traInd_0009
BATAK/Ind007_F_Btk/Ind007_F_Btk_C_traInd_0010
BATAK/Ind007_F_Btk/Ind007_F_Btk_C_traInd_0011
BATAK/Ind007_F_Btk/Ind007_F_Btk_C_traInd_0012
BATAK/Ind007_F_Btk/Ind007_F_Btk_C_traInd_0013
BATAK/Ind007_F_Btk/Ind007_F_Btk_C_traInd_0014
BATAK/Ind007_F_Btk/Ind007_F_Btk_C_traInd_0015
BATAK/Ind007_F_Btk/Ind007_F_Btk_C_traInd_0016
BATAK/Ind007_F_Btk/Ind007_F_Btk_C_traInd_0017
BATAK/Ind007_F_Btk/Ind007_F_Btk_C_traInd_0018
BATAK/Ind007_F_Btk/Ind007_F_Btk_C_traInd_0019
BATAK/Ind007_F_Btk/Ind007_F_Btk_C_traInd_0020
BATAK/Ind007_F_Btk/Ind007_F_Btk_C_traInd_0021
BATAK/Ind007_F_Btk/Ind007_F_Btk_C_traInd_0022
BATAK/Ind007_F_Btk/Ind007_F_Btk_C_traInd_0023
BATAK/Ind007_F_Btk/Ind007_F_Btk_C_traInd_0024
BATAK/Ind007_F_Btk/Ind007_F_Btk_C_traInd_0025
BATAK/Ind007_F_Btk/Ind007_F_Btk_C_traInd_0026
BATAK/Ind007_F_Btk/Ind007_F_Btk_C_traInd_0027
BATAK/Ind007_F_Btk/Ind007_F_Btk_C_traInd_0028
BATAK/Ind007_F_Btk/Ind007_F_Btk_C_traInd_0029
BATAK/Ind007_F_Btk/Ind007_F_Btk_C_traInd_0030
BATAK/Ind007_F_Btk/Ind007_F_Btk_C_traInd_0031
BATAK/Ind007_F_Btk/Ind007_F_Btk_C_traInd_0032
BATAK/Ind007_F_Btk/Ind007_F_Btk_C_traInd_0033
BATAK/Ind007_F_Btk/Ind007_F_Btk_C_traInd_0034
BATAK/Ind007_F_Btk/Ind007_F_Btk_C_traInd_0035
BATAK/Ind007_F_Btk/Ind007_F_Btk_C_traInd_0036
BATAK/Ind007_F_Btk/Ind007_F_Btk_C_traInd_0037
BATAK/Ind007_F_Btk/Ind007_F_Btk_C_traInd_0038
BATAK/Ind007_F_Btk/Ind007_F_Btk_C_traInd_0039
BATAK/Ind007_F_Btk/Ind007_F_Btk_C_traInd_0040
BATAK/Ind007_F_Btk/Ind007_F_Btk_C_traInd_0041
BATAK/Ind007_F_Btk/Ind007_F_Btk_C_traInd_0042
BATAK/Ind007_F_Btk/Ind007_F_Btk_C_traInd_0043
BATAK/Ind007_F_Btk/Ind007_F_Btk_C_traInd_0044
BATAK/Ind007_F_Btk/Ind007_F_Btk_C_traInd_0045
BATAK/Ind007_F_Btk/Ind007_F_Btk_C_traInd_0046
BATAK/Ind007_F_Btk/Ind007_F_Btk_C_traInd_0047
BATAK/Ind007_F_Btk/Ind007_F_Btk_C_traInd_0048
BATAK/Ind007_F_Btk/Ind007_F_Btk_C_traInd_0049
BATAK/Ind007_F_Btk/Ind007_F_Btk_C_traInd_0050
BATAK/Ind008_M_Btk/Ind008_M_Btk_C_traInd_0001
BATAK/Ind008_M_Btk/Ind008_M_Btk_C_traInd_0002
BATAK/Ind008_M_Btk/Ind008_M_Btk_C_traInd_0003
BATAK/Ind008_M_Btk/Ind008_M_Btk_C_traInd_0004
BATAK/Ind008_M_Btk/Ind008_M_Btk_C_traInd_0005
BATAK/Ind008_M_Btk/Ind008_M_Btk_C_traInd_0006
BATAK/Ind008_M_Btk/Ind008_M_Btk_C_traInd_0007
BATAK/Ind008_M_Btk/Ind008_M_Btk_C_traInd_0008
BATAK/Ind008_M_Btk/Ind008_M_Btk_C_traInd_0009
BATAK/Ind008_M_Btk/Ind008_M_Btk_C_traInd_0010
BATAK/Ind008_M_Btk/Ind008_M_Btk_C_traInd_0011
BATAK/Ind008_M_Btk/Ind008_M_Btk_C_traInd_0012
BATAK/Ind008_M_Btk/Ind008_M_Btk_C_traInd_0013
BATAK/Ind008_M_Btk/Ind008_M_Btk_C_traInd_0014
BATAK/Ind008_M_Btk/Ind008_M_Btk_C_traInd_0015
BATAK/Ind008_M_Btk/Ind008_M_Btk_C_traInd_0016
BATAK/Ind008_M_Btk/Ind008_M_Btk_C_traInd_0017
BATAK/Ind008_M_Btk/Ind008_M_Btk_C_traInd_0018
BATAK/Ind008_M_Btk/Ind008_M_Btk_C_traInd_0019
BATAK/Ind008_M_Btk/Ind008_M_Btk_C_traInd_0020
BATAK/Ind008_M_Btk/Ind008_M_Btk_C_traInd_0021
BATAK/Ind008_M_Btk/Ind008_M_Btk_C_traInd_0022
BATAK/Ind008_M_Btk/Ind008_M_Btk_C_traInd_0023
BATAK/Ind008_M_Btk/Ind008_M_Btk_C_traInd_0024
BATAK/Ind008_M_Btk/Ind008_M_Btk_C_traInd_0025
BATAK/Ind008_M_Btk/Ind008_M_Btk_C_traInd_0026
BATAK/Ind008_M_Btk/Ind008_M_Btk_C_traInd_0027
BATAK/Ind008_M_Btk/Ind008_M_Btk_C_traInd_0028
BATAK/Ind008_M_Btk/Ind008_M_Btk_C_traInd_0029
BATAK/Ind008_M_Btk/Ind008_M_Btk_C_traInd_0030
BATAK/Ind008_M_Btk/Ind008_M_Btk_C_traInd_0031
BATAK/Ind008_M_Btk/Ind008_M_Btk_C_traInd_0032
BATAK/Ind008_M_Btk/Ind008_M_Btk_C_traInd_0033
BATAK/Ind008_M_Btk/Ind008_M_Btk_C_traInd_0034
BATAK/Ind008_M_Btk/Ind008_M_Btk_C_traInd_0035
BATAK/Ind008_M_Btk/Ind008_M_Btk_C_traInd_0036
BATAK/Ind008_M_Btk/Ind008_M_Btk_C_traInd_0037
BATAK/Ind008_M_Btk/Ind008_M_Btk_C_traInd_0038
BATAK/Ind008_M_Btk/Ind008_M_Btk_C_traInd_0039
BATAK/Ind008_M_Btk/Ind008_M_Btk_C_traInd_0040
BATAK/Ind008_M_Btk/Ind008_M_Btk_C_traInd_0041
BATAK/Ind008_M_Btk/Ind008_M_Btk_C_traInd_0042
BATAK/Ind008_M_Btk/Ind008_M_Btk_C_traInd_0043
BATAK/Ind008_M_Btk/Ind008_M_Btk_C_traInd_0044
BATAK/Ind008_M_Btk/Ind008_M_Btk_C_traInd_0045
BATAK/Ind008_M_Btk/Ind008_M_Btk_C_traInd_0046
BATAK/Ind008_M_Btk/Ind008_M_Btk_C_traInd_0047
BATAK/Ind008_M_Btk/Ind008_M_Btk_C_traInd_0048
BATAK/Ind008_M_Btk/Ind008_M_Btk_C_traInd_0049
BATAK/Ind008_M_Btk/Ind008_M_Btk_C_traInd_0050
BATAK/Ind009_F_Btk/Ind009_F_Btk_C_traInd_0001
BATAK/Ind009_F_Btk/Ind009_F_Btk_C_traInd_0002
BATAK/Ind009_F_Btk/Ind009_F_Btk_C_traInd_0003
BATAK/Ind009_F_Btk/Ind009_F_Btk_C_traInd_0004
BATAK/Ind009_F_Btk/Ind009_F_Btk_C_traInd_0005
BATAK/Ind009_F_Btk/Ind009_F_Btk_C_traInd_0006
BATAK/Ind009_F_Btk/Ind009_F_Btk_C_traInd_0007
BATAK/Ind009_F_Btk/Ind009_F_Btk_C_traInd_0008
BATAK/Ind009_F_Btk/Ind009_F_Btk_C_traInd_0009
BATAK/Ind009_F_Btk/Ind009_F_Btk_C_traInd_0010
BATAK/Ind009_F_Btk/Ind009_F_Btk_C_traInd_0011
BATAK/Ind009_F_Btk/Ind009_F_Btk_C_traInd_0012
BATAK/Ind009_F_Btk/Ind009_F_Btk_C_traInd_0013
BATAK/Ind009_F_Btk/Ind009_F_Btk_C_traInd_0014
BATAK/Ind009_F_Btk/Ind009_F_Btk_C_traInd_0015
BATAK/Ind009_F_Btk/Ind009_F_Btk_C_traInd_0016
BATAK/Ind009_F_Btk/Ind009_F_Btk_C_traInd_0017
BATAK/Ind009_F_Btk/Ind009_F_Btk_C_traInd_0018
BATAK/Ind009_F_Btk/Ind009_F_Btk_C_traInd_0019
BATAK/Ind009_F_Btk/Ind009_F_Btk_C_traInd_0020
BATAK/Ind009_F_Btk/Ind009_F_Btk_C_traInd_0021
BATAK/Ind009_F_Btk/Ind009_F_Btk_C_traInd_0022
BATAK/Ind009_F_Btk/Ind009_F_Btk_C_traInd_0023
BATAK/Ind009_F_Btk/Ind009_F_Btk_C_traInd_0024
BATAK/Ind009_F_Btk/Ind009_F_Btk_C_traInd_0025
BATAK/Ind009_F_Btk/Ind009_F_Btk_C_traInd_0026
BATAK/Ind009_F_Btk/Ind009_F_Btk_C_traInd_0027
BATAK/Ind009_F_Btk/Ind009_F_Btk_C_traInd_0028
BATAK/Ind009_F_Btk/Ind009_F_Btk_C_traInd_0029
BATAK/Ind009_F_Btk/Ind009_F_Btk_C_traInd_0030
BATAK/Ind009_F_Btk/Ind009_F_Btk_C_traInd_0031
BATAK/Ind009_F_Btk/Ind009_F_Btk_C_traInd_0032
BATAK/Ind009_F_Btk/Ind009_F_Btk_C_traInd_0033
BATAK/Ind009_F_Btk/Ind009_F_Btk_C_traInd_0034
BATAK/Ind009_F_Btk/Ind009_F_Btk_C_traInd_0035
BATAK/Ind009_F_Btk/Ind009_F_Btk_C_traInd_0036
BATAK/Ind009_F_Btk/Ind009_F_Btk_C_traInd_0037
BATAK/Ind009_F_Btk/Ind009_F_Btk_C_traInd_0038
BATAK/Ind009_F_Btk/Ind009_F_Btk_C_traInd_0039
BATAK/Ind009_F_Btk/Ind009_F_Btk_C_traInd_0040
BATAK/Ind009_F_Btk/Ind009_F_Btk_C_traInd_0041
BATAK/Ind009_F_Btk/Ind009_F_Btk_C_traInd_0042
BATAK/Ind009_F_Btk/Ind009_F_Btk_C_traInd_0043
BATAK/Ind009_F_Btk/Ind009_F_Btk_C_traInd_0044
BATAK/Ind009_F_Btk/Ind009_F_Btk_C_traInd_0045
BATAK/Ind009_F_Btk/Ind009_F_Btk_C_traInd_0046
BATAK/Ind009_F_Btk/Ind009_F_Btk_C_traInd_0047
BATAK/Ind009_F_Btk/Ind009_F_Btk_C_traInd_0048
BATAK/Ind009_F_Btk/Ind009_F_Btk_C_traInd_0049
BATAK/Ind009_F_Btk/Ind009_F_Btk_C_traInd_0050
BATAK/Ind010_M_Btk/Ind010_M_Btk_C_traInd_0001
BATAK/Ind010_M_Btk/Ind010_M_Btk_C_traInd_0002
BATAK/Ind010_M_Btk/Ind010_M_Btk_C_traInd_0003
BATAK/Ind010_M_Btk/Ind010_M_Btk_C_traInd_0004
BATAK/Ind010_M_Btk/Ind010_M_Btk_C_traInd_0005
BATAK/Ind010_M_Btk/Ind010_M_Btk_C_traInd_0006
BATAK/Ind010_M_Btk/Ind010_M_Btk_C_traInd_0007
BATAK/Ind010_M_Btk/Ind010_M_Btk_C_traInd_0008
BATAK/Ind010_M_Btk/Ind010_M_Btk_C_traInd_0009
BATAK/Ind010_M_Btk/Ind010_M_Btk_C_traInd_0010
BATAK/Ind010_M_Btk/Ind010_M_Btk_C_traInd_0011
BATAK/Ind010_M_Btk/Ind010_M_Btk_C_traInd_0012
BATAK/Ind010_M_Btk/Ind010_M_Btk_C_traInd_0013
BATAK/Ind010_M_Btk/Ind010_M_Btk_C_traInd_0014
BATAK/Ind010_M_Btk/Ind010_M_Btk_C_traInd_0015
BATAK/Ind010_M_Btk/Ind010_M_Btk_C_traInd_0016
BATAK/Ind010_M_Btk/Ind010_M_Btk_C_traInd_0017
BATAK/Ind010_M_Btk/Ind010_M_Btk_C_traInd_0018
BATAK/Ind010_M_Btk/Ind010_M_Btk_C_traInd_0019
BATAK/Ind010_M_Btk/Ind010_M_Btk_C_traInd_0020
BATAK/Ind010_M_Btk/Ind010_M_Btk_C_traInd_0021
BATAK/Ind010_M_Btk/Ind010_M_Btk_C_traInd_0022
BATAK/Ind010_M_Btk/Ind010_M_Btk_C_traInd_0023
BATAK/Ind010_M_Btk/Ind010_M_Btk_C_traInd_0024
BATAK/Ind010_M_Btk/Ind010_M_Btk_C_traInd_0025
BATAK/Ind010_M_Btk/Ind010_M_Btk_C_traInd_0026
BATAK/Ind010_M_Btk/Ind010_M_Btk_C_traInd_0027
BATAK/Ind010_M_Btk/Ind010_M_Btk_C_traInd_0028
BATAK/Ind010_M_Btk/Ind010_M_Btk_C_traInd_0029
BATAK/Ind010_M_Btk/Ind010_M_Btk_C_traInd_0030
BATAK/Ind010_M_Btk/Ind010_M_Btk_C_traInd_0031
BATAK/Ind010_M_Btk/Ind010_M_Btk_C_traInd_0032
BATAK/Ind010_M_Btk/Ind010_M_Btk_C_traInd_0033
BATAK/Ind010_M_Btk/Ind010_M_Btk_C_traInd_0034
BATAK/Ind010_M_Btk/Ind010_M_Btk_C_traInd_0035
BATAK/Ind010_M_Btk/Ind010_M_Btk_C_traInd_0036
BATAK/Ind010_M_Btk/Ind010_M_Btk_C_traInd_0037
BATAK/Ind010_M_Btk/Ind010_M_Btk_C_traInd_0038
BATAK/Ind010_M_Btk/Ind010_M_Btk_C_traInd_0039
BATAK/Ind010_M_Btk/Ind010_M_Btk_C_traInd_0040
BATAK/Ind010_M_Btk/Ind010_M_Btk_C_traInd_0041
BATAK/Ind010_M_Btk/Ind010_M_Btk_C_traInd_0042
BATAK/Ind010_M_Btk/Ind010_M_Btk_C_traInd_0043
BATAK/Ind010_M_Btk/Ind010_M_Btk_C_traInd_0044
BATAK/Ind010_M_Btk/Ind010_M_Btk_C_traInd_0045
BATAK/Ind010_M_Btk/Ind010_M_Btk_C_traInd_0046
BATAK/Ind010_M_Btk/Ind010_M_Btk_C_traInd_0047
BATAK/Ind010_M_Btk/Ind010_M_Btk_C_traInd_0048
BATAK/Ind010_M_Btk/Ind010_M_Btk_C_traInd_0049
BATAK/Ind010_M_Btk/Ind010_M_Btk_C_traInd_0050
