SUNDA/Ind001_F_Snd/Ind001_F_Snd_C_news_0001
SUNDA/Ind001_F_Snd/Ind001_F_Snd_C_news_0002
SUNDA/Ind001_F_Snd/Ind001_F_Snd_C_news_0003
SUNDA/Ind001_F_Snd/Ind001_F_Snd_C_news_0004
SUNDA/Ind001_F_Snd/Ind001_F_Snd_C_news_0005
SUNDA/Ind001_F_Snd/Ind001_F_Snd_C_news_0006
SUNDA/Ind001_F_Snd/Ind001_F_Snd_C_news_0007
SUNDA/Ind001_F_Snd/Ind001_F_Snd_C_news_0008
SUNDA/Ind001_F_Snd/Ind001_F_Snd_C_news_0009
SUNDA/Ind001_F_Snd/Ind001_F_Snd_C_news_0010
SUNDA/Ind001_F_Snd/Ind001_F_Snd_C_news_0011
SUNDA/Ind001_F_Snd/Ind001_F_Snd_C_news_0012
SUNDA/Ind001_F_Snd/Ind001_F_Snd_C_news_0013
SUNDA/Ind001_F_Snd/Ind001_F_Snd_C_news_0014
SUNDA/Ind001_F_Snd/Ind001_F_Snd_C_news_0015
SUNDA/Ind001_F_Snd/Ind001_F_Snd_C_news_0016
SUNDA/Ind001_F_Snd/Ind001_F_Snd_C_news_0017
SUNDA/Ind001_F_Snd/Ind001_F_Snd_C_news_0018
SUNDA/Ind001_F_Snd/Ind001_F_Snd_C_news_0019
SUNDA/Ind001_F_Snd/Ind001_F_Snd_C_news_0020
SUNDA/Ind001_F_Snd/Ind001_F_Snd_C_news_0021
SUNDA/Ind001_F_Snd/Ind001_F_Snd_C_news_0022
SUNDA/Ind001_F_Snd/Ind001_F_Snd_C_news_0023
SUNDA/Ind001_F_Snd/Ind001_F_Snd_C_news_0024
SUNDA/Ind001_F_Snd/Ind001_F_Snd_C_news_0025
SUNDA/Ind001_F_Snd/Ind001_F_Snd_C_news_0026
SUNDA/Ind001_F_Snd/Ind001_F_Snd_C_news_0027
SUNDA/Ind001_F_Snd/Ind001_F_Snd_C_news_0028
SUNDA/Ind001_F_Snd/Ind001_F_Snd_C_news_0029
SUNDA/Ind001_F_Snd/Ind001_F_Snd_C_news_0030
SUNDA/Ind001_F_Snd/Ind001_F_Snd_C_news_0031
SUNDA/Ind001_F_Snd/Ind001_F_Snd_C_news_0032
SUNDA/Ind001_F_Snd/Ind001_F_Snd_C_news_0033
SUNDA/Ind001_F_Snd/Ind001_F_Snd_C_news_0034
SUNDA/Ind001_F_Snd/Ind001_F_Snd_C_news_0035
SUNDA/Ind001_F_Snd/Ind001_F_Snd_C_news_0036
SUNDA/Ind001_F_Snd/Ind001_F_Snd_C_news_0037
SUNDA/Ind001_F_Snd/Ind001_F_Snd_C_news_0038
SUNDA/Ind001_F_Snd/Ind001_F_Snd_C_news_0039
SUNDA/Ind001_F_Snd/Ind001_F_Snd_C_news_0040
SUNDA/Ind001_F_Snd/Ind001_F_Snd_C_news_0041
SUNDA/Ind001_F_Snd/Ind001_F_Snd_C_news_0042
SUNDA/Ind001_F_Snd/Ind001_F_Snd_C_news_0043
SUNDA/Ind001_F_Snd/Ind001_F_Snd_C_news_0044
SUNDA/Ind001_F_Snd/Ind001_F_Snd_C_news_0045
SUNDA/Ind001_F_Snd/Ind001_F_Snd_C_news_0046
SUNDA/Ind001_F_Snd/Ind001_F_Snd_C_news_0047
SUNDA/Ind001_F_Snd/Ind001_F_Snd_C_news_0048
SUNDA/Ind001_F_Snd/Ind001_F_Snd_C_news_0049
SUNDA/Ind001_F_Snd/Ind001_F_Snd_C_news_0050
SUNDA/Ind001_F_Snd/Ind001_F_Snd_C_news_0051
SUNDA/Ind001_F_Snd/Ind001_F_Snd_C_news_0052
SUNDA/Ind001_F_Snd/Ind001_F_Snd_C_news_0053
SUNDA/Ind001_F_Snd/Ind001_F_Snd_C_news_0054
SUNDA/Ind001_F_Snd/Ind001_F_Snd_C_news_0055
SUNDA/Ind001_F_Snd/Ind001_F_Snd_C_news_0056
SUNDA/Ind001_F_Snd/Ind001_F_Snd_C_news_0057
SUNDA/Ind001_F_Snd/Ind001_F_Snd_C_news_0058
SUNDA/Ind001_F_Snd/Ind001_F_Snd_C_news_0059
SUNDA/Ind001_F_Snd/Ind001_F_Snd_C_news_0060
SUNDA/Ind001_F_Snd/Ind001_F_Snd_C_news_0061
SUNDA/Ind001_F_Snd/Ind001_F_Snd_C_news_0062
SUNDA/Ind001_F_Snd/Ind001_F_Snd_C_news_0063
SUNDA/Ind001_F_Snd/Ind001_F_Snd_C_news_0064
SUNDA/Ind001_F_Snd/Ind001_F_Snd_C_news_0065
SUNDA/Ind001_F_Snd/Ind001_F_Snd_C_news_0066
SUNDA/Ind001_F_Snd/Ind001_F_Snd_C_news_0067
SUNDA/Ind001_F_Snd/Ind001_F_Snd_C_news_0068
SUNDA/Ind001_F_Snd/Ind001_F_Snd_C_news_0069
SUNDA/Ind001_F_Snd/Ind001_F_Snd_C_news_0070
SUNDA/Ind001_F_Snd/Ind001_F_Snd_C_news_0071
SUNDA/Ind001_F_Snd/Ind001_F_Snd_C_news_0072
SUNDA/Ind001_F_Snd/Ind001_F_Snd_C_news_0073
SUNDA/Ind001_F_Snd/Ind001_F_Snd_C_news_0074
SUNDA/Ind001_F_Snd/Ind001_F_Snd_C_news_0075
SUNDA/Ind001_F_Snd/Ind001_F_Snd_C_news_0076
SUNDA/Ind001_F_Snd/Ind001_F_Snd_C_news_0077
SUNDA/Ind001_F_Snd/Ind001_F_Snd_C_news_0078
SUNDA/Ind001_F_Snd/Ind001_F_Snd_C_news_0079
SUNDA/Ind001_F_Snd/Ind001_F_Snd_C_news_0080
SUNDA/Ind001_F_Snd/Ind001_F_Snd_C_news_0081
SUNDA/Ind001_F_Snd/Ind001_F_Snd_C_news_0082
SUNDA/Ind001_F_Snd/Ind001_F_Snd_C_news_0083
SUNDA/Ind001_F_Snd/Ind001_F_Snd_C_news_0084
SUNDA/Ind001_F_Snd/Ind001_F_Snd_C_news_0085
SUNDA/Ind001_F_Snd/Ind001_F_Snd_C_news_0086
SUNDA/Ind001_F_Snd/Ind001_F_Snd_C_news_0087
SUNDA/Ind001_F_Snd/Ind001_F_Snd_C_news_0088
SUNDA/Ind001_F_Snd/Ind001_F_Snd_C_news_0089
SUNDA/Ind001_F_Snd/Ind001_F_Snd_C_news_0090
SUNDA/Ind001_F_Snd/Ind001_F_Snd_C_news_0091
SUNDA/Ind001_F_Snd/Ind001_F_Snd_C_news_0092
SUNDA/Ind001_F_Snd/Ind001_F_Snd_C_news_0093
SUNDA/Ind001_F_Snd/Ind001_F_Snd_C_news_0094
SUNDA/Ind001_F_Snd/Ind001_F_Snd_C_news_0095
SUNDA/Ind001_F_Snd/Ind001_F_Snd_C_news_0096
SUNDA/Ind001_F_Snd/Ind001_F_Snd_C_news_0097
SUNDA/Ind001_F_Snd/Ind001_F_Snd_C_news_0098
SUNDA/Ind001_F_Snd/Ind001_F_Snd_C_news_0099
SUNDA/Ind001_F_Snd/Ind001_F_Snd_C_news_0100
SUNDA/Ind001_F_Snd/Ind001_F_Snd_C_news_0101
SUNDA/Ind001_F_Snd/Ind001_F_Snd_C_news_0102
SUNDA/Ind001_F_Snd/Ind001_F_Snd_C_news_0103
SUNDA/Ind001_F_Snd/Ind001_F_Snd_C_news_0104
SUNDA/Ind001_F_Snd/Ind001_F_Snd_C_news_0105
SUNDA/Ind001_F_Snd/Ind001_F_Snd_C_news_0106
SUNDA/Ind001_F_Snd/Ind001_F_Snd_C_news_0107
SUNDA/Ind001_F_Snd/Ind001_F_Snd_C_news_0108
SUNDA/Ind001_F_Snd/Ind001_F_Snd_C_news_0109
SUNDA/Ind001_F_Snd/Ind001_F_Snd_C_news_0110
SUNDA/Ind001_F_Snd/Ind001_F_Snd_C_news_0111
SUNDA/Ind001_F_Snd/Ind001_F_Snd_C_news_0112
SUNDA/Ind001_F_Snd/Ind001_F_Snd_C_news_0113
SUNDA/Ind001_F_Snd/Ind001_F_Snd_C_news_0114
SUNDA/Ind001_F_Snd/Ind001_F_Snd_C_news_0115
SUNDA/Ind001_F_Snd/Ind001_F_Snd_C_news_0116
SUNDA/Ind001_F_Snd/Ind001_F_Snd_C_news_0117
SUNDA/Ind001_F_Snd/Ind001_F_Snd_C_news_0118
SUNDA/Ind001_F_Snd/Ind001_F_Snd_C_news_0119
SUNDA/Ind001_F_Snd/Ind001_F_Snd_C_news_0120
SUNDA/Ind001_F_Snd/Ind001_F_Snd_C_news_0121
SUNDA/Ind001_F_Snd/Ind001_F_Snd_C_news_0122
SUNDA/Ind001_F_Snd/Ind001_F_Snd_C_news_0123
SUNDA/Ind001_F_Snd/Ind001_F_Snd_C_news_0124
SUNDA/Ind001_F_Snd/Ind001_F_Snd_C_news_0125
SUNDA/Ind001_F_Snd/Ind001_F_Snd_C_news_0126
SUNDA/Ind001_F_Snd/Ind001_F_Snd_C_news_0127
SUNDA/Ind001_F_Snd/Ind001_F_Snd_C_news_0128
SUNDA/Ind001_F_Snd/Ind001_F_Snd_C_news_0129
SUNDA/Ind001_F_Snd/Ind001_F_Snd_C_news_0130
SUNDA/Ind001_F_Snd/Ind001_F_Snd_C_news_0131
SUNDA/Ind001_F_Snd/Ind001_F_Snd_C_news_0132
SUNDA/Ind001_F_Snd/Ind001_F_Snd_C_news_0133
SUNDA/Ind001_F_Snd/Ind001_F_Snd_C_news_0134
SUNDA/Ind001_F_Snd/Ind001_F_Snd_C_news_0135
SUNDA/Ind001_F_Snd/Ind001_F_Snd_C_news_0136
SUNDA/Ind001_F_Snd/Ind001_F_Snd_C_news_0137
SUNDA/Ind001_F_Snd/Ind001_F_Snd_C_news_0138
SUNDA/Ind001_F_Snd/Ind001_F_Snd_C_news_0139
SUNDA/Ind001_F_Snd/Ind001_F_Snd_C_news_0140
SUNDA/Ind001_F_Snd/Ind001_F_Snd_C_news_0141
SUNDA/Ind001_F_Snd/Ind001_F_Snd_C_news_0142
SUNDA/Ind001_F_Snd/Ind001_F_Snd_C_news_0143
SUNDA/Ind001_F_Snd/Ind001_F_Snd_C_news_0144
SUNDA/Ind001_F_Snd/Ind001_F_Snd_C_news_0145
SUNDA/Ind001_F_Snd/Ind001_F_Snd_C_news_0146
SUNDA/Ind001_F_Snd/Ind001_F_Snd_C_news_0147
SUNDA/Ind001_F_Snd/Ind001_F_Snd_C_news_0148
SUNDA/Ind001_F_Snd/Ind001_F_Snd_C_news_0149
SUNDA/Ind001_F_Snd/Ind001_F_Snd_C_news_0150
SUNDA/Ind001_F_Snd/Ind001_F_Snd_C_news_0151
SUNDA/Ind001_F_Snd/Ind001_F_Snd_C_news_0152
SUNDA/Ind001_F_Snd/Ind001_F_Snd_C_news_0153
SUNDA/Ind001_F_Snd/Ind001_F_Snd_C_news_0154
SUNDA/Ind001_F_Snd/Ind001_F_Snd_C_news_0155
SUNDA/Ind001_F_Snd/Ind001_F_Snd_C_news_0156
SUNDA/Ind001_F_Snd/Ind001_F_Snd_C_news_0157
SUNDA/Ind001_F_Snd/Ind001_F_Snd_C_news_0158
SUNDA/Ind001_F_Snd/Ind001_F_Snd_C_news_0159
SUNDA/Ind001_F_Snd/Ind001_F_Snd_C_news_0160
SUNDA/Ind001_F_Snd/Ind001_F_Snd_C_news_0161
SUNDA/Ind001_F_Snd/Ind001_F_Snd_C_news_0162
SUNDA/Ind001_F_Snd/Ind001_F_Snd_C_news_0163
SUNDA/Ind001_F_Snd/Ind001_F_Snd_C_news_0164
SUNDA/Ind001_F_Snd/Ind001_F_Snd_C_news_0165
SUNDA/Ind001_F_Snd/Ind001_F_Snd_C_news_0166
SUNDA/Ind001_F_Snd/Ind001_F_Snd_C_news_0167
SUNDA/Ind001_F_Snd/Ind001_F_Snd_C_news_0168
SUNDA/Ind001_F_Snd/Ind001_F_Snd_C_news_0169
SUNDA/Ind001_F_Snd/Ind001_F_Snd_C_news_0170
SUNDA/Ind001_F_Snd/Ind001_F_Snd_C_news_0171
SUNDA/Ind001_F_Snd/Ind001_F_Snd_C_news_0172
SUNDA/Ind001_F_Snd/Ind001_F_Snd_C_news_0173
SUNDA/Ind001_F_Snd/Ind001_F_Snd_C_news_0174
SUNDA/Ind001_F_Snd/Ind001_F_Snd_C_news_0175
SUNDA/Ind001_F_Snd/Ind001_F_Snd_C_news_0176
SUNDA/Ind001_F_Snd/Ind001_F_Snd_C_news_0177
SUNDA/Ind001_F_Snd/Ind001_F_Snd_C_news_0178
SUNDA/Ind001_F_Snd/Ind001_F_Snd_C_news_0179
SUNDA/Ind001_F_Snd/Ind001_F_Snd_C_news_0180
SUNDA/Ind001_F_Snd/Ind001_F_Snd_C_news_0181
SUNDA/Ind001_F_Snd/Ind001_F_Snd_C_news_0182
SUNDA/Ind001_F_Snd/Ind001_F_Snd_C_news_0183
SUNDA/Ind001_F_Snd/Ind001_F_Snd_C_news_0184
SUNDA/Ind001_F_Snd/Ind001_F_Snd_C_news_0185
SUNDA/Ind001_F_Snd/Ind001_F_Snd_C_news_0186
SUNDA/Ind001_F_Snd/Ind001_F_Snd_C_news_0187
SUNDA/Ind001_F_Snd/Ind001_F_Snd_C_news_0188
SUNDA/Ind001_F_Snd/Ind001_F_Snd_C_news_0189
SUNDA/Ind001_F_Snd/Ind001_F_Snd_C_news_0190
SUNDA/Ind001_F_Snd/Ind001_F_Snd_C_news_0191
SUNDA/Ind001_F_Snd/Ind001_F_Snd_C_news_0192
SUNDA/Ind001_F_Snd/Ind001_F_Snd_C_news_0193
SUNDA/Ind001_F_Snd/Ind001_F_Snd_C_news_0194
SUNDA/Ind001_F_Snd/Ind001_F_Snd_C_news_0195
SUNDA/Ind001_F_Snd/Ind001_F_Snd_C_news_0196
SUNDA/Ind001_F_Snd/Ind001_F_Snd_C_news_0197
SUNDA/Ind001_F_Snd/Ind001_F_Snd_C_news_0198
SUNDA/Ind001_F_Snd/Ind001_F_Snd_C_news_0199
SUNDA/Ind001_F_Snd/Ind001_F_Snd_C_news_0200
SUNDA/Ind002_M_Snd/Ind002_M_Snd_C_news_0001
SUNDA/Ind002_M_Snd/Ind002_M_Snd_C_news_0002
SUNDA/Ind002_M_Snd/Ind002_M_Snd_C_news_0003
SUNDA/Ind002_M_Snd/Ind002_M_Snd_C_news_0004
SUNDA/Ind002_M_Snd/Ind002_M_Snd_C_news_0005
SUNDA/Ind002_M_Snd/Ind002_M_Snd_C_news_0006
SUNDA/Ind002_M_Snd/Ind002_M_Snd_C_news_0007
SUNDA/Ind002_M_Snd/Ind002_M_Snd_C_news_0008
SUNDA/Ind002_M_Snd/Ind002_M_Snd_C_news_0009
SUNDA/Ind002_M_Snd/Ind002_M_Snd_C_news_0010
SUNDA/Ind002_M_Snd/Ind002_M_Snd_C_news_0011
SUNDA/Ind002_M_Snd/Ind002_M_Snd_C_news_0012
SUNDA/Ind002_M_Snd/Ind002_M_Snd_C_news_0013
SUNDA/Ind002_M_Snd/Ind002_M_Snd_C_news_0014
SUNDA/Ind002_M_Snd/Ind002_M_Snd_C_news_0015
SUNDA/Ind002_M_Snd/Ind002_M_Snd_C_news_0016
SUNDA/Ind002_M_Snd/Ind002_M_Snd_C_news_0017
SUNDA/Ind002_M_Snd/Ind002_M_Snd_C_news_0018
SUNDA/Ind002_M_Snd/Ind002_M_Snd_C_news_0019
SUNDA/Ind002_M_Snd/Ind002_M_Snd_C_news_0020
SUNDA/Ind002_M_Snd/Ind002_M_Snd_C_news_0021
SUNDA/Ind002_M_Snd/Ind002_M_Snd_C_news_0022
SUNDA/Ind002_M_Snd/Ind002_M_Snd_C_news_0023
SUNDA/Ind002_M_Snd/Ind002_M_Snd_C_news_0024
SUNDA/Ind002_M_Snd/Ind002_M_Snd_C_news_0025
SUNDA/Ind002_M_Snd/Ind002_M_Snd_C_news_0026
SUNDA/Ind002_M_Snd/Ind002_M_Snd_C_news_0027
SUNDA/Ind002_M_Snd/Ind002_M_Snd_C_news_0028
SUNDA/Ind002_M_Snd/Ind002_M_Snd_C_news_0029
SUNDA/Ind002_M_Snd/Ind002_M_Snd_C_news_0030
SUNDA/Ind002_M_Snd/Ind002_M_Snd_C_news_0031
SUNDA/Ind002_M_Snd/Ind002_M_Snd_C_news_0032
SUNDA/Ind002_M_Snd/Ind002_M_Snd_C_news_0033
SUNDA/Ind002_M_Snd/Ind002_M_Snd_C_news_0034
SUNDA/Ind002_M_Snd/Ind002_M_Snd_C_news_0035
SUNDA/Ind002_M_Snd/Ind002_M_Snd_C_news_0036
SUNDA/Ind002_M_Snd/Ind002_M_Snd_C_news_0037
SUNDA/Ind002_M_Snd/Ind002_M_Snd_C_news_0038
SUNDA/Ind002_M_Snd/Ind002_M_Snd_C_news_0039
SUNDA/Ind002_M_Snd/Ind002_M_Snd_C_news_0040
SUNDA/Ind002_M_Snd/Ind002_M_Snd_C_news_0041
SUNDA/Ind002_M_Snd/Ind002_M_Snd_C_news_0042
SUNDA/Ind002_M_Snd/Ind002_M_Snd_C_news_0043
SUNDA/Ind002_M_Snd/Ind002_M_Snd_C_news_0044
SUNDA/Ind002_M_Snd/Ind002_M_Snd_C_news_0045
SUNDA/Ind002_M_Snd/Ind002_M_Snd_C_news_0046
SUNDA/Ind002_M_Snd/Ind002_M_Snd_C_news_0047
SUNDA/Ind002_M_Snd/Ind002_M_Snd_C_news_0048
SUNDA/Ind002_M_Snd/Ind002_M_Snd_C_news_0049
SUNDA/Ind002_M_Snd/Ind002_M_Snd_C_news_0050
SUNDA/Ind002_M_Snd/Ind002_M_Snd_C_news_0051
SUNDA/Ind002_M_Snd/Ind002_M_Snd_C_news_0052
SUNDA/Ind002_M_Snd/Ind002_M_Snd_C_news_0053
SUNDA/Ind002_M_Snd/Ind002_M_Snd_C_news_0054
SUNDA/Ind002_M_Snd/Ind002_M_Snd_C_news_0055
SUNDA/Ind002_M_Snd/Ind002_M_Snd_C_news_0056
SUNDA/Ind002_M_Snd/Ind002_M_Snd_C_news_0057
SUNDA/Ind002_M_Snd/Ind002_M_Snd_C_news_0058
SUNDA/Ind002_M_Snd/Ind002_M_Snd_C_news_0059
SUNDA/Ind002_M_Snd/Ind002_M_Snd_C_news_0060
SUNDA/Ind002_M_Snd/Ind002_M_Snd_C_news_0061
SUNDA/Ind002_M_Snd/Ind002_M_Snd_C_news_0062
SUNDA/Ind002_M_Snd/Ind002_M_Snd_C_news_0063
SUNDA/Ind002_M_Snd/Ind002_M_Snd_C_news_0064
SUNDA/Ind002_M_Snd/Ind002_M_Snd_C_news_0065
SUNDA/Ind002_M_Snd/Ind002_M_Snd_C_news_0066
SUNDA/Ind002_M_Snd/Ind002_M_Snd_C_news_0067
SUNDA/Ind002_M_Snd/Ind002_M_Snd_C_news_0068
SUNDA/Ind002_M_Snd/Ind002_M_Snd_C_news_0069
SUNDA/Ind002_M_Snd/Ind002_M_Snd_C_news_0070
SUNDA/Ind002_M_Snd/Ind002_M_Snd_C_news_0071
SUNDA/Ind002_M_Snd/Ind002_M_Snd_C_news_0072
SUNDA/Ind002_M_Snd/Ind002_M_Snd_C_news_0073
SUNDA/Ind002_M_Snd/Ind002_M_Snd_C_news_0074
SUNDA/Ind002_M_Snd/Ind002_M_Snd_C_news_0075
SUNDA/Ind002_M_Snd/Ind002_M_Snd_C_news_0076
SUNDA/Ind002_M_Snd/Ind002_M_Snd_C_news_0077
SUNDA/Ind002_M_Snd/Ind002_M_Snd_C_news_0078
SUNDA/Ind002_M_Snd/Ind002_M_Snd_C_news_0079
SUNDA/Ind002_M_Snd/Ind002_M_Snd_C_news_0080
SUNDA/Ind002_M_Snd/Ind002_M_Snd_C_news_0081
SUNDA/Ind002_M_Snd/Ind002_M_Snd_C_news_0082
SUNDA/Ind002_M_Snd/Ind002_M_Snd_C_news_0083
SUNDA/Ind002_M_Snd/Ind002_M_Snd_C_news_0084
SUNDA/Ind002_M_Snd/Ind002_M_Snd_C_news_0085
SUNDA/Ind002_M_Snd/Ind002_M_Snd_C_news_0086
SUNDA/Ind002_M_Snd/Ind002_M_Snd_C_news_0087
SUNDA/Ind002_M_Snd/Ind002_M_Snd_C_news_0088
SUNDA/Ind002_M_Snd/Ind002_M_Snd_C_news_0089
SUNDA/Ind002_M_Snd/Ind002_M_Snd_C_news_0090
SUNDA/Ind002_M_Snd/Ind002_M_Snd_C_news_0091
SUNDA/Ind002_M_Snd/Ind002_M_Snd_C_news_0092
SUNDA/Ind002_M_Snd/Ind002_M_Snd_C_news_0093
SUNDA/Ind002_M_Snd/Ind002_M_Snd_C_news_0094
SUNDA/Ind002_M_Snd/Ind002_M_Snd_C_news_0095
SUNDA/Ind002_M_Snd/Ind002_M_Snd_C_news_0096
SUNDA/Ind002_M_Snd/Ind002_M_Snd_C_news_0097
SUNDA/Ind002_M_Snd/Ind002_M_Snd_C_news_0098
SUNDA/Ind002_M_Snd/Ind002_M_Snd_C_news_0099
SUNDA/Ind002_M_Snd/Ind002_M_Snd_C_news_0100
SUNDA/Ind002_M_Snd/Ind002_M_Snd_C_news_0101
SUNDA/Ind002_M_Snd/Ind002_M_Snd_C_news_0102
SUNDA/Ind002_M_Snd/Ind002_M_Snd_C_news_0103
SUNDA/Ind002_M_Snd/Ind002_M_Snd_C_news_0104
SUNDA/Ind002_M_Snd/Ind002_M_Snd_C_news_0105
SUNDA/Ind002_M_Snd/Ind002_M_Snd_C_news_0106
SUNDA/Ind002_M_Snd/Ind002_M_Snd_C_news_0107
SUNDA/Ind002_M_Snd/Ind002_M_Snd_C_news_0108
SUNDA/Ind002_M_Snd/Ind002_M_Snd_C_news_0109
SUNDA/Ind002_M_Snd/Ind002_M_Snd_C_news_0110
SUNDA/Ind002_M_Snd/Ind002_M_Snd_C_news_0111
SUNDA/Ind002_M_Snd/Ind002_M_Snd_C_news_0112
SUNDA/Ind002_M_Snd/Ind002_M_Snd_C_news_0113
SUNDA/Ind002_M_Snd/Ind002_M_Snd_C_news_0114
SUNDA/Ind002_M_Snd/Ind002_M_Snd_C_news_0115
SUNDA/Ind002_M_Snd/Ind002_M_Snd_C_news_0116
SUNDA/Ind002_M_Snd/Ind002_M_Snd_C_news_0117
SUNDA/Ind002_M_Snd/Ind002_M_Snd_C_news_0118
SUNDA/Ind002_M_Snd/Ind002_M_Snd_C_news_0119
SUNDA/Ind002_M_Snd/Ind002_M_Snd_C_news_0120
SUNDA/Ind002_M_Snd/Ind002_M_Snd_C_news_0121
SUNDA/Ind002_M_Snd/Ind002_M_Snd_C_news_0122
SUNDA/Ind002_M_Snd/Ind002_M_Snd_C_news_0123
SUNDA/Ind002_M_Snd/Ind002_M_Snd_C_news_0124
SUNDA/Ind002_M_Snd/Ind002_M_Snd_C_news_0125
SUNDA/Ind002_M_Snd/Ind002_M_Snd_C_news_0126
SUNDA/Ind002_M_Snd/Ind002_M_Snd_C_news_0127
SUNDA/Ind002_M_Snd/Ind002_M_Snd_C_news_0128
SUNDA/Ind002_M_Snd/Ind002_M_Snd_C_news_0129
SUNDA/Ind002_M_Snd/Ind002_M_Snd_C_news_0130
SUNDA/Ind002_M_Snd/Ind002_M_Snd_C_news_0131
SUNDA/Ind002_M_Snd/Ind002_M_Snd_C_news_0132
SUNDA/Ind002_M_Snd/Ind002_M_Snd_C_news_0133
SUNDA/Ind002_M_Snd/Ind002_M_Snd_C_news_0134
SUNDA/Ind002_M_Snd/Ind002_M_Snd_C_news_0135
SUNDA/Ind002_M_Snd/Ind002_M_Snd_C_news_0136
SUNDA/Ind002_M_Snd/Ind002_M_Snd_C_news_0137
SUNDA/Ind002_M_Snd/Ind002_M_Snd_C_news_0138
SUNDA/Ind002_M_Snd/Ind002_M_Snd_C_news_0139
SUNDA/Ind002_M_Snd/Ind002_M_Snd_C_news_0140
SUNDA/Ind002_M_Snd/Ind002_M_Snd_C_news_0141
SUNDA/Ind002_M_Snd/Ind002_M_Snd_C_news_0142
SUNDA/Ind002_M_Snd/Ind002_M_Snd_C_news_0143
SUNDA/Ind002_M_Snd/Ind002_M_Snd_C_news_0144
SUNDA/Ind002_M_Snd/Ind002_M_Snd_C_news_0145
SUNDA/Ind002_M_Snd/Ind002_M_Snd_C_news_0146
SUNDA/Ind002_M_Snd/Ind002_M_Snd_C_news_0147
SUNDA/Ind002_M_Snd/Ind002_M_Snd_C_news_0148
SUNDA/Ind002_M_Snd/Ind002_M_Snd_C_news_0149
SUNDA/Ind002_M_Snd/Ind002_M_Snd_C_news_0150
SUNDA/Ind002_M_Snd/Ind002_M_Snd_C_news_0151
SUNDA/Ind002_M_Snd/Ind002_M_Snd_C_news_0152
SUNDA/Ind002_M_Snd/Ind002_M_Snd_C_news_0153
SUNDA/Ind002_M_Snd/Ind002_M_Snd_C_news_0154
SUNDA/Ind002_M_Snd/Ind002_M_Snd_C_news_0155
SUNDA/Ind002_M_Snd/Ind002_M_Snd_C_news_0156
SUNDA/Ind002_M_Snd/Ind002_M_Snd_C_news_0157
SUNDA/Ind002_M_Snd/Ind002_M_Snd_C_news_0158
SUNDA/Ind002_M_Snd/Ind002_M_Snd_C_news_0159
SUNDA/Ind002_M_Snd/Ind002_M_Snd_C_news_0160
SUNDA/Ind002_M_Snd/Ind002_M_Snd_C_news_0161
SUNDA/Ind002_M_Snd/Ind002_M_Snd_C_news_0162
SUNDA/Ind002_M_Snd/Ind002_M_Snd_C_news_0163
SUNDA/Ind002_M_Snd/Ind002_M_Snd_C_news_0164
SUNDA/Ind002_M_Snd/Ind002_M_Snd_C_news_0165
SUNDA/Ind002_M_Snd/Ind002_M_Snd_C_news_0166
SUNDA/Ind002_M_Snd/Ind002_M_Snd_C_news_0167
SUNDA/Ind002_M_Snd/Ind002_M_Snd_C_news_0168
SUNDA/Ind002_M_Snd/Ind002_M_Snd_C_news_0169
SUNDA/Ind002_M_Snd/Ind002_M_Snd_C_news_0170
SUNDA/Ind002_M_Snd/Ind002_M_Snd_C_news_0171
SUNDA/Ind002_M_Snd/Ind002_M_Snd_C_news_0172
SUNDA/Ind002_M_Snd/Ind002_M_Snd_C_news_0173
SUNDA/Ind002_M_Snd/Ind002_M_Snd_C_news_0174
SUNDA/Ind002_M_Snd/Ind002_M_Snd_C_news_0175
SUNDA/Ind002_M_Snd/Ind002_M_Snd_C_news_0176
SUNDA/Ind002_M_Snd/Ind002_M_Snd_C_news_0177
SUNDA/Ind002_M_Snd/Ind002_M_Snd_C_news_0178
SUNDA/Ind002_M_Snd/Ind002_M_Snd_C_news_0179
SUNDA/Ind002_M_Snd/Ind002_M_Snd_C_news_0180
SUNDA/Ind002_M_Snd/Ind002_M_Snd_C_news_0181
SUNDA/Ind002_M_Snd/Ind002_M_Snd_C_news_0182
SUNDA/Ind002_M_Snd/Ind002_M_Snd_C_news_0183
SUNDA/Ind002_M_Snd/Ind002_M_Snd_C_news_0184
SUNDA/Ind002_M_Snd/Ind002_M_Snd_C_news_0185
SUNDA/Ind002_M_Snd/Ind002_M_Snd_C_news_0186
SUNDA/Ind002_M_Snd/Ind002_M_Snd_C_news_0187
SUNDA/Ind002_M_Snd/Ind002_M_Snd_C_news_0188
SUNDA/Ind002_M_Snd/Ind002_M_Snd_C_news_0189
SUNDA/Ind002_M_Snd/Ind002_M_Snd_C_news_0190
SUNDA/Ind002_M_Snd/Ind002_M_Snd_C_news_0191
SUNDA/Ind002_M_Snd/Ind002_M_Snd_C_news_0192
SUNDA/Ind002_M_Snd/Ind002_M_Snd_C_news_0193
SUNDA/Ind002_M_Snd/Ind002_M_Snd_C_news_0194
SUNDA/Ind002_M_Snd/Ind002_M_Snd_C_news_0195
SUNDA/Ind002_M_Snd/Ind002_M_Snd_C_news_0196
SUNDA/Ind002_M_Snd/Ind002_M_Snd_C_news_0197
SUNDA/Ind002_M_Snd/Ind002_M_Snd_C_news_0198
SUNDA/Ind002_M_Snd/Ind002_M_Snd_C_news_0199
SUNDA/Ind002_M_Snd/Ind002_M_Snd_C_news_0200
SUNDA/Ind003_F_Snd/Ind003_F_Snd_C_news_0001
SUNDA/Ind003_F_Snd/Ind003_F_Snd_C_news_0002
SUNDA/Ind003_F_Snd/Ind003_F_Snd_C_news_0003
SUNDA/Ind003_F_Snd/Ind003_F_Snd_C_news_0004
SUNDA/Ind003_F_Snd/Ind003_F_Snd_C_news_0005
SUNDA/Ind003_F_Snd/Ind003_F_Snd_C_news_0006
SUNDA/Ind003_F_Snd/Ind003_F_Snd_C_news_0007
SUNDA/Ind003_F_Snd/Ind003_F_Snd_C_news_0008
SUNDA/Ind003_F_Snd/Ind003_F_Snd_C_news_0009
SUNDA/Ind003_F_Snd/Ind003_F_Snd_C_news_0010
SUNDA/Ind003_F_Snd/Ind003_F_Snd_C_news_0011
SUNDA/Ind003_F_Snd/Ind003_F_Snd_C_news_0012
SUNDA/Ind003_F_Snd/Ind003_F_Snd_C_news_0013
SUNDA/Ind003_F_Snd/Ind003_F_Snd_C_news_0014
SUNDA/Ind003_F_Snd/Ind003_F_Snd_C_news_0015
SUNDA/Ind003_F_Snd/Ind003_F_Snd_C_news_0016
SUNDA/Ind003_F_Snd/Ind003_F_Snd_C_news_0017
SUNDA/Ind003_F_Snd/Ind003_F_Snd_C_news_0018
SUNDA/Ind003_F_Snd/Ind003_F_Snd_C_news_0019
SUNDA/Ind003_F_Snd/Ind003_F_Snd_C_news_0020
SUNDA/Ind003_F_Snd/Ind003_F_Snd_C_news_0021
SUNDA/Ind003_F_Snd/Ind003_F_Snd_C_news_0022
SUNDA/Ind003_F_Snd/Ind003_F_Snd_C_news_0023
SUNDA/Ind003_F_Snd/Ind003_F_Snd_C_news_0024
SUNDA/Ind003_F_Snd/Ind003_F_Snd_C_news_0025
SUNDA/Ind003_F_Snd/Ind003_F_Snd_C_news_0026
SUNDA/Ind003_F_Snd/Ind003_F_Snd_C_news_0027
SUNDA/Ind003_F_Snd/Ind003_F_Snd_C_news_0028
SUNDA/Ind003_F_Snd/Ind003_F_Snd_C_news_0029
SUNDA/Ind003_F_Snd/Ind003_F_Snd_C_news_0030
SUNDA/Ind003_F_Snd/Ind003_F_Snd_C_news_0031
SUNDA/Ind003_F_Snd/Ind003_F_Snd_C_news_0032
SUNDA/Ind003_F_Snd/Ind003_F_Snd_C_news_0033
SUNDA/Ind003_F_Snd/Ind003_F_Snd_C_news_0034
SUNDA/Ind003_F_Snd/Ind003_F_Snd_C_news_0035
SUNDA/Ind003_F_Snd/Ind003_F_Snd_C_news_0036
SUNDA/Ind003_F_Snd/Ind003_F_Snd_C_news_0037
SUNDA/Ind003_F_Snd/Ind003_F_Snd_C_news_0038
SUNDA/Ind003_F_Snd/Ind003_F_Snd_C_news_0039
SUNDA/Ind003_F_Snd/Ind003_F_Snd_C_news_0040
SUNDA/Ind003_F_Snd/Ind003_F_Snd_C_news_0041
SUNDA/Ind003_F_Snd/Ind003_F_Snd_C_news_0042
SUNDA/Ind003_F_Snd/Ind003_F_Snd_C_news_0043
SUNDA/Ind003_F_Snd/Ind003_F_Snd_C_news_0044
SUNDA/Ind003_F_Snd/Ind003_F_Snd_C_news_0045
SUNDA/Ind003_F_Snd/Ind003_F_Snd_C_news_0046
SUNDA/Ind003_F_Snd/Ind003_F_Snd_C_news_0047
SUNDA/Ind003_F_Snd/Ind003_F_Snd_C_news_0048
SUNDA/Ind003_F_Snd/Ind003_F_Snd_C_news_0049
SUNDA/Ind003_F_Snd/Ind003_F_Snd_C_news_0050
SUNDA/Ind003_F_Snd/Ind003_F_Snd_C_news_0051
SUNDA/Ind003_F_Snd/Ind003_F_Snd_C_news_0052
SUNDA/Ind003_F_Snd/Ind003_F_Snd_C_news_0053
SUNDA/Ind003_F_Snd/Ind003_F_Snd_C_news_0054
SUNDA/Ind003_F_Snd/Ind003_F_Snd_C_news_0055
SUNDA/Ind003_F_Snd/Ind003_F_Snd_C_news_0056
SUNDA/Ind003_F_Snd/Ind003_F_Snd_C_news_0057
SUNDA/Ind003_F_Snd/Ind003_F_Snd_C_news_0058
SUNDA/Ind003_F_Snd/Ind003_F_Snd_C_news_0059
SUNDA/Ind003_F_Snd/Ind003_F_Snd_C_news_0060
SUNDA/Ind003_F_Snd/Ind003_F_Snd_C_news_0061
SUNDA/Ind003_F_Snd/Ind003_F_Snd_C_news_0062
SUNDA/Ind003_F_Snd/Ind003_F_Snd_C_news_0063
SUNDA/Ind003_F_Snd/Ind003_F_Snd_C_news_0064
SUNDA/Ind003_F_Snd/Ind003_F_Snd_C_news_0065
SUNDA/Ind003_F_Snd/Ind003_F_Snd_C_news_0066
SUNDA/Ind003_F_Snd/Ind003_F_Snd_C_news_0067
SUNDA/Ind003_F_Snd/Ind003_F_Snd_C_news_0068
SUNDA/Ind003_F_Snd/Ind003_F_Snd_C_news_0069
SUNDA/Ind003_F_Snd/Ind003_F_Snd_C_news_0070
SUNDA/Ind003_F_Snd/Ind003_F_Snd_C_news_0071
SUNDA/Ind003_F_Snd/Ind003_F_Snd_C_news_0072
SUNDA/Ind003_F_Snd/Ind003_F_Snd_C_news_0073
SUNDA/Ind003_F_Snd/Ind003_F_Snd_C_news_0074
SUNDA/Ind003_F_Snd/Ind003_F_Snd_C_news_0075
SUNDA/Ind003_F_Snd/Ind003_F_Snd_C_news_0076
SUNDA/Ind003_F_Snd/Ind003_F_Snd_C_news_0077
SUNDA/Ind003_F_Snd/Ind003_F_Snd_C_news_0078
SUNDA/Ind003_F_Snd/Ind003_F_Snd_C_news_0079
SUNDA/Ind003_F_Snd/Ind003_F_Snd_C_news_0080
SUNDA/Ind003_F_Snd/Ind003_F_Snd_C_news_0081
SUNDA/Ind003_F_Snd/Ind003_F_Snd_C_news_0082
SUNDA/Ind003_F_Snd/Ind003_F_Snd_C_news_0083
SUNDA/Ind003_F_Snd/Ind003_F_Snd_C_news_0084
SUNDA/Ind003_F_Snd/Ind003_F_Snd_C_news_0085
SUNDA/Ind003_F_Snd/Ind003_F_Snd_C_news_0086
SUNDA/Ind003_F_Snd/Ind003_F_Snd_C_news_0087
SUNDA/Ind003_F_Snd/Ind003_F_Snd_C_news_0088
SUNDA/Ind003_F_Snd/Ind003_F_Snd_C_news_0089
SUNDA/Ind003_F_Snd/Ind003_F_Snd_C_news_0090
SUNDA/Ind003_F_Snd/Ind003_F_Snd_C_news_0091
SUNDA/Ind003_F_Snd/Ind003_F_Snd_C_news_0092
SUNDA/Ind003_F_Snd/Ind003_F_Snd_C_news_0093
SUNDA/Ind003_F_Snd/Ind003_F_Snd_C_news_0094
SUNDA/Ind003_F_Snd/Ind003_F_Snd_C_news_0095
SUNDA/Ind003_F_Snd/Ind003_F_Snd_C_news_0096
SUNDA/Ind003_F_Snd/Ind003_F_Snd_C_news_0097
SUNDA/Ind003_F_Snd/Ind003_F_Snd_C_news_0098
SUNDA/Ind003_F_Snd/Ind003_F_Snd_C_news_0099
SUNDA/Ind003_F_Snd/Ind003_F_Snd_C_news_0100
SUNDA/Ind003_F_Snd/Ind003_F_Snd_C_news_0101
SUNDA/Ind003_F_Snd/Ind003_F_Snd_C_news_0102
SUNDA/Ind003_F_Snd/Ind003_F_Snd_C_news_0103
SUNDA/Ind003_F_Snd/Ind003_F_Snd_C_news_0104
SUNDA/Ind003_F_Snd/Ind003_F_Snd_C_news_0105
SUNDA/Ind003_F_Snd/Ind003_F_Snd_C_news_0106
SUNDA/Ind003_F_Snd/Ind003_F_Snd_C_news_0107
SUNDA/Ind003_F_Snd/Ind003_F_Snd_C_news_0108
SUNDA/Ind003_F_Snd/Ind003_F_Snd_C_news_0109
SUNDA/Ind003_F_Snd/Ind003_F_Snd_C_news_0110
SUNDA/Ind003_F_Snd/Ind003_F_Snd_C_news_0111
SUNDA/Ind003_F_Snd/Ind003_F_Snd_C_news_0112
SUNDA/Ind003_F_Snd/Ind003_F_Snd_C_news_0113
SUNDA/Ind003_F_Snd/Ind003_F_Snd_C_news_0114
SUNDA/Ind003_F_Snd/Ind003_F_Snd_C_news_0115
SUNDA/Ind003_F_Snd/Ind003_F_Snd_C_news_0116
SUNDA/Ind003_F_Snd/Ind003_F_Snd_C_news_0117
SUNDA/Ind003_F_Snd/Ind003_F_Snd_C_news_0118
SUNDA/Ind003_F_Snd/Ind003_F_Snd_C_news_0119
SUNDA/Ind003_F_Snd/Ind003_F_Snd_C_news_0120
SUNDA/Ind003_F_Snd/Ind003_F_Snd_C_news_0121
SUNDA/Ind003_F_Snd/Ind003_F_Snd_C_news_0122
SUNDA/Ind003_F_Snd/Ind003_F_Snd_C_news_0123
SUNDA/Ind003_F_Snd/Ind003_F_Snd_C_news_0124
SUNDA/Ind003_F_Snd/Ind003_F_Snd_C_news_0125
SUNDA/Ind003_F_Snd/Ind003_F_Snd_C_news_0126
SUNDA/Ind003_F_Snd/Ind003_F_Snd_C_news_0127
SUNDA/Ind003_F_Snd/Ind003_F_Snd_C_news_0128
SUNDA/Ind003_F_Snd/Ind003_F_Snd_C_news_0129
SUNDA/Ind003_F_Snd/Ind003_F_Snd_C_news_0130
SUNDA/Ind003_F_Snd/Ind003_F_Snd_C_news_0131
SUNDA/Ind003_F_Snd/Ind003_F_Snd_C_news_0132
SUNDA/Ind003_F_Snd/Ind003_F_Snd_C_news_0133
SUNDA/Ind003_F_Snd/Ind003_F_Snd_C_news_0134
SUNDA/Ind003_F_Snd/Ind003_F_Snd_C_news_0135
SUNDA/Ind003_F_Snd/Ind003_F_Snd_C_news_0136
SUNDA/Ind003_F_Snd/Ind003_F_Snd_C_news_0137
SUNDA/Ind003_F_Snd/Ind003_F_Snd_C_news_0138
SUNDA/Ind003_F_Snd/Ind003_F_Snd_C_news_0139
SUNDA/Ind003_F_Snd/Ind003_F_Snd_C_news_0140
SUNDA/Ind003_F_Snd/Ind003_F_Snd_C_news_0141
SUNDA/Ind003_F_Snd/Ind003_F_Snd_C_news_0142
SUNDA/Ind003_F_Snd/Ind003_F_Snd_C_news_0143
SUNDA/Ind003_F_Snd/Ind003_F_Snd_C_news_0144
SUNDA/Ind003_F_Snd/Ind003_F_Snd_C_news_0145
SUNDA/Ind003_F_Snd/Ind003_F_Snd_C_news_0146
SUNDA/Ind003_F_Snd/Ind003_F_Snd_C_news_0147
SUNDA/Ind003_F_Snd/Ind003_F_Snd_C_news_0148
SUNDA/Ind003_F_Snd/Ind003_F_Snd_C_news_0149
SUNDA/Ind003_F_Snd/Ind003_F_Snd_C_news_0150
SUNDA/Ind003_F_Snd/Ind003_F_Snd_C_news_0151
SUNDA/Ind003_F_Snd/Ind003_F_Snd_C_news_0152
SUNDA/Ind003_F_Snd/Ind003_F_Snd_C_news_0153
SUNDA/Ind003_F_Snd/Ind003_F_Snd_C_news_0154
SUNDA/Ind003_F_Snd/Ind003_F_Snd_C_news_0155
SUNDA/Ind003_F_Snd/Ind003_F_Snd_C_news_0156
SUNDA/Ind003_F_Snd/Ind003_F_Snd_C_news_0157
SUNDA/Ind003_F_Snd/Ind003_F_Snd_C_news_0158
SUNDA/Ind003_F_Snd/Ind003_F_Snd_C_news_0159
SUNDA/Ind003_F_Snd/Ind003_F_Snd_C_news_0160
SUNDA/Ind003_F_Snd/Ind003_F_Snd_C_news_0161
SUNDA/Ind003_F_Snd/Ind003_F_Snd_C_news_0162
SUNDA/Ind003_F_Snd/Ind003_F_Snd_C_news_0163
SUNDA/Ind003_F_Snd/Ind003_F_Snd_C_news_0164
SUNDA/Ind003_F_Snd/Ind003_F_Snd_C_news_0165
SUNDA/Ind003_F_Snd/Ind003_F_Snd_C_news_0166
SUNDA/Ind003_F_Snd/Ind003_F_Snd_C_news_0167
SUNDA/Ind003_F_Snd/Ind003_F_Snd_C_news_0168
SUNDA/Ind003_F_Snd/Ind003_F_Snd_C_news_0169
SUNDA/Ind003_F_Snd/Ind003_F_Snd_C_news_0170
SUNDA/Ind003_F_Snd/Ind003_F_Snd_C_news_0171
SUNDA/Ind003_F_Snd/Ind003_F_Snd_C_news_0172
SUNDA/Ind003_F_Snd/Ind003_F_Snd_C_news_0173
SUNDA/Ind003_F_Snd/Ind003_F_Snd_C_news_0174
SUNDA/Ind003_F_Snd/Ind003_F_Snd_C_news_0175
SUNDA/Ind003_F_Snd/Ind003_F_Snd_C_news_0176
SUNDA/Ind003_F_Snd/Ind003_F_Snd_C_news_0177
SUNDA/Ind003_F_Snd/Ind003_F_Snd_C_news_0178
SUNDA/Ind003_F_Snd/Ind003_F_Snd_C_news_0179
SUNDA/Ind003_F_Snd/Ind003_F_Snd_C_news_0180
SUNDA/Ind003_F_Snd/Ind003_F_Snd_C_news_0181
SUNDA/Ind003_F_Snd/Ind003_F_Snd_C_news_0182
SUNDA/Ind003_F_Snd/Ind003_F_Snd_C_news_0183
SUNDA/Ind003_F_Snd/Ind003_F_Snd_C_news_0184
SUNDA/Ind003_F_Snd/Ind003_F_Snd_C_news_0185
SUNDA/Ind003_F_Snd/Ind003_F_Snd_C_news_0186
SUNDA/Ind003_F_Snd/Ind003_F_Snd_C_news_0187
SUNDA/Ind003_F_Snd/Ind003_F_Snd_C_news_0188
SUNDA/Ind003_F_Snd/Ind003_F_Snd_C_news_0189
SUNDA/Ind003_F_Snd/Ind003_F_Snd_C_news_0190
SUNDA/Ind003_F_Snd/Ind003_F_Snd_C_news_0191
SUNDA/Ind003_F_Snd/Ind003_F_Snd_C_news_0192
SUNDA/Ind003_F_Snd/Ind003_F_Snd_C_news_0193
SUNDA/Ind003_F_Snd/Ind003_F_Snd_C_news_0194
SUNDA/Ind003_F_Snd/Ind003_F_Snd_C_news_0195
SUNDA/Ind003_F_Snd/Ind003_F_Snd_C_news_0196
SUNDA/Ind003_F_Snd/Ind003_F_Snd_C_news_0197
SUNDA/Ind003_F_Snd/Ind003_F_Snd_C_news_0198
SUNDA/Ind003_F_Snd/Ind003_F_Snd_C_news_0199
SUNDA/Ind003_F_Snd/Ind003_F_Snd_C_news_0200
SUNDA/Ind004_M_Snd/Ind004_M_Snd_C_news_0001
SUNDA/Ind004_M_Snd/Ind004_M_Snd_C_news_0002
SUNDA/Ind004_M_Snd/Ind004_M_Snd_C_news_0003
SUNDA/Ind004_M_Snd/Ind004_M_Snd_C_news_0004
SUNDA/Ind004_M_Snd/Ind004_M_Snd_C_news_0005
SUNDA/Ind004_M_Snd/Ind004_M_Snd_C_news_0006
SUNDA/Ind004_M_Snd/Ind004_M_Snd_C_news_0007
SUNDA/Ind004_M_Snd/Ind004_M_Snd_C_news_0008
SUNDA/Ind004_M_Snd/Ind004_M_Snd_C_news_0009
SUNDA/Ind004_M_Snd/Ind004_M_Snd_C_news_0010
SUNDA/Ind004_M_Snd/Ind004_M_Snd_C_news_0011
SUNDA/Ind004_M_Snd/Ind004_M_Snd_C_news_0012
SUNDA/Ind004_M_Snd/Ind004_M_Snd_C_news_0013
SUNDA/Ind004_M_Snd/Ind004_M_Snd_C_news_0014
SUNDA/Ind004_M_Snd/Ind004_M_Snd_C_news_0015
SUNDA/Ind004_M_Snd/Ind004_M_Snd_C_news_0016
SUNDA/Ind004_M_Snd/Ind004_M_Snd_C_news_0017
SUNDA/Ind004_M_Snd/Ind004_M_Snd_C_news_0018
SUNDA/Ind004_M_Snd/Ind004_M_Snd_C_news_0019
SUNDA/Ind004_M_Snd/Ind004_M_Snd_C_news_0020
SUNDA/Ind004_M_Snd/Ind004_M_Snd_C_news_0021
SUNDA/Ind004_M_Snd/Ind004_M_Snd_C_news_0022
SUNDA/Ind004_M_Snd/Ind004_M_Snd_C_news_0023
SUNDA/Ind004_M_Snd/Ind004_M_Snd_C_news_0024
SUNDA/Ind004_M_Snd/Ind004_M_Snd_C_news_0025
SUNDA/Ind004_M_Snd/Ind004_M_Snd_C_news_0026
SUNDA/Ind004_M_Snd/Ind004_M_Snd_C_news_0027
SUNDA/Ind004_M_Snd/Ind004_M_Snd_C_news_0028
SUNDA/Ind004_M_Snd/Ind004_M_Snd_C_news_0029
SUNDA/Ind004_M_Snd/Ind004_M_Snd_C_news_0030
SUNDA/Ind004_M_Snd/Ind004_M_Snd_C_news_0031
SUNDA/Ind004_M_Snd/Ind004_M_Snd_C_news_0032
SUNDA/Ind004_M_Snd/Ind004_M_Snd_C_news_0033
SUNDA/Ind004_M_Snd/Ind004_M_Snd_C_news_0034
SUNDA/Ind004_M_Snd/Ind004_M_Snd_C_news_0035
SUNDA/Ind004_M_Snd/Ind004_M_Snd_C_news_0036
SUNDA/Ind004_M_Snd/Ind004_M_Snd_C_news_0037
SUNDA/Ind004_M_Snd/Ind004_M_Snd_C_news_0038
SUNDA/Ind004_M_Snd/Ind004_M_Snd_C_news_0039
SUNDA/Ind004_M_Snd/Ind004_M_Snd_C_news_0040
SUNDA/Ind004_M_Snd/Ind004_M_Snd_C_news_0041
SUNDA/Ind004_M_Snd/Ind004_M_Snd_C_news_0042
SUNDA/Ind004_M_Snd/Ind004_M_Snd_C_news_0043
SUNDA/Ind004_M_Snd/Ind004_M_Snd_C_news_0044
SUNDA/Ind004_M_Snd/Ind004_M_Snd_C_news_0045
SUNDA/Ind004_M_Snd/Ind004_M_Snd_C_news_0046
SUNDA/Ind004_M_Snd/Ind004_M_Snd_C_news_0047
SUNDA/Ind004_M_Snd/Ind004_M_Snd_C_news_0048
SUNDA/Ind004_M_Snd/Ind004_M_Snd_C_news_0049
SUNDA/Ind004_M_Snd/Ind004_M_Snd_C_news_0050
SUNDA/Ind004_M_Snd/Ind004_M_Snd_C_news_0051
SUNDA/Ind004_M_Snd/Ind004_M_Snd_C_news_0052
SUNDA/Ind004_M_Snd/Ind004_M_Snd_C_news_0053
SUNDA/Ind004_M_Snd/Ind004_M_Snd_C_news_0054
SUNDA/Ind004_M_Snd/Ind004_M_Snd_C_news_0055
SUNDA/Ind004_M_Snd/Ind004_M_Snd_C_news_0056
SUNDA/Ind004_M_Snd/Ind004_M_Snd_C_news_0057
SUNDA/Ind004_M_Snd/Ind004_M_Snd_C_news_0058
SUNDA/Ind004_M_Snd/Ind004_M_Snd_C_news_0059
SUNDA/Ind004_M_Snd/Ind004_M_Snd_C_news_0060
SUNDA/Ind004_M_Snd/Ind004_M_Snd_C_news_0061
SUNDA/Ind004_M_Snd/Ind004_M_Snd_C_news_0062
SUNDA/Ind004_M_Snd/Ind004_M_Snd_C_news_0063
SUNDA/Ind004_M_Snd/Ind004_M_Snd_C_news_0064
SUNDA/Ind004_M_Snd/Ind004_M_Snd_C_news_0065
SUNDA/Ind004_M_Snd/Ind004_M_Snd_C_news_0066
SUNDA/Ind004_M_Snd/Ind004_M_Snd_C_news_0067
SUNDA/Ind004_M_Snd/Ind004_M_Snd_C_news_0068
SUNDA/Ind004_M_Snd/Ind004_M_Snd_C_news_0069
SUNDA/Ind004_M_Snd/Ind004_M_Snd_C_news_0070
SUNDA/Ind004_M_Snd/Ind004_M_Snd_C_news_0071
SUNDA/Ind004_M_Snd/Ind004_M_Snd_C_news_0072
SUNDA/Ind004_M_Snd/Ind004_M_Snd_C_news_0073
SUNDA/Ind004_M_Snd/Ind004_M_Snd_C_news_0074
SUNDA/Ind004_M_Snd/Ind004_M_Snd_C_news_0075
SUNDA/Ind004_M_Snd/Ind004_M_Snd_C_news_0076
SUNDA/Ind004_M_Snd/Ind004_M_Snd_C_news_0077
SUNDA/Ind004_M_Snd/Ind004_M_Snd_C_news_0078
SUNDA/Ind004_M_Snd/Ind004_M_Snd_C_news_0079
SUNDA/Ind004_M_Snd/Ind004_M_Snd_C_news_0080
SUNDA/Ind004_M_Snd/Ind004_M_Snd_C_news_0081
SUNDA/Ind004_M_Snd/Ind004_M_Snd_C_news_0082
SUNDA/Ind004_M_Snd/Ind004_M_Snd_C_news_0083
SUNDA/Ind004_M_Snd/Ind004_M_Snd_C_news_0084
SUNDA/Ind004_M_Snd/Ind004_M_Snd_C_news_0085
SUNDA/Ind004_M_Snd/Ind004_M_Snd_C_news_0086
SUNDA/Ind004_M_Snd/Ind004_M_Snd_C_news_0087
SUNDA/Ind004_M_Snd/Ind004_M_Snd_C_news_0088
SUNDA/Ind004_M_Snd/Ind004_M_Snd_C_news_0089
SUNDA/Ind004_M_Snd/Ind004_M_Snd_C_news_0090
SUNDA/Ind004_M_Snd/Ind004_M_Snd_C_news_0091
SUNDA/Ind004_M_Snd/Ind004_M_Snd_C_news_0092
SUNDA/Ind004_M_Snd/Ind004_M_Snd_C_news_0093
SUNDA/Ind004_M_Snd/Ind004_M_Snd_C_news_0094
SUNDA/Ind004_M_Snd/Ind004_M_Snd_C_news_0095
SUNDA/Ind004_M_Snd/Ind004_M_Snd_C_news_0096
SUNDA/Ind004_M_Snd/Ind004_M_Snd_C_news_0097
SUNDA/Ind004_M_Snd/Ind004_M_Snd_C_news_0098
SUNDA/Ind004_M_Snd/Ind004_M_Snd_C_news_0099
SUNDA/Ind004_M_Snd/Ind004_M_Snd_C_news_0100
SUNDA/Ind004_M_Snd/Ind004_M_Snd_C_news_0101
SUNDA/Ind004_M_Snd/Ind004_M_Snd_C_news_0102
SUNDA/Ind004_M_Snd/Ind004_M_Snd_C_news_0103
SUNDA/Ind004_M_Snd/Ind004_M_Snd_C_news_0104
SUNDA/Ind004_M_Snd/Ind004_M_Snd_C_news_0105
SUNDA/Ind004_M_Snd/Ind004_M_Snd_C_news_0106
SUNDA/Ind004_M_Snd/Ind004_M_Snd_C_news_0107
SUNDA/Ind004_M_Snd/Ind004_M_Snd_C_news_0108
SUNDA/Ind004_M_Snd/Ind004_M_Snd_C_news_0109
SUNDA/Ind004_M_Snd/Ind004_M_Snd_C_news_0110
SUNDA/Ind004_M_Snd/Ind004_M_Snd_C_news_0111
SUNDA/Ind004_M_Snd/Ind004_M_Snd_C_news_0112
SUNDA/Ind004_M_Snd/Ind004_M_Snd_C_news_0113
SUNDA/Ind004_M_Snd/Ind004_M_Snd_C_news_0114
SUNDA/Ind004_M_Snd/Ind004_M_Snd_C_news_0115
SUNDA/Ind004_M_Snd/Ind004_M_Snd_C_news_0116
SUNDA/Ind004_M_Snd/Ind004_M_Snd_C_news_0117
SUNDA/Ind004_M_Snd/Ind004_M_Snd_C_news_0118
SUNDA/Ind004_M_Snd/Ind004_M_Snd_C_news_0119
SUNDA/Ind004_M_Snd/Ind004_M_Snd_C_news_0120
SUNDA/Ind004_M_Snd/Ind004_M_Snd_C_news_0121
SUNDA/Ind004_M_Snd/Ind004_M_Snd_C_news_0122
SUNDA/Ind004_M_Snd/Ind004_M_Snd_C_news_0123
SUNDA/Ind004_M_Snd/Ind004_M_Snd_C_news_0124
SUNDA/Ind004_M_Snd/Ind004_M_Snd_C_news_0125
SUNDA/Ind004_M_Snd/Ind004_M_Snd_C_news_0126
SUNDA/Ind004_M_Snd/Ind004_M_Snd_C_news_0127
SUNDA/Ind004_M_Snd/Ind004_M_Snd_C_news_0128
SUNDA/Ind004_M_Snd/Ind004_M_Snd_C_news_0129
SUNDA/Ind004_M_Snd/Ind004_M_Snd_C_news_0130
SUNDA/Ind004_M_Snd/Ind004_M_Snd_C_news_0131
SUNDA/Ind004_M_Snd/Ind004_M_Snd_C_news_0132
SUNDA/Ind004_M_Snd/Ind004_M_Snd_C_news_0133
SUNDA/Ind004_M_Snd/Ind004_M_Snd_C_news_0134
SUNDA/Ind004_M_Snd/Ind004_M_Snd_C_news_0135
SUNDA/Ind004_M_Snd/Ind004_M_Snd_C_news_0136
SUNDA/Ind004_M_Snd/Ind004_M_Snd_C_news_0137
SUNDA/Ind004_M_Snd/Ind004_M_Snd_C_news_0138
SUNDA/Ind004_M_Snd/Ind004_M_Snd_C_news_0139
SUNDA/Ind004_M_Snd/Ind004_M_Snd_C_news_0140
SUNDA/Ind004_M_Snd/Ind004_M_Snd_C_news_0141
SUNDA/Ind004_M_Snd/Ind004_M_Snd_C_news_0142
SUNDA/Ind004_M_Snd/Ind004_M_Snd_C_news_0143
SUNDA/Ind004_M_Snd/Ind004_M_Snd_C_news_0144
SUNDA/Ind004_M_Snd/Ind004_M_Snd_C_news_0145
SUNDA/Ind004_M_Snd/Ind004_M_Snd_C_news_0146
SUNDA/Ind004_M_Snd/Ind004_M_Snd_C_news_0147
SUNDA/Ind004_M_Snd/Ind004_M_Snd_C_news_0148
SUNDA/Ind004_M_Snd/Ind004_M_Snd_C_news_0149
SUNDA/Ind004_M_Snd/Ind004_M_Snd_C_news_0150
SUNDA/Ind004_M_Snd/Ind004_M_Snd_C_news_0151
SUNDA/Ind004_M_Snd/Ind004_M_Snd_C_news_0152
SUNDA/Ind004_M_Snd/Ind004_M_Snd_C_news_0153
SUNDA/Ind004_M_Snd/Ind004_M_Snd_C_news_0154
SUNDA/Ind004_M_Snd/Ind004_M_Snd_C_news_0155
SUNDA/Ind004_M_Snd/Ind004_M_Snd_C_news_0156
SUNDA/Ind004_M_Snd/Ind004_M_Snd_C_news_0157
SUNDA/Ind004_M_Snd/Ind004_M_Snd_C_news_0158
SUNDA/Ind004_M_Snd/Ind004_M_Snd_C_news_0159
SUNDA/Ind004_M_Snd/Ind004_M_Snd_C_news_0160
SUNDA/Ind004_M_Snd/Ind004_M_Snd_C_news_0161
SUNDA/Ind004_M_Snd/Ind004_M_Snd_C_news_0162
SUNDA/Ind004_M_Snd/Ind004_M_Snd_C_news_0163
SUNDA/Ind004_M_Snd/Ind004_M_Snd_C_news_0164
SUNDA/Ind004_M_Snd/Ind004_M_Snd_C_news_0165
SUNDA/Ind004_M_Snd/Ind004_M_Snd_C_news_0166
SUNDA/Ind004_M_Snd/Ind004_M_Snd_C_news_0167
SUNDA/Ind004_M_Snd/Ind004_M_Snd_C_news_0168
SUNDA/Ind004_M_Snd/Ind004_M_Snd_C_news_0169
SUNDA/Ind004_M_Snd/Ind004_M_Snd_C_news_0170
SUNDA/Ind004_M_Snd/Ind004_M_Snd_C_news_0171
SUNDA/Ind004_M_Snd/Ind004_M_Snd_C_news_0172
SUNDA/Ind004_M_Snd/Ind004_M_Snd_C_news_0173
SUNDA/Ind004_M_Snd/Ind004_M_Snd_C_news_0174
SUNDA/Ind004_M_Snd/Ind004_M_Snd_C_news_0175
SUNDA/Ind004_M_Snd/Ind004_M_Snd_C_news_0176
SUNDA/Ind004_M_Snd/Ind004_M_Snd_C_news_0177
SUNDA/Ind004_M_Snd/Ind004_M_Snd_C_news_0178
SUNDA/Ind004_M_Snd/Ind004_M_Snd_C_news_0179
SUNDA/Ind004_M_Snd/Ind004_M_Snd_C_news_0180
SUNDA/Ind004_M_Snd/Ind004_M_Snd_C_news_0181
SUNDA/Ind004_M_Snd/Ind004_M_Snd_C_news_0182
SUNDA/Ind004_M_Snd/Ind004_M_Snd_C_news_0183
SUNDA/Ind004_M_Snd/Ind004_M_Snd_C_news_0184
SUNDA/Ind004_M_Snd/Ind004_M_Snd_C_news_0185
SUNDA/Ind004_M_Snd/Ind004_M_Snd_C_news_0186
SUNDA/Ind004_M_Snd/Ind004_M_Snd_C_news_0187
SUNDA/Ind004_M_Snd/Ind004_M_Snd_C_news_0188
SUNDA/Ind004_M_Snd/Ind004_M_Snd_C_news_0189
SUNDA/Ind004_M_Snd/Ind004_M_Snd_C_news_0190
SUNDA/Ind004_M_Snd/Ind004_M_Snd_C_news_0191
SUNDA/Ind004_M_Snd/Ind004_M_Snd_C_news_0192
SUNDA/Ind004_M_Snd/Ind004_M_Snd_C_news_0193
SUNDA/Ind004_M_Snd/Ind004_M_Snd_C_news_0194
SUNDA/Ind004_M_Snd/Ind004_M_Snd_C_news_0195
SUNDA/Ind004_M_Snd/Ind004_M_Snd_C_news_0196
SUNDA/Ind004_M_Snd/Ind004_M_Snd_C_news_0197
SUNDA/Ind004_M_Snd/Ind004_M_Snd_C_news_0198
SUNDA/Ind004_M_Snd/Ind004_M_Snd_C_news_0199
SUNDA/Ind004_M_Snd/Ind004_M_Snd_C_news_0200
SUNDA/Ind005_F_Snd/Ind005_F_Snd_C_news_0001
SUNDA/Ind005_F_Snd/Ind005_F_Snd_C_news_0002
SUNDA/Ind005_F_Snd/Ind005_F_Snd_C_news_0003
SUNDA/Ind005_F_Snd/Ind005_F_Snd_C_news_0004
SUNDA/Ind005_F_Snd/Ind005_F_Snd_C_news_0005
SUNDA/Ind005_F_Snd/Ind005_F_Snd_C_news_0006
SUNDA/Ind005_F_Snd/Ind005_F_Snd_C_news_0007
SUNDA/Ind005_F_Snd/Ind005_F_Snd_C_news_0008
SUNDA/Ind005_F_Snd/Ind005_F_Snd_C_news_0009
SUNDA/Ind005_F_Snd/Ind005_F_Snd_C_news_0010
SUNDA/Ind005_F_Snd/Ind005_F_Snd_C_news_0011
SUNDA/Ind005_F_Snd/Ind005_F_Snd_C_news_0012
SUNDA/Ind005_F_Snd/Ind005_F_Snd_C_news_0013
SUNDA/Ind005_F_Snd/Ind005_F_Snd_C_news_0014
SUNDA/Ind005_F_Snd/Ind005_F_Snd_C_news_0015
SUNDA/Ind005_F_Snd/Ind005_F_Snd_C_news_0016
SUNDA/Ind005_F_Snd/Ind005_F_Snd_C_news_0017
SUNDA/Ind005_F_Snd/Ind005_F_Snd_C_news_0018
SUNDA/Ind005_F_Snd/Ind005_F_Snd_C_news_0019
SUNDA/Ind005_F_Snd/Ind005_F_Snd_C_news_0020
SUNDA/Ind005_F_Snd/Ind005_F_Snd_C_news_0021
SUNDA/Ind005_F_Snd/Ind005_F_Snd_C_news_0022
SUNDA/Ind005_F_Snd/Ind005_F_Snd_C_news_0023
SUNDA/Ind005_F_Snd/Ind005_F_Snd_C_news_0024
SUNDA/Ind005_F_Snd/Ind005_F_Snd_C_news_0025
SUNDA/Ind005_F_Snd/Ind005_F_Snd_C_news_0026
SUNDA/Ind005_F_Snd/Ind005_F_Snd_C_news_0027
SUNDA/Ind005_F_Snd/Ind005_F_Snd_C_news_0028
SUNDA/Ind005_F_Snd/Ind005_F_Snd_C_news_0029
SUNDA/Ind005_F_Snd/Ind005_F_Snd_C_news_0030
SUNDA/Ind005_F_Snd/Ind005_F_Snd_C_news_0031
SUNDA/Ind005_F_Snd/Ind005_F_Snd_C_news_0032
SUNDA/Ind005_F_Snd/Ind005_F_Snd_C_news_0033
SUNDA/Ind005_F_Snd/Ind005_F_Snd_C_news_0034
SUNDA/Ind005_F_Snd/Ind005_F_Snd_C_news_0035
SUNDA/Ind005_F_Snd/Ind005_F_Snd_C_news_0036
SUNDA/Ind005_F_Snd/Ind005_F_Snd_C_news_0037
SUNDA/Ind005_F_Snd/Ind005_F_Snd_C_news_0038
SUNDA/Ind005_F_Snd/Ind005_F_Snd_C_news_0039
SUNDA/Ind005_F_Snd/Ind005_F_Snd_C_news_0040
SUNDA/Ind005_F_Snd/Ind005_F_Snd_C_news_0041
SUNDA/Ind005_F_Snd/Ind005_F_Snd_C_news_0042
SUNDA/Ind005_F_Snd/Ind005_F_Snd_C_news_0043
SUNDA/Ind005_F_Snd/Ind005_F_Snd_C_news_0044
SUNDA/Ind005_F_Snd/Ind005_F_Snd_C_news_0045
SUNDA/Ind005_F_Snd/Ind005_F_Snd_C_news_0046
SUNDA/Ind005_F_Snd/Ind005_F_Snd_C_news_0047
SUNDA/Ind005_F_Snd/Ind005_F_Snd_C_news_0048
SUNDA/Ind005_F_Snd/Ind005_F_Snd_C_news_0049
SUNDA/Ind005_F_Snd/Ind005_F_Snd_C_news_0050
SUNDA/Ind005_F_Snd/Ind005_F_Snd_C_news_0051
SUNDA/Ind005_F_Snd/Ind005_F_Snd_C_news_0052
SUNDA/Ind005_F_Snd/Ind005_F_Snd_C_news_0053
SUNDA/Ind005_F_Snd/Ind005_F_Snd_C_news_0054
SUNDA/Ind005_F_Snd/Ind005_F_Snd_C_news_0055
SUNDA/Ind005_F_Snd/Ind005_F_Snd_C_news_0056
SUNDA/Ind005_F_Snd/Ind005_F_Snd_C_news_0057
SUNDA/Ind005_F_Snd/Ind005_F_Snd_C_news_0058
SUNDA/Ind005_F_Snd/Ind005_F_Snd_C_news_0059
SUNDA/Ind005_F_Snd/Ind005_F_Snd_C_news_0060
SUNDA/Ind005_F_Snd/Ind005_F_Snd_C_news_0061
SUNDA/Ind005_F_Snd/Ind005_F_Snd_C_news_0062
SUNDA/Ind005_F_Snd/Ind005_F_Snd_C_news_0063
SUNDA/Ind005_F_Snd/Ind005_F_Snd_C_news_0064
SUNDA/Ind005_F_Snd/Ind005_F_Snd_C_news_0065
SUNDA/Ind005_F_Snd/Ind005_F_Snd_C_news_0066
SUNDA/Ind005_F_Snd/Ind005_F_Snd_C_news_0067
SUNDA/Ind005_F_Snd/Ind005_F_Snd_C_news_0068
SUNDA/Ind005_F_Snd/Ind005_F_Snd_C_news_0069
SUNDA/Ind005_F_Snd/Ind005_F_Snd_C_news_0070
SUNDA/Ind005_F_Snd/Ind005_F_Snd_C_news_0071
SUNDA/Ind005_F_Snd/Ind005_F_Snd_C_news_0072
SUNDA/Ind005_F_Snd/Ind005_F_Snd_C_news_0073
SUNDA/Ind005_F_Snd/Ind005_F_Snd_C_news_0074
SUNDA/Ind005_F_Snd/Ind005_F_Snd_C_news_0075
SUNDA/Ind005_F_Snd/Ind005_F_Snd_C_news_0076
SUNDA/Ind005_F_Snd/Ind005_F_Snd_C_news_0077
SUNDA/Ind005_F_Snd/Ind005_F_Snd_C_news_0078
SUNDA/Ind005_F_Snd/Ind005_F_Snd_C_news_0079
SUNDA/Ind005_F_Snd/Ind005_F_Snd_C_news_0080
SUNDA/Ind005_F_Snd/Ind005_F_Snd_C_news_0081
SUNDA/Ind005_F_Snd/Ind005_F_Snd_C_news_0082
SUNDA/Ind005_F_Snd/Ind005_F_Snd_C_news_0083
SUNDA/Ind005_F_Snd/Ind005_F_Snd_C_news_0084
SUNDA/Ind005_F_Snd/Ind005_F_Snd_C_news_0085
SUNDA/Ind005_F_Snd/Ind005_F_Snd_C_news_0086
SUNDA/Ind005_F_Snd/Ind005_F_Snd_C_news_0087
SUNDA/Ind005_F_Snd/Ind005_F_Snd_C_news_0088
SUNDA/Ind005_F_Snd/Ind005_F_Snd_C_news_0089
SUNDA/Ind005_F_Snd/Ind005_F_Snd_C_news_0090
SUNDA/Ind005_F_Snd/Ind005_F_Snd_C_news_0091
SUNDA/Ind005_F_Snd/Ind005_F_Snd_C_news_0092
SUNDA/Ind005_F_Snd/Ind005_F_Snd_C_news_0093
SUNDA/Ind005_F_Snd/Ind005_F_Snd_C_news_0094
SUNDA/Ind005_F_Snd/Ind005_F_Snd_C_news_0095
SUNDA/Ind005_F_Snd/Ind005_F_Snd_C_news_0096
SUNDA/Ind005_F_Snd/Ind005_F_Snd_C_news_0097
SUNDA/Ind005_F_Snd/Ind005_F_Snd_C_news_0098
SUNDA/Ind005_F_Snd/Ind005_F_Snd_C_news_0099
SUNDA/Ind005_F_Snd/Ind005_F_Snd_C_news_0100
SUNDA/Ind005_F_Snd/Ind005_F_Snd_C_news_0101
SUNDA/Ind005_F_Snd/Ind005_F_Snd_C_news_0102
SUNDA/Ind005_F_Snd/Ind005_F_Snd_C_news_0103
SUNDA/Ind005_F_Snd/Ind005_F_Snd_C_news_0104
SUNDA/Ind005_F_Snd/Ind005_F_Snd_C_news_0105
SUNDA/Ind005_F_Snd/Ind005_F_Snd_C_news_0106
SUNDA/Ind005_F_Snd/Ind005_F_Snd_C_news_0107
SUNDA/Ind005_F_Snd/Ind005_F_Snd_C_news_0108
SUNDA/Ind005_F_Snd/Ind005_F_Snd_C_news_0109
SUNDA/Ind005_F_Snd/Ind005_F_Snd_C_news_0110
SUNDA/Ind005_F_Snd/Ind005_F_Snd_C_news_0111
SUNDA/Ind005_F_Snd/Ind005_F_Snd_C_news_0112
SUNDA/Ind005_F_Snd/Ind005_F_Snd_C_news_0113
SUNDA/Ind005_F_Snd/Ind005_F_Snd_C_news_0114
SUNDA/Ind005_F_Snd/Ind005_F_Snd_C_news_0115
SUNDA/Ind005_F_Snd/Ind005_F_Snd_C_news_0116
SUNDA/Ind005_F_Snd/Ind005_F_Snd_C_news_0117
SUNDA/Ind005_F_Snd/Ind005_F_Snd_C_news_0118
SUNDA/Ind005_F_Snd/Ind005_F_Snd_C_news_0119
SUNDA/Ind005_F_Snd/Ind005_F_Snd_C_news_0120
SUNDA/Ind005_F_Snd/Ind005_F_Snd_C_news_0121
SUNDA/Ind005_F_Snd/Ind005_F_Snd_C_news_0122
SUNDA/Ind005_F_Snd/Ind005_F_Snd_C_news_0123
SUNDA/Ind005_F_Snd/Ind005_F_Snd_C_news_0124
SUNDA/Ind005_F_Snd/Ind005_F_Snd_C_news_0125
SUNDA/Ind005_F_Snd/Ind005_F_Snd_C_news_0126
SUNDA/Ind005_F_Snd/Ind005_F_Snd_C_news_0127
SUNDA/Ind005_F_Snd/Ind005_F_Snd_C_news_0128
SUNDA/Ind005_F_Snd/Ind005_F_Snd_C_news_0129
SUNDA/Ind005_F_Snd/Ind005_F_Snd_C_news_0130
SUNDA/Ind005_F_Snd/Ind005_F_Snd_C_news_0131
SUNDA/Ind005_F_Snd/Ind005_F_Snd_C_news_0132
SUNDA/Ind005_F_Snd/Ind005_F_Snd_C_news_0133
SUNDA/Ind005_F_Snd/Ind005_F_Snd_C_news_0134
SUNDA/Ind005_F_Snd/Ind005_F_Snd_C_news_0135
SUNDA/Ind005_F_Snd/Ind005_F_Snd_C_news_0136
SUNDA/Ind005_F_Snd/Ind005_F_Snd_C_news_0137
SUNDA/Ind005_F_Snd/Ind005_F_Snd_C_news_0138
SUNDA/Ind005_F_Snd/Ind005_F_Snd_C_news_0139
SUNDA/Ind005_F_Snd/Ind005_F_Snd_C_news_0140
SUNDA/Ind005_F_Snd/Ind005_F_Snd_C_news_0141
SUNDA/Ind005_F_Snd/Ind005_F_Snd_C_news_0142
SUNDA/Ind005_F_Snd/Ind005_F_Snd_C_news_0143
SUNDA/Ind005_F_Snd/Ind005_F_Snd_C_news_0144
SUNDA/Ind005_F_Snd/Ind005_F_Snd_C_news_0145
SUNDA/Ind005_F_Snd/Ind005_F_Snd_C_news_0146
SUNDA/Ind005_F_Snd/Ind005_F_Snd_C_news_0147
SUNDA/Ind005_F_Snd/Ind005_F_Snd_C_news_0148
SUNDA/Ind005_F_Snd/Ind005_F_Snd_C_news_0149
SUNDA/Ind005_F_Snd/Ind005_F_Snd_C_news_0150
SUNDA/Ind005_F_Snd/Ind005_F_Snd_C_news_0151
SUNDA/Ind005_F_Snd/Ind005_F_Snd_C_news_0152
SUNDA/Ind005_F_Snd/Ind005_F_Snd_C_news_0153
SUNDA/Ind005_F_Snd/Ind005_F_Snd_C_news_0154
SUNDA/Ind005_F_Snd/Ind005_F_Snd_C_news_0155
SUNDA/Ind005_F_Snd/Ind005_F_Snd_C_news_0156
SUNDA/Ind005_F_Snd/Ind005_F_Snd_C_news_0157
SUNDA/Ind005_F_Snd/Ind005_F_Snd_C_news_0158
SUNDA/Ind005_F_Snd/Ind005_F_Snd_C_news_0159
SUNDA/Ind005_F_Snd/Ind005_F_Snd_C_news_0160
SUNDA/Ind005_F_Snd/Ind005_F_Snd_C_news_0161
SUNDA/Ind005_F_Snd/Ind005_F_Snd_C_news_0162
SUNDA/Ind005_F_Snd/Ind005_F_Snd_C_news_0163
SUNDA/Ind005_F_Snd/Ind005_F_Snd_C_news_0164
SUNDA/Ind005_F_Snd/Ind005_F_Snd_C_news_0165
SUNDA/Ind005_F_Snd/Ind005_F_Snd_C_news_0166
SUNDA/Ind005_F_Snd/Ind005_F_Snd_C_news_0167
SUNDA/Ind005_F_Snd/Ind005_F_Snd_C_news_0168
SUNDA/Ind005_F_Snd/Ind005_F_Snd_C_news_0169
SUNDA/Ind005_F_Snd/Ind005_F_Snd_C_news_0170
SUNDA/Ind005_F_Snd/Ind005_F_Snd_C_news_0171
SUNDA/Ind005_F_Snd/Ind005_F_Snd_C_news_0172
SUNDA/Ind005_F_Snd/Ind005_F_Snd_C_news_0173
SUNDA/Ind005_F_Snd/Ind005_F_Snd_C_news_0174
SUNDA/Ind005_F_Snd/Ind005_F_Snd_C_news_0175
SUNDA/Ind005_F_Snd/Ind005_F_Snd_C_news_0176
SUNDA/Ind005_F_Snd/Ind005_F_Snd_C_news_0177
SUNDA/Ind005_F_Snd/Ind005_F_Snd_C_news_0178
SUNDA/Ind005_F_Snd/Ind005_F_Snd_C_news_0179
SUNDA/Ind005_F_Snd/Ind005_F_Snd_C_news_0180
SUNDA/Ind005_F_Snd/Ind005_F_Snd_C_news_0181
SUNDA/Ind005_F_Snd/Ind005_F_Snd_C_news_0182
SUNDA/Ind005_F_Snd/Ind005_F_Snd_C_news_0183
SUNDA/Ind005_F_Snd/Ind005_F_Snd_C_news_0184
SUNDA/Ind005_F_Snd/Ind005_F_Snd_C_news_0185
SUNDA/Ind005_F_Snd/Ind005_F_Snd_C_news_0186
SUNDA/Ind005_F_Snd/Ind005_F_Snd_C_news_0187
SUNDA/Ind005_F_Snd/Ind005_F_Snd_C_news_0188
SUNDA/Ind005_F_Snd/Ind005_F_Snd_C_news_0189
SUNDA/Ind005_F_Snd/Ind005_F_Snd_C_news_0190
SUNDA/Ind005_F_Snd/Ind005_F_Snd_C_news_0191
SUNDA/Ind005_F_Snd/Ind005_F_Snd_C_news_0192
SUNDA/Ind005_F_Snd/Ind005_F_Snd_C_news_0193
SUNDA/Ind005_F_Snd/Ind005_F_Snd_C_news_0194
SUNDA/Ind005_F_Snd/Ind005_F_Snd_C_news_0195
SUNDA/Ind005_F_Snd/Ind005_F_Snd_C_news_0196
SUNDA/Ind005_F_Snd/Ind005_F_Snd_C_news_0197
SUNDA/Ind005_F_Snd/Ind005_F_Snd_C_news_0198
SUNDA/Ind005_F_Snd/Ind005_F_Snd_C_news_0199
SUNDA/Ind005_F_Snd/Ind005_F_Snd_C_news_0200
SUNDA/Ind006_M_Snd/Ind006_M_Snd_C_news_0001
SUNDA/Ind006_M_Snd/Ind006_M_Snd_C_news_0002
SUNDA/Ind006_M_Snd/Ind006_M_Snd_C_news_0003
SUNDA/Ind006_M_Snd/Ind006_M_Snd_C_news_0004
SUNDA/Ind006_M_Snd/Ind006_M_Snd_C_news_0005
SUNDA/Ind006_M_Snd/Ind006_M_Snd_C_news_0006
SUNDA/Ind006_M_Snd/Ind006_M_Snd_C_news_0007
SUNDA/Ind006_M_Snd/Ind006_M_Snd_C_news_0008
SUNDA/Ind006_M_Snd/Ind006_M_Snd_C_news_0009
SUNDA/Ind006_M_Snd/Ind006_M_Snd_C_news_0010
SUNDA/Ind006_M_Snd/Ind006_M_Snd_C_news_0011
SUNDA/Ind006_M_Snd/Ind006_M_Snd_C_news_0012
SUNDA/Ind006_M_Snd/Ind006_M_Snd_C_news_0013
SUNDA/Ind006_M_Snd/Ind006_M_Snd_C_news_0014
SUNDA/Ind006_M_Snd/Ind006_M_Snd_C_news_0015
SUNDA/Ind006_M_Snd/Ind006_M_Snd_C_news_0016
SUNDA/Ind006_M_Snd/Ind006_M_Snd_C_news_0017
SUNDA/Ind006_M_Snd/Ind006_M_Snd_C_news_0018
SUNDA/Ind006_M_Snd/Ind006_M_Snd_C_news_0019
SUNDA/Ind006_M_Snd/Ind006_M_Snd_C_news_0020
SUNDA/Ind006_M_Snd/Ind006_M_Snd_C_news_0021
SUNDA/Ind006_M_Snd/Ind006_M_Snd_C_news_0022
SUNDA/Ind006_M_Snd/Ind006_M_Snd_C_news_0023
SUNDA/Ind006_M_Snd/Ind006_M_Snd_C_news_0024
SUNDA/Ind006_M_Snd/Ind006_M_Snd_C_news_0025
SUNDA/Ind006_M_Snd/Ind006_M_Snd_C_news_0026
SUNDA/Ind006_M_Snd/Ind006_M_Snd_C_news_0027
SUNDA/Ind006_M_Snd/Ind006_M_Snd_C_news_0028
SUNDA/Ind006_M_Snd/Ind006_M_Snd_C_news_0029
SUNDA/Ind006_M_Snd/Ind006_M_Snd_C_news_0030
SUNDA/Ind006_M_Snd/Ind006_M_Snd_C_news_0031
SUNDA/Ind006_M_Snd/Ind006_M_Snd_C_news_0032
SUNDA/Ind006_M_Snd/Ind006_M_Snd_C_news_0033
SUNDA/Ind006_M_Snd/Ind006_M_Snd_C_news_0034
SUNDA/Ind006_M_Snd/Ind006_M_Snd_C_news_0035
SUNDA/Ind006_M_Snd/Ind006_M_Snd_C_news_0036
SUNDA/Ind006_M_Snd/Ind006_M_Snd_C_news_0037
SUNDA/Ind006_M_Snd/Ind006_M_Snd_C_news_0038
SUNDA/Ind006_M_Snd/Ind006_M_Snd_C_news_0039
SUNDA/Ind006_M_Snd/Ind006_M_Snd_C_news_0040
SUNDA/Ind006_M_Snd/Ind006_M_Snd_C_news_0041
SUNDA/Ind006_M_Snd/Ind006_M_Snd_C_news_0042
SUNDA/Ind006_M_Snd/Ind006_M_Snd_C_news_0043
SUNDA/Ind006_M_Snd/Ind006_M_Snd_C_news_0044
SUNDA/Ind006_M_Snd/Ind006_M_Snd_C_news_0045
SUNDA/Ind006_M_Snd/Ind006_M_Snd_C_news_0046
SUNDA/Ind006_M_Snd/Ind006_M_Snd_C_news_0047
SUNDA/Ind006_M_Snd/Ind006_M_Snd_C_news_0048
SUNDA/Ind006_M_Snd/Ind006_M_Snd_C_news_0049
SUNDA/Ind006_M_Snd/Ind006_M_Snd_C_news_0050
SUNDA/Ind006_M_Snd/Ind006_M_Snd_C_news_0051
SUNDA/Ind006_M_Snd/Ind006_M_Snd_C_news_0052
SUNDA/Ind006_M_Snd/Ind006_M_Snd_C_news_0053
SUNDA/Ind006_M_Snd/Ind006_M_Snd_C_news_0054
SUNDA/Ind006_M_Snd/Ind006_M_Snd_C_news_0055
SUNDA/Ind006_M_Snd/Ind006_M_Snd_C_news_0056
SUNDA/Ind006_M_Snd/Ind006_M_Snd_C_news_0057
SUNDA/Ind006_M_Snd/Ind006_M_Snd_C_news_0058
SUNDA/Ind006_M_Snd/Ind006_M_Snd_C_news_0059
SUNDA/Ind006_M_Snd/Ind006_M_Snd_C_news_0060
SUNDA/Ind006_M_Snd/Ind006_M_Snd_C_news_0061
SUNDA/Ind006_M_Snd/Ind006_M_Snd_C_news_0062
SUNDA/Ind006_M_Snd/Ind006_M_Snd_C_news_0063
SUNDA/Ind006_M_Snd/Ind006_M_Snd_C_news_0064
SUNDA/Ind006_M_Snd/Ind006_M_Snd_C_news_0065
SUNDA/Ind006_M_Snd/Ind006_M_Snd_C_news_0066
SUNDA/Ind006_M_Snd/Ind006_M_Snd_C_news_0067
SUNDA/Ind006_M_Snd/Ind006_M_Snd_C_news_0068
SUNDA/Ind006_M_Snd/Ind006_M_Snd_C_news_0069
SUNDA/Ind006_M_Snd/Ind006_M_Snd_C_news_0070
SUNDA/Ind006_M_Snd/Ind006_M_Snd_C_news_0071
SUNDA/Ind006_M_Snd/Ind006_M_Snd_C_news_0072
SUNDA/Ind006_M_Snd/Ind006_M_Snd_C_news_0073
SUNDA/Ind006_M_Snd/Ind006_M_Snd_C_news_0074
SUNDA/Ind006_M_Snd/Ind006_M_Snd_C_news_0075
SUNDA/Ind006_M_Snd/Ind006_M_Snd_C_news_0076
SUNDA/Ind006_M_Snd/Ind006_M_Snd_C_news_0077
SUNDA/Ind006_M_Snd/Ind006_M_Snd_C_news_0078
SUNDA/Ind006_M_Snd/Ind006_M_Snd_C_news_0079
SUNDA/Ind006_M_Snd/Ind006_M_Snd_C_news_0080
SUNDA/Ind006_M_Snd/Ind006_M_Snd_C_news_0081
SUNDA/Ind006_M_Snd/Ind006_M_Snd_C_news_0082
SUNDA/Ind006_M_Snd/Ind006_M_Snd_C_news_0083
SUNDA/Ind006_M_Snd/Ind006_M_Snd_C_news_0084
SUNDA/Ind006_M_Snd/Ind006_M_Snd_C_news_0085
SUNDA/Ind006_M_Snd/Ind006_M_Snd_C_news_0086
SUNDA/Ind006_M_Snd/Ind006_M_Snd_C_news_0087
SUNDA/Ind006_M_Snd/Ind006_M_Snd_C_news_0088
SUNDA/Ind006_M_Snd/Ind006_M_Snd_C_news_0089
SUNDA/Ind006_M_Snd/Ind006_M_Snd_C_news_0090
SUNDA/Ind006_M_Snd/Ind006_M_Snd_C_news_0091
SUNDA/Ind006_M_Snd/Ind006_M_Snd_C_news_0092
SUNDA/Ind006_M_Snd/Ind006_M_Snd_C_news_0093
SUNDA/Ind006_M_Snd/Ind006_M_Snd_C_news_0094
SUNDA/Ind006_M_Snd/Ind006_M_Snd_C_news_0095
SUNDA/Ind006_M_Snd/Ind006_M_Snd_C_news_0096
SUNDA/Ind006_M_Snd/Ind006_M_Snd_C_news_0097
SUNDA/Ind006_M_Snd/Ind006_M_Snd_C_news_0098
SUNDA/Ind006_M_Snd/Ind006_M_Snd_C_news_0099
SUNDA/Ind006_M_Snd/Ind006_M_Snd_C_news_0100
SUNDA/Ind006_M_Snd/Ind006_M_Snd_C_news_0101
SUNDA/Ind006_M_Snd/Ind006_M_Snd_C_news_0102
SUNDA/Ind006_M_Snd/Ind006_M_Snd_C_news_0103
SUNDA/Ind006_M_Snd/Ind006_M_Snd_C_news_0104
SUNDA/Ind006_M_Snd/Ind006_M_Snd_C_news_0105
SUNDA/Ind006_M_Snd/Ind006_M_Snd_C_news_0106
SUNDA/Ind006_M_Snd/Ind006_M_Snd_C_news_0107
SUNDA/Ind006_M_Snd/Ind006_M_Snd_C_news_0108
SUNDA/Ind006_M_Snd/Ind006_M_Snd_C_news_0109
SUNDA/Ind006_M_Snd/Ind006_M_Snd_C_news_0110
SUNDA/Ind006_M_Snd/Ind006_M_Snd_C_news_0111
SUNDA/Ind006_M_Snd/Ind006_M_Snd_C_news_0112
SUNDA/Ind006_M_Snd/Ind006_M_Snd_C_news_0113
SUNDA/Ind006_M_Snd/Ind006_M_Snd_C_news_0114
SUNDA/Ind006_M_Snd/Ind006_M_Snd_C_news_0115
SUNDA/Ind006_M_Snd/Ind006_M_Snd_C_news_0116
SUNDA/Ind006_M_Snd/Ind006_M_Snd_C_news_0117
SUNDA/Ind006_M_Snd/Ind006_M_Snd_C_news_0118
SUNDA/Ind006_M_Snd/Ind006_M_Snd_C_news_0119
SUNDA/Ind006_M_Snd/Ind006_M_Snd_C_news_0120
SUNDA/Ind006_M_Snd/Ind006_M_Snd_C_news_0121
SUNDA/Ind006_M_Snd/Ind006_M_Snd_C_news_0122
SUNDA/Ind006_M_Snd/Ind006_M_Snd_C_news_0123
SUNDA/Ind006_M_Snd/Ind006_M_Snd_C_news_0124
SUNDA/Ind006_M_Snd/Ind006_M_Snd_C_news_0125
SUNDA/Ind006_M_Snd/Ind006_M_Snd_C_news_0126
SUNDA/Ind006_M_Snd/Ind006_M_Snd_C_news_0127
SUNDA/Ind006_M_Snd/Ind006_M_Snd_C_news_0128
SUNDA/Ind006_M_Snd/Ind006_M_Snd_C_news_0129
SUNDA/Ind006_M_Snd/Ind006_M_Snd_C_news_0130
SUNDA/Ind006_M_Snd/Ind006_M_Snd_C_news_0131
SUNDA/Ind006_M_Snd/Ind006_M_Snd_C_news_0132
SUNDA/Ind006_M_Snd/Ind006_M_Snd_C_news_0133
SUNDA/Ind006_M_Snd/Ind006_M_Snd_C_news_0134
SUNDA/Ind006_M_Snd/Ind006_M_Snd_C_news_0135
SUNDA/Ind006_M_Snd/Ind006_M_Snd_C_news_0136
SUNDA/Ind006_M_Snd/Ind006_M_Snd_C_news_0137
SUNDA/Ind006_M_Snd/Ind006_M_Snd_C_news_0138
SUNDA/Ind006_M_Snd/Ind006_M_Snd_C_news_0139
SUNDA/Ind006_M_Snd/Ind006_M_Snd_C_news_0140
SUNDA/Ind006_M_Snd/Ind006_M_Snd_C_news_0141
SUNDA/Ind006_M_Snd/Ind006_M_Snd_C_news_0142
SUNDA/Ind006_M_Snd/Ind006_M_Snd_C_news_0143
SUNDA/Ind006_M_Snd/Ind006_M_Snd_C_news_0144
SUNDA/Ind006_M_Snd/Ind006_M_Snd_C_news_0145
SUNDA/Ind006_M_Snd/Ind006_M_Snd_C_news_0146
SUNDA/Ind006_M_Snd/Ind006_M_Snd_C_news_0147
SUNDA/Ind006_M_Snd/Ind006_M_Snd_C_news_0148
SUNDA/Ind006_M_Snd/Ind006_M_Snd_C_news_0149
SUNDA/Ind006_M_Snd/Ind006_M_Snd_C_news_0150
SUNDA/Ind006_M_Snd/Ind006_M_Snd_C_news_0151
SUNDA/Ind006_M_Snd/Ind006_M_Snd_C_news_0152
SUNDA/Ind006_M_Snd/Ind006_M_Snd_C_news_0153
SUNDA/Ind006_M_Snd/Ind006_M_Snd_C_news_0154
SUNDA/Ind006_M_Snd/Ind006_M_Snd_C_news_0155
SUNDA/Ind006_M_Snd/Ind006_M_Snd_C_news_0156
SUNDA/Ind006_M_Snd/Ind006_M_Snd_C_news_0157
SUNDA/Ind006_M_Snd/Ind006_M_Snd_C_news_0158
SUNDA/Ind006_M_Snd/Ind006_M_Snd_C_news_0159
SUNDA/Ind006_M_Snd/Ind006_M_Snd_C_news_0160
SUNDA/Ind006_M_Snd/Ind006_M_Snd_C_news_0161
SUNDA/Ind006_M_Snd/Ind006_M_Snd_C_news_0162
SUNDA/Ind006_M_Snd/Ind006_M_Snd_C_news_0163
SUNDA/Ind006_M_Snd/Ind006_M_Snd_C_news_0164
SUNDA/Ind006_M_Snd/Ind006_M_Snd_C_news_0165
SUNDA/Ind006_M_Snd/Ind006_M_Snd_C_news_0166
SUNDA/Ind006_M_Snd/Ind006_M_Snd_C_news_0167
SUNDA/Ind006_M_Snd/Ind006_M_Snd_C_news_0168
SUNDA/Ind006_M_Snd/Ind006_M_Snd_C_news_0169
SUNDA/Ind006_M_Snd/Ind006_M_Snd_C_news_0170
SUNDA/Ind006_M_Snd/Ind006_M_Snd_C_news_0171
SUNDA/Ind006_M_Snd/Ind006_M_Snd_C_news_0172
SUNDA/Ind006_M_Snd/Ind006_M_Snd_C_news_0173
SUNDA/Ind006_M_Snd/Ind006_M_Snd_C_news_0174
SUNDA/Ind006_M_Snd/Ind006_M_Snd_C_news_0175
SUNDA/Ind006_M_Snd/Ind006_M_Snd_C_news_0176
SUNDA/Ind006_M_Snd/Ind006_M_Snd_C_news_0177
SUNDA/Ind006_M_Snd/Ind006_M_Snd_C_news_0178
SUNDA/Ind006_M_Snd/Ind006_M_Snd_C_news_0179
SUNDA/Ind006_M_Snd/Ind006_M_Snd_C_news_0180
SUNDA/Ind006_M_Snd/Ind006_M_Snd_C_news_0181
SUNDA/Ind006_M_Snd/Ind006_M_Snd_C_news_0182
SUNDA/Ind006_M_Snd/Ind006_M_Snd_C_news_0183
SUNDA/Ind006_M_Snd/Ind006_M_Snd_C_news_0184
SUNDA/Ind006_M_Snd/Ind006_M_Snd_C_news_0185
SUNDA/Ind006_M_Snd/Ind006_M_Snd_C_news_0186
SUNDA/Ind006_M_Snd/Ind006_M_Snd_C_news_0187
SUNDA/Ind006_M_Snd/Ind006_M_Snd_C_news_0188
SUNDA/Ind006_M_Snd/Ind006_M_Snd_C_news_0189
SUNDA/Ind006_M_Snd/Ind006_M_Snd_C_news_0190
SUNDA/Ind006_M_Snd/Ind006_M_Snd_C_news_0191
SUNDA/Ind006_M_Snd/Ind006_M_Snd_C_news_0192
SUNDA/Ind006_M_Snd/Ind006_M_Snd_C_news_0193
SUNDA/Ind006_M_Snd/Ind006_M_Snd_C_news_0194
SUNDA/Ind006_M_Snd/Ind006_M_Snd_C_news_0195
SUNDA/Ind006_M_Snd/Ind006_M_Snd_C_news_0196
SUNDA/Ind006_M_Snd/Ind006_M_Snd_C_news_0197
SUNDA/Ind006_M_Snd/Ind006_M_Snd_C_news_0198
SUNDA/Ind006_M_Snd/Ind006_M_Snd_C_news_0199
SUNDA/Ind006_M_Snd/Ind006_M_Snd_C_news_0200
SUNDA/Ind007_F_Snd/Ind007_F_Snd_C_news_0001
SUNDA/Ind007_F_Snd/Ind007_F_Snd_C_news_0002
SUNDA/Ind007_F_Snd/Ind007_F_Snd_C_news_0003
SUNDA/Ind007_F_Snd/Ind007_F_Snd_C_news_0004
SUNDA/Ind007_F_Snd/Ind007_F_Snd_C_news_0005
SUNDA/Ind007_F_Snd/Ind007_F_Snd_C_news_0006
SUNDA/Ind007_F_Snd/Ind007_F_Snd_C_news_0007
SUNDA/Ind007_F_Snd/Ind007_F_Snd_C_news_0008
SUNDA/Ind007_F_Snd/Ind007_F_Snd_C_news_0009
SUNDA/Ind007_F_Snd/Ind007_F_Snd_C_news_0010
SUNDA/Ind007_F_Snd/Ind007_F_Snd_C_news_0011
SUNDA/Ind007_F_Snd/Ind007_F_Snd_C_news_0012
SUNDA/Ind007_F_Snd/Ind007_F_Snd_C_news_0013
SUNDA/Ind007_F_Snd/Ind007_F_Snd_C_news_0014
SUNDA/Ind007_F_Snd/Ind007_F_Snd_C_news_0015
SUNDA/Ind007_F_Snd/Ind007_F_Snd_C_news_0016
SUNDA/Ind007_F_Snd/Ind007_F_Snd_C_news_0017
SUNDA/Ind007_F_Snd/Ind007_F_Snd_C_news_0018
SUNDA/Ind007_F_Snd/Ind007_F_Snd_C_news_0019
SUNDA/Ind007_F_Snd/Ind007_F_Snd_C_news_0020
SUNDA/Ind007_F_Snd/Ind007_F_Snd_C_news_0021
SUNDA/Ind007_F_Snd/Ind007_F_Snd_C_news_0022
SUNDA/Ind007_F_Snd/Ind007_F_Snd_C_news_0023
SUNDA/Ind007_F_Snd/Ind007_F_Snd_C_news_0024
SUNDA/Ind007_F_Snd/Ind007_F_Snd_C_news_0025
SUNDA/Ind007_F_Snd/Ind007_F_Snd_C_news_0026
SUNDA/Ind007_F_Snd/Ind007_F_Snd_C_news_0027
SUNDA/Ind007_F_Snd/Ind007_F_Snd_C_news_0028
SUNDA/Ind007_F_Snd/Ind007_F_Snd_C_news_0029
SUNDA/Ind007_F_Snd/Ind007_F_Snd_C_news_0030
SUNDA/Ind007_F_Snd/Ind007_F_Snd_C_news_0031
SUNDA/Ind007_F_Snd/Ind007_F_Snd_C_news_0032
SUNDA/Ind007_F_Snd/Ind007_F_Snd_C_news_0033
SUNDA/Ind007_F_Snd/Ind007_F_Snd_C_news_0034
SUNDA/Ind007_F_Snd/Ind007_F_Snd_C_news_0035
SUNDA/Ind007_F_Snd/Ind007_F_Snd_C_news_0036
SUNDA/Ind007_F_Snd/Ind007_F_Snd_C_news_0037
SUNDA/Ind007_F_Snd/Ind007_F_Snd_C_news_0038
SUNDA/Ind007_F_Snd/Ind007_F_Snd_C_news_0039
SUNDA/Ind007_F_Snd/Ind007_F_Snd_C_news_0040
SUNDA/Ind007_F_Snd/Ind007_F_Snd_C_news_0041
SUNDA/Ind007_F_Snd/Ind007_F_Snd_C_news_0042
SUNDA/Ind007_F_Snd/Ind007_F_Snd_C_news_0043
SUNDA/Ind007_F_Snd/Ind007_F_Snd_C_news_0044
SUNDA/Ind007_F_Snd/Ind007_F_Snd_C_news_0045
SUNDA/Ind007_F_Snd/Ind007_F_Snd_C_news_0046
SUNDA/Ind007_F_Snd/Ind007_F_Snd_C_news_0047
SUNDA/Ind007_F_Snd/Ind007_F_Snd_C_news_0048
SUNDA/Ind007_F_Snd/Ind007_F_Snd_C_news_0049
SUNDA/Ind007_F_Snd/Ind007_F_Snd_C_news_0050
SUNDA/Ind007_F_Snd/Ind007_F_Snd_C_news_0051
SUNDA/Ind007_F_Snd/Ind007_F_Snd_C_news_0052
SUNDA/Ind007_F_Snd/Ind007_F_Snd_C_news_0053
SUNDA/Ind007_F_Snd/Ind007_F_Snd_C_news_0054
SUNDA/Ind007_F_Snd/Ind007_F_Snd_C_news_0055
SUNDA/Ind007_F_Snd/Ind007_F_Snd_C_news_0056
SUNDA/Ind007_F_Snd/Ind007_F_Snd_C_news_0057
SUNDA/Ind007_F_Snd/Ind007_F_Snd_C_news_0058
SUNDA/Ind007_F_Snd/Ind007_F_Snd_C_news_0059
SUNDA/Ind007_F_Snd/Ind007_F_Snd_C_news_0060
SUNDA/Ind007_F_Snd/Ind007_F_Snd_C_news_0061
SUNDA/Ind007_F_Snd/Ind007_F_Snd_C_news_0062
SUNDA/Ind007_F_Snd/Ind007_F_Snd_C_news_0063
SUNDA/Ind007_F_Snd/Ind007_F_Snd_C_news_0064
SUNDA/Ind007_F_Snd/Ind007_F_Snd_C_news_0065
SUNDA/Ind007_F_Snd/Ind007_F_Snd_C_news_0066
SUNDA/Ind007_F_Snd/Ind007_F_Snd_C_news_0067
SUNDA/Ind007_F_Snd/Ind007_F_Snd_C_news_0068
SUNDA/Ind007_F_Snd/Ind007_F_Snd_C_news_0069
SUNDA/Ind007_F_Snd/Ind007_F_Snd_C_news_0070
SUNDA/Ind007_F_Snd/Ind007_F_Snd_C_news_0071
SUNDA/Ind007_F_Snd/Ind007_F_Snd_C_news_0072
SUNDA/Ind007_F_Snd/Ind007_F_Snd_C_news_0073
SUNDA/Ind007_F_Snd/Ind007_F_Snd_C_news_0074
SUNDA/Ind007_F_Snd/Ind007_F_Snd_C_news_0075
SUNDA/Ind007_F_Snd/Ind007_F_Snd_C_news_0076
SUNDA/Ind007_F_Snd/Ind007_F_Snd_C_news_0077
SUNDA/Ind007_F_Snd/Ind007_F_Snd_C_news_0078
SUNDA/Ind007_F_Snd/Ind007_F_Snd_C_news_0079
SUNDA/Ind007_F_Snd/Ind007_F_Snd_C_news_0080
SUNDA/Ind007_F_Snd/Ind007_F_Snd_C_news_0081
SUNDA/Ind007_F_Snd/Ind007_F_Snd_C_news_0082
SUNDA/Ind007_F_Snd/Ind007_F_Snd_C_news_0083
SUNDA/Ind007_F_Snd/Ind007_F_Snd_C_news_0084
SUNDA/Ind007_F_Snd/Ind007_F_Snd_C_news_0085
SUNDA/Ind007_F_Snd/Ind007_F_Snd_C_news_0086
SUNDA/Ind007_F_Snd/Ind007_F_Snd_C_news_0087
SUNDA/Ind007_F_Snd/Ind007_F_Snd_C_news_0088
SUNDA/Ind007_F_Snd/Ind007_F_Snd_C_news_0089
SUNDA/Ind007_F_Snd/Ind007_F_Snd_C_news_0090
SUNDA/Ind007_F_Snd/Ind007_F_Snd_C_news_0091
SUNDA/Ind007_F_Snd/Ind007_F_Snd_C_news_0092
SUNDA/Ind007_F_Snd/Ind007_F_Snd_C_news_0093
SUNDA/Ind007_F_Snd/Ind007_F_Snd_C_news_0094
SUNDA/Ind007_F_Snd/Ind007_F_Snd_C_news_0095
SUNDA/Ind007_F_Snd/Ind007_F_Snd_C_news_0096
SUNDA/Ind007_F_Snd/Ind007_F_Snd_C_news_0097
SUNDA/Ind007_F_Snd/Ind007_F_Snd_C_news_0098
SUNDA/Ind007_F_Snd/Ind007_F_Snd_C_news_0099
SUNDA/Ind007_F_Snd/Ind007_F_Snd_C_news_0100
SUNDA/Ind007_F_Snd/Ind007_F_Snd_C_news_0101
SUNDA/Ind007_F_Snd/Ind007_F_Snd_C_news_0102
SUNDA/Ind007_F_Snd/Ind007_F_Snd_C_news_0103
SUNDA/Ind007_F_Snd/Ind007_F_Snd_C_news_0104
SUNDA/Ind007_F_Snd/Ind007_F_Snd_C_news_0105
SUNDA/Ind007_F_Snd/Ind007_F_Snd_C_news_0106
SUNDA/Ind007_F_Snd/Ind007_F_Snd_C_news_0107
SUNDA/Ind007_F_Snd/Ind007_F_Snd_C_news_0108
SUNDA/Ind007_F_Snd/Ind007_F_Snd_C_news_0109
SUNDA/Ind007_F_Snd/Ind007_F_Snd_C_news_0110
SUNDA/Ind007_F_Snd/Ind007_F_Snd_C_news_0111
SUNDA/Ind007_F_Snd/Ind007_F_Snd_C_news_0112
SUNDA/Ind007_F_Snd/Ind007_F_Snd_C_news_0113
SUNDA/Ind007_F_Snd/Ind007_F_Snd_C_news_0114
SUNDA/Ind007_F_Snd/Ind007_F_Snd_C_news_0115
SUNDA/Ind007_F_Snd/Ind007_F_Snd_C_news_0116
SUNDA/Ind007_F_Snd/Ind007_F_Snd_C_news_0117
SUNDA/Ind007_F_Snd/Ind007_F_Snd_C_news_0118
SUNDA/Ind007_F_Snd/Ind007_F_Snd_C_news_0119
SUNDA/Ind007_F_Snd/Ind007_F_Snd_C_news_0120
SUNDA/Ind007_F_Snd/Ind007_F_Snd_C_news_0121
SUNDA/Ind007_F_Snd/Ind007_F_Snd_C_news_0122
SUNDA/Ind007_F_Snd/Ind007_F_Snd_C_news_0123
SUNDA/Ind007_F_Snd/Ind007_F_Snd_C_news_0124
SUNDA/Ind007_F_Snd/Ind007_F_Snd_C_news_0125
SUNDA/Ind007_F_Snd/Ind007_F_Snd_C_news_0126
SUNDA/Ind007_F_Snd/Ind007_F_Snd_C_news_0127
SUNDA/Ind007_F_Snd/Ind007_F_Snd_C_news_0128
SUNDA/Ind007_F_Snd/Ind007_F_Snd_C_news_0129
SUNDA/Ind007_F_Snd/Ind007_F_Snd_C_news_0130
SUNDA/Ind007_F_Snd/Ind007_F_Snd_C_news_0131
SUNDA/Ind007_F_Snd/Ind007_F_Snd_C_news_0132
SUNDA/Ind007_F_Snd/Ind007_F_Snd_C_news_0133
SUNDA/Ind007_F_Snd/Ind007_F_Snd_C_news_0134
SUNDA/Ind007_F_Snd/Ind007_F_Snd_C_news_0135
SUNDA/Ind007_F_Snd/Ind007_F_Snd_C_news_0136
SUNDA/Ind007_F_Snd/Ind007_F_Snd_C_news_0137
SUNDA/Ind007_F_Snd/Ind007_F_Snd_C_news_0138
SUNDA/Ind007_F_Snd/Ind007_F_Snd_C_news_0139
SUNDA/Ind007_F_Snd/Ind007_F_Snd_C_news_0140
SUNDA/Ind007_F_Snd/Ind007_F_Snd_C_news_0141
SUNDA/Ind007_F_Snd/Ind007_F_Snd_C_news_0142
SUNDA/Ind007_F_Snd/Ind007_F_Snd_C_news_0143
SUNDA/Ind007_F_Snd/Ind007_F_Snd_C_news_0144
SUNDA/Ind007_F_Snd/Ind007_F_Snd_C_news_0145
SUNDA/Ind007_F_Snd/Ind007_F_Snd_C_news_0146
SUNDA/Ind007_F_Snd/Ind007_F_Snd_C_news_0147
SUNDA/Ind007_F_Snd/Ind007_F_Snd_C_news_0148
SUNDA/Ind007_F_Snd/Ind007_F_Snd_C_news_0149
SUNDA/Ind007_F_Snd/Ind007_F_Snd_C_news_0150
SUNDA/Ind007_F_Snd/Ind007_F_Snd_C_news_0151
SUNDA/Ind007_F_Snd/Ind007_F_Snd_C_news_0152
SUNDA/Ind007_F_Snd/Ind007_F_Snd_C_news_0153
SUNDA/Ind007_F_Snd/Ind007_F_Snd_C_news_0154
SUNDA/Ind007_F_Snd/Ind007_F_Snd_C_news_0155
SUNDA/Ind007_F_Snd/Ind007_F_Snd_C_news_0156
SUNDA/Ind007_F_Snd/Ind007_F_Snd_C_news_0157
SUNDA/Ind007_F_Snd/Ind007_F_Snd_C_news_0158
SUNDA/Ind007_F_Snd/Ind007_F_Snd_C_news_0159
SUNDA/Ind007_F_Snd/Ind007_F_Snd_C_news_0160
SUNDA/Ind007_F_Snd/Ind007_F_Snd_C_news_0161
SUNDA/Ind007_F_Snd/Ind007_F_Snd_C_news_0162
SUNDA/Ind007_F_Snd/Ind007_F_Snd_C_news_0163
SUNDA/Ind007_F_Snd/Ind007_F_Snd_C_news_0164
SUNDA/Ind007_F_Snd/Ind007_F_Snd_C_news_0165
SUNDA/Ind007_F_Snd/Ind007_F_Snd_C_news_0166
SUNDA/Ind007_F_Snd/Ind007_F_Snd_C_news_0167
SUNDA/Ind007_F_Snd/Ind007_F_Snd_C_news_0168
SUNDA/Ind007_F_Snd/Ind007_F_Snd_C_news_0169
SUNDA/Ind007_F_Snd/Ind007_F_Snd_C_news_0170
SUNDA/Ind007_F_Snd/Ind007_F_Snd_C_news_0171
SUNDA/Ind007_F_Snd/Ind007_F_Snd_C_news_0172
SUNDA/Ind007_F_Snd/Ind007_F_Snd_C_news_0173
SUNDA/Ind007_F_Snd/Ind007_F_Snd_C_news_0174
SUNDA/Ind007_F_Snd/Ind007_F_Snd_C_news_0175
SUNDA/Ind007_F_Snd/Ind007_F_Snd_C_news_0176
SUNDA/Ind007_F_Snd/Ind007_F_Snd_C_news_0177
SUNDA/Ind007_F_Snd/Ind007_F_Snd_C_news_0178
SUNDA/Ind007_F_Snd/Ind007_F_Snd_C_news_0179
SUNDA/Ind007_F_Snd/Ind007_F_Snd_C_news_0180
SUNDA/Ind007_F_Snd/Ind007_F_Snd_C_news_0181
SUNDA/Ind007_F_Snd/Ind007_F_Snd_C_news_0182
SUNDA/Ind007_F_Snd/Ind007_F_Snd_C_news_0183
SUNDA/Ind007_F_Snd/Ind007_F_Snd_C_news_0184
SUNDA/Ind007_F_Snd/Ind007_F_Snd_C_news_0185
SUNDA/Ind007_F_Snd/Ind007_F_Snd_C_news_0186
SUNDA/Ind007_F_Snd/Ind007_F_Snd_C_news_0187
SUNDA/Ind007_F_Snd/Ind007_F_Snd_C_news_0188
SUNDA/Ind007_F_Snd/Ind007_F_Snd_C_news_0189
SUNDA/Ind007_F_Snd/Ind007_F_Snd_C_news_0190
SUNDA/Ind007_F_Snd/Ind007_F_Snd_C_news_0191
SUNDA/Ind007_F_Snd/Ind007_F_Snd_C_news_0192
SUNDA/Ind007_F_Snd/Ind007_F_Snd_C_news_0193
SUNDA/Ind007_F_Snd/Ind007_F_Snd_C_news_0194
SUNDA/Ind007_F_Snd/Ind007_F_Snd_C_news_0195
SUNDA/Ind007_F_Snd/Ind007_F_Snd_C_news_0196
SUNDA/Ind007_F_Snd/Ind007_F_Snd_C_news_0197
SUNDA/Ind007_F_Snd/Ind007_F_Snd_C_news_0198
SUNDA/Ind007_F_Snd/Ind007_F_Snd_C_news_0199
SUNDA/Ind007_F_Snd/Ind007_F_Snd_C_news_0200
SUNDA/Ind008_M_Snd/Ind008_M_Snd_C_news_0001
SUNDA/Ind008_M_Snd/Ind008_M_Snd_C_news_0002
SUNDA/Ind008_M_Snd/Ind008_M_Snd_C_news_0003
SUNDA/Ind008_M_Snd/Ind008_M_Snd_C_news_0004
SUNDA/Ind008_M_Snd/Ind008_M_Snd_C_news_0005
SUNDA/Ind008_M_Snd/Ind008_M_Snd_C_news_0006
SUNDA/Ind008_M_Snd/Ind008_M_Snd_C_news_0007
SUNDA/Ind008_M_Snd/Ind008_M_Snd_C_news_0008
SUNDA/Ind008_M_Snd/Ind008_M_Snd_C_news_0009
SUNDA/Ind008_M_Snd/Ind008_M_Snd_C_news_0010
SUNDA/Ind008_M_Snd/Ind008_M_Snd_C_news_0011
SUNDA/Ind008_M_Snd/Ind008_M_Snd_C_news_0012
SUNDA/Ind008_M_Snd/Ind008_M_Snd_C_news_0013
SUNDA/Ind008_M_Snd/Ind008_M_Snd_C_news_0014
SUNDA/Ind008_M_Snd/Ind008_M_Snd_C_news_0015
SUNDA/Ind008_M_Snd/Ind008_M_Snd_C_news_0016
SUNDA/Ind008_M_Snd/Ind008_M_Snd_C_news_0017
SUNDA/Ind008_M_Snd/Ind008_M_Snd_C_news_0018
SUNDA/Ind008_M_Snd/Ind008_M_Snd_C_news_0019
SUNDA/Ind008_M_Snd/Ind008_M_Snd_C_news_0020
SUNDA/Ind008_M_Snd/Ind008_M_Snd_C_news_0021
SUNDA/Ind008_M_Snd/Ind008_M_Snd_C_news_0022
SUNDA/Ind008_M_Snd/Ind008_M_Snd_C_news_0023
SUNDA/Ind008_M_Snd/Ind008_M_Snd_C_news_0024
SUNDA/Ind008_M_Snd/Ind008_M_Snd_C_news_0025
SUNDA/Ind008_M_Snd/Ind008_M_Snd_C_news_0026
SUNDA/Ind008_M_Snd/Ind008_M_Snd_C_news_0027
SUNDA/Ind008_M_Snd/Ind008_M_Snd_C_news_0028
SUNDA/Ind008_M_Snd/Ind008_M_Snd_C_news_0029
SUNDA/Ind008_M_Snd/Ind008_M_Snd_C_news_0030
SUNDA/Ind008_M_Snd/Ind008_M_Snd_C_news_0031
SUNDA/Ind008_M_Snd/Ind008_M_Snd_C_news_0032
SUNDA/Ind008_M_Snd/Ind008_M_Snd_C_news_0033
SUNDA/Ind008_M_Snd/Ind008_M_Snd_C_news_0034
SUNDA/Ind008_M_Snd/Ind008_M_Snd_C_news_0035
SUNDA/Ind008_M_Snd/Ind008_M_Snd_C_news_0036
SUNDA/Ind008_M_Snd/Ind008_M_Snd_C_news_0037
SUNDA/Ind008_M_Snd/Ind008_M_Snd_C_news_0038
SUNDA/Ind008_M_Snd/Ind008_M_Snd_C_news_0039
SUNDA/Ind008_M_Snd/Ind008_M_Snd_C_news_0040
SUNDA/Ind008_M_Snd/Ind008_M_Snd_C_news_0041
SUNDA/Ind008_M_Snd/Ind008_M_Snd_C_news_0042
SUNDA/Ind008_M_Snd/Ind008_M_Snd_C_news_0043
SUNDA/Ind008_M_Snd/Ind008_M_Snd_C_news_0044
SUNDA/Ind008_M_Snd/Ind008_M_Snd_C_news_0045
SUNDA/Ind008_M_Snd/Ind008_M_Snd_C_news_0046
SUNDA/Ind008_M_Snd/Ind008_M_Snd_C_news_0047
SUNDA/Ind008_M_Snd/Ind008_M_Snd_C_news_0048
SUNDA/Ind008_M_Snd/Ind008_M_Snd_C_news_0049
SUNDA/Ind008_M_Snd/Ind008_M_Snd_C_news_0050
SUNDA/Ind008_M_Snd/Ind008_M_Snd_C_news_0051
SUNDA/Ind008_M_Snd/Ind008_M_Snd_C_news_0052
SUNDA/Ind008_M_Snd/Ind008_M_Snd_C_news_0053
SUNDA/Ind008_M_Snd/Ind008_M_Snd_C_news_0054
SUNDA/Ind008_M_Snd/Ind008_M_Snd_C_news_0055
SUNDA/Ind008_M_Snd/Ind008_M_Snd_C_news_0056
SUNDA/Ind008_M_Snd/Ind008_M_Snd_C_news_0057
SUNDA/Ind008_M_Snd/Ind008_M_Snd_C_news_0058
SUNDA/Ind008_M_Snd/Ind008_M_Snd_C_news_0059
SUNDA/Ind008_M_Snd/Ind008_M_Snd_C_news_0060
SUNDA/Ind008_M_Snd/Ind008_M_Snd_C_news_0061
SUNDA/Ind008_M_Snd/Ind008_M_Snd_C_news_0062
SUNDA/Ind008_M_Snd/Ind008_M_Snd_C_news_0063
SUNDA/Ind008_M_Snd/Ind008_M_Snd_C_news_0064
SUNDA/Ind008_M_Snd/Ind008_M_Snd_C_news_0065
SUNDA/Ind008_M_Snd/Ind008_M_Snd_C_news_0066
SUNDA/Ind008_M_Snd/Ind008_M_Snd_C_news_0067
SUNDA/Ind008_M_Snd/Ind008_M_Snd_C_news_0068
SUNDA/Ind008_M_Snd/Ind008_M_Snd_C_news_0069
SUNDA/Ind008_M_Snd/Ind008_M_Snd_C_news_0070
SUNDA/Ind008_M_Snd/Ind008_M_Snd_C_news_0071
SUNDA/Ind008_M_Snd/Ind008_M_Snd_C_news_0072
SUNDA/Ind008_M_Snd/Ind008_M_Snd_C_news_0073
SUNDA/Ind008_M_Snd/Ind008_M_Snd_C_news_0074
SUNDA/Ind008_M_Snd/Ind008_M_Snd_C_news_0075
SUNDA/Ind008_M_Snd/Ind008_M_Snd_C_news_0076
SUNDA/Ind008_M_Snd/Ind008_M_Snd_C_news_0077
SUNDA/Ind008_M_Snd/Ind008_M_Snd_C_news_0078
SUNDA/Ind008_M_Snd/Ind008_M_Snd_C_news_0079
SUNDA/Ind008_M_Snd/Ind008_M_Snd_C_news_0080
SUNDA/Ind008_M_Snd/Ind008_M_Snd_C_news_0081
SUNDA/Ind008_M_Snd/Ind008_M_Snd_C_news_0082
SUNDA/Ind008_M_Snd/Ind008_M_Snd_C_news_0083
SUNDA/Ind008_M_Snd/Ind008_M_Snd_C_news_0084
SUNDA/Ind008_M_Snd/Ind008_M_Snd_C_news_0085
SUNDA/Ind008_M_Snd/Ind008_M_Snd_C_news_0086
SUNDA/Ind008_M_Snd/Ind008_M_Snd_C_news_0087
SUNDA/Ind008_M_Snd/Ind008_M_Snd_C_news_0088
SUNDA/Ind008_M_Snd/Ind008_M_Snd_C_news_0089
SUNDA/Ind008_M_Snd/Ind008_M_Snd_C_news_0090
SUNDA/Ind008_M_Snd/Ind008_M_Snd_C_news_0091
SUNDA/Ind008_M_Snd/Ind008_M_Snd_C_news_0092
SUNDA/Ind008_M_Snd/Ind008_M_Snd_C_news_0093
SUNDA/Ind008_M_Snd/Ind008_M_Snd_C_news_0094
SUNDA/Ind008_M_Snd/Ind008_M_Snd_C_news_0095
SUNDA/Ind008_M_Snd/Ind008_M_Snd_C_news_0096
SUNDA/Ind008_M_Snd/Ind008_M_Snd_C_news_0097
SUNDA/Ind008_M_Snd/Ind008_M_Snd_C_news_0098
SUNDA/Ind008_M_Snd/Ind008_M_Snd_C_news_0099
SUNDA/Ind008_M_Snd/Ind008_M_Snd_C_news_0100
SUNDA/Ind008_M_Snd/Ind008_M_Snd_C_news_0101
SUNDA/Ind008_M_Snd/Ind008_M_Snd_C_news_0102
SUNDA/Ind008_M_Snd/Ind008_M_Snd_C_news_0103
SUNDA/Ind008_M_Snd/Ind008_M_Snd_C_news_0104
SUNDA/Ind008_M_Snd/Ind008_M_Snd_C_news_0105
SUNDA/Ind008_M_Snd/Ind008_M_Snd_C_news_0106
SUNDA/Ind008_M_Snd/Ind008_M_Snd_C_news_0107
SUNDA/Ind008_M_Snd/Ind008_M_Snd_C_news_0108
SUNDA/Ind008_M_Snd/Ind008_M_Snd_C_news_0109
SUNDA/Ind008_M_Snd/Ind008_M_Snd_C_news_0110
SUNDA/Ind008_M_Snd/Ind008_M_Snd_C_news_0111
SUNDA/Ind008_M_Snd/Ind008_M_Snd_C_news_0112
SUNDA/Ind008_M_Snd/Ind008_M_Snd_C_news_0113
SUNDA/Ind008_M_Snd/Ind008_M_Snd_C_news_0114
SUNDA/Ind008_M_Snd/Ind008_M_Snd_C_news_0115
SUNDA/Ind008_M_Snd/Ind008_M_Snd_C_news_0116
SUNDA/Ind008_M_Snd/Ind008_M_Snd_C_news_0117
SUNDA/Ind008_M_Snd/Ind008_M_Snd_C_news_0118
SUNDA/Ind008_M_Snd/Ind008_M_Snd_C_news_0119
SUNDA/Ind008_M_Snd/Ind008_M_Snd_C_news_0120
SUNDA/Ind008_M_Snd/Ind008_M_Snd_C_news_0121
SUNDA/Ind008_M_Snd/Ind008_M_Snd_C_news_0122
SUNDA/Ind008_M_Snd/Ind008_M_Snd_C_news_0123
SUNDA/Ind008_M_Snd/Ind008_M_Snd_C_news_0124
SUNDA/Ind008_M_Snd/Ind008_M_Snd_C_news_0125
SUNDA/Ind008_M_Snd/Ind008_M_Snd_C_news_0126
SUNDA/Ind008_M_Snd/Ind008_M_Snd_C_news_0127
SUNDA/Ind008_M_Snd/Ind008_M_Snd_C_news_0128
SUNDA/Ind008_M_Snd/Ind008_M_Snd_C_news_0129
SUNDA/Ind008_M_Snd/Ind008_M_Snd_C_news_0130
SUNDA/Ind008_M_Snd/Ind008_M_Snd_C_news_0131
SUNDA/Ind008_M_Snd/Ind008_M_Snd_C_news_0132
SUNDA/Ind008_M_Snd/Ind008_M_Snd_C_news_0133
SUNDA/Ind008_M_Snd/Ind008_M_Snd_C_news_0134
SUNDA/Ind008_M_Snd/Ind008_M_Snd_C_news_0135
SUNDA/Ind008_M_Snd/Ind008_M_Snd_C_news_0136
SUNDA/Ind008_M_Snd/Ind008_M_Snd_C_news_0137
SUNDA/Ind008_M_Snd/Ind008_M_Snd_C_news_0138
SUNDA/Ind008_M_Snd/Ind008_M_Snd_C_news_0139
SUNDA/Ind008_M_Snd/Ind008_M_Snd_C_news_0140
SUNDA/Ind008_M_Snd/Ind008_M_Snd_C_news_0141
SUNDA/Ind008_M_Snd/Ind008_M_Snd_C_news_0142
SUNDA/Ind008_M_Snd/Ind008_M_Snd_C_news_0143
SUNDA/Ind008_M_Snd/Ind008_M_Snd_C_news_0144
SUNDA/Ind008_M_Snd/Ind008_M_Snd_C_news_0145
SUNDA/Ind008_M_Snd/Ind008_M_Snd_C_news_0146
SUNDA/Ind008_M_Snd/Ind008_M_Snd_C_news_0147
SUNDA/Ind008_M_Snd/Ind008_M_Snd_C_news_0148
SUNDA/Ind008_M_Snd/Ind008_M_Snd_C_news_0149
SUNDA/Ind008_M_Snd/Ind008_M_Snd_C_news_0150
SUNDA/Ind008_M_Snd/Ind008_M_Snd_C_news_0151
SUNDA/Ind008_M_Snd/Ind008_M_Snd_C_news_0152
SUNDA/Ind008_M_Snd/Ind008_M_Snd_C_news_0153
SUNDA/Ind008_M_Snd/Ind008_M_Snd_C_news_0154
SUNDA/Ind008_M_Snd/Ind008_M_Snd_C_news_0155
SUNDA/Ind008_M_Snd/Ind008_M_Snd_C_news_0156
SUNDA/Ind008_M_Snd/Ind008_M_Snd_C_news_0157
SUNDA/Ind008_M_Snd/Ind008_M_Snd_C_news_0158
SUNDA/Ind008_M_Snd/Ind008_M_Snd_C_news_0159
SUNDA/Ind008_M_Snd/Ind008_M_Snd_C_news_0160
SUNDA/Ind008_M_Snd/Ind008_M_Snd_C_news_0161
SUNDA/Ind008_M_Snd/Ind008_M_Snd_C_news_0162
SUNDA/Ind008_M_Snd/Ind008_M_Snd_C_news_0163
SUNDA/Ind008_M_Snd/Ind008_M_Snd_C_news_0164
SUNDA/Ind008_M_Snd/Ind008_M_Snd_C_news_0165
SUNDA/Ind008_M_Snd/Ind008_M_Snd_C_news_0166
SUNDA/Ind008_M_Snd/Ind008_M_Snd_C_news_0167
SUNDA/Ind008_M_Snd/Ind008_M_Snd_C_news_0168
SUNDA/Ind008_M_Snd/Ind008_M_Snd_C_news_0169
SUNDA/Ind008_M_Snd/Ind008_M_Snd_C_news_0170
SUNDA/Ind008_M_Snd/Ind008_M_Snd_C_news_0171
SUNDA/Ind008_M_Snd/Ind008_M_Snd_C_news_0172
SUNDA/Ind008_M_Snd/Ind008_M_Snd_C_news_0173
SUNDA/Ind008_M_Snd/Ind008_M_Snd_C_news_0174
SUNDA/Ind008_M_Snd/Ind008_M_Snd_C_news_0175
SUNDA/Ind008_M_Snd/Ind008_M_Snd_C_news_0176
SUNDA/Ind008_M_Snd/Ind008_M_Snd_C_news_0177
SUNDA/Ind008_M_Snd/Ind008_M_Snd_C_news_0178
SUNDA/Ind008_M_Snd/Ind008_M_Snd_C_news_0179
SUNDA/Ind008_M_Snd/Ind008_M_Snd_C_news_0180
SUNDA/Ind008_M_Snd/Ind008_M_Snd_C_news_0181
SUNDA/Ind008_M_Snd/Ind008_M_Snd_C_news_0182
SUNDA/Ind008_M_Snd/Ind008_M_Snd_C_news_0183
SUNDA/Ind008_M_Snd/Ind008_M_Snd_C_news_0184
SUNDA/Ind008_M_Snd/Ind008_M_Snd_C_news_0185
SUNDA/Ind008_M_Snd/Ind008_M_Snd_C_news_0186
SUNDA/Ind008_M_Snd/Ind008_M_Snd_C_news_0187
SUNDA/Ind008_M_Snd/Ind008_M_Snd_C_news_0188
SUNDA/Ind008_M_Snd/Ind008_M_Snd_C_news_0189
SUNDA/Ind008_M_Snd/Ind008_M_Snd_C_news_0190
SUNDA/Ind008_M_Snd/Ind008_M_Snd_C_news_0191
SUNDA/Ind008_M_Snd/Ind008_M_Snd_C_news_0192
SUNDA/Ind008_M_Snd/Ind008_M_Snd_C_news_0193
SUNDA/Ind008_M_Snd/Ind008_M_Snd_C_news_0194
SUNDA/Ind008_M_Snd/Ind008_M_Snd_C_news_0195
SUNDA/Ind008_M_Snd/Ind008_M_Snd_C_news_0196
SUNDA/Ind008_M_Snd/Ind008_M_Snd_C_news_0197
SUNDA/Ind008_M_Snd/Ind008_M_Snd_C_news_0198
SUNDA/Ind008_M_Snd/Ind008_M_Snd_C_news_0199
SUNDA/Ind008_M_Snd/Ind008_M_Snd_C_news_0200
