BALI/Ind001_F_Bli/Ind001_F_Bli_C_traEth_0001
BALI/Ind001_F_Bli/Ind001_F_Bli_C_traEth_0002
BALI/Ind001_F_Bli/Ind001_F_Bli_C_traEth_0003
BALI/Ind001_F_Bli/Ind001_F_Bli_C_traEth_0004
BALI/Ind001_F_Bli/Ind001_F_Bli_C_traEth_0005
BALI/Ind001_F_Bli/Ind001_F_Bli_C_traEth_0006
BALI/Ind001_F_Bli/Ind001_F_Bli_C_traEth_0007
BALI/Ind001_F_Bli/Ind001_F_Bli_C_traEth_0008
BALI/Ind001_F_Bli/Ind001_F_Bli_C_traEth_0009
BALI/Ind001_F_Bli/Ind001_F_Bli_C_traEth_0010
BALI/Ind001_F_Bli/Ind001_F_Bli_C_traEth_0011
BALI/Ind001_F_Bli/Ind001_F_Bli_C_traEth_0012
BALI/Ind001_F_Bli/Ind001_F_Bli_C_traEth_0013
BALI/Ind001_F_Bli/Ind001_F_Bli_C_traEth_0014
BALI/Ind001_F_Bli/Ind001_F_Bli_C_traEth_0015
BALI/Ind001_F_Bli/Ind001_F_Bli_C_traEth_0016
BALI/Ind001_F_Bli/Ind001_F_Bli_C_traEth_0017
BALI/Ind001_F_Bli/Ind001_F_Bli_C_traEth_0018
BALI/Ind001_F_Bli/Ind001_F_Bli_C_traEth_0019
BALI/Ind001_F_Bli/Ind001_F_Bli_C_traEth_0020
BALI/Ind001_F_Bli/Ind001_F_Bli_C_traEth_0021
BALI/Ind001_F_Bli/Ind001_F_Bli_C_traEth_0022
BALI/Ind001_F_Bli/Ind001_F_Bli_C_traEth_0023
BALI/Ind001_F_Bli/Ind001_F_Bli_C_traEth_0024
BALI/Ind001_F_Bli/Ind001_F_Bli_C_traEth_0025
BALI/Ind001_F_Bli/Ind001_F_Bli_C_traEth_0026
BALI/Ind001_F_Bli/Ind001_F_Bli_C_traEth_0027
BALI/Ind001_F_Bli/Ind001_F_Bli_C_traEth_0028
BALI/Ind001_F_Bli/Ind001_F_Bli_C_traEth_0029
BALI/Ind001_F_Bli/Ind001_F_Bli_C_traEth_0030
BALI/Ind001_F_Bli/Ind001_F_Bli_C_traEth_0031
BALI/Ind001_F_Bli/Ind001_F_Bli_C_traEth_0032
BALI/Ind001_F_Bli/Ind001_F_Bli_C_traEth_0033
BALI/Ind001_F_Bli/Ind001_F_Bli_C_traEth_0034
BALI/Ind001_F_Bli/Ind001_F_Bli_C_traEth_0035
BALI/Ind001_F_Bli/Ind001_F_Bli_C_traEth_0036
BALI/Ind001_F_Bli/Ind001_F_Bli_C_traEth_0037
BALI/Ind001_F_Bli/Ind001_F_Bli_C_traEth_0038
BALI/Ind001_F_Bli/Ind001_F_Bli_C_traEth_0039
BALI/Ind001_F_Bli/Ind001_F_Bli_C_traEth_0040
BALI/Ind001_F_Bli/Ind001_F_Bli_C_traEth_0041
BALI/Ind001_F_Bli/Ind001_F_Bli_C_traEth_0042
BALI/Ind001_F_Bli/Ind001_F_Bli_C_traEth_0043
BALI/Ind001_F_Bli/Ind001_F_Bli_C_traEth_0044
BALI/Ind001_F_Bli/Ind001_F_Bli_C_traEth_0045
BALI/Ind001_F_Bli/Ind001_F_Bli_C_traEth_0046
BALI/Ind001_F_Bli/Ind001_F_Bli_C_traEth_0047
BALI/Ind001_F_Bli/Ind001_F_Bli_C_traEth_0048
BALI/Ind001_F_Bli/Ind001_F_Bli_C_traEth_0049
BALI/Ind001_F_Bli/Ind001_F_Bli_C_traEth_0050
BALI/Ind002_M_Bli/Ind002_M_Bli_C_traEth_0001
BALI/Ind002_M_Bli/Ind002_M_Bli_C_traEth_0002
BALI/Ind002_M_Bli/Ind002_M_Bli_C_traEth_0003
BALI/Ind002_M_Bli/Ind002_M_Bli_C_traEth_0004
BALI/Ind002_M_Bli/Ind002_M_Bli_C_traEth_0005
BALI/Ind002_M_Bli/Ind002_M_Bli_C_traEth_0006
BALI/Ind002_M_Bli/Ind002_M_Bli_C_traEth_0007
BALI/Ind002_M_Bli/Ind002_M_Bli_C_traEth_0008
BALI/Ind002_M_Bli/Ind002_M_Bli_C_traEth_0009
BALI/Ind002_M_Bli/Ind002_M_Bli_C_traEth_0010
BALI/Ind002_M_Bli/Ind002_M_Bli_C_traEth_0011
BALI/Ind002_M_Bli/Ind002_M_Bli_C_traEth_0012
BALI/Ind002_M_Bli/Ind002_M_Bli_C_traEth_0013
BALI/Ind002_M_Bli/Ind002_M_Bli_C_traEth_0014
BALI/Ind002_M_Bli/Ind002_M_Bli_C_traEth_0015
BALI/Ind002_M_Bli/Ind002_M_Bli_C_traEth_0016
BALI/Ind002_M_Bli/Ind002_M_Bli_C_traEth_0017
BALI/Ind002_M_Bli/Ind002_M_Bli_C_traEth_0018
BALI/Ind002_M_Bli/Ind002_M_Bli_C_traEth_0019
BALI/Ind002_M_Bli/Ind002_M_Bli_C_traEth_0020
BALI/Ind002_M_Bli/Ind002_M_Bli_C_traEth_0021
BALI/Ind002_M_Bli/Ind002_M_Bli_C_traEth_0022
BALI/Ind002_M_Bli/Ind002_M_Bli_C_traEth_0023
BALI/Ind002_M_Bli/Ind002_M_Bli_C_traEth_0024
BALI/Ind002_M_Bli/Ind002_M_Bli_C_traEth_0025
BALI/Ind002_M_Bli/Ind002_M_Bli_C_traEth_0026
BALI/Ind002_M_Bli/Ind002_M_Bli_C_traEth_0027
BALI/Ind002_M_Bli/Ind002_M_Bli_C_traEth_0028
BALI/Ind002_M_Bli/Ind002_M_Bli_C_traEth_0029
BALI/Ind002_M_Bli/Ind002_M_Bli_C_traEth_0030
BALI/Ind002_M_Bli/Ind002_M_Bli_C_traEth_0031
BALI/Ind002_M_Bli/Ind002_M_Bli_C_traEth_0032
BALI/Ind002_M_Bli/Ind002_M_Bli_C_traEth_0033
BALI/Ind002_M_Bli/Ind002_M_Bli_C_traEth_0034
BALI/Ind002_M_Bli/Ind002_M_Bli_C_traEth_0035
BALI/Ind002_M_Bli/Ind002_M_Bli_C_traEth_0036
BALI/Ind002_M_Bli/Ind002_M_Bli_C_traEth_0037
BALI/Ind002_M_Bli/Ind002_M_Bli_C_traEth_0038
BALI/Ind002_M_Bli/Ind002_M_Bli_C_traEth_0039
BALI/Ind002_M_Bli/Ind002_M_Bli_C_traEth_0040
BALI/Ind002_M_Bli/Ind002_M_Bli_C_traEth_0041
BALI/Ind002_M_Bli/Ind002_M_Bli_C_traEth_0042
BALI/Ind002_M_Bli/Ind002_M_Bli_C_traEth_0043
BALI/Ind002_M_Bli/Ind002_M_Bli_C_traEth_0044
BALI/Ind002_M_Bli/Ind002_M_Bli_C_traEth_0045
BALI/Ind002_M_Bli/Ind002_M_Bli_C_traEth_0046
BALI/Ind002_M_Bli/Ind002_M_Bli_C_traEth_0047
BALI/Ind002_M_Bli/Ind002_M_Bli_C_traEth_0048
BALI/Ind002_M_Bli/Ind002_M_Bli_C_traEth_0049
BALI/Ind002_M_Bli/Ind002_M_Bli_C_traEth_0050
BALI/Ind003_F_Bli/Ind003_F_Bli_C_traEth_0001
BALI/Ind003_F_Bli/Ind003_F_Bli_C_traEth_0002
BALI/Ind003_F_Bli/Ind003_F_Bli_C_traEth_0003
BALI/Ind003_F_Bli/Ind003_F_Bli_C_traEth_0004
BALI/Ind003_F_Bli/Ind003_F_Bli_C_traEth_0005
BALI/Ind003_F_Bli/Ind003_F_Bli_C_traEth_0006
BALI/Ind003_F_Bli/Ind003_F_Bli_C_traEth_0007
BALI/Ind003_F_Bli/Ind003_F_Bli_C_traEth_0008
BALI/Ind003_F_Bli/Ind003_F_Bli_C_traEth_0009
BALI/Ind003_F_Bli/Ind003_F_Bli_C_traEth_0010
BALI/Ind003_F_Bli/Ind003_F_Bli_C_traEth_0011
BALI/Ind003_F_Bli/Ind003_F_Bli_C_traEth_0012
BALI/Ind003_F_Bli/Ind003_F_Bli_C_traEth_0013
BALI/Ind003_F_Bli/Ind003_F_Bli_C_traEth_0014
BALI/Ind003_F_Bli/Ind003_F_Bli_C_traEth_0015
BALI/Ind003_F_Bli/Ind003_F_Bli_C_traEth_0016
BALI/Ind003_F_Bli/Ind003_F_Bli_C_traEth_0017
BALI/Ind003_F_Bli/Ind003_F_Bli_C_traEth_0018
BALI/Ind003_F_Bli/Ind003_F_Bli_C_traEth_0019
BALI/Ind003_F_Bli/Ind003_F_Bli_C_traEth_0020
BALI/Ind003_F_Bli/Ind003_F_Bli_C_traEth_0021
BALI/Ind003_F_Bli/Ind003_F_Bli_C_traEth_0022
BALI/Ind003_F_Bli/Ind003_F_Bli_C_traEth_0023
BALI/Ind003_F_Bli/Ind003_F_Bli_C_traEth_0024
BALI/Ind003_F_Bli/Ind003_F_Bli_C_traEth_0025
BALI/Ind003_F_Bli/Ind003_F_Bli_C_traEth_0026
BALI/Ind003_F_Bli/Ind003_F_Bli_C_traEth_0027
BALI/Ind003_F_Bli/Ind003_F_Bli_C_traEth_0028
BALI/Ind003_F_Bli/Ind003_F_Bli_C_traEth_0029
BALI/Ind003_F_Bli/Ind003_F_Bli_C_traEth_0030
BALI/Ind003_F_Bli/Ind003_F_Bli_C_traEth_0031
BALI/Ind003_F_Bli/Ind003_F_Bli_C_traEth_0032
BALI/Ind003_F_Bli/Ind003_F_Bli_C_traEth_0033
BALI/Ind003_F_Bli/Ind003_F_Bli_C_traEth_0034
BALI/Ind003_F_Bli/Ind003_F_Bli_C_traEth_0035
BALI/Ind003_F_Bli/Ind003_F_Bli_C_traEth_0036
BALI/Ind003_F_Bli/Ind003_F_Bli_C_traEth_0037
BALI/Ind003_F_Bli/Ind003_F_Bli_C_traEth_0038
BALI/Ind003_F_Bli/Ind003_F_Bli_C_traEth_0039
BALI/Ind003_F_Bli/Ind003_F_Bli_C_traEth_0040
BALI/Ind003_F_Bli/Ind003_F_Bli_C_traEth_0041
BALI/Ind003_F_Bli/Ind003_F_Bli_C_traEth_0042
BALI/Ind003_F_Bli/Ind003_F_Bli_C_traEth_0043
BALI/Ind003_F_Bli/Ind003_F_Bli_C_traEth_0044
BALI/Ind003_F_Bli/Ind003_F_Bli_C_traEth_0045
BALI/Ind003_F_Bli/Ind003_F_Bli_C_traEth_0046
BALI/Ind003_F_Bli/Ind003_F_Bli_C_traEth_0047
BALI/Ind003_F_Bli/Ind003_F_Bli_C_traEth_0048
BALI/Ind003_F_Bli/Ind003_F_Bli_C_traEth_0049
BALI/Ind003_F_Bli/Ind003_F_Bli_C_traEth_0050
BALI/Ind004_M_Bli/Ind004_M_Bli_C_traEth_0001
BALI/Ind004_M_Bli/Ind004_M_Bli_C_traEth_0002
BALI/Ind004_M_Bli/Ind004_M_Bli_C_traEth_0003
BALI/Ind004_M_Bli/Ind004_M_Bli_C_traEth_0004
BALI/Ind004_M_Bli/Ind004_M_Bli_C_traEth_0005
BALI/Ind004_M_Bli/Ind004_M_Bli_C_traEth_0006
BALI/Ind004_M_Bli/Ind004_M_Bli_C_traEth_0007
BALI/Ind004_M_Bli/Ind004_M_Bli_C_traEth_0008
BALI/Ind004_M_Bli/Ind004_M_Bli_C_traEth_0009
BALI/Ind004_M_Bli/Ind004_M_Bli_C_traEth_0010
BALI/Ind004_M_Bli/Ind004_M_Bli_C_traEth_0011
BALI/Ind004_M_Bli/Ind004_M_Bli_C_traEth_0012
BALI/Ind004_M_Bli/Ind004_M_Bli_C_traEth_0013
BALI/Ind004_M_Bli/Ind004_M_Bli_C_traEth_0014
BALI/Ind004_M_Bli/Ind004_M_Bli_C_traEth_0015
BALI/Ind004_M_Bli/Ind004_M_Bli_C_traEth_0016
BALI/Ind004_M_Bli/Ind004_M_Bli_C_traEth_0017
BALI/Ind004_M_Bli/Ind004_M_Bli_C_traEth_0018
BALI/Ind004_M_Bli/Ind004_M_Bli_C_traEth_0019
BALI/Ind004_M_Bli/Ind004_M_Bli_C_traEth_0020
BALI/Ind004_M_Bli/Ind004_M_Bli_C_traEth_0021
BALI/Ind004_M_Bli/Ind004_M_Bli_C_traEth_0022
BALI/Ind004_M_Bli/Ind004_M_Bli_C_traEth_0023
BALI/Ind004_M_Bli/Ind004_M_Bli_C_traEth_0024
BALI/Ind004_M_Bli/Ind004_M_Bli_C_traEth_0025
BALI/Ind004_M_Bli/Ind004_M_Bli_C_traEth_0026
BALI/Ind004_M_Bli/Ind004_M_Bli_C_traEth_0027
BALI/Ind004_M_Bli/Ind004_M_Bli_C_traEth_0028
BALI/Ind004_M_Bli/Ind004_M_Bli_C_traEth_0029
BALI/Ind004_M_Bli/Ind004_M_Bli_C_traEth_0030
BALI/Ind004_M_Bli/Ind004_M_Bli_C_traEth_0031
BALI/Ind004_M_Bli/Ind004_M_Bli_C_traEth_0032
BALI/Ind004_M_Bli/Ind004_M_Bli_C_traEth_0033
BALI/Ind004_M_Bli/Ind004_M_Bli_C_traEth_0034
BALI/Ind004_M_Bli/Ind004_M_Bli_C_traEth_0035
BALI/Ind004_M_Bli/Ind004_M_Bli_C_traEth_0036
BALI/Ind004_M_Bli/Ind004_M_Bli_C_traEth_0037
BALI/Ind004_M_Bli/Ind004_M_Bli_C_traEth_0038
BALI/Ind004_M_Bli/Ind004_M_Bli_C_traEth_0039
BALI/Ind004_M_Bli/Ind004_M_Bli_C_traEth_0040
BALI/Ind004_M_Bli/Ind004_M_Bli_C_traEth_0041
BALI/Ind004_M_Bli/Ind004_M_Bli_C_traEth_0042
BALI/Ind004_M_Bli/Ind004_M_Bli_C_traEth_0043
BALI/Ind004_M_Bli/Ind004_M_Bli_C_traEth_0044
BALI/Ind004_M_Bli/Ind004_M_Bli_C_traEth_0045
BALI/Ind004_M_Bli/Ind004_M_Bli_C_traEth_0046
BALI/Ind004_M_Bli/Ind004_M_Bli_C_traEth_0047
BALI/Ind004_M_Bli/Ind004_M_Bli_C_traEth_0048
BALI/Ind004_M_Bli/Ind004_M_Bli_C_traEth_0049
BALI/Ind004_M_Bli/Ind004_M_Bli_C_traEth_0050
BALI/Ind005_F_Bli/Ind005_F_Bli_C_traEth_0001
BALI/Ind005_F_Bli/Ind005_F_Bli_C_traEth_0002
BALI/Ind005_F_Bli/Ind005_F_Bli_C_traEth_0003
BALI/Ind005_F_Bli/Ind005_F_Bli_C_traEth_0004
BALI/Ind005_F_Bli/Ind005_F_Bli_C_traEth_0005
BALI/Ind005_F_Bli/Ind005_F_Bli_C_traEth_0006
BALI/Ind005_F_Bli/Ind005_F_Bli_C_traEth_0007
BALI/Ind005_F_Bli/Ind005_F_Bli_C_traEth_0008
BALI/Ind005_F_Bli/Ind005_F_Bli_C_traEth_0009
BALI/Ind005_F_Bli/Ind005_F_Bli_C_traEth_0010
BALI/Ind005_F_Bli/Ind005_F_Bli_C_traEth_0011
BALI/Ind005_F_Bli/Ind005_F_Bli_C_traEth_0012
BALI/Ind005_F_Bli/Ind005_F_Bli_C_traEth_0013
BALI/Ind005_F_Bli/Ind005_F_Bli_C_traEth_0014
BALI/Ind005_F_Bli/Ind005_F_Bli_C_traEth_0015
BALI/Ind005_F_Bli/Ind005_F_Bli_C_traEth_0016
BALI/Ind005_F_Bli/Ind005_F_Bli_C_traEth_0017
BALI/Ind005_F_Bli/Ind005_F_Bli_C_traEth_0018
BALI/Ind005_F_Bli/Ind005_F_Bli_C_traEth_0019
BALI/Ind005_F_Bli/Ind005_F_Bli_C_traEth_0020
BALI/Ind005_F_Bli/Ind005_F_Bli_C_traEth_0021
BALI/Ind005_F_Bli/Ind005_F_Bli_C_traEth_0022
BALI/Ind005_F_Bli/Ind005_F_Bli_C_traEth_0023
BALI/Ind005_F_Bli/Ind005_F_Bli_C_traEth_0024
BALI/Ind005_F_Bli/Ind005_F_Bli_C_traEth_0025
BALI/Ind005_F_Bli/Ind005_F_Bli_C_traEth_0026
BALI/Ind005_F_Bli/Ind005_F_Bli_C_traEth_0027
BALI/Ind005_F_Bli/Ind005_F_Bli_C_traEth_0028
BALI/Ind005_F_Bli/Ind005_F_Bli_C_traEth_0029
BALI/Ind005_F_Bli/Ind005_F_Bli_C_traEth_0030
BALI/Ind005_F_Bli/Ind005_F_Bli_C_traEth_0031
BALI/Ind005_F_Bli/Ind005_F_Bli_C_traEth_0032
BALI/Ind005_F_Bli/Ind005_F_Bli_C_traEth_0033
BALI/Ind005_F_Bli/Ind005_F_Bli_C_traEth_0034
BALI/Ind005_F_Bli/Ind005_F_Bli_C_traEth_0035
BALI/Ind005_F_Bli/Ind005_F_Bli_C_traEth_0036
BALI/Ind005_F_Bli/Ind005_F_Bli_C_traEth_0037
BALI/Ind005_F_Bli/Ind005_F_Bli_C_traEth_0038
BALI/Ind005_F_Bli/Ind005_F_Bli_C_traEth_0039
BALI/Ind005_F_Bli/Ind005_F_Bli_C_traEth_0040
BALI/Ind005_F_Bli/Ind005_F_Bli_C_traEth_0041
BALI/Ind005_F_Bli/Ind005_F_Bli_C_traEth_0042
BALI/Ind005_F_Bli/Ind005_F_Bli_C_traEth_0043
BALI/Ind005_F_Bli/Ind005_F_Bli_C_traEth_0044
BALI/Ind005_F_Bli/Ind005_F_Bli_C_traEth_0045
BALI/Ind005_F_Bli/Ind005_F_Bli_C_traEth_0046
BALI/Ind005_F_Bli/Ind005_F_Bli_C_traEth_0047
BALI/Ind005_F_Bli/Ind005_F_Bli_C_traEth_0048
BALI/Ind005_F_Bli/Ind005_F_Bli_C_traEth_0049
BALI/Ind005_F_Bli/Ind005_F_Bli_C_traEth_0050
BALI/Ind006_M_Bli/Ind006_M_Bli_C_traEth_0001
BALI/Ind006_M_Bli/Ind006_M_Bli_C_traEth_0002
BALI/Ind006_M_Bli/Ind006_M_Bli_C_traEth_0003
BALI/Ind006_M_Bli/Ind006_M_Bli_C_traEth_0004
BALI/Ind006_M_Bli/Ind006_M_Bli_C_traEth_0005
BALI/Ind006_M_Bli/Ind006_M_Bli_C_traEth_0006
BALI/Ind006_M_Bli/Ind006_M_Bli_C_traEth_0007
BALI/Ind006_M_Bli/Ind006_M_Bli_C_traEth_0008
BALI/Ind006_M_Bli/Ind006_M_Bli_C_traEth_0009
BALI/Ind006_M_Bli/Ind006_M_Bli_C_traEth_0010
BALI/Ind006_M_Bli/Ind006_M_Bli_C_traEth_0011
BALI/Ind006_M_Bli/Ind006_M_Bli_C_traEth_0012
BALI/Ind006_M_Bli/Ind006_M_Bli_C_traEth_0013
BALI/Ind006_M_Bli/Ind006_M_Bli_C_traEth_0014
BALI/Ind006_M_Bli/Ind006_M_Bli_C_traEth_0015
BALI/Ind006_M_Bli/Ind006_M_Bli_C_traEth_0016
BALI/Ind006_M_Bli/Ind006_M_Bli_C_traEth_0017
BALI/Ind006_M_Bli/Ind006_M_Bli_C_traEth_0018
BALI/Ind006_M_Bli/Ind006_M_Bli_C_traEth_0019
BALI/Ind006_M_Bli/Ind006_M_Bli_C_traEth_0020
BALI/Ind006_M_Bli/Ind006_M_Bli_C_traEth_0021
BALI/Ind006_M_Bli/Ind006_M_Bli_C_traEth_0022
BALI/Ind006_M_Bli/Ind006_M_Bli_C_traEth_0023
BALI/Ind006_M_Bli/Ind006_M_Bli_C_traEth_0024
BALI/Ind006_M_Bli/Ind006_M_Bli_C_traEth_0025
BALI/Ind006_M_Bli/Ind006_M_Bli_C_traEth_0026
BALI/Ind006_M_Bli/Ind006_M_Bli_C_traEth_0027
BALI/Ind006_M_Bli/Ind006_M_Bli_C_traEth_0028
BALI/Ind006_M_Bli/Ind006_M_Bli_C_traEth_0029
BALI/Ind006_M_Bli/Ind006_M_Bli_C_traEth_0030
BALI/Ind006_M_Bli/Ind006_M_Bli_C_traEth_0031
BALI/Ind006_M_Bli/Ind006_M_Bli_C_traEth_0032
BALI/Ind006_M_Bli/Ind006_M_Bli_C_traEth_0033
BALI/Ind006_M_Bli/Ind006_M_Bli_C_traEth_0034
BALI/Ind006_M_Bli/Ind006_M_Bli_C_traEth_0035
BALI/Ind006_M_Bli/Ind006_M_Bli_C_traEth_0036
BALI/Ind006_M_Bli/Ind006_M_Bli_C_traEth_0037
BALI/Ind006_M_Bli/Ind006_M_Bli_C_traEth_0038
BALI/Ind006_M_Bli/Ind006_M_Bli_C_traEth_0039
BALI/Ind006_M_Bli/Ind006_M_Bli_C_traEth_0040
BALI/Ind006_M_Bli/Ind006_M_Bli_C_traEth_0041
BALI/Ind006_M_Bli/Ind006_M_Bli_C_traEth_0042
BALI/Ind006_M_Bli/Ind006_M_Bli_C_traEth_0043
BALI/Ind006_M_Bli/Ind006_M_Bli_C_traEth_0044
BALI/Ind006_M_Bli/Ind006_M_Bli_C_traEth_0045
BALI/Ind006_M_Bli/Ind006_M_Bli_C_traEth_0046
BALI/Ind006_M_Bli/Ind006_M_Bli_C_traEth_0047
BALI/Ind006_M_Bli/Ind006_M_Bli_C_traEth_0048
BALI/Ind006_M_Bli/Ind006_M_Bli_C_traEth_0049
BALI/Ind006_M_Bli/Ind006_M_Bli_C_traEth_0050
BALI/Ind007_F_Bli/Ind007_F_Bli_C_traEth_0001
BALI/Ind007_F_Bli/Ind007_F_Bli_C_traEth_0002
BALI/Ind007_F_Bli/Ind007_F_Bli_C_traEth_0003
BALI/Ind007_F_Bli/Ind007_F_Bli_C_traEth_0004
BALI/Ind007_F_Bli/Ind007_F_Bli_C_traEth_0005
BALI/Ind007_F_Bli/Ind007_F_Bli_C_traEth_0006
BALI/Ind007_F_Bli/Ind007_F_Bli_C_traEth_0007
BALI/Ind007_F_Bli/Ind007_F_Bli_C_traEth_0008
BALI/Ind007_F_Bli/Ind007_F_Bli_C_traEth_0009
BALI/Ind007_F_Bli/Ind007_F_Bli_C_traEth_0010
BALI/Ind007_F_Bli/Ind007_F_Bli_C_traEth_0011
BALI/Ind007_F_Bli/Ind007_F_Bli_C_traEth_0012
BALI/Ind007_F_Bli/Ind007_F_Bli_C_traEth_0013
BALI/Ind007_F_Bli/Ind007_F_Bli_C_traEth_0014
BALI/Ind007_F_Bli/Ind007_F_Bli_C_traEth_0015
BALI/Ind007_F_Bli/Ind007_F_Bli_C_traEth_0016
BALI/Ind007_F_Bli/Ind007_F_Bli_C_traEth_0017
BALI/Ind007_F_Bli/Ind007_F_Bli_C_traEth_0018
BALI/Ind007_F_Bli/Ind007_F_Bli_C_traEth_0019
BALI/Ind007_F_Bli/Ind007_F_Bli_C_traEth_0020
BALI/Ind007_F_Bli/Ind007_F_Bli_C_traEth_0021
BALI/Ind007_F_Bli/Ind007_F_Bli_C_traEth_0022
BALI/Ind007_F_Bli/Ind007_F_Bli_C_traEth_0023
BALI/Ind007_F_Bli/Ind007_F_Bli_C_traEth_0024
BALI/Ind007_F_Bli/Ind007_F_Bli_C_traEth_0025
BALI/Ind007_F_Bli/Ind007_F_Bli_C_traEth_0026
BALI/Ind007_F_Bli/Ind007_F_Bli_C_traEth_0027
BALI/Ind007_F_Bli/Ind007_F_Bli_C_traEth_0028
BALI/Ind007_F_Bli/Ind007_F_Bli_C_traEth_0029
BALI/Ind007_F_Bli/Ind007_F_Bli_C_traEth_0030
BALI/Ind007_F_Bli/Ind007_F_Bli_C_traEth_0031
BALI/Ind007_F_Bli/Ind007_F_Bli_C_traEth_0032
BALI/Ind007_F_Bli/Ind007_F_Bli_C_traEth_0033
BALI/Ind007_F_Bli/Ind007_F_Bli_C_traEth_0034
BALI/Ind007_F_Bli/Ind007_F_Bli_C_traEth_0035
BALI/Ind007_F_Bli/Ind007_F_Bli_C_traEth_0036
BALI/Ind007_F_Bli/Ind007_F_Bli_C_traEth_0037
BALI/Ind007_F_Bli/Ind007_F_Bli_C_traEth_0038
BALI/Ind007_F_Bli/Ind007_F_Bli_C_traEth_0039
BALI/Ind007_F_Bli/Ind007_F_Bli_C_traEth_0040
BALI/Ind007_F_Bli/Ind007_F_Bli_C_traEth_0041
BALI/Ind007_F_Bli/Ind007_F_Bli_C_traEth_0042
BALI/Ind007_F_Bli/Ind007_F_Bli_C_traEth_0043
BALI/Ind007_F_Bli/Ind007_F_Bli_C_traEth_0044
BALI/Ind007_F_Bli/Ind007_F_Bli_C_traEth_0045
BALI/Ind007_F_Bli/Ind007_F_Bli_C_traEth_0046
BALI/Ind007_F_Bli/Ind007_F_Bli_C_traEth_0047
BALI/Ind007_F_Bli/Ind007_F_Bli_C_traEth_0048
BALI/Ind007_F_Bli/Ind007_F_Bli_C_traEth_0049
BALI/Ind007_F_Bli/Ind007_F_Bli_C_traEth_0050
BALI/Ind008_M_Bli/Ind008_M_Bli_C_traEth_0001
BALI/Ind008_M_Bli/Ind008_M_Bli_C_traEth_0002
BALI/Ind008_M_Bli/Ind008_M_Bli_C_traEth_0003
BALI/Ind008_M_Bli/Ind008_M_Bli_C_traEth_0004
BALI/Ind008_M_Bli/Ind008_M_Bli_C_traEth_0005
BALI/Ind008_M_Bli/Ind008_M_Bli_C_traEth_0006
BALI/Ind008_M_Bli/Ind008_M_Bli_C_traEth_0007
BALI/Ind008_M_Bli/Ind008_M_Bli_C_traEth_0008
BALI/Ind008_M_Bli/Ind008_M_Bli_C_traEth_0009
BALI/Ind008_M_Bli/Ind008_M_Bli_C_traEth_0010
BALI/Ind008_M_Bli/Ind008_M_Bli_C_traEth_0011
BALI/Ind008_M_Bli/Ind008_M_Bli_C_traEth_0012
BALI/Ind008_M_Bli/Ind008_M_Bli_C_traEth_0013
BALI/Ind008_M_Bli/Ind008_M_Bli_C_traEth_0014
BALI/Ind008_M_Bli/Ind008_M_Bli_C_traEth_0015
BALI/Ind008_M_Bli/Ind008_M_Bli_C_traEth_0016
BALI/Ind008_M_Bli/Ind008_M_Bli_C_traEth_0017
BALI/Ind008_M_Bli/Ind008_M_Bli_C_traEth_0018
BALI/Ind008_M_Bli/Ind008_M_Bli_C_traEth_0019
BALI/Ind008_M_Bli/Ind008_M_Bli_C_traEth_0020
BALI/Ind008_M_Bli/Ind008_M_Bli_C_traEth_0021
BALI/Ind008_M_Bli/Ind008_M_Bli_C_traEth_0022
BALI/Ind008_M_Bli/Ind008_M_Bli_C_traEth_0023
BALI/Ind008_M_Bli/Ind008_M_Bli_C_traEth_0024
BALI/Ind008_M_Bli/Ind008_M_Bli_C_traEth_0025
BALI/Ind008_M_Bli/Ind008_M_Bli_C_traEth_0026
BALI/Ind008_M_Bli/Ind008_M_Bli_C_traEth_0027
BALI/Ind008_M_Bli/Ind008_M_Bli_C_traEth_0028
BALI/Ind008_M_Bli/Ind008_M_Bli_C_traEth_0029
BALI/Ind008_M_Bli/Ind008_M_Bli_C_traEth_0030
BALI/Ind008_M_Bli/Ind008_M_Bli_C_traEth_0031
BALI/Ind008_M_Bli/Ind008_M_Bli_C_traEth_0032
BALI/Ind008_M_Bli/Ind008_M_Bli_C_traEth_0033
BALI/Ind008_M_Bli/Ind008_M_Bli_C_traEth_0034
BALI/Ind008_M_Bli/Ind008_M_Bli_C_traEth_0035
BALI/Ind008_M_Bli/Ind008_M_Bli_C_traEth_0036
BALI/Ind008_M_Bli/Ind008_M_Bli_C_traEth_0037
BALI/Ind008_M_Bli/Ind008_M_Bli_C_traEth_0038
BALI/Ind008_M_Bli/Ind008_M_Bli_C_traEth_0039
BALI/Ind008_M_Bli/Ind008_M_Bli_C_traEth_0040
BALI/Ind008_M_Bli/Ind008_M_Bli_C_traEth_0041
BALI/Ind008_M_Bli/Ind008_M_Bli_C_traEth_0042
BALI/Ind008_M_Bli/Ind008_M_Bli_C_traEth_0043
BALI/Ind008_M_Bli/Ind008_M_Bli_C_traEth_0044
BALI/Ind008_M_Bli/Ind008_M_Bli_C_traEth_0045
BALI/Ind008_M_Bli/Ind008_M_Bli_C_traEth_0046
BALI/Ind008_M_Bli/Ind008_M_Bli_C_traEth_0047
BALI/Ind008_M_Bli/Ind008_M_Bli_C_traEth_0048
BALI/Ind008_M_Bli/Ind008_M_Bli_C_traEth_0049
BALI/Ind008_M_Bli/Ind008_M_Bli_C_traEth_0050
BALI/Ind009_F_Bli/Ind009_F_Bli_C_traEth_0001
BALI/Ind009_F_Bli/Ind009_F_Bli_C_traEth_0002
BALI/Ind009_F_Bli/Ind009_F_Bli_C_traEth_0003
BALI/Ind009_F_Bli/Ind009_F_Bli_C_traEth_0004
BALI/Ind009_F_Bli/Ind009_F_Bli_C_traEth_0005
BALI/Ind009_F_Bli/Ind009_F_Bli_C_traEth_0006
BALI/Ind009_F_Bli/Ind009_F_Bli_C_traEth_0007
BALI/Ind009_F_Bli/Ind009_F_Bli_C_traEth_0008
BALI/Ind009_F_Bli/Ind009_F_Bli_C_traEth_0009
BALI/Ind009_F_Bli/Ind009_F_Bli_C_traEth_0010
BALI/Ind009_F_Bli/Ind009_F_Bli_C_traEth_0011
BALI/Ind009_F_Bli/Ind009_F_Bli_C_traEth_0012
BALI/Ind009_F_Bli/Ind009_F_Bli_C_traEth_0013
BALI/Ind009_F_Bli/Ind009_F_Bli_C_traEth_0014
BALI/Ind009_F_Bli/Ind009_F_Bli_C_traEth_0015
BALI/Ind009_F_Bli/Ind009_F_Bli_C_traEth_0016
BALI/Ind009_F_Bli/Ind009_F_Bli_C_traEth_0017
BALI/Ind009_F_Bli/Ind009_F_Bli_C_traEth_0018
BALI/Ind009_F_Bli/Ind009_F_Bli_C_traEth_0019
BALI/Ind009_F_Bli/Ind009_F_Bli_C_traEth_0020
BALI/Ind009_F_Bli/Ind009_F_Bli_C_traEth_0021
BALI/Ind009_F_Bli/Ind009_F_Bli_C_traEth_0022
BALI/Ind009_F_Bli/Ind009_F_Bli_C_traEth_0023
BALI/Ind009_F_Bli/Ind009_F_Bli_C_traEth_0024
BALI/Ind009_F_Bli/Ind009_F_Bli_C_traEth_0025
BALI/Ind009_F_Bli/Ind009_F_Bli_C_traEth_0026
BALI/Ind009_F_Bli/Ind009_F_Bli_C_traEth_0027
BALI/Ind009_F_Bli/Ind009_F_Bli_C_traEth_0028
BALI/Ind009_F_Bli/Ind009_F_Bli_C_traEth_0029
BALI/Ind009_F_Bli/Ind009_F_Bli_C_traEth_0030
BALI/Ind009_F_Bli/Ind009_F_Bli_C_traEth_0031
BALI/Ind009_F_Bli/Ind009_F_Bli_C_traEth_0032
BALI/Ind009_F_Bli/Ind009_F_Bli_C_traEth_0033
BALI/Ind009_F_Bli/Ind009_F_Bli_C_traEth_0034
BALI/Ind009_F_Bli/Ind009_F_Bli_C_traEth_0035
BALI/Ind009_F_Bli/Ind009_F_Bli_C_traEth_0036
BALI/Ind009_F_Bli/Ind009_F_Bli_C_traEth_0037
BALI/Ind009_F_Bli/Ind009_F_Bli_C_traEth_0038
BALI/Ind009_F_Bli/Ind009_F_Bli_C_traEth_0039
BALI/Ind009_F_Bli/Ind009_F_Bli_C_traEth_0040
BALI/Ind009_F_Bli/Ind009_F_Bli_C_traEth_0041
BALI/Ind009_F_Bli/Ind009_F_Bli_C_traEth_0042
BALI/Ind009_F_Bli/Ind009_F_Bli_C_traEth_0043
BALI/Ind009_F_Bli/Ind009_F_Bli_C_traEth_0044
BALI/Ind009_F_Bli/Ind009_F_Bli_C_traEth_0045
BALI/Ind009_F_Bli/Ind009_F_Bli_C_traEth_0046
BALI/Ind009_F_Bli/Ind009_F_Bli_C_traEth_0047
BALI/Ind009_F_Bli/Ind009_F_Bli_C_traEth_0048
BALI/Ind009_F_Bli/Ind009_F_Bli_C_traEth_0049
BALI/Ind009_F_Bli/Ind009_F_Bli_C_traEth_0050
BALI/Ind010_M_Bli/Ind010_M_Bli_C_traEth_0001
BALI/Ind010_M_Bli/Ind010_M_Bli_C_traEth_0002
BALI/Ind010_M_Bli/Ind010_M_Bli_C_traEth_0003
BALI/Ind010_M_Bli/Ind010_M_Bli_C_traEth_0004
BALI/Ind010_M_Bli/Ind010_M_Bli_C_traEth_0005
BALI/Ind010_M_Bli/Ind010_M_Bli_C_traEth_0006
BALI/Ind010_M_Bli/Ind010_M_Bli_C_traEth_0007
BALI/Ind010_M_Bli/Ind010_M_Bli_C_traEth_0008
BALI/Ind010_M_Bli/Ind010_M_Bli_C_traEth_0009
BALI/Ind010_M_Bli/Ind010_M_Bli_C_traEth_0010
BALI/Ind010_M_Bli/Ind010_M_Bli_C_traEth_0011
BALI/Ind010_M_Bli/Ind010_M_Bli_C_traEth_0012
BALI/Ind010_M_Bli/Ind010_M_Bli_C_traEth_0013
BALI/Ind010_M_Bli/Ind010_M_Bli_C_traEth_0014
BALI/Ind010_M_Bli/Ind010_M_Bli_C_traEth_0015
BALI/Ind010_M_Bli/Ind010_M_Bli_C_traEth_0016
BALI/Ind010_M_Bli/Ind010_M_Bli_C_traEth_0017
BALI/Ind010_M_Bli/Ind010_M_Bli_C_traEth_0018
BALI/Ind010_M_Bli/Ind010_M_Bli_C_traEth_0019
BALI/Ind010_M_Bli/Ind010_M_Bli_C_traEth_0020
BALI/Ind010_M_Bli/Ind010_M_Bli_C_traEth_0021
BALI/Ind010_M_Bli/Ind010_M_Bli_C_traEth_0022
BALI/Ind010_M_Bli/Ind010_M_Bli_C_traEth_0023
BALI/Ind010_M_Bli/Ind010_M_Bli_C_traEth_0024
BALI/Ind010_M_Bli/Ind010_M_Bli_C_traEth_0025
BALI/Ind010_M_Bli/Ind010_M_Bli_C_traEth_0026
BALI/Ind010_M_Bli/Ind010_M_Bli_C_traEth_0027
BALI/Ind010_M_Bli/Ind010_M_Bli_C_traEth_0028
BALI/Ind010_M_Bli/Ind010_M_Bli_C_traEth_0029
BALI/Ind010_M_Bli/Ind010_M_Bli_C_traEth_0030
BALI/Ind010_M_Bli/Ind010_M_Bli_C_traEth_0031
BALI/Ind010_M_Bli/Ind010_M_Bli_C_traEth_0032
BALI/Ind010_M_Bli/Ind010_M_Bli_C_traEth_0033
BALI/Ind010_M_Bli/Ind010_M_Bli_C_traEth_0034
BALI/Ind010_M_Bli/Ind010_M_Bli_C_traEth_0035
BALI/Ind010_M_Bli/Ind010_M_Bli_C_traEth_0036
BALI/Ind010_M_Bli/Ind010_M_Bli_C_traEth_0037
BALI/Ind010_M_Bli/Ind010_M_Bli_C_traEth_0038
BALI/Ind010_M_Bli/Ind010_M_Bli_C_traEth_0039
BALI/Ind010_M_Bli/Ind010_M_Bli_C_traEth_0040
BALI/Ind010_M_Bli/Ind010_M_Bli_C_traEth_0041
BALI/Ind010_M_Bli/Ind010_M_Bli_C_traEth_0042
BALI/Ind010_M_Bli/Ind010_M_Bli_C_traEth_0043
BALI/Ind010_M_Bli/Ind010_M_Bli_C_traEth_0044
BALI/Ind010_M_Bli/Ind010_M_Bli_C_traEth_0045
BALI/Ind010_M_Bli/Ind010_M_Bli_C_traEth_0046
BALI/Ind010_M_Bli/Ind010_M_Bli_C_traEth_0047
BALI/Ind010_M_Bli/Ind010_M_Bli_C_traEth_0048
BALI/Ind010_M_Bli/Ind010_M_Bli_C_traEth_0049
BALI/Ind010_M_Bli/Ind010_M_Bli_C_traEth_0050
