JAWA/Ind009_F_Jaw/Ind009_F_Jaw_C_news_0201
JAWA/Ind009_F_Jaw/Ind009_F_Jaw_C_news_0202
JAWA/Ind009_F_Jaw/Ind009_F_Jaw_C_news_0203
JAWA/Ind009_F_Jaw/Ind009_F_Jaw_C_news_0204
JAWA/Ind009_F_Jaw/Ind009_F_Jaw_C_news_0205
JAWA/Ind009_F_Jaw/Ind009_F_Jaw_C_news_0206
JAWA/Ind009_F_Jaw/Ind009_F_Jaw_C_news_0207
JAWA/Ind009_F_Jaw/Ind009_F_Jaw_C_news_0208
JAWA/Ind009_F_Jaw/Ind009_F_Jaw_C_news_0209
JAWA/Ind009_F_Jaw/Ind009_F_Jaw_C_news_0210
JAWA/Ind009_F_Jaw/Ind009_F_Jaw_C_news_0211
JAWA/Ind009_F_Jaw/Ind009_F_Jaw_C_news_0212
JAWA/Ind009_F_Jaw/Ind009_F_Jaw_C_news_0213
JAWA/Ind009_F_Jaw/Ind009_F_Jaw_C_news_0214
JAWA/Ind009_F_Jaw/Ind009_F_Jaw_C_news_0215
JAWA/Ind009_F_Jaw/Ind009_F_Jaw_C_news_0216
JAWA/Ind009_F_Jaw/Ind009_F_Jaw_C_news_0217
JAWA/Ind009_F_Jaw/Ind009_F_Jaw_C_news_0218
JAWA/Ind009_F_Jaw/Ind009_F_Jaw_C_news_0219
JAWA/Ind009_F_Jaw/Ind009_F_Jaw_C_news_0220
JAWA/Ind009_F_Jaw/Ind009_F_Jaw_C_news_0221
JAWA/Ind009_F_Jaw/Ind009_F_Jaw_C_news_0222
JAWA/Ind009_F_Jaw/Ind009_F_Jaw_C_news_0223
JAWA/Ind009_F_Jaw/Ind009_F_Jaw_C_news_0224
JAWA/Ind009_F_Jaw/Ind009_F_Jaw_C_news_0225
JAWA/Ind010_M_Jaw/Ind010_M_Jaw_C_news_0201
JAWA/Ind010_M_Jaw/Ind010_M_Jaw_C_news_0202
JAWA/Ind010_M_Jaw/Ind010_M_Jaw_C_news_0203
JAWA/Ind010_M_Jaw/Ind010_M_Jaw_C_news_0204
JAWA/Ind010_M_Jaw/Ind010_M_Jaw_C_news_0205
JAWA/Ind010_M_Jaw/Ind010_M_Jaw_C_news_0206
JAWA/Ind010_M_Jaw/Ind010_M_Jaw_C_news_0207
JAWA/Ind010_M_Jaw/Ind010_M_Jaw_C_news_0208
JAWA/Ind010_M_Jaw/Ind010_M_Jaw_C_news_0209
JAWA/Ind010_M_Jaw/Ind010_M_Jaw_C_news_0210
JAWA/Ind010_M_Jaw/Ind010_M_Jaw_C_news_0211
JAWA/Ind010_M_Jaw/Ind010_M_Jaw_C_news_0212
JAWA/Ind010_M_Jaw/Ind010_M_Jaw_C_news_0213
JAWA/Ind010_M_Jaw/Ind010_M_Jaw_C_news_0214
JAWA/Ind010_M_Jaw/Ind010_M_Jaw_C_news_0215
JAWA/Ind010_M_Jaw/Ind010_M_Jaw_C_news_0216
JAWA/Ind010_M_Jaw/Ind010_M_Jaw_C_news_0217
JAWA/Ind010_M_Jaw/Ind010_M_Jaw_C_news_0218
JAWA/Ind010_M_Jaw/Ind010_M_Jaw_C_news_0219
JAWA/Ind010_M_Jaw/Ind010_M_Jaw_C_news_0220
JAWA/Ind010_M_Jaw/Ind010_M_Jaw_C_news_0221
JAWA/Ind010_M_Jaw/Ind010_M_Jaw_C_news_0222
JAWA/Ind010_M_Jaw/Ind010_M_Jaw_C_news_0223
JAWA/Ind010_M_Jaw/Ind010_M_Jaw_C_news_0224
JAWA/Ind010_M_Jaw/Ind010_M_Jaw_C_news_0225
